r h_AllPart g_AllPart h_OO g_OO h_SiO g_SiO h_SiSi g_SiSi
0.0 0.0 0.0 0.0 0.0 0.0 0.0 0.0 0.0
0.024849699398797595 0.0 0.0 0.0 0.0 0.0 0.0 0.0 0.0
0.04969939879759519 0.0 0.0 0.0 0.0 0.0 0.0 0.0 0.0
0.07454909819639279 0.0 0.0 0.0 0.0 0.0 0.0 0.0 0.0
0.09939879759519038 0.0 0.0 0.0 0.0 0.0 0.0 0.0 0.0
0.12424849699398798 0.0 0.0 0.0 0.0 0.0 0.0 0.0 0.0
0.14909819639278557 0.0 0.0 0.0 0.0 0.0 0.0 0.0 0.0
0.17394789579158315 0.0 0.0 0.0 0.0 0.0 0.0 0.0 0.0
0.19879759519038076 0.0 0.0 0.0 0.0 0.0 0.0 0.0 0.0
0.22364729458917837 0.0 0.0 0.0 0.0 0.0 0.0 0.0 0.0
0.24849699398797595 0.0 0.0 0.0 0.0 0.0 0.0 0.0 0.0
0.27334669338677353 0.0 0.0 0.0 0.0 0.0 0.0 0.0 0.0
0.29819639278557114 0.0 0.0 0.0 0.0 0.0 0.0 0.0 0.0
0.32304609218436875 0.0 0.0 0.0 0.0 0.0 0.0 0.0 0.0
0.3478957915831663 0.0 0.0 0.0 0.0 0.0 0.0 0.0 0.0
0.3727454909819639 0.0 0.0 0.0 0.0 0.0 0.0 0.0 0.0
0.3975951903807615 0.0 0.0 0.0 0.0 0.0 0.0 0.0 0.0
0.42244488977955913 0.0 0.0 0.0 0.0 0.0 0.0 0.0 0.0
0.44729458917835674 0.0 0.0 0.0 0.0 0.0 0.0 0.0 0.0
0.4721442885771543 0.0 0.0 0.0 0.0 0.0 0.0 0.0 0.0
0.4969939879759519 0.0 0.0 0.0 0.0 0.0 0.0 0.0 0.0
0.5218436873747495 0.0 0.0 0.0 0.0 0.0 0.0 0.0 0.0
0.5466933867735471 0.0 0.0 0.0 0.0 0.0 0.0 0.0 0.0
0.5715430861723447 0.0 0.0 0.0 0.0 0.0 0.0 0.0 0.0
0.5963927855711423 0.0 0.0 0.0 0.0 0.0 0.0 0.0 0.0
0.6212424849699398 0.0 0.0 0.0 0.0 0.0 0.0 0.0 0.0
0.6460921843687375 0.0 0.0 0.0 0.0 0.0 0.0 0.0 0.0
0.670941883767535 0.0 0.0 0.0 0.0 0.0 0.0 0.0 0.0
0.6957915831663326 0.0 0.0 0.0 0.0 0.0 0.0 0.0 0.0
0.7206412825651303 0.0 0.0 0.0 0.0 0.0 0.0 0.0 0.0
0.7454909819639278 0.0 0.0 0.0 0.0 0.0 0.0 0.0 0.0
0.7703406813627255 0.0 0.0 0.0 0.0 0.0 0.0 0.0 0.0
0.795190380761523 0.0 0.0 0.0 0.0 0.0 0.0 0.0 0.0
0.8200400801603206 0.0 0.0 0.0 0.0 0.0 0.0 0.0 0.0
0.8448897795591183 0.0 0.0 0.0 0.0 0.0 0.0 0.0 0.0
0.8697394789579158 0.0 0.0 0.0 0.0 0.0 0.0 0.0 0.0
0.8945891783567135 0.0 0.0 0.0 0.0 0.0 0.0 0.0 0.0
0.919438877755511 0.0 0.0 0.0 0.0 0.0 0.0 0.0 0.0
0.9442885771543086 0.0 0.0 0.0 0.0 0.0 0.0 0.0 0.0
0.9691382765531062 0.0 0.0 0.0 0.0 0.0 0.0 0.0 0.0
0.9939879759519038 0.0 0.0 0.0 0.0 0.0 0.0 0.0 0.0
1.0188376753507014 0.0 0.0 0.0 0.0 0.0 0.0 0.0 0.0
1.043687374749499 0.0 0.0 0.0 0.0 0.0 0.0 0.0 0.0
1.0685370741482967 0.0 0.0 0.0 0.0 0.0 0.0 0.0 0.0
1.0933867735470941 0.0 0.0 0.0 0.0 0.0 0.0 0.0 0.0
1.1182364729458918 0.0 0.0 0.0 0.0 0.0 0.0 0.0 0.0
1.1430861723446895 0.0 0.0 0.0 0.0 0.0 0.0 0.0 0.0
1.167935871743487 0.0 0.0 0.0 0.0 0.0 0.0 0.0 0.0
1.1927855711422846 0.0 0.0 0.0 0.0 0.0 0.0 0.0 0.0
1.2176352705410822 0.0 0.0 0.0 0.0 0.0 0.0 0.0 0.0
1.2424849699398797 0.0 0.0 0.0 0.0 0.0 0.0 0.0 0.0
1.2673346693386773 0.0 0.0 0.0 0.0 0.0 0.0 0.0 0.0
1.292184368737475 0.0 0.0 0.0 0.0 0.0 0.0 0.0 0.0
1.3170340681362724 0.0 0.0 0.0 0.0 0.0 0.0 0.0 0.0
1.34188376753507 0.0 0.0 0.0 0.0 0.0 0.0 0.0 0.0
1.3667334669338678 2.0 0.05273438414229625 0.0 0.0 2.0 0.11865236432016657 0.0 0.0
1.3915831663326652 2.0 0.05085121708602986 0.0 0.0 2.0 0.11441523844356719 0.0 0.0
1.4164328657314629 6.0 0.14720145048303265 0.0 0.0 6.0 0.3312032635868234 0.0 0.0
1.4412825651302605 18.0 0.4263781504010494 0.0 0.0 18.0 0.9593508384023613 0.0 0.0
1.4661322645290582 26.0 0.595004311112888 0.0 0.0 26.0 1.3387597000039981 0.0 0.0
1.4909819639278556 76.0 1.6812740504186097 0.0 0.0 76.0 3.7828666134418722 0.0 0.0
1.5158316633266533 76.0 1.6261553309804266 0.0 0.0 76.0 3.6588494947059607 0.0 0.0
1.540681362725451 112.0 2.319141749991371 0.0 0.0 112.0 5.2180689374805835 0.0 0.0
1.5655310621242484 192.0 3.8494705453393774 0.0 0.0 192.0 8.6613087270136 0.0 0.0
1.590380761523046 206.0 4.00110424076021 0.0 0.0 206.0 9.002484541710471 0.0 0.0
1.6152304609218437 228.0 4.292158886987264 0.0 0.0 228.0 9.657357495721344 0.0 0.0
1.6400801603206412 218.0 3.9795551692198234 0.0 0.0 218.0 8.953999130744602 0.0 0.0
1.6649298597194389 206.0 3.6482519032543985 0.0 0.0 206.0 8.208566782322398 0.0 0.0
1.6897795591182365 186.0 3.197175874574303 0.0 0.0 186.0 7.193645717792181 0.0 0.0
1.714629258517034 154.0 2.570401326709103 0.0 0.0 154.0 5.783402985095481 0.0 0.0
1.7394789579158316 164.0 2.6591070292970915 0.0 0.0 164.0 5.9829908159184555 0.0 0.0
1.7643286573146293 142.0 2.2375456303086394 0.0 0.0 142.0 5.034477668194439 0.0 0.0
1.789178356713427 104.0 1.5932475092119776 0.0 0.0 104.0 3.58480689572695 0.0 0.0
1.8140280561122244 104.0 1.5495996606496316 0.0 0.0 104.0 3.486599236461672 0.0 0.0
1.838877755511022 92.0 1.3337533452355161 0.0 0.0 92.0 3.000945026779912 0.0 0.0
1.8637274549098197 40.0 0.5644298805981642 0.0 0.0 40.0 1.2699672313458694 0.0 0.0
1.8885771543086172 36.0 0.49461959813204087 0.0 0.0 36.0 1.112894095797092 0.0 0.0
1.9134268537074148 50.0 0.6691292605399564 0.0 0.0 50.0 1.505540836214902 0.0 0.0
1.9382765531062125 38.0 0.49549951965969397 0.0 0.0 38.0 1.1148739192343116 0.0 0.0
1.96312625250501 36.0 0.45753717464467164 0.0 0.0 36.0 1.0294586429505113 0.0 0.0
1.9879759519038076 26.0 0.3221828628340284 0.0 0.0 26.0 0.7249114413765639 0.0 0.0
2.012825651302605 32.0 0.38674232567625344 2.0 0.05438563954822314 30.0 0.8157845932233472 0.0 0.0
2.0376753507014027 18.0 0.2122369084070867 0.0 0.0 18.0 0.4775330439159451 0.0 0.0
2.0625250501002004 22.0 0.25315035349488224 2.0 0.051780754123953186 20.0 0.5178075412395319 0.0 0.0
2.087374749498998 6.0 0.0673972506227474 4.0 0.10109587593412112 2.0 0.05054793796706056 0.0 0.0
2.1122244488977957 14.0 0.15356018298137386 2.0 0.049358630244013026 10.0 0.24679315122006515 2.0 0.1974345209760521
2.1370741482965934 14.0 0.149989178771784 0.0 0.0 14.0 0.337475652236514 0.0 0.0
2.1619238476953906 14.0 0.14654130528106318 8.0 0.18841024964708128 6.0 0.14130768723531095 0.0 0.0
2.1867735470941883 26.0 0.2659632226999868 14.0 0.32222467365575325 10.0 0.2301604811826809 2.0 0.18412838494614472
2.211623246492986 18.0 0.17999084452602543 12.0 0.26998626678903814 6.0 0.13499313339451907 0.0 0.0
2.2364729458917836 24.0 0.2346549525656034 18.0 0.39598023245445574 6.0 0.1319934108181519 0.0 0.0
2.2613226452905812 32.0 0.3059972143369024 24.0 0.5163702991935228 8.0 0.1721234330645076 0.0 0.0
2.286172344689379 36.0 0.33676353655516295 32.0 0.6735270731103259 4.0 0.08419088413879074 0.0 0.0
2.311022044088176 66.0 0.6041229188529387 48.0 0.9885647763048088 18.0 0.37071179111430325 0.0 0.0
2.335871743486974 56.0 0.5016834071215166 50.0 1.0078461303780468 6.0 0.12094153564536561 0.0 0.0
2.3607214428857715 90.0 0.7893032872658762 82.0 1.618071738895046 4.0 0.07893032872658762 4.0 0.31572131490635047
2.385571142284569 74.0 0.6354627240380112 62.0 1.1979331081527371 4.0 0.07728600697759594 8.0 0.6182880558207675
2.410420841683367 72.0 0.605540304804098 72.0 1.3624656858092203 0.0 0.0 0.0 0.0
2.4352705410821645 112.0 0.9227287575704647 100.0 1.8536961647620944 10.0 0.18536961647620942 2.0 0.14829569318096755
2.460120240480962 126.0 1.0170994646234965 122.0 2.2158238336440457 2.0 0.036324980879410586 2.0 0.14529992351764234
2.4849699398797593 104.0 0.8227210211367989 84.0 1.4951372403351444 12.0 0.21359103433359206 8.0 0.5695760915562454
2.509819639278557 118.0 0.9149879452304549 116.0 2.023829268687701 2.0 0.03489360808082243 0.0 0.0
2.5346693386773547 140.0 1.0642937456382093 132.0 2.2578231603896297 4.0 0.0684188836481706 4.0 0.2736755345926824
2.5595190380761523 126.0 0.9392656529964843 122.0 2.0462573154566264 2.0 0.03354520189273158 2.0 0.13418080757092632
2.58436873747495 196.0 1.4329830884966235 182.0 2.9939110956090174 12.0 0.1974007315786165 2.0 0.13160048771907767
2.6092184368737477 150.0 1.0757824023045761 126.0 2.0332287403556495 10.0 0.16136736034568647 14.0 0.9036572179358442
2.634068136272545 180.0 1.2665822748129791 170.0 2.69148733397758 2.0 0.031664556870324476 8.0 0.5066329099251916
2.6589178356713425 166.0 1.1462378716500439 148.0 2.2993807907196664 12.0 0.18643628032862158 6.0 0.37287256065724317
2.68376753507014 178.0 1.2063380149755731 162.0 2.4702820587561596 8.0 0.12198923746943997 8.0 0.4879569498777599
2.708617234468938 206.0 1.3704832800202793 192.0 2.8740231891687413 8.0 0.11975096621536423 6.0 0.35925289864609267
2.7334669338677355 208.0 1.3586298434174249 194.0 2.8511631089024325 6.0 0.08818030233718864 8.0 0.4702949457983394
2.758316633266533 188.0 1.2058669740560757 158.0 2.2802431344517813 8.0 0.11545534857983702 22.0 1.2700088343782074
2.7831663326653304 178.0 1.1213377119121712 154.0 2.1828287481885806 8.0 0.11339370120460159 16.0 0.9071496096368127
2.808016032064128 206.0 1.2747598830750373 170.0 2.366969200369912 8.0 0.11138678589976055 28.0 1.5594150025966478
2.8328657314629258 198.0 1.2037595055789103 168.0 2.2980863288324653 8.0 0.10943268232535548 22.0 1.2037595055789103
2.8577154308617234 212.0 1.266459187199719 164.0 2.204355849418379 24.0 0.3225886608904944 24.0 1.2903546435619777
2.882565130260521 214.0 1.2563659675881185 152.0 2.007837200538021 26.0 0.3434458369341352 36.0 1.9021615584044411
2.9074148296593187 184.0 1.0617747116060667 134.0 1.7398101932023324 20.0 0.2596731631645272 30.0 1.5580389789871634
2.9322645290581164 172.0 0.9757064233784513 110.0 1.403996161547481 30.0 0.3829080440584039 32.0 1.633740987982523
2.9571142284569136 174.0 0.9704631340234083 124.0 1.556087439037534 22.0 0.2760800295066593 28.0 1.4054983320339016
2.9819639278557113 164.0 0.8994449233571606 90.0 1.1105951035355184 30.0 0.37019836784517285 44.0 2.171830424691681
3.006813627254509 166.0 0.8953659479496816 96.0 1.1650544864887424 24.0 0.2912636216221856 46.0 2.233021099103423
3.0316633266533066 170.0 0.9019095502702875 84.0 1.0027112058887313 28.0 0.3342370686295771 58.0 2.7693928543593533
3.0565130260521043 200.0 1.0438172706901556 124.0 1.4561250926127673 40.0 0.46971777181057006 36.0 1.6909839785180523
3.081362725450902 192.0 0.9859026011502539 100.0 1.155354610722954 46.0 0.5314631209325589 46.0 2.1258524837302355
3.106212424849699 168.0 0.8488624364148762 86.0 0.9777076276564199 30.0 0.3410608003452628 52.0 2.3646882157271554
3.131062124248497 194.0 0.9646750633409695 86.0 0.9621887874045236 54.0 0.6041650525563289 54.0 2.4166602102253156
3.1559118236472945 194.0 0.9494836465083072 94.0 1.0351329445180772 48.0 0.5285785248602947 52.0 2.290506941061277
3.180761523046092 188.0 0.9057416212480915 102.0 1.1056792663640267 26.0 0.2818398129947519 60.0 2.60159827379771
3.20561122244489 180.0 0.8537547436921942 64.0 0.6830037949537553 60.0 0.6403160577691456 56.0 2.3905132823381434
3.2304609218436875 214.0 0.9994041539393734 68.0 0.7145272689379634 82.0 0.861635824307544 64.0 2.6899850124723326
3.255310621242485 178.0 0.818589039971588 76.0 0.7863973361524806 52.0 0.5380613352622237 50.0 2.0694666740854752
3.2801603206412824 198.0 0.8967691580490038 78.0 0.7948635719070717 66.0 0.6725768685367529 54.0 2.201160660665737
3.30501002004008 166.0 0.740531167454022 52.0 0.5219406421212084 72.0 0.7226870429370577 42.0 1.6862697668531348
3.3298597194388777 192.0 0.8437343655120415 74.0 0.7316758950924735 76.0 0.7514509192841621 42.0 1.661102032101832
3.3547094188376754 166.0 0.7186717779041472 58.0 0.5649799217860916 88.0 0.8572109158133804 20.0 0.7792826507394366
3.379559118236473 168.0 0.7166346318281855 48.0 0.4606936918895479 76.0 0.7294316788251175 44.0 1.6892102035950092
3.4044088176352707 158.0 0.6641388924319359 46.0 0.43505300865003405 80.0 0.7566139280870157 32.0 1.210582284939225
3.429258517034068 152.0 0.6296589040531771 46.0 0.42874800374673583 76.0 0.7083662670598243 30.0 1.1184730532523541
3.4541082164328656 202.0 0.8247437017792841 76.0 0.6981741237834534 102.0 0.9370231661304242 24.0 0.8819041563580463
3.4789579158316633 188.0 0.7566179600666016 58.0 0.5252055520675082 112.0 1.0141900315786365 18.0 0.6519793060148377
3.503807615230461 190.0 0.7538209287877627 64.0 0.5713169144496727 100.0 0.8926826788276137 26.0 0.9283899859807183
3.5286573146292586 212.0 0.8292590988688007 84.0 0.7392923098405818 120.0 1.0561318712008312 8.0 0.28163516565355495
3.5535070140280562 216.0 0.8330888308399017 74.0 0.6421726404390911 114.0 0.9892929866223835 28.0 0.9719369693132188
3.578356713426854 196.0 0.7454518269747058 58.0 0.4963339970418322 120.0 1.0268979249141355 18.0 0.6161387549484812
3.603206412825651 240.0 0.9002080370849778 60.0 0.5063670208603002 158.0 1.3334331549321237 22.0 0.7426716305951069
3.628056112224449 220.0 0.8138868964450326 70.0 0.5826690281367849 118.0 0.9822135045734373 32.0 1.0654519371644064
3.6529058116232465 242.0 0.8830951550488773 68.0 0.558320490588753 160.0 1.3136952719735364 14.0 0.4597933451907378
3.677755511022044 280.0 1.0079555928983128 62.0 0.5021778757475523 202.0 1.6361279177581545 16.0 0.5183771620619895
3.702605210420842 256.0 0.9091896613778783 72.0 0.5753465825906886 172.0 1.3744390584110893 12.0 0.38356438839379237
3.7274549098196395 270.0 0.9461256820542592 72.0 0.5676754092325554 178.0 1.4034197617138178 20.0 0.6307504547028394
3.7523046092184367 242.0 0.8367772033985125 72.0 0.5601566402915662 158.0 1.2292326273064924 12.0 0.37343776019437747
3.7771543086172343 240.0 0.818942615145012 100.0 0.7677587016984488 128.0 0.9827311381740145 12.0 0.3685241768152554
3.802004008016032 250.0 0.8419142045392686 76.0 0.5758693159048597 164.0 1.2426653658999605 10.0 0.30308911363413665
3.8268537074148297 260.0 0.8642196248526592 90.0 0.6730941308948596 152.0 1.1367811988446517 18.0 0.5384753047158877
3.8517034068136273 282.0 0.9252512838805826 84.0 0.6201152221752841 186.0 1.3731122776738436 12.0 0.35435155552873376
3.876553106212425 324.0 1.049425948482982 80.0 0.5830144158238788 232.0 1.6907418058892485 12.0 0.3498086494943273
3.901402805611222 314.0 1.0040805591333946 114.0 0.8202123038780755 192.0 1.3814101960051797 8.0 0.23023503266752995
3.92625250501002 316.0 0.9976853134352297 90.0 0.6393394809197279 210.0 1.4917921221460317 16.0 0.4546414086540287
3.9511022044088175 300.0 0.9352556764074491 104.0 0.7294994275978104 186.0 1.3046816685883917 10.0 0.28057670292223474
3.975951903807615 360.0 1.1082781603563905 88.0 0.6095529881960149 254.0 1.7593915795657702 18.0 0.49872517216037576
4.000801603206413 342.0 1.0397853625436053 104.0 0.7114320901614142 212.0 1.450226953021344 26.0 0.7114320901614142
4.02565130260521 350.0 1.0509708613889424 116.0 0.7837239852071828 208.0 1.4052981803715001 26.0 0.7026490901857501
4.050501002004008 428.0 1.2694182554398281 148.0 0.98765485762024 266.0 1.775109406263404 14.0 0.37370724342387457
4.075350701402805 336.0 0.9843997195837354 92.0 0.6064605415292657 218.0 1.4370478049280426 26.0 0.6855640904243873
4.1002004008016035 372.0 1.0766607218328426 116.0 0.7553990548343331 232.0 1.5107981096686662 24.0 0.625157838483586
4.125050100200401 380.0 1.0865640974002997 116.0 0.7462979721617848 228.0 1.4668615314904048 36.0 0.9264388619939398
4.149899799599198 434.0 1.2261088300523528 140.0 0.8899176992315464 272.0 1.7289829585070045 22.0 0.559376839516972
4.174749498997996 392.0 1.0942693275437867 124.0 0.7788294448589705 238.0 1.4948500635196371 30.0 0.753705914379649
4.199599198396793 370.0 1.0206332456181815 122.0 0.7571995295194347 230.0 1.427507309749754 18.0 0.44687185348687947
4.224448897795591 414.0 1.1285706407634757 164.0 1.0058999189413587 220.0 1.3493779400432862 30.0 0.7360243309327015
4.249298597194389 398.0 1.0722650046589017 120.0 0.7274159579344309 244.0 1.4790791144666762 34.0 0.8244047523256883
4.274148296593187 444.0 1.1822860427533148 148.0 0.8867145320649863 254.0 1.5217938590845035 42.0 1.0065408201818764
4.298997995991984 388.0 1.021224869056995 130.0 0.7698666860803377 232.0 1.3739159320818335 26.0 0.6158933488642702
4.323847695390781 358.0 0.9314336804397058 94.0 0.5502743670754128 236.0 1.3815399003169935 28.0 0.6556460543877257
4.348697394789579 490.0 1.2602975751501375 180.0 1.0416745263996035 252.0 1.4583443369594449 58.0 1.3426027229150446
4.3735470941883765 472.0 1.200205613724004 172.0 0.9840668909135373 250.0 1.43032978330456 50.0 1.144263826643648
4.398396793587175 444.0 1.1162499711570482 152.0 0.8598141669723209 238.0 1.3462879719698184 54.0 1.2218411846448773
4.423246492985972 422.0 1.0490197366287486 172.0 0.9620157300363168 204.0 1.1409954007407477 46.0 1.0291331065504785
4.44809619238477 400.0 0.9832217709353793 166.0 0.9180833286109106 194.0 1.0729407575332326 40.0 0.8848995938418415
4.472945891783567 434.0 1.054942459409322 202.0 1.1047726907869513 208.0 1.1375877212063656 24.0 0.5250404867106303
4.497795591182364 478.0 1.149056662045496 202.0 1.0925653826353097 222.0 1.2007401729952414 54.0 1.168287735887262
4.5226452905811625 394.0 0.936722465795016 192.0 1.0270662569123017 172.0 0.9200801884839369 30.0 0.6419164105701886
4.54749498997996 476.0 1.1193069497082264 210.0 1.111076751548607 204.0 1.079331701504361 62.0 1.3121287351621647
4.572344689378758 458.0 1.0652740255013358 196.0 1.0257332865635131 224.0 1.1722666132154436 38.0 0.7954666303961939
4.597194388777555 438.0 1.0077420438807738 212.0 1.0974724998427607 172.0 0.8904022168535606 54.0 1.1181795281416809
4.622044088176352 482.0 1.0970520424985968 226.0 1.1573671444202003 202.0 1.0344608989950461 54.0 1.106156208826386
4.64689378757515 428.0 0.9637272252933738 206.0 1.0436625442137355 176.0 0.8916728533088225 46.0 0.9322034375501327
4.671743486973948 482.0 1.0737731409150806 246.0 1.2330569159678362 172.0 0.8621373558799506 64.0 1.2831811808445774
4.696593186372746 492.0 1.0844522818149904 268.0 1.3291152966147142 180.0 0.8926893783233154 44.0 0.8728518365827973
4.721442885771543 460.0 1.0032460696657453 242.0 1.1875380107239093 168.0 0.8244065528992428 50.0 0.9814363724990985
4.746292585170341 464.0 1.001373501899902 220.0 1.0682756108630422 172.0 0.835197295765651 72.0 1.398469890584346
4.771142284569138 538.0 1.1489808858426247 288.0 1.383902628301154 190.0 0.9129913172820113 60.0 1.1532521902509616
4.7959919839679355 512.0 1.082122901668206 260.0 1.2364099560076183 190.0 0.9035303524671056 62.0 1.179344881114959
4.820841683366734 432.0 0.9036284862221228 234.0 1.101297217583212 150.0 0.7059597548610335 48.0 0.9036284862221227
4.845691382765531 518.0 1.0724045884416216 292.0 1.3601733872705513 176.0 0.819830534793209 50.0 0.9316256077195556
4.870541082164329 548.0 1.1229364003733502 294.0 1.3555153811076117 178.0 0.8206861831195744 76.0 1.401621346451408
4.895390781563126 496.0 1.006061898001642 266.0 1.2139678345846425 152.0 0.6936959054769386 78.0 1.423902121768453
4.920240480961924 540.0 1.08424568843385 290.0 1.3101302068575693 170.0 0.768007362640644 80.0 1.4456609179118003
4.9450901803607215 522.0 1.037570544392567 278.0 1.2432957385393688 160.0 0.7155658926845289 84.0 1.5026883746375108
4.969939879759519 492.0 0.9681607347060116 280.0 1.2397180139528199 132.0 0.5844384922920436 80.0 1.416820587374651
4.994789579158317 506.0 0.9858025436296208 304.0 1.3325868376337167 130.0 0.5698562134617868 72.0 1.2624506882845736
5.019639278557114 576.0 1.1110678036770973 316.0 1.371474320163917 186.0 0.8072602011091411 74.0 1.2846721480016439
5.044488977955912 534.0 1.0199042255551127 326.0 1.400935860383287 136.0 0.5844395000371996 72.0 1.2376365883140694
5.069338677354709 496.0 0.9380393286928738 246.0 1.046783807321584 178.0 0.7574289337530161 72.0 1.2255029939374642
5.0941883767535066 562.0 1.0524898038661639 296.0 1.2472566003111478 198.0 0.8343135366946193 68.0 1.1461276867724062
5.119038076152305 578.0 1.071944747926758 288.0 1.20176504611858 204.0 0.8512502410006607 86.0 1.4354415828638594
5.143887775551102 596.0 1.0946477048114547 318.0 1.314128242940597 208.0 0.8595555802881892 70.0 1.157094050387947
5.1687374749499 590.0 1.0732083444335792 290.0 1.1868956690557804 204.0 0.8349197120254455 96.0 1.571613575577309
5.193587174348697 588.0 1.0593353055586996 300.0 1.2160736926056501 214.0 0.8674659007253637 74.0 1.1998593767042414
5.218436873747495 564.0 1.0064200877941598 292.0 1.1723723363134095 198.0 0.7949648033905996 74.0 1.1884322313314013
5.2432865731462925 614.0 1.0852565752702132 322.0 1.280567408441807 220.0 0.8749218318546508 72.0 1.1453522162460883
5.26813627254509 612.0 1.071516693444358 330.0 1.3000018707229344 204.0 0.8036375200832686 78.0 1.229092677774411
5.292985971943888 564.0 0.9782041602133644 284.0 1.1082845006672695 216.0 0.8429206061413036 64.0 0.9990170146859894
5.317835671342685 556.0 0.9553165699545587 252.0 0.9742167179212854 234.0 0.9046298094983364 70.0 1.0824630199125393
5.342685370741483 638.0 1.0860113668114388 328.0 1.2562325841800028 228.0 0.8732348451007338 82.0 1.2562325841800028
5.36753507014028 534.0 0.9005648676334754 276.0 1.0472861101130866 186.0 0.7057797698588193 72.0 1.0928202888136556
5.3923847695390785 632.0 1.0560137585147804 312.0 1.1729773077173669 222.0 0.8346184689527418 98.0 1.4737407199525892
5.417234468937876 606.0 1.0032805855373585 286.0 1.0653647801869477 228.0 0.8493117828063779 92.0 1.3708190178629258
5.442084168336673 608.0 0.9973991881137488 306.0 1.129456152987362 226.0 0.8341734986115812 76.0 1.1220740866279675
5.466933867735471 642.0 1.0436005504772574 344.0 1.2581726262763198 246.0 0.8997397269301589 52.0 0.7607555414694027
5.491783567134268 668.0 1.0760379843051173 306.0 1.10906010807496 282.0 1.022075001559277 80.0 1.1598014202091085
5.516633266533066 634.0 1.0120690195340896 272.0 0.9769499052915818 262.0 0.9410326293617441 100.0 1.4366910371935027
5.541482965931864 610.0 0.9650240683889684 280.0 0.9966642017787707 268.0 0.9539500217025377 62.0 0.8827597215754827
5.566332665330661 652.0 1.022258871137101 304.0 1.0724310856714372 270.0 0.9524881353002896 78.0 1.1006529563470013
5.591182364729459 654.0 1.016280075853227 320.0 1.1188404504806169 266.0 0.9300361244620128 68.0 0.9510143829085245
5.616032064128256 678.0 1.0442511482336327 312.0 1.0812157906489825 262.0 0.9079440293270301 104.0 1.4416210541986434
5.640881763527054 666.0 1.0167312749363966 320.0 1.0991689458771856 256.0 0.8793351567017484 90.0 1.2365650641118338
5.6657314629258515 722.0 1.0925536394915474 304.0 1.0350508163604133 334.0 1.1371939890275593 84.0 1.1440035338720358
5.69058116232465 600.0 0.9000097622375303 260.0 0.8775095181815921 278.0 0.9382601771326253 62.0 0.8370090788809033
5.715430861723447 640.0 0.9516625492493616 224.0 0.7494342575338723 312.0 1.0438548587078935 104.0 1.3918064782771915
5.740280561122244 658.0 0.9699568729932663 270.0 0.8955148941389198 286.0 0.9485824434212261 102.0 1.3532225066988122
5.765130260521042 574.0 0.8388383902262326 250.0 0.8220323946032333 278.0 0.9141000227987953 46.0 0.6050158424279797
5.789979959919839 642.0 0.9301596924599235 292.0 0.9518923955547816 292.0 0.9518923955547816 58.0 0.7562980677010592
5.8148296593186375 688.0 0.9882869857590362 282.0 0.9114361809071344 330.0 1.0665742542530297 76.0 0.9825411311906698
5.839679358717435 706.0 1.0055123765599827 280.0 0.8972702510379451 336.0 1.076724301245534 90.0 1.1536331799059294
5.864529058116233 708.0 0.999815473945749 270.0 0.8578925147203992 358.0 1.1375019269255662 80.0 1.0167614989278804
5.88937875751503 672.0 0.9409691986323487 276.0 0.8695563576647152 330.0 1.0396869493817247 66.0 0.8317495595053798
5.914228456913827 672.0 0.9330619411703929 236.0 0.7372855517283908 382.0 1.1934028845773106 54.0 0.6748037253107307
5.939078156312625 692.0 0.9527912567688456 274.0 0.8488378754306262 354.0 1.0966737514687652 64.0 0.7930748033220448
5.963927855711423 720.0 0.9830823562922102 300.0 0.9216397090239471 352.0 1.0813905919214313 68.0 0.8356200028483787
5.988777555110221 728.0 0.985756532877797 288.0 0.877431639154962 342.0 1.0419500714965175 98.0 1.1942819532942541
6.013627254509018 722.0 0.969552607350029 282.0 0.8520514257113483 378.0 1.1421114855279775 62.0 0.7493218211929588
6.038476953907816 792.0 1.0548000750964062 334.0 1.0008614348926128 394.0 1.180656902238591 64.0 0.7671273273428408
6.063326653306613 762.0 1.0065271676048793 286.0 0.8500003049261678 394.0 1.1709794410521333 82.0 0.9748255245307099
6.0881763527054105 758.0 0.9930701891807746 288.0 0.8489571010410843 388.0 1.1437338722359054 82.0 0.9668678095190129
6.113026052104209 706.0 0.9174241737144069 262.0 0.7660361903748484 382.0 1.1168924607755422 62.0 0.7251029588281008
6.137875751503006 704.0 0.9074177872058097 246.0 0.7134314562761587 380.0 1.1020485909956923 78.0 0.9048398957648843
6.162725450901804 700.0 0.8949857374323189 278.0 0.7997336839484507 354.0 1.0183659140926316 68.0 0.7824732447265417
6.187575150300601 774.0 0.9816499758422389 308.0 0.8789191644168882 404.0 1.1528679948844898 62.0 0.7077011453746374
6.212424849699398 854.0 1.0744476519980284 338.0 0.9568119898647549 424.0 1.2002611943865564 92.0 1.0417361309770115
6.2372745490981965 804.0 1.0034808369197807 314.0 0.881790063785852 418.0 1.1738479193072806 72.0 0.8087755999054947
6.262124248496994 760.0 0.9410357293536452 316.0 0.880363688908476 364.0 1.0140898188692573 80.0 0.8915075330718745
6.286973947895792 800.0 0.9827334217086998 316.0 0.8734043285436071 406.0 1.1221587259136216 78.0 0.8623485775493842
6.311823647294589 812.0 0.9896203344590306 312.0 0.8555584664904428 428.0 1.1736507168522738 72.0 0.7897462767604086
6.336673346693387 832.0 1.0060423567902637 324.0 0.8814962477164691 430.0 1.169886995426178 78.0 0.848848238541785
6.361523046092184 806.0 0.966989481916844 350.0 0.9447943139075864 390.0 1.0527708069255963 66.0 0.7126448539188651
6.3863727454909816 898.0 1.0689813280894245 344.0 0.9213714342329782 430.0 1.1517142927912227 124.0 1.3284890447080153
6.41122244488978 850.0 1.0039983172251201 336.0 0.8929679150849303 432.0 1.1481016051091961 82.0 0.8717067742495748
6.436072144288577 798.0 0.9352986912544585 348.0 0.9177178887872696 384.0 1.0126542221100903 66.0 0.6961997777006872
6.460921843687375 870.0 1.011842839284129 328.0 0.8583218567720543 464.0 1.2142114071409549 78.0 0.8164524979051249
6.485771543086172 790.0 0.9117592425194003 320.0 0.8309704488784408 394.0 1.0231323651815802 76.0 0.7894219264345188
6.51062124248497 860.0 0.9849713705272886 354.0 0.9122438332848668 416.0 1.07201535210877 90.0 0.927705593171051
6.5354709418837675 872.0 0.9911204017633265 344.0 0.8797330171614847 438.0 1.1201251788277045 90.0 0.9206508319131818
6.560320641282565 836.0 0.9430041171234171 356.0 0.9035242796840397 380.0 0.9644360288762222 100.0 1.0151958198697075
6.585170340681363 974.0 1.0903756856685634 396.0 0.997458661119805 482.0 1.2140784713629948 96.0 0.9672326410858714
6.61002004008016 934.0 1.0377348068622316 430.0 1.0749554878364123 426.0 1.0649559019030503 78.0 0.7799677028022342
6.634869739478958 828.0 0.9130708377932284 336.0 0.8336733736372955 410.0 1.0172800094978907 82.0 0.8138240075983123
6.659719438877755 918.0 1.00476309371744 390.0 0.9604353101710825 434.0 1.0687921143955124 94.0 0.9259581451905821
6.684569138276553 906.0 0.9842562638776952 412.0 1.0070701507887676 402.0 0.9826267005269043 92.0 0.8995189696365692
6.709418837675351 914.0 0.9855921372201851 382.0 0.9268232406353929 450.0 1.0918074824238921 82.0 0.7958063427445259
6.734268537074148 874.0 0.9355036168082965 360.0 0.8669999194676432 392.0 0.9440665789758783 122.0 1.1752665575005832
6.759118236472946 904.0 0.9604999429565613 422.0 1.008843690085459 376.0 0.898874946616428 106.0 1.0136249398015038
6.783967935871743 982.0 1.0357311999074021 412.0 0.9777218149838717 440.0 1.0441689286235523 130.0 1.2340178247369253
6.808817635270541 1032.0 1.0805220251572851 406.0 0.9564504554081202 510.0 1.2014525425077371 116.0 1.0930862347521375
6.833667334669339 962.0 0.9999055199988214 440.0 1.0290087991671861 442.0 1.0336861118906733 80.0 0.7483700357579536
6.858517034068136 974.0 1.005042311117669 464.0 1.0772732780357768 424.0 0.9844048919982098 86.0 0.7986681199230758
6.883366733466934 1022.0 1.046957911090636 476.0 1.0971545232662145 416.0 0.9588577346192126 130.0 1.1985721682740158
6.908216432865731 972.0 0.9885733346032574 472.0 1.0801079026220775 406.0 0.9290758653910243 94.0 0.8604249393769092
6.933066132264529 966.0 0.9754282572530321 498.0 1.1314361928074768 384.0 0.8724327269840784 84.0 0.7633786361110686
6.9579158316633265 954.0 0.9564303715758445 462.0 1.0421481878963215 382.0 0.8616896272216337 110.0 0.9925220837107823
6.982765531062125 976.0 0.9715221312437127 446.0 0.9988959617859279 440.0 0.9854578995197496 90.0 0.8062837359707041
7.007615230460922 1052.0 1.0397467139634613 478.0 1.0629729951213904 432.0 0.9606785227875327 142.0 1.2631143540354597
7.032464929859719 1056.0 1.0363241817256694 504.0 1.1128708542394974 448.0 0.9892185371017754 104.0 0.9185600701659344
7.057314629258517 958.0 0.9335294089884514 492.0 1.0787234402403085 380.0 0.833160380673409 86.0 0.7542293972411913
7.082164328657314 1014.0 0.9811649784229652 486.0 1.0580906350152985 424.0 0.923107879107997 104.0 0.9056907493135066
7.1070140280561125 1078.0 1.0357982273519062 484.0 1.0463675970187625 464.0 1.0031292665634417 130.0 1.1241965918383399
7.13186372745491 1066.0 1.0171302787446712 482.0 1.034782164445212 456.0 0.9789640393921507 128.0 1.0991876933525901
7.156713426853708 1050.0 0.9949064236791747 458.0 0.9764295900965616 460.0 0.9806934747694723 132.0 1.1256655536484377
7.181563126252505 1044.0 0.9823754497732193 488.0 1.0331879730373512 438.0 0.9273285495704094 118.0 0.9993129575279298
7.206412825651302 1140.0 1.0653108619957026 512.0 1.0765246605430259 504.0 1.059703962722041 124.0 1.0428832649010564
7.2312625250501 1120.0 1.0394279533261055 532.0 1.110888625117275 460.0 0.9605427961540348 128.0 1.0691258948497082
7.256112224448898 976.0 0.899583218776689 510.0 1.057655474944929 362.0 0.7507280037844398 104.0 0.8627150540727264
7.280961923847696 1064.0 0.9739990557992725 544.0 1.1204650792277344 392.0 0.8073939541493969 128.0 1.0545553686849265
7.305811623246493 1024.0 0.9310058225769949 522.0 1.0678382213053523 396.0 0.8100841678868189 106.0 0.8673628464242708
7.33066132264529 1130.0 1.0204142143924235 540.0 1.097171035829022 448.0 0.9102456000951885 142.0 1.1540613858349713
7.355511022044088 1180.0 1.058365547865067 606.0 1.2229503597576432 446.0 0.9000591756632159 128.0 1.033251789102167
7.3803607214428855 1176.0 1.0476750137072102 556.0 1.1144910222344557 476.0 0.9541326017690664 144.0 1.154580627350803
7.405210420841684 1080.0 0.9556931610531832 470.0 0.9357828868645753 484.0 0.9636572707286266 126.0 1.0034778191058424
7.430060120240481 1076.0 0.9457846604671691 494.0 0.9769885224063742 450.0 0.8899693017871828 132.0 1.0442306474302947
7.454909819639279 1108.0 0.967419362205891 518.0 1.017623886869103 456.0 0.8958233444253106 134.0 1.0529853346753653
7.479759519038076 1198.0 1.0390502144994256 576.0 1.1240476444000465 486.0 0.9484151999625392 136.0 1.0616005530444883
7.504609218436873 1254.0 1.080417418242606 594.0 1.1514975115480408 518.0 1.0041678636058673 142.0 1.1010952635678235
7.5294589178356714 1172.0 1.0031030015988396 588.0 1.132342381497666 448.0 0.8627370525696503 136.0 1.0476092781202897
7.554308617234469 1148.0 0.9760974452599872 534.0 1.0215863070382183 468.0 0.8953228308874273 146.0 1.1172404556373026
7.579158316633267 1206.0 1.018688480939005 562.0 1.0681024744173897 520.0 0.9882798695676915 124.0 0.9426669525107212
7.604008016032064 1166.0 0.9784638956417865 514.0 0.9704918484646021 488.0 0.9214008211103616 164.0 1.2386043824762238
7.628857715430862 1294.0 1.0788026513376117 628.0 1.1780124778516576 504.0 0.9454112879573813 162.0 1.2155287988023475
7.653707414829659 1182.0 0.9790298318863547 582.0 1.0846358416710504 494.0 0.9206359205936407 106.0 0.7901814379184284
7.6785571142284565 1286.0 1.0582769167165502 602.0 1.114647032420348 518.0 0.9591148883616948 166.0 1.2294445673207826
7.703406813627255 1192.0 0.9745937964054563 604.0 1.111135041371657 466.0 0.8572664392039605 122.0 0.8977382453466367
7.728256513026052 1306.0 1.0609347248430405 598.0 1.0930227199665474 552.0 1.00894404919989 156.0 1.1405454469216147
7.75310621242485 1292.0 1.0428338276293831 538.0 0.9770513532084893 594.0 1.0787518658101163 160.0 1.1622915725900242
7.777955911823647 1232.0 0.988051008156751 588.0 1.0610320485319653 510.0 0.9202828992369086 134.0 0.967199282335261
7.802805611222444 1300.0 1.0359456365837207 604.0 1.0829616308594434 532.0 0.9538668669159335 164.0 1.1761967381519782
7.8276553106212425 1210.0 0.958104272019644 552.0 0.9834425668168578 520.0 0.926431403523127 138.0 0.9834425668168578
7.85250501002004 1354.0 1.0653410099466745 592.0 1.0480311855605395 602.0 1.0657344150463595 160.0 1.133006687092475
7.877354709418838 1268.0 0.991380872151415 568.0 0.9991993332882558 548.0 0.9640162581724723 152.0 1.0695654835198232
7.902204408817635 1220.0 0.9478532077221438 542.0 0.9474647432927494 536.0 0.9369762036991028 142.0 0.992915081531885
7.927054108216433 1238.0 0.9558076151637812 566.0 0.9832156687488492 516.0 0.8963591609088449 156.0 1.0839692178432543
7.95190380761523 1296.0 0.9943333221731141 568.0 0.9805231371429318 586.0 1.0115960534608417 142.0 0.9805231371429318
7.976753507014028 1278.0 0.9744139785429988 552.0 0.9469656974572807 580.0 0.9950001893572877 146.0 1.0018622596287172
8.001603206412826 1314.0 0.9956395327422484 566.0 0.9649520128974531 612.0 1.0433756747230412 136.0 0.9274450441982589
8.026452905811624 1316.0 0.9909806514556067 546.0 0.9250909804811648 640.0 1.0843557280365301 130.0 0.8810390290296808
8.05130260521042 1276.0 0.9549284454389855 544.0 0.9160128661577731 582.0 0.9799990590143822 150.0 1.0103083082622497
8.076152304609218 1344.0 0.9996284191750202 618.0 1.0342137774277276 578.0 0.9672743743579718 148.0 0.9907031654323862
8.101002004008016 1340.0 0.9905389161954246 592.0 0.9846252510241087 616.0 1.0245424909304914 132.0 0.8781792779404213
8.125851703406813 1312.0 0.963909356869438 578.0 0.9554604562566343 574.0 0.9488482731683531 160.0 1.0579492941249928
8.15070140280561 1294.0 0.9448881490091019 572.0 0.939776698434864 582.0 0.9562063609949142 140.0 0.920061103362804
8.175551102204409 1390.0 1.008817921581175 600.0 0.9797871900248823 608.0 0.9928510192252141 182.0 1.1888084572301905
8.200400801603207 1332.0 0.9608644493531531 588.0 0.954372121992659 604.0 0.980341431434636 140.0 0.9089258304691991
8.225250501002003 1422.0 1.0195896287429222 560.0 0.9034338482532223 710.0 1.145425057606764 152.0 0.9808710352463555
8.250100200400801 1456.0 1.0376790576320714 586.0 0.9396839543186031 708.0 1.135317815115309 162.0 1.0391044409529946
8.2749498997996 1400.0 0.9917757401638161 588.0 0.9372280744548062 662.0 1.055178546410003 150.0 0.9563551780151084
8.299799599198396 1408.0 0.9914703352526718 614.0 0.9728098495394646 626.0 0.9918224198887701 168.0 1.0647039395611078
8.324649298597194 1444.0 1.010749877410966 614.0 0.9670020468443556 650.0 1.0236992352586827 180.0 1.1339437682865408
8.349498997995992 1396.0 0.9713351825249525 606.0 0.9487217201810695 672.0 1.052047848121582 118.0 0.7389383695139682
8.37434869739479 1408.0 0.9738706328073342 604.0 0.9399788281144654 638.0 0.9928915436043525 166.0 1.0333542083907368
8.399198396793587 1382.0 0.9502311053542947 584.0 0.9034758845409142 664.0 1.0272397043410395 134.0 0.829217592660839
8.424048096192385 1470.0 1.0047748238169685 612.0 0.9412074370040584 670.0 1.0304068346286261 188.0 1.1565163278219803
8.448897795591183 1578.0 1.0722503567448143 650.0 0.9937681538271805 730.0 1.1160780804520642 198.0 1.2108682735863492
8.47374749498998 1396.0 0.9430179194763983 610.0 0.9271433341556997 616.0 0.9362627767867393 170.0 1.033536831517829
8.498597194388777 1452.0 0.9751107892106868 580.0 0.8763908952616711 736.0 1.1121098257113622 136.0 0.8219942190040502
8.523446893787575 1572.0 1.0495427990938297 630.0 0.9463911690302186 778.0 1.1687179833420795 164.0 0.9854485823552752
8.548296593186373 1530.0 1.0155626333783314 648.0 0.967771450631116 706.0 1.0543929693604444 176.0 1.0514060204387434
8.57314629258517 1492.0 0.9845984266717065 658.0 0.9770093637315425 674.0 1.0007664303268382 160.0 0.9502826638118346
8.597995991983968 1434.0 0.9408530919601827 570.0 0.8414533406129248 730.0 1.0776507695569035 134.0 0.7912613869623294
8.622845691382766 1610.0 1.0502390651496223 664.0 0.9745696666667925 758.0 1.112535854417814 188.0 1.1037295020081745
8.647695390781562 1510.0 0.979345881939814 588.0 0.8580626502028966 756.0 1.1032234074037242 166.0 0.9689687070318425
8.67254509018036 1626.0 1.048536975921367 678.0 0.9837288787011349 778.0 1.128821633671804 170.0 0.9866307338005483
8.697394789579159 1446.0 0.9271344277884611 668.0 0.9636812205851019 644.0 0.9290579431988107 134.0 0.7732531949605009
8.722244488977957 1620.0 1.0327798286926477 694.0 0.9954850015454134 772.0 1.1073694829871168 154.0 0.8836005201037097
8.747094188376753 1586.0 1.0053593079152614 642.0 0.9156630014398457 774.0 1.1039301606143932 170.0 0.9698611230203972
8.771943887775551 1516.0 0.955541908248075 692.0 0.9813844004896126 654.0 0.9274933495956744 170.0 0.9643661738915269
8.79679358717435 1624.0 1.0178316955207651 668.0 0.9419957132806097 788.0 1.1112165000974856 168.0 0.9476364061745055
8.821643286573146 1590.0 0.9909082153786716 704.0 0.9871689390942238 688.0 0.9647332813875368 198.0 1.1105650564810017
8.846492985971944 1670.0 1.0349182522381033 718.0 1.0011439739465005 744.0 1.0373970983512486 208.0 1.160099980951934
8.871342685370742 1558.0 0.9601015525055397 740.0 1.0260392072668316 646.0 0.8957044971545584 172.0 0.9539391548642974
8.89619238476954 1646.0 1.0086640148420092 682.0 0.9403371389884952 808.0 1.1140651148133491 156.0 0.8603671183707053
8.921042084168336 1698.0 1.0347326571804611 764.0 1.0475297041773928 776.0 1.0639830503163046 158.0 0.8665428966493616
8.945891783567134 1714.0 1.0386801210350376 716.0 0.9762623541350325 804.0 1.096249906039897 194.0 1.0580720486156217
8.970741482965932 1630.0 0.9823038802351715 780.0 1.0576339324004456 704.0 0.9545824210383508 146.0 0.7918695083613592
8.995591182364729 1694.0 1.015232699744957 722.0 0.9735805907530594 776.0 1.0463968676237867 196.0 1.057184464197228
9.020440881763527 1642.0 0.9786466804302133 690.0 0.9253038802484204 760.0 1.0191752883895644 192.0 1.029903449319981
9.045290581162325 1734.0 1.0278010584811392 786.0 1.0482503874993627 770.0 1.0269119572194774 178.0 0.9495601474548934
9.070140280561121 1720.0 1.0139164774515352 822.0 1.0902549564224504 738.0 0.9788420411676015 160.0 0.848860306703611
9.09498997995992 1732.0 1.0154111452217183 756.0 0.9972369272645167 790.0 1.0420862070621273 186.0 0.9814077696888895
9.119839679358718 1742.0 1.0157082852122366 802.0 1.052150172597865 758.0 0.9944262229790296 182.0 0.9550689846025507
9.144689378757516 1904.0 1.1041321631999694 904.0 1.1795193382083708 802.0 1.0464319792512315 198.0 1.033384198961316
9.169539078156312 1828.0 1.0543140941733857 866.0 1.1238134641667628 792.0 1.0277832143418892 170.0 0.8824401335258645
9.19438877755511 1740.0 0.9981347355533449 822.0 1.0609483870148917 712.0 0.9189723254922175 206.0 1.0635297699516675
9.219238476953908 1728.0 0.9859073892816764 738.0 0.9473953818878611 800.0 1.0269868638350796 190.0 0.9756375206433257
9.244088176352705 1802.0 1.0226004040215688 790.0 1.0086971243886451 786.0 1.0035897971765506 226.0 1.1542559499333356
9.268937875751503 1722.0 0.9719622638154585 754.0 0.9575690944035573 788.0 1.0007486026392616 180.0 0.914389586167853
9.2937875751503 1838.0 1.031889295107442 778.0 0.9827650767603796 856.0 1.081294223273631 204.0 1.0307664558309377
9.318637274549099 1732.0 0.9671928054399412 764.0 0.9599332751450688 762.0 0.9574203608122283 206.0 1.0353207051302837
9.343486973947895 1736.0 0.9642699952856918 810.0 1.0123168585300537 732.0 0.9148344943753077 194.0 0.9698245459497798
9.368336673346693 1926.0 1.0641311054246714 820.0 1.0193779280937272 878.0 1.0914802693491372 228.0 1.1337471590505843
9.393186372745491 1840.0 1.0112364814771502 854.0 1.0560276625860563 782.0 0.9669948854125248 204.0 1.0090381413000258
9.418036072144288 1848.0 1.0102736325505322 904.0 1.1119570176449043 770.0 0.947131530516124 174.0 0.8561085003106784
9.442885771543086 1860.0 1.0114821062200603 882.0 1.0791861504267257 774.0 0.9470409075173306 204.0 0.9984307242043176
9.467735470941884 1860.0 1.0061725010891058 822.0 1.0004924950345706 802.0 0.9761496119437051 236.0 1.1489840818888497
9.492585170340682 1820.0 0.9793797643153284 836.0 1.0122051300423807 776.0 0.9395588288431667 208.0 1.0073620432957664
9.517434869739478 1852.0 0.9913954645553701 814.0 0.9804215946723328 758.0 0.9129724431961036 280.0 1.3489830295245857
9.542284569138276 1906.0 1.0149881816173443 852.0 1.0208459308291968 818.0 0.9801079476740411 236.0 1.1310781205431477
9.567134268537075 1962.0 1.0393818810095592 844.0 1.0060072334542065 894.0 1.0656048183744793 224.0 1.0679887217712902
9.591983967935871 1904.0 1.0034298297596413 870.0 1.031624943148371 796.0 0.9438775341909234 238.0 1.1288585584795967
9.616833667334669 1970.0 1.0328471587126629 926.0 1.0923538351156514 850.0 1.002700604587801 194.0 0.915406669600157
9.641683366733467 1896.0 0.9889258973274639 874.0 1.0256976672439126 804.0 0.9435479684944 218.0 1.0233505329939265
9.666533066132265 1916.0 0.9942195310793199 892.0 1.041439769768369 830.0 0.9690527005692223 194.0 0.9060058983635138
9.691382765531062 1966.0 1.014933114732725 872.0 1.0128681440008174 834.0 0.9687293946062864 260.0 1.2080078781661125
9.71623246492986 2016.0 1.0354217554090304 932.0 1.0770235223674292 860.0 0.9938199884506319 224.0 1.0354217554090306
9.741082164328658 1980.0 1.011743663503233 870.0 1.000246576417969 880.0 1.011743663503233 230.0 1.0577320118442892
9.765931863727454 1906.0 0.9689746402910192 852.0 0.9745668339128456 838.0 0.9585528249048881 216.0 0.9882931273482379
9.790781563126252 1868.0 0.9448355740009018 908.0 1.0333506839849265 728.0 0.8285014294504696 232.0 1.0561117122665327
9.81563126252505 2054.0 1.0336541756287203 948.0 1.0734101054605945 888.0 1.0054727570137214 218.0 0.987356130761222
9.840480961923848 1952.0 0.9773625141696887 830.0 0.9350535323831423 880.0 0.9913820584303195 242.0 1.0905202642733514
9.865330661322645 2084.0 1.0381979640482892 948.0 1.0626085687691942 880.0 0.9863877009671844 256.0 1.1477965974890874
9.890180360721443 2028.0 1.0052232557160623 926.0 1.0327330637497119 872.0 0.9725088894057763 230.0 1.026041488822608
9.915030060120241 1968.0 0.9705932942599704 838.0 0.9299053131743773 878.0 0.9742922016313882 252.0 1.1185495891166735
9.939879759519037 1996.0 0.9794805459842439 852.0 0.940713530386671 912.0 1.0069609621040423 232.0 1.0246269438953413
9.964729458917835 2064.0 1.007798014133234 944.0 1.037094468032456 878.0 0.964585744631882 242.0 1.063461276541756
9.989579158316634 1922.0 0.9337941123792661 826.0 0.9029429541398888 884.0 0.9663457281593967 212.0 0.9269922822162538
10.014428857715432 2192.0 1.0596870542361814 1076.0 1.1703934116358556 870.0 0.9463218105234149 246.0 1.070322599488552
10.039278557114228 2112.0 1.0159578380203225 992.0 1.0736827151805681 924.0 1.0000834968012549 196.0 0.8485556942556102
10.064128256513026 2126.0 1.0176420844368985 960.0 1.033916699145673 908.0 0.9779128779419491 258.0 1.1114604515815985
10.088977955911824 2080.0 0.9907189488064225 936.0 1.0031029356665029 954.0 1.0223933767370126 190.0 0.8144852896437416
10.11382765531062 2002.0 0.9488811648126596 906.0 0.9661809462890144 902.0 0.9619152467468994 194.0 0.8275457111702815
10.138677354709419 2178.0 1.027239008716258 954.0 1.0123822461935024 984.0 1.044218165885122 240.0 1.0187494301318263
10.163527054108217 2210.0 1.0372346270435042 986.0 1.0412239909936714 974.0 1.0285518937401987 250.0 1.0560081044560563
10.188376753507013 2080.0 0.971458782111597 930.0 0.9772968757540944 912.0 0.9583814523524024 238.0 1.0004157265783848
10.213226452905811 2096.0 0.9741678942585037 930.0 0.9725411826030148 936.0 0.9788156418456149 230.0 0.9620837505320147
10.23807615230461 2218.0 1.0258661993574973 1006.0 1.0469107945201512 972.0 1.0115281235323925 240.0 0.9990401220073013
10.262925851703407 2126.0 0.9785526862723806 952.0 0.9859171467523232 930.0 0.9631333471425005 244.0 1.0107722008721296
10.287775551102204 2150.0 0.9848187129935128 1004.0 1.0347467314662073 900.0 0.9275618110752853 246.0 1.0141342467756453
10.312625250501002 2168.0 0.9882778669651658 996.0 1.0215547508620557 920.0 0.9436047899529029 252.0 1.0338626394266588
10.3374749498998 2318.0 1.05157496322723 1046.0 1.0676797566675091 1036.0 1.057472493219445 236.0 0.9635656694972549
10.362324649298596 2124.0 0.9589442602983457 936.0 0.9508176140246309 936.0 0.9508176140246309 252.0 1.023957430488064
10.387174348697394 2260.0 1.0154635607310933 976.0 0.9867070705156997 1086.0 1.097913810020543 198.0 0.8006885244348712
10.412024048096193 2208.0 0.9873633657759538 968.0 0.9739481026539978 1008.0 1.0141938920198654 232.0 0.9337023132881301
10.43687374749499 2198.0 0.9782111840226293 942.0 0.9432750703075354 1042.0 1.043410428089652 214.0 0.8571586626149155
10.461723446893787 2194.0 0.9717923815509588 948.0 0.9447735414075641 1022.0 1.0185216870448632 224.0 0.8929505201489212
10.486573146292585 2336.0 1.0297849692458494 1052.0 1.0434507800534785 1032.0 1.0236133127520815 252.0 0.9998083519904052
10.511422845691383 2248.0 0.9863061686539345 936.0 0.9240039106695666 1044.0 1.0306197465160551 268.0 1.0582608891429224
10.53627254509018 2262.0 0.9877672919616947 1024.0 1.006107798708994 992.0 0.974666929999338 246.0 0.9668067128219239
10.561122244488978 2212.0 0.9613877950350259 1026.0 1.0033289895290947 920.0 0.8996712186810595 266.0 1.0404893224746166
10.585971943887776 2454.0 1.0615594026925534 1026.0 0.9986185334620048 1096.0 1.0667504022167227 332.0 1.2925588815180726
10.610821643286574 2338.0 1.0066426076640744 1046.0 1.0133162434291698 1066.0 1.0326913150052532 226.0 0.8757532352389766
10.63567134268537 2292.0 0.9822255996005823 1018.0 0.9815827817997966 1042.0 1.0047242226280828 232.0 0.8948023786937243
10.660521042084168 2348.0 1.0015331177571547 1014.0 0.9731677206826869 1076.0 1.0326710724404053 258.0 0.9904428873220246
10.685370741482966 2220.0 0.942530719071564 964.0 0.9208779863361364 1048.0 1.00112046647331 208.0 0.794782660406292
10.710220440881763 2432.0 1.0277468053688725 1056.0 1.0040815828768261 1118.0 1.063033342477549 258.0 0.981261546902353
10.73507014028056 2344.0 0.9859726873677236 1088.0 1.0297189158174862 958.0 0.9066826483025291 298.0 1.1281479298294517
10.759919839679359 2262.0 0.9470856476587974 962.0 0.9062629904321251 1030.0 0.9703231602339802 270.0 1.017426226264756
10.784769539078157 2400.0 1.0002347007014867 1034.0 0.9696025129925037 1104.0 1.0352429152260385 262.0 0.9827305934392105
10.809619238476953 2416.0 1.0022735014453796 1078.0 1.0062145603293746 1098.0 1.0248827339904019 240.0 0.8960723357293132
10.834468937875751 2252.0 0.929952890035989 924.0 0.8585133474177713 1096.0 1.018323191309391 232.0 0.8622298554152509
10.85931863727455 2388.0 0.9816003581681353 1036.0 0.9581701988651271 1110.0 1.0266109273554933 242.0 0.8952787186307365
10.884168336673346 2508.0 1.026219588263979 1064.0 0.979573243342889 1158.0 1.0661144885254374 286.0 1.0532253669025047
10.909018036072144 2540.0 1.034578394802817 1118.0 1.0245991937505854 1118.0 1.0245991937505854 304.0 1.1144120032206724
10.933867735470942 2400.0 0.9731109674180592 1048.0 0.9560815254882431 1106.0 1.0089944343416 246.0 0.8976948674431595
10.95871743486974 2514.0 1.0147109175663183 1078.0 0.9789901871746639 1130.0 1.0262142036246475 306.0 1.1115806948996183
10.983567134268537 2396.0 0.9627073420972768 1104.0 0.9980655416400815 1034.0 0.9347824004129026 258.0 0.9329743106635546
11.008416833667335 2546.0 1.0183586019486808 1144.0 1.0295581466676766 1140.0 1.0259582930079993 262.0 0.943161658835424
11.033266533066133 2494.0 0.9930659440610347 1082.0 0.9693741142007173 1146.0 1.02671232428283 266.0 0.9532477426151231
11.05811623246493 2458.0 0.9743326061906586 1100.0 0.9810712775923027 1062.0 0.9471797243663869 296.0 1.0559894478811696
11.082965931863727 2518.0 0.9936403026460789 1084.0 0.9624657260340693 1112.0 0.9873264643449123 322.0 1.1435939622987834
11.107815631262525 2596.0 1.01983673616949 1050.0 0.9281064288137213 1246.0 1.1013529621922826 300.0 1.0606930615013959
11.132665330661322 2638.0 1.0317099119034703 1148.0 1.010199659759918 1226.0 1.0788369188725258 264.0 0.9292428926014578
11.15751503006012 2448.0 0.9531371793526164 1066.0 0.9338641849171775 1096.0 0.9601455409655034 286.0 1.0021957106428248
11.182364729458918 2556.0 0.9907643014422919 1108.0 0.9663440545757565 1180.0 1.0291389750897046 268.0 0.9349465943187826
11.207214428857716 2622.0 1.0118403407198013 1192.0 1.034994581926204 1134.0 0.984634107302278 296.0 1.0280483095642832
11.232064128256512 2602.0 0.999679248731801 1096.0 0.9474285270455886 1226.0 1.059805998319244 280.0 0.9681751371268789
11.25691382765531 2582.0 0.9876156559190661 1152.0 0.991440658459419 1142.0 0.9828344027436254 288.0 0.991440658459419
11.281763527054109 2674.0 1.0182999347019988 1160.0 0.9939277597502683 1180.0 1.0110644452632038 334.0 1.144730592264102
11.306613226452905 2716.0 1.029747833830485 1272.0 1.0851024670187215 1132.0 0.965672950208485 312.0 1.0646288355655382
11.331462925851703 2584.0 0.9754042510741414 1084.0 0.9206698794000894 1204.0 1.0225890542414278 296.0 1.0056025251012046
11.356312625250501 2696.0 1.0132280920123422 1180.0 0.9978192078237273 1226.0 1.0367172447388895 290.0 0.9809070178606133
11.3811623246493 2702.0 1.0110486339340947 1186.0 0.9985134269626692 1214.0 1.022087099774604 302.0 1.0170355984577608
11.406012024048096 2598.0 0.9678974960200694 1144.0 0.9589561796596068 1172.0 0.982427135105821 282.0 0.945544205118913
11.430861723446894 2746.0 1.0185876396698212 1270.0 1.0599468974350015 1198.0 0.9998554197851433 278.0 0.9280794881478123
11.455711422845692 2680.0 0.9897931093560741 1220.0 1.0137992855158298 1174.0 0.9755740665537574 286.0 0.950644575926319
11.480561122244488 2894.0 1.0642018704088143 1286.0 1.064018006920492 1268.0 1.049125064366395 340.0 1.12524454853178
11.505410821643286 2784.0 1.0193296554286777 1232.0 1.0149359931207955 1240.0 1.0215264865826188 312.0 1.0281169800444423
11.530260521042084 2862.0 1.0433717068328086 1270.0 1.0417311852811846 1276.0 1.0466527499360563 316.0 1.0368096206263129
11.555110220440882 2734.0 0.9924210732660881 1234.0 1.007848247960239 1202.0 0.9817127990666187 298.0 0.9735454712873621
11.579959919839679 2688.0 0.9715357776175717 1232.0 1.001896270668121 1180.0 0.9596084410619989 276.0 0.8978031516376668
11.604809619238477 2856.0 1.0278359706454048 1304.0 1.0559071211042077 1276.0 1.0332342688105591 276.0 0.8939581761495746
11.629659318637275 2774.0 0.9940589331912649 1292.0 1.041719293001805 1214.0 0.9788291189660924 268.0 0.864336750849795
11.654509018036071 2792.0 0.9962426501463305 1200.0 0.9634151702704488 1272.0 1.0212200804866756 320.0 1.0276428482884785
11.67935871743487 2850.0 1.0126108450834646 1220.0 0.9753041297382843 1254.0 1.00248473663263 376.0 1.2023421402675243
11.704208416833668 2784.0 0.9849606574082456 1286.0 1.023701028092945 1188.0 0.945689596714167 310.0 0.9870834174457636
11.729058116232466 2808.0 0.9892421627786999 1274.0 1.0098513745032562 1254.0 0.9939981347151361 280.0 0.8877814281347308
11.753907815631262 2842.0 0.9969866834202691 1300.0 1.0261034655187498 1244.0 0.9819020854656344 298.0 0.9408579468448843
11.77875751503006 2984.0 1.0423840621064637 1304.0 1.0249178412266637 1328.0 1.043781359776848 352.0 1.106659754944128
11.803607214428858 2866.0 0.9969483606254542 1286.0 1.006514334078769 1252.0 0.9799035351995481 328.0 1.0268637685158204
11.828456913827655 2916.0 1.0100791087734051 1182.0 0.9212295575387075 1376.0 1.0724296710433683 358.0 1.1160750646323427
11.853306613226453 2866.0 0.9885970005928418 1364.0 1.0586197469711904 1180.0 0.9158147371158392 322.0 0.9996350689874584
11.87815631262525 2946.0 1.0119403277050767 1306.0 1.0093641048748705 1328.0 1.0263671755542327 312.0 0.964537827629279
11.903006012024049 2998.0 1.0255023454234595 1364.0 1.0497887585405596 1284.0 0.9882175703563626 350.0 1.0774957932234484
11.927855711422845 2792.0 0.9510582238491455 1370.0 1.0500132432002116 1134.0 0.869135049481051 288.0 0.8829308439172582
11.952705410821643 3060.0 1.038014828101058 1340.0 1.0227499041583956 1436.0 1.096021539083176 284.0 0.8670476799432368
11.977555110220441 2988.0 1.0093851842637585 1348.0 1.0245867683641163 1298.0 0.9865828081132217 342.0 1.039788352464474
12.002404809619238 2944.0 0.9904033179501183 1370.0 1.0369966805642798 1254.0 0.9491925820639467 320.0 0.9688728110381593
12.027254509018036 2932.0 0.9822904597162736 1284.0 0.9678844263711851 1316.0 0.9920061566234264 332.0 1.001051805468017
12.052104208416834 2796.0 0.9328644044051583 1236.0 0.9278597670424698 1208.0 0.9068402901191776 352.0 1.056979410999836
12.076953907815632 3152.0 1.0473133959859835 1436.0 1.0735626847813176 1360.0 1.0167446039711643 356.0 1.064591408863925
12.101803607214428 3124.0 1.0337469824640977 1428.0 1.0631975206969098 1308.0 0.9738531912265811 388.0 1.1555199944829158
12.126653306613226 3060.0 1.0084191999241792 1396.0 1.035112649333937 1324.0 0.9817257505144216 340.0 1.0084191999241792
12.151503006012025 2974.0 0.9760695133179491 1370.0 1.0116793123075247 1230.0 0.9082960249184345 374.0 1.1047242709577059
12.176352705410821 2952.0 0.9648946126527215 1304.0 0.9590111089170343 1294.0 0.9516567292474252 354.0 1.0413801612166569
12.201202404809619 3034.0 0.9876577464161526 1344.0 0.9844024473178792 1344.0 0.9844024473178792 346.0 1.0137001392023397
12.226052104208417 3082.0 0.9992048007963875 1450.0 1.0577240955867018 1296.0 0.945386501986459 336.0 0.9804008168748464
12.250901803607213 3134.0 1.0119415890234986 1378.0 1.0011247277496353 1406.0 1.0214668847721242 350.0 1.0171078511244482
12.275751503006012 3104.0 0.9981971412044185 1368.0 0.9898359538103093 1382.0 0.9999658539224031 354.0 1.0245670399089166
12.30060120240481 3146.0 1.0076159886444696 1398.0 1.0074558462432228 1378.0 0.9930430301310166 370.0 1.066548392303269
12.325450901803608 3146.0 1.0035530264644752 1486.0 1.0665542097851153 1352.0 0.9703777198044925 308.0 0.8842495198218452
12.350300601202404 3154.0 1.00205626643976 1446.0 1.033668377571896 1338.0 0.9564649302843684 370.0 1.0579731665327843
12.375150300601202 3176.0 1.004993491320859 1426.0 1.0152775871860755 1412.0 1.0053099250397888 338.0 0.9625913729842737
12.4 3114.0 0.9814252088474207 1378.0 0.9771704752830533 1380.0 0.9785887198045091 356.0 1.009790099276537
