r h_AllPart g_AllPart h_OO g_OO h_SiO g_SiO h_SiSi g_SiSi
0.0 0.0 0.0 0.0 0.0 0.0 0.0 0.0 0.0
0.02474949899799599 0.0 0.0 0.0 0.0 0.0 0.0 0.0 0.0
0.04949899799599198 0.0 0.0 0.0 0.0 0.0 0.0 0.0 0.0
0.07424849699398797 0.0 0.0 0.0 0.0 0.0 0.0 0.0 0.0
0.09899799599198396 0.0 0.0 0.0 0.0 0.0 0.0 0.0 0.0
0.12374749498997994 0.0 0.0 0.0 0.0 0.0 0.0 0.0 0.0
0.14849699398797594 0.0 0.0 0.0 0.0 0.0 0.0 0.0 0.0
0.17324649298597192 0.0 0.0 0.0 0.0 0.0 0.0 0.0 0.0
0.19799599198396792 0.0 0.0 0.0 0.0 0.0 0.0 0.0 0.0
0.22274549098196392 0.0 0.0 0.0 0.0 0.0 0.0 0.0 0.0
0.2474949899799599 0.0 0.0 0.0 0.0 0.0 0.0 0.0 0.0
0.2722444889779559 0.0 0.0 0.0 0.0 0.0 0.0 0.0 0.0
0.2969939879759519 0.0 0.0 0.0 0.0 0.0 0.0 0.0 0.0
0.3217434869739479 0.0 0.0 0.0 0.0 0.0 0.0 0.0 0.0
0.34649298597194383 0.0 0.0 0.0 0.0 0.0 0.0 0.0 0.0
0.37124248496993983 0.0 0.0 0.0 0.0 0.0 0.0 0.0 0.0
0.39599198396793583 0.0 0.0 0.0 0.0 0.0 0.0 0.0 0.0
0.42074148296593183 0.0 0.0 0.0 0.0 0.0 0.0 0.0 0.0
0.44549098196392783 0.0 0.0 0.0 0.0 0.0 0.0 0.0 0.0
0.4702404809619238 0.0 0.0 0.0 0.0 0.0 0.0 0.0 0.0
0.4949899799599198 0.0 0.0 0.0 0.0 0.0 0.0 0.0 0.0
0.5197394789579158 0.0 0.0 0.0 0.0 0.0 0.0 0.0 0.0
0.5444889779559118 0.0 0.0 0.0 0.0 0.0 0.0 0.0 0.0
0.5692384769539077 0.0 0.0 0.0 0.0 0.0 0.0 0.0 0.0
0.5939879759519038 0.0 0.0 0.0 0.0 0.0 0.0 0.0 0.0
0.6187374749498997 0.0 0.0 0.0 0.0 0.0 0.0 0.0 0.0
0.6434869739478958 0.0 0.0 0.0 0.0 0.0 0.0 0.0 0.0
0.6682364729458917 0.0 0.0 0.0 0.0 0.0 0.0 0.0 0.0
0.6929859719438877 0.0 0.0 0.0 0.0 0.0 0.0 0.0 0.0
0.7177354709418837 0.0 0.0 0.0 0.0 0.0 0.0 0.0 0.0
0.7424849699398797 0.0 0.0 0.0 0.0 0.0 0.0 0.0 0.0
0.7672344689378757 0.0 0.0 0.0 0.0 0.0 0.0 0.0 0.0
0.7919839679358717 0.0 0.0 0.0 0.0 0.0 0.0 0.0 0.0
0.8167334669338676 0.0 0.0 0.0 0.0 0.0 0.0 0.0 0.0
0.8414829659318637 0.0 0.0 0.0 0.0 0.0 0.0 0.0 0.0
0.8662324649298596 0.0 0.0 0.0 0.0 0.0 0.0 0.0 0.0
0.8909819639278557 0.0 0.0 0.0 0.0 0.0 0.0 0.0 0.0
0.9157314629258516 0.0 0.0 0.0 0.0 0.0 0.0 0.0 0.0
0.9404809619238476 0.0 0.0 0.0 0.0 0.0 0.0 0.0 0.0
0.9652304609218436 0.0 0.0 0.0 0.0 0.0 0.0 0.0 0.0
0.9899799599198396 0.0 0.0 0.0 0.0 0.0 0.0 0.0 0.0
1.0147294589178355 0.0 0.0 0.0 0.0 0.0 0.0 0.0 0.0
1.0394789579158317 0.0 0.0 0.0 0.0 0.0 0.0 0.0 0.0
1.0642284569138276 0.0 0.0 0.0 0.0 0.0 0.0 0.0 0.0
1.0889779559118236 0.0 0.0 0.0 0.0 0.0 0.0 0.0 0.0
1.1137274549098195 0.0 0.0 0.0 0.0 0.0 0.0 0.0 0.0
1.1384769539078154 0.0 0.0 0.0 0.0 0.0 0.0 0.0 0.0
1.1632264529058116 0.0 0.0 0.0 0.0 0.0 0.0 0.0 0.0
1.1879759519038076 0.0 0.0 0.0 0.0 0.0 0.0 0.0 0.0
1.2127254509018035 0.0 0.0 0.0 0.0 0.0 0.0 0.0 0.0
1.2374749498997994 0.0 0.0 0.0 0.0 0.0 0.0 0.0 0.0
1.2622244488977954 0.0 0.0 0.0 0.0 0.0 0.0 0.0 0.0
1.2869739478957916 0.0 0.0 0.0 0.0 0.0 0.0 0.0 0.0
1.3117234468937875 0.0 0.0 0.0 0.0 0.0 0.0 0.0 0.0
1.3364729458917834 0.0 0.0 0.0 0.0 0.0 0.0 0.0 0.0
1.3612224448897794 0.0 0.0 0.0 0.0 0.0 0.0 0.0 0.0
1.3859719438877753 0.0 0.0 0.0 0.0 0.0 0.0 0.0 0.0
1.4107214428857715 0.0 0.0 0.0 0.0 0.0 0.0 0.0 0.0
1.4354709418837674 0.0 0.0 0.0 0.0 0.0 0.0 0.0 0.0
1.4602204408817634 0.0 0.0 0.0 0.0 0.0 0.0 0.0 0.0
1.4849699398797593 0.0 0.0 0.0 0.0 0.0 0.0 0.0 0.0
1.5097194388777553 0.0 0.0 0.0 0.0 0.0 0.0 0.0 0.0
1.5344689378757514 28.0 0.05797854374978427 0.0 0.0 28.0 0.05797854374978427 0.0 0.0
1.5592184368737474 350.0 0.7017264014941564 0.0 0.0 350.0 0.7017264014941564 0.0 0.0
1.5839679358717433 2010.0 3.9039900601592255 0.0 0.0 2010.0 3.9039900601592255 0.0 0.0
1.6087174348697393 5554.0 10.455548446634792 0.0 0.0 5554.0 10.455548446634792 0.0 0.0
1.6334669338677352 7790.0 14.220520535881787 0.0 0.0 7790.0 14.220520535881787 0.0 0.0
1.6582164328657314 6310.0 11.174985198803512 0.0 0.0 6310.0 11.174985198803512 0.0 0.0
1.6829659318637273 3322.0 5.710224868460116 0.0 0.0 3322.0 5.710224868460116 0.0 0.0
1.7077154308617233 1130.0 1.8860737007670731 0.0 0.0 1130.0 1.8860737007670731 0.0 0.0
1.7324649298597192 264.0 0.4280513754478238 0.0 0.0 264.0 0.4280513754478238 0.0 0.0
1.7572144288577152 86.0 0.13551332690601606 0.0 0.0 86.0 0.13551332690601606 0.0 0.0
1.7819639278557113 32.0 0.049023000283445285 0.0 0.0 32.0 0.049023000283445285 0.0 0.0
1.8067134268537073 4.0 0.005959998694806286 0.0 0.0 4.0 0.005959998694806286 0.0 0.0
1.8314629258517032 0.0 0.0 0.0 0.0 0.0 0.0 0.0 0.0
1.8562124248496992 0.0 0.0 0.0 0.0 0.0 0.0 0.0 0.0
1.8809619238476951 0.0 0.0 0.0 0.0 0.0 0.0 0.0 0.0
1.9057114228456913 0.0 0.0 0.0 0.0 0.0 0.0 0.0 0.0
1.9304609218436872 0.0 0.0 0.0 0.0 0.0 0.0 0.0 0.0
1.9552104208416832 0.0 0.0 0.0 0.0 0.0 0.0 0.0 0.0
1.9799599198396791 0.0 0.0 0.0 0.0 0.0 0.0 0.0 0.0
2.0047094188376753 0.0 0.0 0.0 0.0 0.0 0.0 0.0 0.0
2.029458917835671 0.0 0.0 0.0 0.0 0.0 0.0 0.0 0.0
2.054208416833667 0.0 0.0 0.0 0.0 0.0 0.0 0.0 0.0
2.0789579158316633 0.0 0.0 0.0 0.0 0.0 0.0 0.0 0.0
2.103707414829659 0.0 0.0 0.0 0.0 0.0 0.0 0.0 0.0
2.1284569138276552 0.0 0.0 0.0 0.0 0.0 0.0 0.0 0.0
2.153206412825651 0.0 0.0 0.0 0.0 0.0 0.0 0.0 0.0
2.177955911823647 0.0 0.0 0.0 0.0 0.0 0.0 0.0 0.0
2.2027054108216433 0.0 0.0 0.0 0.0 0.0 0.0 0.0 0.0
2.227454909819639 0.0 0.0 0.0 0.0 0.0 0.0 0.0 0.0
2.252204408817635 4.0 0.0038249651792112388 4.0 0.0038249651792112388 0.0 0.0 0.0 0.0
2.276953907815631 0.0 0.0 0.0 0.0 0.0 0.0 0.0 0.0
2.301703406813627 4.0 0.0036613510233511 4.0 0.0036613510233511 0.0 0.0 0.0 0.0
2.3264529058116232 6.0 0.005375179362016197 6.0 0.005375179362016197 0.0 0.0 0.0 0.0
2.351202404809619 4.0 0.0035080146100705347 4.0 0.0035080146100705347 0.0 0.0 0.0 0.0
2.375951903807615 20.0 0.017174668217243384 16.0 0.013739734573794706 0.0 0.0 4.0 0.0034349336434486765
2.400701402805611 16.0 0.0134564512178687 16.0 0.0134564512178687 0.0 0.0 0.0 0.0
2.425450901803607 46.0 0.037897788257357914 38.0 0.0313068685604261 0.0 0.0 8.0 0.0065909196969318115
2.450200400801603 178.0 0.14368547992300001 172.0 0.13884214913907866 0.0 0.0 6.0 0.00484333078392135
2.474949899799599 390.0 0.3085203829262979 390.0 0.3085203829262979 0.0 0.0 0.0 0.0
2.499699398797595 738.0 0.5722551725254843 736.0 0.57070434549967 0.0 0.0 2.0 0.0015508270258143206
2.524448897795591 1298.0 0.9867523441702725 1298.0 0.9867523441702725 0.0 0.0 0.0 0.0
2.549198396793587 2206.0 1.6444603416747743 2206.0 1.6444603416747743 0.0 0.0 0.0 0.0
2.573947895791583 2866.0 2.0953722100159675 2866.0 2.0953722100159675 0.0 0.0 0.0 0.0
2.598697394789579 3714.0 2.663637228106115 3714.0 2.663637228106115 0.0 0.0 0.0 0.0
2.623446893787575 4188.0 2.9469147593981613 4188.0 2.9469147593981613 0.0 0.0 0.0 0.0
2.6481963927855707 4472.0 3.087937206035525 4472.0 3.087937206035525 0.0 0.0 0.0 0.0
2.672945891783567 4278.0 2.8992775438569924 4276.0 2.8979221078851096 2.0 0.001355435971882652 0.0 0.0
2.697695390781563 3976.0 2.645165787068242 3974.0 2.6438352207769604 2.0 0.001330566291281812 0.0 0.0
2.722444889779559 3210.0 2.0967316333509127 3192.0 2.0849742597059544 6.0 0.003919124548319464 12.0 0.007838249096638928
2.747194388777555 2578.0 1.6535771591045436 2550.0 1.635617438214347 8.0 0.005131348825770501 20.0 0.01282837206442625
2.7719438877755507 2110.0 1.3292261641205838 2068.0 1.3027676338395104 16.0 0.010079440107075517 26.0 0.016379090173997714
2.796693386773547 1468.0 0.9084211205602665 1414.0 0.8750050847903383 10.0 0.006188154772208899 44.0 0.027227880997719157
2.821442885771543 1062.0 0.6456528257195885 990.0 0.6018797527894468 4.0 0.002431837385007866 68.0 0.04134123554513373
2.8461923847695387 870.0 0.519726175879124 744.0 0.4444554883380095 22.0 0.013142500999242216 104.0 0.06212818654187229
2.870941883767535 706.0 0.41448335192392927 538.0 0.3158527525992548 26.0 0.015264259419294844 142.0 0.08336633990537953
2.8956913827655306 584.0 0.3369980606401822 346.0 0.19965980989983398 28.0 0.01615744126357038 210.0 0.12118080947677784
2.920440881763527 606.0 0.3437663328879857 294.0 0.16677772585654752 30.0 0.01701813529148444 282.0 0.15997047173995374
2.945190380761523 558.0 0.3112174878075044 196.0 0.10931653693596931 40.0 0.022309497333871286 322.0 0.17959145353766384
2.9699398797595187 708.0 0.3882969547175995 198.0 0.1085915212345829 50.0 0.02742210132186437 460.0 0.25228333216115223
2.994689378757515 814.0 0.4390529407415877 234.0 0.1262142360362795 50.0 0.026968853853905874 530.0 0.28586985085140226
3.0194388777555106 878.0 0.46580975596312035 198.0 0.10504593585500892 94.0 0.049870292779650695 586.0 0.31089352732846076
3.0441883767535067 1048.0 0.546960249841635 260.0 0.1356962451897186 80.0 0.04175269082760572 708.0 0.3695113138243106
3.068937875751503 1180.0 0.6059193069569215 268.0 0.13761557141055505 150.0 0.07702364071486291 762.0 0.39128009483150356
3.0936873747494986 1412.0 0.7134486667963051 296.0 0.14956147689214327 162.0 0.0818545920828622 954.0 0.4820325978212996
3.118436873747495 1480.0 0.7359376771879471 340.0 0.16906676367831217 186.0 0.09248946483578255 954.0 0.47438144867385235
3.1431863727454905 1690.0 0.8271275064943386 354.0 0.17325629425976088 214.0 0.10473685585194585 1122.0 0.549134356382632
3.1679358717434867 1776.0 0.8556367656045716 358.0 0.1724763300036242 294.0 0.14164257268454056 1124.0 0.5415178629164068
3.192685370741483 1942.0 0.9211065068056793 414.0 0.19636359104920248 294.0 0.13944660813639018 1234.0 0.5852963076200866
3.2174348697394786 2026.0 0.9461648672341892 416.0 0.19427669534522343 322.0 0.15037763437779314 1288.0 0.6015105375111726
3.2421843687374747 1774.0 0.8158297510727894 460.0 0.21154548223984393 358.0 0.1646375709605742 956.0 0.43964669787237126
3.2669338677354705 1590.0 0.720132808736318 472.0 0.2137752740399636 444.0 0.20109368998674543 674.0 0.30526384470960904
3.2916833667334666 1480.0 0.660232607127679 474.0 0.2114528755260269 490.0 0.21859052533281262 516.0 0.2301892062688394
3.316432865731463 1222.0 0.5370017680498438 516.0 0.22675361073135794 514.0 0.2258747207672829 192.0 0.08437343655120297
3.3411823647294585 1260.0 0.5454978555176024 554.0 0.23984588250535852 598.0 0.25889501396787795 108.0 0.04675695904436592
3.3659318637274547 1194.0 0.5093224704778816 516.0 0.22010920834722522 636.0 0.27129739633495203 42.0 0.01791586579570438
3.3906813627254504 1300.0 0.5464433925072857 624.0 0.2622928284034971 664.0 0.27910647124987514 12.0 0.005044092853913406
3.4154308617234466 1292.0 0.5352100684451973 536.0 0.22203761353454007 754.0 0.3123439563526926 2.0 0.0008284985579647018
3.4401803607214427 1458.0 0.595285305541673 624.0 0.25477231183676535 828.0 0.33806325993724634 6.0 0.002449733767661206
3.4649298597194385 1504.0 0.6052943680532731 568.0 0.2285952134669276 936.0 0.3766991545863455 0.0 0.0
3.4896793587174346 1720.0 0.6824063144815447 706.0 0.2801039872232387 1014.0 0.402302327258306 0.0 0.0
3.5144288577154303 1784.0 0.697829354897133 656.0 0.2566009287065691 1124.0 0.43966378638137754 4.0 0.0015646398091863968
3.5391783567134265 1878.0 0.7243244557024617 694.0 0.267668355834669 1184.0 0.45665609986779265 0.0 0.0
3.5639278557114227 1948.0 0.7408878361972959 700.0 0.2662327953481043 1246.0 0.4738943757196256 2.0 0.0007606651295660122
3.5886773547094184 2038.0 0.764426658157986 656.0 0.24605686346989147 1380.0 0.5176196213238571 2.0 0.000750173364237474
3.6134268537074146 2262.0 0.8368237089811972 710.0 0.26266349839816533 1546.0 0.5719405190472727 6.0 0.002219691535759144
3.6381763527054103 2270.0 0.8283578520499734 758.0 0.2766058378210924 1500.0 0.5473730299889692 12.0 0.0043789842399117535
3.6629258517034065 2428.0 0.8740414926989596 754.0 0.27142804180190094 1656.0 0.5961337363712838 18.0 0.006479714525774823
3.6876753507014026 2446.0 0.8687023092696334 730.0 0.2592611143772823 1704.0 0.6051793683546425 12.0 0.00426182653770875
3.7124248496993983 2602.0 0.911784823964872 726.0 0.254402683396809 1848.0 0.647570466828241 28.0 0.009811673739821836
3.7371743486973945 2934.0 1.0145059151947153 840.0 0.29045159126229064 2070.0 0.7157557070392163 24.0 0.008298616893208306
3.7619238476953902 2780.0 0.9486085292096309 764.0 0.2606967324878266 1994.0 0.6804048227496416 22.0 0.007506973972162547
3.7866733466933864 2998.0 1.0096235140834837 818.0 0.27547432772524677 2134.0 0.7186579649947146 46.0 0.015491221363522434
3.8114228456913826 2988.0 0.993187784253743 800.0 0.2659137307238937 2130.0 0.707995308052367 58.0 0.019278745477482293
3.8361723446893783 3084.0 1.0118705530098118 848.0 0.27823159174848267 2178.0 0.7146089703162679 58.0 0.01902999094506131
3.8609218436873745 3308.0 1.0714509375252153 930.0 0.3012241148423368 2328.0 0.7540319777988819 50.0 0.0161948448839966
3.88567134268537 3388.0 1.0833837370521966 914.0 0.2922705831362773 2408.0 0.7700082759213959 66.0 0.02110487799452331
3.9104208416833663 3600.0 1.1366035216350594 924.0 0.29172823721966523 2566.0 0.8101457323654339 110.0 0.034729552049960144
3.9351703406813625 3504.0 1.092378630043891 904.0 0.2818237104907755 2504.0 0.7806267379080772 96.0 0.029928181645038108
3.9599198396793582 3680.0 1.132906563919858 976.0 0.3004665234743971 2582.0 0.7948817250111612 122.0 0.03755831543429964
3.9846693386773544 3616.0 1.0993754008648058 928.0 0.2821405896024723 2554.0 0.7764946830223213 134.0 0.040740128240012156
4.009418837675351 3940.0 1.1830929125349636 1042.0 0.312889039304932 2776.0 0.8335700317759034 122.0 0.03663384145412832
4.034168336673346 4004.0 1.1875585735469785 1016.0 0.30133853914179076 2836.0 0.8411378907540538 152.0 0.04508214365113405
4.058917835671342 4172.0 1.2222963184831188 1004.0 0.2941480114470401 2972.0 0.8707249900603619 196.0 0.057423316975716995
4.083667334669339 4542.0 1.3145680103668562 1036.0 0.2998442225319381 3332.0 0.9643638508459631 174.0 0.05035993698895486
4.108416833667334 4550.0 1.3010175376766677 1084.0 0.30995670567945227 3264.0 0.9333013720827789 202.0 0.057759459914436685
4.13316633266533 4758.0 1.3441994961725985 1086.0 0.30680972106839893 3422.0 0.9667613862762994 250.0 0.0706283888279003
4.157915831663327 4902.0 1.3683949601070282 1144.0 0.3193479874260384 3518.0 0.9820508914027999 240.0 0.06699608127818987
4.182665330661322 4972.0 1.3715104046523194 1138.0 0.3139136847333748 3558.0 0.9814629967322913 276.0 0.07613372318665329
4.207414829659318 4964.0 1.353194362499951 1230.0 0.3352999729804471 3454.0 0.9415659403857434 280.0 0.07632844913376031
4.232164328657314 5096.0 1.372930267271795 1216.0 0.3276065943882462 3522.0 0.9488737051277986 358.0 0.09644996775575011
4.2569138276553105 4938.0 1.314893801602665 1268.0 0.337643851849368 3348.0 0.8915075835896562 322.0 0.08574236616364077
4.281663326653306 4678.0 1.2312602931568444 1334.0 0.351111849309797 2978.0 0.7838164072298166 366.0 0.09633203661723067
4.306412825651302 4722.0 1.2285558209598375 1340.0 0.34863718765061036 3014.0 0.7841734952081639 368.0 0.09574513810106315
4.3311623246492985 4528.0 1.1646178408734176 1382.0 0.3554553569096871 2738.0 0.7042234205634755 408.0 0.10493906340025495
4.355911823647294 4306.0 1.0949333416727824 1486.0 0.3778613436427671 2350.0 0.5975599983583463 470.0 0.11951199967166926
4.38066132264529 4010.0 1.0081446811576018 1456.0 0.36604954009113916 2152.0 0.5410292652995409 402.0 0.10106587576692166
4.405410821643287 3876.0 0.9635072272921731 1654.0 0.41115607686822864 1782.0 0.44297468499346043 440.0 0.10937646543048404
4.430160320641282 3764.0 0.9252116864501813 1646.0 0.40459575873990394 1622.0 0.39869642811429173 496.0 0.12191949959598562
4.454909819639278 3604.0 0.876039775048651 1632.0 0.3966972566258043 1454.0 0.3534300313320584 518.0 0.12591248709078837
4.479659318637274 3662.0 0.8803024051068127 1736.0 0.4173143023663099 1372.0 0.3298129163862772 554.0 0.13317518635422562
4.50440881763527 3668.0 0.8720553311005274 1764.0 0.4193853882391849 1372.0 0.3261886352971438 532.0 0.12648130756419865
4.529158316633266 3836.0 0.9020297182942689 1906.0 0.44819307692097926 1324.0 0.3113366389524536 606.0 0.14250000242083602
4.553907815631262 3938.0 0.9159495878655499 2004.0 0.4661155343023265 1302.0 0.30283554174731997 632.0 0.14699851181590337
4.578657314629258 3554.0 0.8176975397151249 1822.0 0.41920228400702236 1166.0 0.2682710555171175 566.0 0.130224200190985
4.603406813627254 3832.0 0.8721791342021968 2140.0 0.4870728985367175 1058.0 0.240805199370022 634.0 0.1443010362954574
4.62815631262525 4044.0 0.910587125954763 2208.0 0.4971751666934017 1226.0 0.27605831266581093 610.0 0.1373536465955503
4.6529058116232465 4334.0 0.9655047287813051 2350.0 0.5235200998237348 1286.0 0.28648802058439277 698.0 0.15549660837317741
4.677655310621242 4388.0 0.9671903684154725 2412.0 0.5316461186458796 1306.0 0.2878647723679597 670.0 0.1476794774016332
4.702404809619238 4232.0 0.9229863840924822 2426.0 0.5291032532628455 1200.0 0.26171636599975867 606.0 0.13216676482987813
4.727154308617234 4552.0 0.9823819354845504 2626.0 0.5667256068942068 1298.0 0.2801256046263063 628.0 0.13553072396403726
4.75190380761523 4594.0 0.9811186225949751 2768.0 0.5911485301138205 1192.0 0.25456974273687644 634.0 0.13540034974427823
4.776653306613226 4778.0 1.0098404734708226 2834.0 0.5989719342436818 1332.0 0.28152103613711504 612.0 0.12934750309002582
4.801402805611222 4992.0 1.0441929174122235 2990.0 0.6254280494916964 1328.0 0.277782090209021 674.0 0.14098277771150614
4.826152304609218 5174.0 1.0711624209646495 3140.0 0.6500676462754156 1384.0 0.28652663135196665 650.0 0.13456814333726758
4.850901803607214 5300.0 1.0860516280983 3194.0 0.6544997924803716 1358.0 0.2782751152749983 748.0 0.15327672034292988
4.87565130260521 5256.0 1.0661010757856018 3268.0 0.6628649763446245 1332.0 0.270176300027858 656.0 0.13305979941311924
4.900400801603206 5664.0 1.13725325542393 3530.0 0.7087754222539677 1376.0 0.27628186431202817 758.0 0.15219596885793413
4.925150300601202 5626.0 1.1182704756230937 3504.0 0.696484135546271 1414.0 0.28105838118219956 708.0 0.14072795889462325
4.949899799599198 5996.0 1.1798967002636611 3774.0 0.7426501245488755 1444.0 0.2841512400234701 778.0 0.15309533569131561
4.9746492985971935 6052.0 1.1790665996139233 3814.0 0.7430535378267521 1440.0 0.28054459739657134 798.0 0.15546846439059994
4.99939879759519 6076.0 1.172022217906593 3788.0 0.730681395890417 1480.0 0.285482699555918 808.0 0.15585812246025793
5.024148296593186 6378.0 1.2181552716461455 3896.0 0.7441098993937572 1600.0 0.305589281065198 882.0 0.1684560911871904
5.048897795591182 6272.0 1.186165860798723 3962.0 0.7492967379599077 1504.0 0.2844377319262244 806.0 0.152431390912591
5.073647294589178 6424.0 1.20305951957938 3958.0 0.7412374810858011 1586.0 0.2970193645785954 880.0 0.16480267391498357
5.098396793587174 6640.0 1.2314382571338411 3978.0 0.7377502088672319 1748.0 0.32417983034186054 914.0 0.1695082179247486
5.12314629258517 6602.0 1.2125610985176647 4104.0 0.7537641242527258 1630.0 0.29937512732259824 868.0 0.15942184694234063
5.147895791583166 6418.0 1.167432399080435 3888.0 0.7072261090097742 1610.0 0.2928585482267841 920.0 0.1673477418438766
5.172645290581162 6524.0 1.175357743786546 3880.0 0.699017174416278 1790.0 0.32248472737245815 854.0 0.15385584199780963
5.197394789579158 6540.0 1.1670190379740761 3870.0 0.6905754857736506 1804.0 0.3219116734717482 866.0 0.15453187872867735
5.222144288577153 6390.0 1.1294445465759892 3762.0 0.6649405922095262 1782.0 0.31497185946767026 846.0 0.14953209489879293
5.24689378757515 6406.0 1.1215908395758942 3634.0 0.6362568078393381 1858.0 0.32530686542803805 914.0 0.16002716630851815
5.271643286573146 6234.0 1.0812277898528555 3414.0 0.592125709746174 1916.0 0.3323119097462417 904.0 0.15679017036043974
5.2963927855711415 6232.0 1.0707792920785542 3286.0 0.5645989656242184 2058.0 0.35360458650476 888.0 0.15257573994957577
5.321142284569138 6316.0 1.0751172088998318 3372.0 0.5739859449667879 1950.0 0.3319313738686941 994.0 0.16919989006434968
5.345891783567134 6066.0 1.0230012148061125 3036.0 0.5120065427219516 2166.0 0.36528530024234096 864.0 0.1457093718418202
5.3706412825651295 6106.0 1.0202563306156973 3114.0 0.5203207031669311 2124.0 0.35490082643756 868.0 0.14503480101120625
5.395390781563126 5980.0 0.9900359573454338 2832.0 0.4688598379936904 2280.0 0.3774719034694965 868.0 0.1437042158822469
5.420140280561122 6086.0 0.9983834636283394 2798.0 0.4590004816352438 2434.0 0.39928776708369673 854.0 0.14009521490939894
5.444889779559118 5738.0 0.9327383113143893 2428.0 0.394682575787964 2404.0 0.39078126531889024 906.0 0.14727447020753517
5.469639278557113 5772.0 0.9297741385342924 2480.0 0.3994871558497999 2466.0 0.39723198642161556 826.0 0.13305499626287692
5.49438877755511 5798.0 0.9255482926275446 2444.0 0.3901414327667677 2462.0 0.3930148148411547 892.0 0.14239204501962227
5.519138276553106 6032.0 0.9542664230364122 2412.0 0.38158000868100567 2686.0 0.4249269914250337 934.0 0.14775942293037286
5.543887775551101 5954.0 0.9335167666794835 2402.0 0.3766051853483573 2636.0 0.41329361722659025 916.0 0.14361796410453592
5.568637274549098 5954.0 0.925218894744665 2292.0 0.35616421006966276 2788.0 0.4332398855472164 874.0 0.13581479912778588
5.593386773547094 5744.0 0.8846871084740338 2158.0 0.3323737430513518 2736.0 0.4213969235349854 850.0 0.13091644188769652
5.618136272545089 6050.0 0.9236072392440107 2320.0 0.35417666033819917 2872.0 0.4384462795221155 858.0 0.13098429938369607
5.642885771543086 6132.0 0.9279139774739721 2188.0 0.33109520266031495 3086.0 0.46698345311230893 858.0 0.12983532170134837
5.667635270541082 6458.0 0.9687105074216588 2296.0 0.34440373568289384 3280.0 0.49200533668984836 882.0 0.13230143504891653
5.6923847695390775 6390.0 0.9501755765161404 2312.0 0.343788095916325 3320.0 0.4936749474230965 758.0 0.112712533176719
5.717134268537073 6338.0 0.9342836870868123 2304.0 0.33963231540675537 3250.0 0.47908204213192496 784.0 0.11556932954813204
5.74188376753507 6362.0 0.9297369056828116 2206.0 0.3223828377768442 3332.0 0.48693545578986613 824.0 0.12041861211610136
5.7666332665330655 6346.0 0.9194382255997786 2284.0 0.3309166257910328 3366.0 0.48768185744860615 696.0 0.10083974236013961
5.791382765531061 6410.0 0.9207731945807213 2350.0 0.33756895589152813 3276.0 0.4705854891492111 784.0 0.11261874953998215
5.816132264529058 6498.0 0.9254701732134082 2334.0 0.33241726443214753 3460.0 0.49278651882400615 704.0 0.10026638995725444
5.840881763527054 6876.0 0.971007231476122 2466.0 0.34824081338279766 3656.0 0.5162888944555994 754.0 0.10647752363772484
5.865631262525049 6796.0 0.9516111121883049 2460.0 0.34446193878505443 3634.0 0.5088514981889788 702.0 0.09829767521427163
5.890380761523046 7026.0 0.9755495831343924 2562.0 0.35572986507120885 3812.0 0.5292904940091523 652.0 0.0905292240540313
5.915130260521042 6824.0 0.9395733433801293 2490.0 0.34283962851942 3674.0 0.5058605603133931 660.0 0.09087315454731615
5.939879759519037 6868.0 0.9377513365298433 2416.0 0.32987874622249586 3798.0 0.5185759429441387 654.0 0.08929664736320873
5.964629258517033 7116.0 0.9635499296646106 2586.0 0.35016021895906163 3894.0 0.5272714201958957 636.0 0.08611829050965322
5.98937875751503 6962.0 0.9349065446497007 2606.0 0.34995209068617067 3726.0 0.5003536031836807 630.0 0.08460085077984938
6.014128256513025 6912.0 0.9205527928113945 2460.0 0.3276272960526664 3824.0 0.5092873089859334 628.0 0.08363818777279451
6.038877755511021 7400.0 0.9774673281202099 2770.0 0.3658897971477002 3976.0 0.5251905535953992 654.0 0.08638697737711044
6.063627254509018 7516.0 0.9846854276889956 2760.0 0.3615928393323082 4172.0 0.546581639744344 584.0 0.07651094861234346
6.0883767535070135 7456.0 0.9688830933731671 2672.0 0.3472177609298689 4186.0 0.5439571658878859 598.0 0.07770816655541227
6.113126252505009 7438.0 0.958717826880215 2770.0 0.3570379645681898 4096.0 0.5279521671015542 572.0 0.07372769521047096
6.137875751503006 7612.0 0.9732330619049703 2748.0 0.3513458294948579 4242.0 0.5423613568839837 622.0 0.07952587552612869
6.1626252505010015 7682.0 0.9742939424315211 2760.0 0.3500457278197083 4334.0 0.5496732552067447 588.0 0.07457495940506828
6.187374749498997 7958.0 1.0012241703278977 2956.0 0.3719048313004858 4408.0 0.554586094848627 594.0 0.07473324417878503
6.212124248496993 7960.0 0.9934959529703071 2912.0 0.3634497757599917 4432.0 0.5531625707995479 616.0 0.07688360641076748
6.23687374749499 8068.0 0.9989837190033157 3026.0 0.37468080487159555 4500.0 0.5571922081699208 542.0 0.06711070596179934
6.261623246492985 7962.0 0.9780654379555719 3016.0 0.37049049998417544 4394.0 0.539766331873497 552.0 0.06780860609789949
6.286372745490981 8118.0 0.9893765856081637 2906.0 0.3541670802879186 4664.0 0.568422320186804 548.0 0.06678718513344097
6.311122244488978 8194.0 0.9908066191754002 3046.0 0.3683179109114314 4530.0 0.5477610428196928 618.0 0.07472766544427598
6.335871743486973 8216.0 0.9857054073732899 3042.0 0.36496054640087 4552.0 0.5461211069088626 622.0 0.07462375406355724
6.360621242484969 8440.0 1.0046996001196815 3184.0 0.3790241145475196 4656.0 0.5542513433835589 600.0 0.07142414218860295
6.385370741482966 8440.0 0.9969112702799797 3138.0 0.37065255522968915 4674.0 0.5520809570247186 628.0 0.07417775802557196
6.410120240480961 8576.0 1.0051530797240813 3158.0 0.37013449460921743 4736.0 0.5550845365640449 682.0 0.07993404855081895
6.434869739478957 8712.0 1.0132384845796962 3224.0 0.37496336940828057 4876.0 0.5670972050976353 612.0 0.07117791007378031
6.459619238476954 8636.0 0.9967028884047361 3216.0 0.37116680049903095 4794.0 0.5532878238782196 626.0 0.0722482640274855
6.4843687374749495 8892.0 1.0184145845033028 3402.0 0.3896363491318305 4820.0 0.5520420937141161 670.0 0.07673614165735639
6.509118236472945 8938.0 1.0158984118074135 3442.0 0.3912197732648374 4822.0 0.5480713964796764 674.0 0.0766072420628996
6.533867735470941 8882.0 1.0018854746758477 3398.0 0.3832928217685803 4776.0 0.5387305817441846 708.0 0.07986207116308265
6.5586172344689375 8908.0 0.9972347646751052 3484.0 0.3900276066600883 4636.0 0.5189919588048706 788.0 0.08821519921014627
6.583366733466933 9100.0 1.0110692443732598 3606.0 0.4006500763967006 4682.0 0.5202006815555608 812.0 0.09021848642099858
6.608116232464929 9218.0 1.0165080897074654 3640.0 0.40139829101054175 4818.0 0.5313013643101072 760.0 0.08380843438681641
6.632865731462926 8900.0 0.9741167248458755 3744.0 0.4097857323396582 4356.0 0.47676993858748695 800.0 0.08756105391873038
6.657615230460921 9410.0 1.0222794087294733 3912.0 0.42499012188625923 4582.0 0.49777728488825146 916.0 0.09951200195496253
6.682364729458917 9040.0 0.9748088534431564 3786.0 0.40825512379820683 4426.0 0.4772681399711737 828.0 0.08928558967377583
6.707114228456914 9488.0 1.0155673130751606 4052.0 0.43371403378800066 4442.0 0.47545847435496025 994.0 0.10639480493219956
6.731863727454909 9298.0 0.9879124413285467 4074.0 0.4328624742925897 4310.0 0.45793747280340247 914.0 0.09711249423255448
6.756613226452905 9514.0 1.0034568875681322 4234.0 0.44656679230223584 4398.0 0.4638641361703432 882.0 0.09302595909555314
6.781362725450901 9556.0 1.0005298907367106 4332.0 0.45356796637415564 4278.0 0.4479140720564722 946.0 0.09904785230608291
6.806112224448897 9328.0 0.9695549574375156 4126.0 0.42885760660240024 4150.0 0.43135217338826004 1052.0 0.10934517744685533
6.830861723446893 9386.0 0.9685140792762252 4330.0 0.446800123936294 4032.0 0.41605036944829965 1024.0 0.10566358589163165
6.855611222444889 9598.0 0.9832389462473339 4450.0 0.45586719220677596 4046.0 0.4144805976783406 1102.0 0.11289115636221733
6.8803607214428855 9524.0 0.9686391397902748 4524.0 0.46011376190793823 3892.0 0.3958361541436109 1108.0 0.11268922373872581
6.905110220440881 9466.0 0.9558389112999032 4560.0 0.46045060590825676 3804.0 0.38411274229715103 1102.0 0.11127556309449538
6.929859719438877 9840.0 0.9865067983549469 4834.0 0.48463149016746077 3836.0 0.3845772437489407 1170.0 0.11729806443854553
6.9546092184368735 9682.0 0.9637579174899013 4828.0 0.48058492311931866 3706.0 0.36889969450708265 1148.0 0.11427329986349995
6.979358717434869 9760.0 0.9646319323463233 4938.0 0.48804841003341637 3632.0 0.3589695879387137 1190.0 0.1176139343741931
7.004108216432865 9858.0 0.9674321764632073 4994.0 0.4900949776077559 3634.0 0.35662898450672503 1230.0 0.12070821434872642
7.028857715430861 9990.0 0.9734821289973443 5216.0 0.5082765550400549 3614.0 0.3521686100296699 1160.0 0.11303696392761955
7.053607214428857 9902.0 0.9581356623613543 5146.0 0.4979363884580417 3520.0 0.3406016493144786 1236.0 0.11959762458883397
7.078356713426853 9984.0 0.9593144250353676 5250.0 0.5044471886454006 3526.0 0.33879634041212997 1208.0 0.11607089597783694
7.103106212424849 10228.0 0.9759107402439299 5426.0 0.5177250368169303 3468.0 0.3309012951863462 1334.0 0.12728440824065335
7.127855711422845 10248.0 0.9710286695108575 5324.0 0.5044649333016985 3592.0 0.34035274989100317 1332.0 0.12621098631815597
7.152605210420841 10176.0 0.9575337717329678 5354.0 0.503796758437334 3534.0 0.3325397355841498 1288.0 0.12119727771148413
7.177354709418837 10630.0 0.9933556546503682 5730.0 0.5354588806346763 3546.0 0.3313677470733966 1354.0 0.12652902694229526
7.202104208416833 10684.0 0.9915400226192743 5668.0 0.5260247892368071 3576.0 0.33187449652625656 1440.0 0.1336407368562107
7.226853707414829 10882.0 1.0029984207712925 5898.0 0.5436210885599232 3594.0 0.3312604598651007 1390.0 0.12811687234626878
7.251603206412825 10762.0 0.9851670900856816 5798.0 0.5307562523988832 3584.0 0.3280838924797512 1380.0 0.12632694520704707
7.276352705410821 10882.0 0.9893755235627741 5866.0 0.5333281401598267 3684.0 0.33494389163805 1332.0 0.12110349176489756
7.301102204408817 11090.0 1.0014507643904325 5932.0 0.5356723114845848 3676.0 0.33195067717756804 1482.0 0.1338277757282796
7.325851703406813 11218.0 1.0061648064364621 6098.0 0.5469417890577238 3770.0 0.3381388233433288 1350.0 0.1210841940354095
7.350601202404809 11170.0 0.9951130869990839 5984.0 0.5331026600360356 3734.0 0.3326546344543043 1452.0 0.1293557925087439
7.375350701402805 11332.0 1.002769898245804 6018.0 0.5325334669646353 3926.0 0.3474121620643334 1388.0 0.12282426921683515
7.400100200400801 11814.0 1.0384293660556576 6220.0 0.5467268204559159 4166.0 0.3661839122217597 1428.0 0.12551863337798197
7.424849699398797 11528.0 1.0065352353347936 6020.0 0.5256195451696267 4020.0 0.3509951115584551 1488.0 0.12992057860671175
7.449599198396793 11818.0 1.0249996189444117 6176.0 0.5356572725165584 4114.0 0.3568157414399483 1528.0 0.13252660498790494
7.474348697394789 11826.0 1.0189008284000776 5920.0 0.5100535180220243 4290.0 0.3696164851882574 1616.0 0.13923082518979582
7.499098196392785 11992.0 1.0263832077792943 6010.0 0.5143898497959939 4472.0 0.3827539780844733 1510.0 0.12923937989882708
7.5238476953907805 11940.0 1.0152093637982582 6002.0 0.5103255110148363 4402.0 0.37428405522947505 1536.0 0.1305997975539468
7.548597194388777 12092.0 1.0213914686164554 5888.0 0.49734973265081783 4568.0 0.3858514909560013 1636.0 0.1381902450096362
7.573346693386773 12200.0 1.0237786901226096 6164.0 0.5172599873701448 4592.0 0.38534358565926424 1444.0 0.12117511709320068
7.5980961923847685 12066.0 1.0059376190911509 6028.0 0.5025519615350121 4540.0 0.37849799359139935 1498.0 0.12488766396473926
7.622845691382765 12370.0 1.0245853655189678 5878.0 0.48686441216818854 4864.0 0.40287657379824243 1628.0 0.13484437955253675
7.647595190380761 12016.0 0.9888223507982686 5652.0 0.46511517366110305 4752.0 0.3910522479188892 1612.0 0.13265492921827637
7.672344689378757 12366.0 1.011059302546123 5762.0 0.47110817574565417 5002.0 0.4089696451023538 1602.0 0.13098148169811488
7.697094188376753 12558.0 1.0201545386354343 5736.0 0.465966430451732 5264.0 0.427623307164909 1558.0 0.12656480101879333
7.721843687374749 12328.0 0.9950507296451322 5726.0 0.4621723294896193 5020.0 0.4051877565556914 1582.0 0.12769064359982146
7.746593186372745 12354.0 0.9907777723026128 5820.0 0.4667578626194921 4952.0 0.39714517795390464 1582.0 0.1268747317292159
7.77134268537074 12120.0 0.9658200857995789 5356.0 0.4268096022724872 5134.0 0.4091188383246731 1630.0 0.12989164520241864
7.796092184368737 12486.0 0.9886685901187742 5650.0 0.4473792675133008 5282.0 0.41824022849650533 1554.0 0.12304909410896805
7.820841683366733 12396.0 0.97532992313876 5660.0 0.44533457284328665 5282.0 0.41559314730710956 1454.0 0.11440220298836373
7.845591182364728 12830.0 1.0031085638566768 5680.0 0.44408859257255845 5586.0 0.4367392391039281 1564.0 0.1222807321801904
7.870340681362725 12444.0 0.9668102718765686 5590.0 0.43430323206284305 5380.0 0.4179877260282818 1474.0 0.11451931378544378
7.895090180360721 12508.0 0.9656899556113472 5454.0 0.4210803500083376 5618.0 0.43374209870679153 1436.0 0.11086750689621798
7.9198396793587165 13050.0 1.0012384146881994 5762.0 0.4420793674661613 5790.0 0.44422761847085623 1498.0 0.11493142875118181
7.944589178356713 12680.0 0.966789456019178 5374.0 0.40974184042957906 5738.0 0.43749510241624945 1568.0 0.11955251317334946
7.969338677354709 12730.0 0.9645731546277535 5410.0 0.4099246478033108 5834.0 0.44205182907292334 1486.0 0.11259667775151938
7.9940881763527045 12836.0 0.9665826475748126 5352.0 0.40301887892025534 6046.0 0.4552788008131285 1438.0 0.10828496784142884
8.018837675350701 12854.0 0.9619631847706368 5270.0 0.3943944284846162 6128.0 0.4586051342986201 1456.0 0.10896362198740059
8.043587174348696 13344.0 0.992488216180998 5424.0 0.4034214691670963 6506.0 0.48389750707985413 1414.0 0.10516923993404761
8.068336673346693 13452.0 0.994382798556835 5292.0 0.39118895108257296 6632.0 0.4902428427021209 1528.0 0.11295100477214123
8.09308617234469 13212.0 0.9706684773597213 5360.0 0.39379223725765256 6378.0 0.4685833748562142 1474.0 0.10829286524585446
8.117835671342684 13590.0 0.9923516186271141 5362.0 0.39153711398665086 6816.0 0.4977092444858285 1412.0 0.10310526015463466
8.14258517034068 13742.0 0.9973507826165011 5376.0 0.3901730321165995 6898.0 0.5006349656883005 1468.0 0.1065427848116012
8.167334669338677 13562.0 0.9783215962558645 5454.0 0.39343503804597285 6662.0 0.4805764986179448 1446.0 0.1043100595919466
8.192084168336672 14036.0 1.006396626514539 5588.0 0.40066574159042784 7064.0 0.5064965638143847 1384.0 0.09923432110972658
8.216833667334669 14048.0 1.0011892446164883 5434.0 0.38727664829484604 7126.0 0.5078640772449527 1488.0 0.10604851907668954
8.241583166332665 13932.0 0.9869585437116534 5368.0 0.38027515522854977 7066.0 0.5005633842855686 1498.0 0.10612000419753494
8.26633266533066 13978.0 0.9842878086763336 5370.0 0.37813889916954585 7198.0 0.5068610421270747 1410.0 0.09928786737971315
8.291082164328657 14242.0 0.9968905646875068 5396.0 0.37770126997990355 7414.0 0.5189542653133812 1432.0 0.10023502939422199
8.315831663326653 14646.0 1.0190669830416375 5708.0 0.3971619786427466 7484.0 0.5207358528665584 1454.0 0.10116915153233244
8.340581162324648 14810.0 1.0243625051049607 5784.0 0.4000616292725923 7640.0 0.5284354854153882 1386.0 0.09586539041698013
8.365330661322645 14366.0 0.9877727973603946 5518.0 0.37940486536507434 7382.0 0.5075691765358786 1466.0 0.10079875545944163
8.39008016032064 14332.0 0.979621277207183 5562.0 0.380173984358523 7342.0 0.5018405956778633 1428.0 0.09760669717079662
8.414829659318636 14724.0 1.00049519979159 5884.0 0.3998175601449142 7478.0 0.5081297951671768 1362.0 0.09254784447949917
8.439579158316633 14674.0 0.9912496382806482 5706.0 0.3854484418719762 7540.0 0.509337758800333 1428.0 0.09646343760833895
8.464328657314628 15010.0 1.0080174205270838 6000.0 0.4029383426490674 7554.0 0.507299373395176 1456.0 0.09777970448284036
8.489078156312624 15128.0 1.0100180321051222 6036.0 0.40299238774368834 7766.0 0.5184955074912995 1326.0 0.08853013687013432
8.513827655310621 15076.0 1.0006942654126216 5874.0 0.3898963992460693 7732.0 0.5132242013909785 1470.0 0.09757366477557403
8.538577154308616 15360.0 1.013634841399356 6102.0 0.402682278790291 7814.0 0.515660328821261 1444.0 0.09529223378780403
8.563326653306612 15298.0 1.0037078522181067 6212.0 0.4075717857222434 7742.0 0.5079556930234398 1344.0 0.08818037347242355
8.588076152304609 15508.0 1.0116215790274088 6222.0 0.405874997724306 7848.0 0.5119426200804168 1438.0 0.09380396122268594
8.612825651302604 15260.0 0.98972305684784 6082.0 0.39446236118928985 7766.0 0.5036821270956964 1412.0 0.09157856856285387
8.6375751503006 15748.0 1.0155203134569974 6380.0 0.41141856742796823 7886.0 0.508533984755009 1482.0 0.09556776127402021
8.662324649298597 15530.0 0.9957398107576441 6404.0 0.410606422929295 7682.0 0.4925481794101881 1444.0 0.09258520841816084
8.687074148296592 16558.0 1.055602987870003 6896.0 0.4396326974484564 8048.0 0.5130748185999388 1614.0 0.10289547182160798
8.711823647294588 16130.0 1.0224745042038992 6718.0 0.42585143950662085 7912.0 0.5015386408717452 1500.0 0.09508442382553309
8.736573146292585 16060.0 1.012269330241763 6698.0 0.4221780805703193 7820.0 0.49289826665570274 1542.0 0.09719298301574088
8.76132264529058 16256.0 1.0188344853686173 6708.0 0.42041964369172513 7978.0 0.5000160878611484 1570.0 0.09839875381574367
8.786072144288577 16308.0 1.016335294112979 6858.0 0.42739927931241173 7744.0 0.48261592577942786 1706.0 0.10632008902113946
8.810821643286573 16718.0 1.0360337329890896 7070.0 0.4381360504984366 8008.0 0.49626499185169454 1640.0 0.10163269063895843
8.835571142284568 16486.0 1.015932875135265 7016.0 0.432353818509585 7726.0 0.4761068417624079 1744.0 0.10747221486327199
8.860320641282565 16474.0 1.009521930772054 6984.0 0.42797748965108806 7768.0 0.4760207817310499 1722.0 0.10552365938991605
8.88507014028056 16950.0 1.0329045076095265 7348.0 0.4477747682545604 7892.0 0.4809252138085181 1710.0 0.1042045255464478
8.909819639278556 17094.0 1.0358925314454064 7224.0 0.4377727651317197 8048.0 0.48770697865172763 1822.0 0.11041278766195921
8.934569138276553 16840.0 1.0148464627706228 7292.0 0.4394453923113647 7670.0 0.4622252000861447 1878.0 0.1131758703731134
8.959318637274547 16900.0 1.0128354560620327 7426.0 0.44504828974654764 7722.0 0.46278789300065193 1752.0 0.1049992733148332
8.984068136272544 17190.0 1.0245393688548396 7446.0 0.4437882571549236 7844.0 0.4675094129899571 1900.0 0.11324169870995901
9.00881763527054 17200.0 1.0195027800390257 7646.0 0.4532045497778134 7668.0 0.45450856496158426 1886.0 0.11178966529962805
9.033567134268536 17342.0 1.0222871832538076 7662.0 0.4516644215252378 7834.0 0.4618035862997537 1846.0 0.1088191754288161
9.058316633266532 17140.0 1.004858373504712 7698.0 0.45130687043402995 7538.0 0.44192662890773166 1904.0 0.11162487416295051
9.083066132264529 17468.0 1.0185070221635124 7948.0 0.4634241935055871 7610.0 0.44371642080743806 1910.0 0.11136640785048708
9.107815631262524 17682.0 1.025381560383573 8098.0 0.4696041101677511 7518.0 0.4359698320870774 2066.0 0.11980761812874459
9.13256513026052 17684.0 1.0199393020439589 8110.0 0.46775094659446437 7566.0 0.4363752974024312 2008.0 0.11581305804706342
9.157314629258517 17848.0 1.0238338367906206 8122.0 0.46591093805543593 7638.0 0.43814673046877856 2088.0 0.1197761682664061
9.182064128256512 17658.0 1.007474113422284 8100.0 0.4621440887258184 7548.0 0.4306498249015404 2010.0 0.1146801997949253
9.206813627254508 17740.0 1.006710941584001 8272.0 0.46942011887163787 7448.0 0.42265970084090415 2020.0 0.11463112187145896
9.231563126252505 17644.0 0.9958944357004056 8134.0 0.45911388233887435 7478.0 0.4220867484792356 2032.0 0.11469380488229564
9.2563126252505 17696.0 0.9934881918510688 8222.0 0.46159922657094754 7486.0 0.42027874119558667 1988.0 0.11161022408453462
9.281062124248496 18106.0 1.0110850424536202 8308.0 0.46393982838311476 7696.0 0.4297641934564818 2102.0 0.1173810206140235
9.305811623246493 17854.0 0.991709475566335 8364.0 0.46458261754435015 7388.0 0.4103702030628477 2102.0 0.11675665495913726
9.330561122244488 18186.0 1.0047917073340933 8604.0 0.4753781947598449 7372.0 0.40730916454783545 2210.0 0.12210434802641297
9.355310621242484 18248.0 1.002882788804133 8698.0 0.478029071515692 7412.0 0.40735243482114386 2138.0 0.11750128246729702
9.38006012024048 18516.0 1.0122416980685467 8592.0 0.469711636952093 7656.0 0.4185419334852449 2268.0 0.12398812763120892
9.404809619238476 18634.0 1.0133310520056986 9092.0 0.49442985536308953 7308.0 0.39741458237939487 2234.0 0.12148661426321403
9.429559118236472 18842.0 1.0192635626624833 9168.0 0.4959456715045986 7380.0 0.39922328269022006 2294.0 0.12409460846766461
9.454308617234467 18656.0 1.003918070498228 8890.0 0.47838934641558994 7420.0 0.39928559622088616 2346.0 0.12624312786175187
9.479058116232464 18940.0 1.0138785150475003 9256.0 0.49548360798731056 7526.0 0.40287485238899085 2158.0 0.1155200546711988
9.50380761523046 19232.0 1.0241475712941246 9380.0 0.49950625097435986 7572.0 0.40322615483772417 2280.0 0.12141516548204057
9.528557114228455 19338.0 1.0244427530562648 9416.0 0.49881854187495034 7412.0 0.39265537727029864 2510.0 0.13296883391101585
9.553306613226452 19560.0 1.0308344259506281 9596.0 0.5057202020154512 7578.0 0.39936928833608687 2386.0 0.1257449355990899
9.578056112224449 19228.0 1.0081007699354505 9352.0 0.4903140420447437 7514.0 0.3939499264247438 2362.0 0.12383680146596285
9.602805611222443 19218.0 1.0023828003607724 9280.0 0.48403124088604266 7512.0 0.3918149441310294 2426.0 0.1265366153437004
9.62755511022044 19560.0 1.0149756799536842 9440.0 0.4898451134336799 7674.0 0.39820671615360803 2446.0 0.1269238503663963
9.652304609218437 19412.0 1.0021302961949654 9466.0 0.4886753237060345 7494.0 0.3868722666229688 2452.0 0.12658270586596201
9.677054108216431 19746.0 1.014158630074782 9456.0 0.4856621090847331 7962.0 0.4089299611392391 2328.0 0.11956655985080993
9.701803607214428 19622.0 1.0026481901647313 9456.0 0.4831842465700591 7778.0 0.39744152599639593 2388.0 0.12202241759827634
9.726553106212425 19816.0 1.0074082619101776 9610.0 0.4885543700523218 7814.0 0.3972490996450408 2392.0 0.12160479221281514
9.75130260521042 19964.0 1.0097803746978047 9400.0 0.4754525907713566 8138.0 0.4116205514571596 2426.0 0.12270723246928841
9.776052104208416 19694.0 0.9910801039354019 9318.0 0.46891867616888777 7944.0 0.3997735526385109 2432.0 0.12238787512800334
9.800801603206413 19978.0 1.0002944829960605 9528.0 0.477065063268919 7918.0 0.39645268377028764 2532.0 0.1267767359568538
9.825551102204408 20012.0 0.9969490238261043 9430.0 0.46977959697582267 8224.0 0.4096996188259985 2358.0 0.11746980802428313
9.850300601202404 20232.0 1.0028440290753826 9572.0 0.4744574459425445 8208.0 0.4068477555679488 2452.0 0.12153882756488918
9.8750501002004 20266.0 0.9994940905220474 9490.0 0.46803507939673483 8262.0 0.40747163603538705 2514.0 0.12398737508992534
9.899799599198396 20468.0 1.004409209178695 9588.0 0.4705039817082923 8384.0 0.41142108705072206 2496.0 0.1224841404196806
9.924549098196392 20596.0 1.0056496075140258 9430.0 0.46044260044946894 8710.0 0.4252868557704003 2456.0 0.1199201512941565
9.949298597194387 20538.0 0.9978284849139788 9432.0 0.45824901498240567 8514.0 0.4136484429135074 2592.0 0.12593102701806566
9.974048096192384 20614.0 0.9965505901471734 9528.0 0.4606157962026908 8578.0 0.4146895780674519 2508.0 0.1212452158770307
9.99879759519038 20788.0 0.9999872886727241 9410.0 0.4526592450649574 8972.0 0.4315896649014663 2406.0 0.1157383787063005
10.023547094188375 21194.0 1.014482894522899 9646.0 0.46172039259072784 9048.0 0.43309621730882286 2500.0 0.1196662846233485
10.048296593186372 20542.0 0.9784302233837644 9290.0 0.4424893766544236 8818.0 0.42000767743150785 2434.0 0.11593316929783284
10.073046092184368 21162.0 1.0030081523359844 9522.0 0.45131101155577186 9202.0 0.43614407985047393 2438.0 0.11555306092973869
10.097795591182363 21084.0 0.9944126381898655 9580.0 0.4518342379936876 9046.0 0.42664848819320444 2458.0 0.1159299120029733
10.12254509018036 21276.0 0.9985612635737219 9340.0 0.43836069758312474 9412.0 0.4417399235173844 2524.0 0.11846064247321272
10.147294589178356 21290.0 0.9943441091902553 9416.0 0.4397719179020876 9360.0 0.4371564519502485 2514.0 0.11741573933791931
10.172044088176351 21598.0 1.0038205238643452 9480.0 0.4406064712581716 9718.0 0.45166811051549705 2400.0 0.11154594209067635
10.196793587174348 21158.0 0.9785968009922061 9296.0 0.42995726732316614 9452.0 0.4371725570932193 2410.0 0.11146697657582083
10.221543086172344 21758.0 1.0014745695162814 9470.0 0.43588400465664057 9908.0 0.45604421522048516 2380.0 0.1095463496391557
10.24629258517034 22076.0 1.011202693397487 9778.0 0.447886389565167 9852.0 0.45127599815872627 2446.0 0.11204030567359363
10.271042084168336 21862.0 0.9965742955531971 9324.0 0.42503241843097656 9972.0 0.45457135098602514 2566.0 0.11697052613619538
10.295791583166332 21636.0 0.9815304531658818 9342.0 0.42380557836363786 10084.0 0.4574668649345883 2210.0 0.1002580098676557
10.320541082164327 21728.0 0.9809765013071512 9204.0 0.4155425127959784 10100.0 0.4559951520251393 2424.0 0.10943883648603343
10.345290581162324 21840.0 0.9813152286003958 9312.0 0.4184069326340149 10260.0 0.4610024837655705 2268.0 0.10190581220081034
10.37004008016032 22238.0 0.9944287376869019 9462.0 0.42311739886651073 10470.0 0.4681926829562849 2306.0 0.10311865586410629
10.394789579158315 22474.0 1.0001964581312937 9676.0 0.4306265430665836 10496.0 0.4671203179027347 2302.0 0.10244959716197555
10.419539078156312 22612.0 1.0015573988893012 9582.0 0.4244172561541342 10624.0 0.47057075030072243 2406.0 0.10656939243444448
10.444288577154307 22818.0 1.0058918419629044 9696.0 0.4274312954541292 10908.0 0.48086020738589536 2214.0 0.09760033912287976
10.469038076152303 22622.0 0.9925363944524477 9382.0 0.41163365099252347 11064.0 0.48543111432330843 2176.0 0.09547162913661597
10.4937875751503 22816.0 0.9963261951104997 9762.0 0.42628577825511477 10630.0 0.464189492199536 2424.0 0.10585092465584903
10.518537074148295 22518.0 0.9786858213653117 9454.0 0.41089331890876885 10736.0 0.46661208713819996 2328.0 0.10118041531834292
10.543286573146291 23006.0 0.9952011254419981 9590.0 0.41484737863986615 11108.0 0.4805135226206083 2308.0 0.09984022418152358
10.568036072144288 22886.0 0.9853730846450289 9486.0 0.40842650882385495 10912.0 0.46982395786273506 2488.0 0.10712261795843887
10.592785571142283 23358.0 1.000995879383613 9882.0 0.4234883671576703 11164.0 0.47842786186482816 2312.0 0.09907965036111452
10.61753507014028 23150.0 0.9874570560510686 9636.0 0.4110210018189243 11100.0 0.47346753011519926 2414.0 0.10296852411694513
10.642284569138276 23162.0 0.9833737168980567 9554.0 0.4056278599103719 11140.0 0.4729636130836868 2468.0 0.1047822439039981
10.667034068136271 23628.0 0.9985033518609296 9834.0 0.4155782106907221 11304.0 0.4776994197323493 2490.0 0.10522572143785826
10.691783567134268 23796.0 1.000947357875595 9972.0 0.41945902894332804 11306.0 0.4755719796663926 2518.0 0.10591634926587444
10.716533066132264 24140.0 1.0107271235404394 10044.0 0.42053617352279093 11470.0 0.48024192655380443 2626.0 0.10994902346384398
10.741282565130259 23928.0 0.9972339965994422 9946.0 0.41451393054906605 11412.0 0.4756116001835855 2570.0 0.10710846586679064
10.766032064128256 23530.0 0.9761380583200105 9818.0 0.40729806445328787 11230.0 0.46587464491856007 2482.0 0.10296534894816262
10.790781563126252 23384.0 0.9656313668118532 9762.0 0.4031172341266383 11284.0 0.46596751381735163 2338.0 0.09654661886786318
10.815531062124247 23818.0 0.9790518145247136 9760.0 0.4011900961357463 11572.0 0.47567333939373524 2486.0 0.1021883789952321
10.840280561122244 24074.0 0.9850562347635126 10160.0 0.41572531964764003 11416.0 0.4671181347536869 2498.0 0.10221278036218552
10.86503006012024 24366.0 0.9924620932191541 10314.0 0.4201039985825476 11428.0 0.465478814795555 2624.0 0.10687927984105149
10.889779559118235 24392.0 0.9890051132192913 10210.0 0.4139776240557955 11692.0 0.47406722629386505 2490.0 0.10096026286963085
10.914529058116232 24480.0 0.9880717287997165 10406.0 0.42001120955432397 11536.0 0.46562072971542195 2538.0 0.10243978952997061
10.939278557114227 24626.0 0.9894670703877029 10354.0 0.4160213614388969 11818.0 0.4748445479510222 2454.0 0.09860116099778375
10.964028056112223 24724.0 0.9889197986873999 10396.0 0.4158230960667452 11682.0 0.46726100502613677 2646.0 0.10583569759451787
10.98877755511022 24694.0 0.9832706665054057 10414.0 0.41466674985775076 11788.0 0.46937695864443685 2492.0 0.09922695800321825
11.013527054108215 25432.0 1.008105241685994 10808.0 0.42842094417042403 11972.0 0.47456102364991826 2652.0 0.10512327386565179
11.038276553106211 24810.0 0.9790395515746957 10854.0 0.428315005755411 11494.0 0.4535703589600787 2462.0 0.097154186859206
11.063026052104208 25644.0 1.007422698857157 10956.0 0.43040567340036706 11986.0 0.47086914945023733 2702.0 0.10614787600655275
11.087775551102203 25290.0 0.9890805031099342 10914.0 0.4268416216268019 11814.0 0.4620402160435256 2562.0 0.10019866543960661
11.1125250501002 25692.0 1.000326814212776 11184.0 0.43545286821406226 11868.0 0.4620846423430339 2640.0 0.10278930365567994
11.137274549098196 26094.0 1.0114633678340201 11304.0 0.4381690009195893 12164.0 0.4715045760072438 2626.0 0.10178979090718698
11.16202404809619 25568.0 0.9866793986089076 11220.0 0.43298431055976005 11700.0 0.45150770352488345 2648.0 0.10218738452426422
11.186773547094187 25738.0 0.9888449079116169 11266.0 0.4328357577330126 11760.0 0.45181506399256416 2712.0 0.1041940861860403
11.211523046092184 26112.0 0.9987846633369559 11472.0 0.43880429142928756 11932.0 0.45639930311491106 2708.0 0.10358106879275722
11.236272545090179 26444.0 1.0070278037868816 11706.0 0.4457823124765254 11956.0 0.4553026933170457 2782.0 0.10594279799331058
11.261022044088175 25828.0 0.9792462095793382 11476.0 0.4351025825124859 11626.0 0.4407897023605926 2726.0 0.10335392470625972
11.285771543086172 26726.0 1.0088488395591688 12080.0 0.4559939378086791 11846.0 0.44716094265576267 2800.0 0.10569395909472695
11.310521042084167 26424.0 0.9930837946341081 11940.0 0.4487367736879826 11690.0 0.4393411125973632 2794.0 0.10500590834876243
11.335270541082163 26370.0 0.9867265905567846 12072.0 0.45171647331063725 11656.0 0.4361503655491044 2642.0 0.09885975169704304
11.36002004008016 26402.0 0.9836193106205998 11936.0 0.44468146699369293 11688.0 0.43544210675454786 2778.0 0.10349573687235918
11.384769539078155 27100.0 1.005233977969928 12526.0 0.4646332401494951 11626.0 0.4312490858995712 2948.0 0.10935165192086153
11.409519038076152 26806.0 0.9900147048283996 12212.0 0.45102065117378254 11730.0 0.4332191482368547 2864.0 0.1057749054177623
11.434268537074146 27070.0 0.9954369257763671 12296.0 0.4521570904819435 11788.0 0.43347656006840846 2986.0 0.10980327522601524
11.459018036072143 27188.0 0.9954574235559251 12452.0 0.45591569214794686 11822.0 0.43284896503156345 2914.0 0.10669276637641481
11.48376753507014 27510.0 1.0029055085595016 12490.0 0.4553358706618748 12068.0 0.4399514241110893 2952.0 0.10761821378653759
11.508517034068134 27272.0 0.989952725315076 12482.0 0.4530870459585941 11700.0 0.4247010445213549 3090.0 0.11216463483512705
11.533266533066131 27904.0 1.0085466643840098 12794.0 0.46241922391517415 11972.0 0.4327093128585638 3138.0 0.11341812761027173
11.558016032064128 28576.0 1.028411789116419 13314.0 0.4791529451391378 11936.0 0.4295605793285826 3326.0 0.11969826464869854
11.582765531062122 27794.0 0.9959940154693432 12902.0 0.46234132501926545 11662.0 0.41790610233875947 3230.0 0.11574658811131822
11.607515030060119 27926.0 0.9964567424064488 12864.0 0.45901380556888044 11778.0 0.4202631064980002 3284.0 0.11717983033956807
11.632264529058116 28488.0 1.0121844826224224 13176.0 0.4681459822743976 11932.0 0.4239464071416296 3380.0 0.12009209320639525
11.65701402805611 28354.0 1.003145635063044 13094.0 0.4632569988543239 12032.0 0.42568414619025696 3228.0 0.11420449001846322
11.681763527054107 28638.0 1.0089001801160344 13216.0 0.46559203786624453 12000.0 0.42275306101656585 3422.0 0.12055508123322403
11.706513026052104 28418.0 0.9969165224996246 13384.0 0.4695168814531274 11776.0 0.4131075011948617 3258.0 0.11429213985163549
11.731262525050099 28300.0 0.9885881017967273 13046.0 0.45572863519576345 11802.0 0.41227267764681896 3452.0 0.12058678895414499
11.756012024048095 29274.0 1.0183065704449075 13632.0 0.4741940004203382 12224.0 0.42521621633936424 3418.0 0.1188963536852051
11.780761523046092 28700.0 0.9941450761933652 13368.0 0.4630568424582894 11848.0 0.41040525654142823 3484.0 0.12068297719364753
11.805511022044087 29294.0 1.010466173599735 13716.0 0.47311920656427814 12056.0 0.4158592267672016 3522.0 0.12148774026825514
11.830260521042083 29034.0 0.9973073820295446 13492.0 0.46344531233528324 12010.0 0.41253914921040263 3532.0 0.12132292048385862
11.85501002004008 29222.0 0.9995740339548547 13588.0 0.4647940583594061 12154.0 0.4157423451059922 3480.0 0.11903763048945637
11.879759519038075 29352.0 0.9998374278804253 13588.0 0.46285741925726426 12320.0 0.4196646603804457 3444.0 0.11731534824271549
11.904509018036071 29486.0 1.0002256608297202 13678.0 0.4639858437505566 12380.0 0.4199550186892741 3428.0 0.11628479838988948
11.929258517034066 29772.0 1.005736804079738 13876.0 0.46874929105906377 12330.0 0.4165234043498311 3566.0 0.12046410867084328
11.954008016032063 29994.0 1.0090406629958466 14116.0 0.4748822430769277 12408.0 0.4174227027556333 3470.0 0.11673571716328558
11.97875751503006 29988.0 1.0046700650059215 13996.0 0.4688996341811016 12456.0 0.4173059333638041 3536.0 0.11846449746101566
12.003507014028054 30194.0 1.0074001368601722 13964.0 0.46589837421724334 12646.0 0.421924293923751 3584.0 0.1195774687191779
12.02825651302605 30552.0 1.015149710474819 14262.0 0.47388273012542126 12688.0 0.42158351422180235 3602.0 0.11968346612759552
12.053006012024047 30412.0 1.0063480547599062 13852.0 0.45836950067520127 13072.0 0.43255891660599416 3488.0 0.1154196374787108
12.077755511022042 30752.0 1.0134283410480416 14334.0 0.47237518992529365 12738.0 0.4197792081253237 3680.0 0.12127394299742433
12.102505010020039 30610.0 1.0046229926921335 14068.0 0.46171304348882497 12916.0 0.42390429838652716 3626.0 0.11900565081678131
12.127254509018035 31154.0 1.0183037521200786 14202.0 0.4642084447457584 13332.0 0.43577151002326786 3620.0 0.11832379735105233
12.15200400801603 31132.0 1.0134397152745533 13960.0 0.45443975411900184 13518.0 0.44005133210463226 3654.0 0.11894862905091924
12.176753507014027 31300.0 1.0147667185246143 14074.0 0.45628839605480576 13426.0 0.4352798071217722 3800.0 0.12319851534803623
12.201503006012024 31164.0 1.0062587007125359 14196.0 0.45837660490678855 13286.0 0.4289934892076354 3682.0 0.11888860659811182
12.226252505010018 31250.0 1.0049504079458684 14122.0 0.45414110915236977 13342.0 0.4290575469700409 3786.0 0.12175175182345786
12.251002004008015 31428.0 1.0065910772765658 14282.0 0.45743075492121404 13456.0 0.43097523023525103 3690.0 0.1181850921201008
12.275751503006012 31844.0 1.0158023704620704 14228.0 0.45386371457525243 14008.0 0.44684586124333253 3608.0 0.11509279464348543
12.300501002004006 31230.0 0.9922072669916128 13856.0 0.4402185043687412 13536.0 0.430051795260918 3838.0 0.12193696736195357
12.325250501002003 31640.0 1.0011962866937798 14146.0 0.44762713879804705 13796.0 0.4365519586355053 3698.0 0.11701718926022749
12.35 32184.0 1.014328481745262 14294.0 0.4504974931042373 14042.0 0.4425553237840842 3848.0 0.12127566485694033
