r h_AllPart g_AllPart h_OO g_OO h_SiO g_SiO h_SiSi g_SiSi
0.0 0.0 0.0 0.0 0.0 0.0 0.0 0.0 0.0
0.024849699398797595 0.0 0.0 0.0 0.0 0.0 0.0 0.0 0.0
0.04969939879759519 0.0 0.0 0.0 0.0 0.0 0.0 0.0 0.0
0.07454909819639279 0.0 0.0 0.0 0.0 0.0 0.0 0.0 0.0
0.09939879759519038 0.0 0.0 0.0 0.0 0.0 0.0 0.0 0.0
0.12424849699398798 0.0 0.0 0.0 0.0 0.0 0.0 0.0 0.0
0.14909819639278557 0.0 0.0 0.0 0.0 0.0 0.0 0.0 0.0
0.17394789579158315 0.0 0.0 0.0 0.0 0.0 0.0 0.0 0.0
0.19879759519038076 0.0 0.0 0.0 0.0 0.0 0.0 0.0 0.0
0.22364729458917837 0.0 0.0 0.0 0.0 0.0 0.0 0.0 0.0
0.24849699398797595 0.0 0.0 0.0 0.0 0.0 0.0 0.0 0.0
0.27334669338677353 0.0 0.0 0.0 0.0 0.0 0.0 0.0 0.0
0.29819639278557114 0.0 0.0 0.0 0.0 0.0 0.0 0.0 0.0
0.32304609218436875 0.0 0.0 0.0 0.0 0.0 0.0 0.0 0.0
0.3478957915831663 0.0 0.0 0.0 0.0 0.0 0.0 0.0 0.0
0.3727454909819639 0.0 0.0 0.0 0.0 0.0 0.0 0.0 0.0
0.3975951903807615 0.0 0.0 0.0 0.0 0.0 0.0 0.0 0.0
0.42244488977955913 0.0 0.0 0.0 0.0 0.0 0.0 0.0 0.0
0.44729458917835674 0.0 0.0 0.0 0.0 0.0 0.0 0.0 0.0
0.4721442885771543 0.0 0.0 0.0 0.0 0.0 0.0 0.0 0.0
0.4969939879759519 0.0 0.0 0.0 0.0 0.0 0.0 0.0 0.0
0.5218436873747495 0.0 0.0 0.0 0.0 0.0 0.0 0.0 0.0
0.5466933867735471 0.0 0.0 0.0 0.0 0.0 0.0 0.0 0.0
0.5715430861723447 0.0 0.0 0.0 0.0 0.0 0.0 0.0 0.0
0.5963927855711423 0.0 0.0 0.0 0.0 0.0 0.0 0.0 0.0
0.6212424849699398 0.0 0.0 0.0 0.0 0.0 0.0 0.0 0.0
0.6460921843687375 0.0 0.0 0.0 0.0 0.0 0.0 0.0 0.0
0.670941883767535 0.0 0.0 0.0 0.0 0.0 0.0 0.0 0.0
0.6957915831663326 0.0 0.0 0.0 0.0 0.0 0.0 0.0 0.0
0.7206412825651303 0.0 0.0 0.0 0.0 0.0 0.0 0.0 0.0
0.7454909819639278 0.0 0.0 0.0 0.0 0.0 0.0 0.0 0.0
0.7703406813627255 0.0 0.0 0.0 0.0 0.0 0.0 0.0 0.0
0.795190380761523 0.0 0.0 0.0 0.0 0.0 0.0 0.0 0.0
0.8200400801603206 0.0 0.0 0.0 0.0 0.0 0.0 0.0 0.0
0.8448897795591183 0.0 0.0 0.0 0.0 0.0 0.0 0.0 0.0
0.8697394789579158 0.0 0.0 0.0 0.0 0.0 0.0 0.0 0.0
0.8945891783567135 0.0 0.0 0.0 0.0 0.0 0.0 0.0 0.0
0.919438877755511 0.0 0.0 0.0 0.0 0.0 0.0 0.0 0.0
0.9442885771543086 0.0 0.0 0.0 0.0 0.0 0.0 0.0 0.0
0.9691382765531062 0.0 0.0 0.0 0.0 0.0 0.0 0.0 0.0
0.9939879759519038 0.0 0.0 0.0 0.0 0.0 0.0 0.0 0.0
1.0188376753507014 0.0 0.0 0.0 0.0 0.0 0.0 0.0 0.0
1.043687374749499 0.0 0.0 0.0 0.0 0.0 0.0 0.0 0.0
1.0685370741482967 0.0 0.0 0.0 0.0 0.0 0.0 0.0 0.0
1.0933867735470941 0.0 0.0 0.0 0.0 0.0 0.0 0.0 0.0
1.1182364729458918 0.0 0.0 0.0 0.0 0.0 0.0 0.0 0.0
1.1430861723446895 0.0 0.0 0.0 0.0 0.0 0.0 0.0 0.0
1.167935871743487 0.0 0.0 0.0 0.0 0.0 0.0 0.0 0.0
1.1927855711422846 0.0 0.0 0.0 0.0 0.0 0.0 0.0 0.0
1.2176352705410822 0.0 0.0 0.0 0.0 0.0 0.0 0.0 0.0
1.2424849699398797 0.0 0.0 0.0 0.0 0.0 0.0 0.0 0.0
1.2673346693386773 0.0 0.0 0.0 0.0 0.0 0.0 0.0 0.0
1.292184368737475 4.0 0.0011811388641246737 0.0 0.0 4.0 0.0011811388641246737 0.0 0.0
1.3170340681362724 12.0 0.0034097189291958097 0.0 0.0 12.0 0.0034097189291958097 0.0 0.0
1.34188376753507 48.0 0.013133790998262519 0.0 0.0 48.0 0.013133790998262519 0.0 0.0
1.3667334669338678 106.0 0.02794922359541702 0.0 0.0 106.0 0.02794922359541702 0.0 0.0
1.3915831663326652 328.0 0.08339599602108898 0.0 0.0 328.0 0.08339599602108898 0.0 0.0
1.4164328657314629 894.0 0.21933016121971863 0.0 0.0 894.0 0.21933016121971863 0.0 0.0
1.4412825651302605 2074.0 0.49128237996209817 0.0 0.0 2074.0 0.49128237996209817 0.0 0.0
1.4661322645290582 3660.0 0.8375829917973732 0.0 0.0 3660.0 0.8375829917973732 0.0 0.0
1.4909819639278556 6424.0 1.4211190131433091 0.0 0.0 6424.0 1.4211190131433091 0.0 0.0
1.5158316633266533 9178.0 1.9637965299655733 0.0 0.0 9178.0 1.9637965299655733 0.0 0.0
1.540681362725451 12920.0 2.6752956615971883 0.0 0.0 12920.0 2.6752956615971883 0.0 0.0
1.5655310621242484 16304.0 3.268842071417355 0.0 0.0 16304.0 3.268842071417355 0.0 0.0
1.590380761523046 18996.0 3.689561949392279 0.0 0.0 18996.0 3.689561949392279 0.0 0.0
1.6152304609218437 20286.0 3.8188918939220895 0.0 0.0 20286.0 3.8188918939220895 0.0 0.0
1.6400801603206412 21058.0 3.844104254744543 0.0 0.0 21058.0 3.844104254744543 0.0 0.0
1.6649298597194389 20556.0 3.6404595205484185 0.0 0.0 20556.0 3.6404595205484185 0.0 0.0
1.6897795591182365 19440.0 3.3415644624583036 0.0 0.0 19440.0 3.3415644624583036 0.0 0.0
1.714629258517034 17958.0 2.9973550016261084 0.0 0.0 17958.0 2.9973550016261084 0.0 0.0
1.7394789579158316 15626.0 2.5336101487680702 0.0 0.0 15626.0 2.5336101487680702 0.0 0.0
1.7643286573146293 13564.0 2.137328797852562 0.0 0.0 13564.0 2.137328797852562 0.0 0.0
1.789178356713427 11342.0 1.7375589662963702 0.0 0.0 11342.0 1.7375589662963702 0.0 0.0
1.8140280561122244 9614.0 1.4324856862966884 0.0 0.0 9614.0 1.4324856862966884 0.0 0.0
1.838877755511022 8044.0 1.1661643379428797 0.0 0.0 8044.0 1.1661643379428797 0.0 0.0
1.8637274549098197 6378.0 0.8999834446137729 0.0 0.0 6378.0 0.8999834446137729 0.0 0.0
1.8885771543086172 5444.0 0.7479747478418973 0.0 0.0 5444.0 0.7479747478418973 0.0 0.0
1.9134268537074148 4334.0 0.5800012430360342 2.0 0.00026765170421598255 4332.0 0.5797335913318181 0.0 0.0
1.9382765531062125 3748.0 0.4887189999169824 4.0 0.0005215784417470462 3744.0 0.4881974214752353 0.0 0.0
1.96312625250501 3026.0 0.38458541402077123 18.0 0.0022876858732233584 3008.0 0.38229772814754787 0.0 0.0
1.9879759519038076 2484.0 0.30780855049220257 28.0 0.0034696615997510754 2456.0 0.3043388888924514 0.0 0.0
2.012825651302605 2244.0 0.2712030558804727 56.0 0.006767990699334436 2188.0 0.2644350651811383 0.0 0.0
2.0376753507014027 1754.0 0.20681307630335002 84.0 0.009904389058997381 1670.0 0.19690868724435268 0.0 0.0
2.0625250501002004 1612.0 0.18549016810625008 136.0 0.015649294579683632 1476.0 0.16984087352656646 0.0 0.0
2.087374749498998 1558.0 0.17500819411706744 220.0 0.024712325228340718 1336.0 0.1500712113866509 2.0 0.0002246575020758247
2.1122244488977957 1622.0 0.17791044056842029 366.0 0.040145019265130595 1246.0 0.13666856285342274 10.0 0.0010968584498669562
2.1370741482965934 1354.0 0.14506096289785397 466.0 0.04992496950546525 886.0 0.09492172313700045 2.0 0.00021427025538826286
2.1619238476953906 1656.0 0.17333742967531474 690.0 0.07222392903138114 948.0 0.0992293981474628 18.0 0.0018841024964708125
2.1867735470941883 1804.0 0.18453755913491393 936.0 0.09574676017199527 858.0 0.08776786349099565 10.0 0.0010229354719230263
2.211623246492986 2154.0 0.21538904394947708 1376.0 0.1375930011487839 744.0 0.07439621573742385 34.0 0.0033998270632693696
2.2364729458917836 2518.0 0.2461921544000789 1802.0 0.17618676021800722 666.0 0.06511674933695495 50.0 0.004888644845116737
2.2613226452905812 2884.0 0.2757799894211333 2236.0 0.21381555351791057 596.0 0.05699198117024808 52.0 0.004972454732974665
2.286172344689379 3686.0 0.3448084432617585 3032.0 0.2836297341209039 560.0 0.05238543901969202 94.0 0.008793270121162588
2.311022044088176 4440.0 0.40640996359197695 3720.0 0.3405056451716564 602.0 0.055103332901434716 118.0 0.010800985518885873
2.335871743486974 5236.0 0.469073985658618 4470.0 0.40045086247021056 616.0 0.055185174783366826 150.0 0.013437948405040622
2.3607214428857715 6096.0 0.5346214265747534 5416.0 0.47498517820355396 526.0 0.04613039212242787 154.0 0.01350585624877166
2.385571142284569 7382.0 0.6339170038984592 6674.0 0.573118678409417 492.0 0.04224968381441912 216.0 0.01854864167462303
2.410420841683367 8628.0 0.7256391319235775 7876.0 0.662393811199594 556.0 0.04676116798209424 196.0 0.016484152741889333
2.4352705410821645 9856.0 0.812001306662009 9000.0 0.7414784659048378 598.0 0.04926712473456588 258.0 0.02125571602260535
2.460120240480962 11146.0 0.8997294152931342 10252.0 0.8275637866127052 542.0 0.04375142141475675 352.0 0.028414207265672283
2.4849699398797593 12178.0 0.9633746726349941 11112.0 0.8790457679684721 612.0 0.04841396778228086 454.0 0.035914936884241036
2.509819639278557 13428.0 1.0412252651317413 12396.0 0.9612025905997219 590.0 0.045749397261522745 442.0 0.0342732772704967
2.5346693386773547 14428.0 1.096830725862006 13274.0 1.009102512828685 698.0 0.053062645318247864 456.0 0.034665567715073106
2.5595190380761523 15736.0 1.173038437742276 14444.0 1.076726435863589 756.0 0.05635593917978906 536.0 0.03995606269889806
2.58436873747495 16684.0 1.2197902983917175 15308.0 1.1191890366686894 746.0 0.054541091021351074 630.0 0.046060170701677186
2.6092184368737477 17198.0 1.2334203836556068 15746.0 1.1292846471125237 732.0 0.05249818123246332 720.0 0.05163755531061966
2.634068136272545 18430.0 1.2968395180446226 16694.0 1.174684694207104 912.0 0.06417350192385761 824.0 0.05798132191366083
2.6589178356713425 18254.0 1.2604473559698735 16504.0 1.1396090261272485 890.0 0.06145492203424934 860.0 0.05938340780837576
2.68376753507014 19260.0 1.3052848409230076 17210.0 1.1663526538050344 1012.0 0.06858506017726292 1038.0 0.07034712694071037
2.708617234468938 19704.0 1.3108739101708535 17568.0 1.168769430261955 1002.0 0.06666137119321941 1134.0 0.07544310871567945
2.7334669338677355 19410.0 1.2678367913813566 16928.0 1.1057156725658734 1180.0 0.07707611611695006 1302.0 0.08504500269853303
2.758316633266533 19690.0 1.2629532297427728 16842.0 1.0802772115453418 1302.0 0.08351270213941545 1546.0 0.09916331605801558
2.7831663326653304 19326.0 1.2174703719334057 16328.0 1.0286068629270748 1298.0 0.08176945786865158 1700.0 0.10709405113767927
2.808016032064128 19326.0 1.1959227912770958 15864.0 0.9816888730632229 1482.0 0.09170845372413619 1980.0 0.1225254644897366
2.8328657314629258 19224.0 1.1687410472347965 15344.0 0.9328528208890303 1644.0 0.09994851652382467 2236.0 0.1359397098219416
2.8577154308617234 19142.0 1.1435170642158974 14932.0 0.892017386003123 1756.0 0.10490105343031635 2454.0 0.14659862478245805
2.882565130260521 18936.0 1.1117077552452623 14260.0 0.8371859204582509 1948.0 0.11436452826456331 2728.0 0.160157306522448
2.9074148296593187 18446.0 1.064429148385082 13332.0 0.7693250247354394 1996.0 0.1151794741503103 3118.0 0.1799246494993324
2.9322645290581164 18370.0 1.0420771510152411 12674.0 0.7189594889475867 2110.0 0.1196942182167751 3586.0 0.2034234438508794
2.9571142284569136 18658.0 1.040626503138434 12404.0 0.6918175123233539 2376.0 0.13251841416319646 3878.0 0.21629057665188375
2.9819639278557113 17942.0 0.9840146838337912 11242.0 0.6165585261208049 2518.0 0.1380977022569104 4182.0 0.22935845545607597
3.006813627254509 18130.0 0.9778906407426342 10822.0 0.583713872813943 2904.0 0.15663510318348647 4404.0 0.2375416647452047
3.0316633266533066 17898.0 0.9495515959257415 10162.0 0.5391296970498036 2932.0 0.15555287067014606 4804.0 0.2548690282057918
3.0565130260521043 18046.0 0.9418363233437276 9808.0 0.5118879895464524 3170.0 0.16544503740438968 5068.0 0.26450329639288545
3.081362725450902 17890.0 0.9186352882592731 8976.0 0.4609094660377437 3684.0 0.18917006159570499 5230.0 0.26855576062582437
3.106212424849699 18042.0 0.9116176236784047 8568.0 0.43291984257158694 3778.0 0.19089299314139302 5696.0 0.2878047879654247
3.131062124248497 17730.0 0.88163344706368 8162.0 0.405859683865412 4130.0 0.2053663923504229 5438.0 0.27040737084784494
3.1559118236472945 17774.0 0.8699032130432295 7876.0 0.3854707834999705 4394.0 0.215053151688531 5504.0 0.269379277854728
3.180761523046092 17834.0 0.8592019187945992 7538.0 0.3631638479238358 4732.0 0.22797709317797704 5564.0 0.2680609776927862
3.20561122244489 17762.0 0.8424662087478196 7050.0 0.33438727461277606 5170.0 0.24521733471603577 5542.0 0.26286159941900783
3.2304609218436875 17630.0 0.8233408987827642 6950.0 0.32457284438685263 5494.0 0.25657600101602424 5186.0 0.24219205337988745
3.255310621242485 17796.0 0.818405087378336 6646.0 0.3056372336882682 6034.0 0.2774924869207057 5116.0 0.23527536676936203
3.2801603206412824 17738.0 0.8033783497713752 6738.0 0.3051732619663731 6356.0 0.287871958008054 4644.0 0.21033312979694815
3.30501002004008 17526.0 0.7818403157107946 6524.0 0.29103767087168914 6538.0 0.29166221522978286 4464.0 0.19914042960932254
3.3298597194388777 18120.0 0.7962743074519892 6636.0 0.29161569008009935 7242.0 0.31824605599157324 4242.0 0.1864125613803167
3.3547094188376754 18102.0 0.7836985857602935 6408.0 0.27742462366323944 7868.0 0.3406331053343271 3826.0 0.16564085676272694
3.379559118236473 17884.0 0.7628746283104327 6408.0 0.27334492385446507 7932.0 0.33835392259887903 3544.0 0.15117578185708866
3.4044088176352707 18274.0 0.7681312734367846 6594.0 0.2771729023225434 8678.0 0.3647719815521734 3002.0 0.12618638956206782
3.429258517034068 18482.0 0.7656155174151855 6534.0 0.2706704788870697 9006.0 0.37307290065150744 2942.0 0.12187213787660836
3.4541082164328656 18718.0 0.7642352777180514 6566.0 0.268082531974395 9602.0 0.39203906061805377 2550.0 0.10411368512560269
3.4789579158316633 19196.0 0.7725552319914089 6564.0 0.2641723558445305 10362.0 0.4170252820324536 2270.0 0.09135759411442478
3.503807615230461 19194.0 0.761517837218543 6756.0 0.2680428523626382 10358.0 0.4109514305465077 2080.0 0.08252355430939717
3.5286573146292586 19606.0 0.766908202472722 6694.0 0.26184247206734673 11064.0 0.4327793712209627 1848.0 0.07228635918441244
3.5535070140280562 20568.0 0.7932856978108843 6862.0 0.2646599795010836 11992.0 0.4625185768255603 1714.0 0.06610714148424035
3.578356713426854 20850.0 0.7929933975725824 7042.0 0.2678301921201979 12214.0 0.46453819462597223 1594.0 0.0606250108264123
3.603206412825651 21586.0 0.8096621120215138 7268.0 0.27261300056390075 12874.0 0.4828865945596669 1444.0 0.05416251689794617
3.628056112224449 21818.0 0.8071538321198964 7066.0 0.2614056731945728 13362.0 0.4943253050135694 1390.0 0.051422853911754336
3.6529058116232465 22726.0 0.8293066319686275 7368.0 0.2688696323305838 14086.0 0.5140197666949787 1272.0 0.04641723294306495
3.677755511022044 23444.0 0.8439468185681445 7432.0 0.2675402130864379 14742.0 0.5306886196609617 1270.0 0.045717985820744905
3.702605210420842 24476.0 0.8692705528080058 7738.0 0.2748167812399227 15426.0 0.5478578014224668 1312.0 0.04659597014561626
3.7274549098196395 25336.0 0.8878163066861744 7832.0 0.274446531179591 16118.0 0.5648019904944648 1386.0 0.048567785012118635
3.7523046092184367 26006.0 0.8992242955199057 8066.0 0.27890268275257857 16592.0 0.5737110478838067 1348.0 0.04661056488352045
3.7771543086172343 26836.0 0.915714334167981 8110.0 0.27673435870108537 17412.0 0.5941428672877063 1314.0 0.044837108179189414
3.802004008016032 27962.0 0.9416641994930812 8598.0 0.28955113322514525 17922.0 0.6035514549501108 1442.0 0.048561611317825014
3.8268537074148297 28892.0 0.9603474385093472 8722.0 0.28991244492172663 18734.0 0.6227034789226814 1436.0 0.047731514664939176
3.8517034068136273 29256.0 0.9598989915322811 8670.0 0.28446555429945575 19166.0 0.62884276974664 1420.0 0.046590667486185365
3.876553106212425 30472.0 0.9869786266102909 8968.0 0.29047073783936367 20000.0 0.6477937953598654 1504.0 0.04871409341106188
3.901402805611222 31550.0 1.008877122313968 9220.0 0.29482875016592025 20808.0 0.6653792444091615 1522.0 0.048669127738886195
3.92625250501002 32264.0 1.0186493339453877 9608.0 0.3033468509963825 21098.0 0.6661128083182428 1558.0 0.04918967463076227
3.9511022044088175 33036.0 1.0299035508598828 9920.0 0.30925787699872986 21404.0 0.6672737499275013 1712.0 0.05337192393365176
3.975951903807615 33644.0 1.0357475118619557 9850.0 0.3032372188752902 22012.0 0.6776505240490241 1782.0 0.05485976893764133
4.000801603206413 34718.0 1.05553415838564 10016.0 0.30451725705370614 22738.0 0.6913052506876168 1964.0 0.05971165064431698
4.02565130260521 35560.0 1.0677863951711657 10682.0 0.32075630689590523 22764.0 0.6835514482473681 2114.0 0.06347864002789212
4.050501002004008 36264.0 1.0755650377399515 10856.0 0.321981415445205 23368.0 0.6930786400261192 2040.0 0.06050498226862732
4.075350701402805 36822.0 1.0787966212652471 10946.0 0.3206916467429633 23704.0 0.6944705640777639 2172.0 0.06363441044452005
4.1002004008016035 37058.0 1.0725508878946635 11126.0 0.32201417180409153 23580.0 0.6824639736779147 2352.0 0.06807274241265714
4.125050100200401 38082.0 1.0889087883473214 11520.0 0.3294004842645119 24228.0 0.6927703934688015 2334.0 0.06673791061400788
4.149899799599198 38946.0 1.1002772925165651 12086.0 0.3414458829496022 24316.0 0.6869599610956915 2544.0 0.07187144847127155
4.174749498997996 38858.0 1.0847223859616444 12332.0 0.3442481976344382 23928.0 0.6679509303435645 2598.0 0.07252325798364179
4.199599198396793 39352.0 1.0855124184207212 12796.0 0.3529735948900068 23782.0 0.6560189147916647 2774.0 0.07651990873904961
4.224448897795591 40592.0 1.1065444311563044 13018.0 0.3548727681511818 24568.0 0.6697276208279486 3006.0 0.0819440421771741
4.249298597194389 40650.0 1.0951651366679487 13310.0 0.35858912592989906 24156.0 0.6507948103653374 3184.0 0.08578120037271214
4.274148296593187 40982.0 1.0912713199125306 13732.0 0.3656565752046964 23982.0 0.638594231470946 3268.0 0.08702051323688813
4.298997995991984 41244.0 1.0855515077161522 14332.0 0.37722151606507354 23674.0 0.6231050914962706 3238.0 0.08522490015480798
4.323847695390781 41360.0 1.0760920956141404 14600.0 0.37985842833574596 23210.0 0.6038708302515522 3550.0 0.09236283702684232
4.348697394789579 41600.0 1.06996692094379 15126.0 0.3890461453412445 22844.0 0.5875558736067295 3630.0 0.0933649019958163
4.3735470941883765 42312.0 1.0759131340654675 15790.0 0.4015094627267378 22824.0 0.5803706128736582 3698.0 0.09403305846507133
4.398396793587175 42488.0 1.0681808282549698 15972.0 0.40154830043514356 22784.0 0.5728071924063556 3732.0 0.09382533541347081
4.423246492985972 42414.0 1.054339410174686 16802.0 0.4176689482188681 21722.0 0.5399717232002292 3890.0 0.09669873875558843
4.44809619238477 42534.0 1.0455088701241357 17224.0 0.42337529456477435 21192.0 0.520910894241564 4118.0 0.10122268131779731
4.472945891783567 43538.0 1.0582968847410843 17974.0 0.4369017457470772 21092.0 0.5126923123009542 4472.0 0.1087028266930527
4.497795591182364 42954.0 1.0325644322490009 18274.0 0.43928580423053126 20288.0 0.48770003262717626 4392.0 0.10557859539129329
4.5226452905811625 42828.0 1.0182220752555569 18812.0 0.4472493153943106 19306.0 0.45899400823955777 4710.0 0.11197875162168845
4.54749498997996 43094.0 1.013349027116099 19350.0 0.4550123839675248 19068.0 0.4483811957360601 4676.0 0.109955447412514
4.572344689378758 43422.0 1.0099635095047816 19866.0 0.46206842337575404 18762.0 0.4363902023243681 4794.0 0.11150488380465946
4.597194388777555 44048.0 1.0134479805675873 20648.0 0.47506524479566714 18502.0 0.4256904862073534 4898.0 0.1126922495645669
4.622044088176352 44738.0 1.0182554829315813 21644.0 0.49262643999667277 18016.0 0.4100516514036249 5078.0 0.11557739153128369
4.64689378757515 44786.0 1.008445969906286 21368.0 0.48114306892684144 17908.0 0.4032342792185453 5510.0 0.1240686217608993
4.671743486973948 45658.0 1.0171438603298908 22524.0 0.501777307592765 17656.0 0.3933306758505531 5478.0 0.12203587688657283
4.696593186372746 46106.0 1.0162552216536982 23180.0 0.5109269083835667 17272.0 0.38070446771358774 5654.0 0.12462384555654384
4.721442885771543 46584.0 1.0159829328110668 23738.0 0.5177185913418578 17058.0 0.37202981426865833 5788.0 0.12623452720055073
4.746292585170341 46864.0 1.011387236918901 24218.0 0.5226565402804273 16828.0 0.36317054504249036 5818.0 0.1255601515959834
4.771142284569138 47222.0 1.0084976838524242 24850.0 0.5307095727358592 16702.0 0.3566966311402141 5670.0 0.12109147997635097
4.7959919839679355 48492.0 1.0248887450721609 25572.0 0.5404696648722531 16600.0 0.3508445345252386 6320.0 0.13357454567466917
4.820841683366734 48398.0 1.012356747133757 25838.0 0.5404618709955372 16470.0 0.3445083603721843 6090.0 0.12738651576603535
4.845691382765531 49604.0 1.0269412587849074 26918.0 0.5572777357465554 16548.0 0.3425897901454045 6138.0 0.12707373289294738
4.870541082164329 50486.0 1.0345358961541782 27288.0 0.5591731476895617 16554.0 0.33921695568942406 6644.0 0.13614579277519231
4.895390781563126 50938.0 1.0332012290404766 27408.0 0.5559303326699396 16710.0 0.33893738539531126 6820.0 0.13833351097522578
4.920240480961924 51664.0 1.0373420230971562 28134.0 0.5648920036740359 16818.0 0.33768229607556466 6712.0 0.1347677233475556
4.9450901803607215 52862.0 1.0507290060858212 29072.0 0.5778592120034617 16884.0 0.33560040366904403 6906.0 0.13726939041331546
4.969939879759519 53436.0 1.0515170125965536 29356.0 0.577669238374587 17086.0 0.33621939660949013 6994.0 0.13762837761247654
4.994789579158317 53474.0 1.0417945695266868 29296.0 0.5707523975923592 17116.0 0.33345842562775874 7062.0 0.13758374630656883
5.019639278557114 54644.0 1.0540484212522796 29782.0 0.5744760647415159 17508.0 0.33771831782601774 7354.0 0.14185403868474608
5.044488977955912 55338.0 1.0569187272241354 30182.0 0.576455980069371 17770.0 0.33939509528304035 7386.0 0.14106765187172401
5.069338677354709 55150.0 1.0430013906736288 30050.0 0.5683081013552592 17784.0 0.33633248833617074 7316.0 0.13836080098219888
5.0941883767535066 56078.0 1.0502050395232514 30890.0 0.5784948405947652 17872.0 0.33469924866007256 7316.0 0.13701095026841378
5.119038076152305 57128.0 1.0594819993003433 31176.0 0.5781825166326057 18334.0 0.34001790672126614 7618.0 0.14128157594647134
5.143887775551102 57930.0 1.0639755291900597 31242.0 0.5738084495590514 19092.0 0.35065459698423307 7596.0 0.13951248264677532
5.1687374749499 58200.0 1.0586563668819373 31232.0 0.568109203616094 19156.0 0.3484471024740617 7812.0 0.1421000607917817
5.193587174348697 58050.0 1.0458233756408588 30992.0 0.5583489760182859 19300.0 0.3477069965524303 7758.0 0.1397674030701427
5.218436873747495 59526.0 1.062201456489985 31794.0 0.567342558002261 19740.0 0.35224703072795593 7992.0 0.14261186775976817
5.2432865731462925 59040.0 1.0435431303575473 31142.0 0.5504407209619705 19982.0 0.3531856170529219 7916.0 0.1399167923426549
5.26813627254509 59556.0 1.0427328136400684 30930.0 0.541536132814281 20626.0 0.361129139199074 8000.0 0.14006754162671348
5.292985971943888 60082.0 1.0420649353535347 30952.0 0.5368328930305684 21110.0 0.36613279826425754 8020.0 0.1390992440587089
5.317835671342685 60696.0 1.042875800898595 31220.0 0.5364205632011029 21488.0 0.36920579955366106 7988.0 0.1372494381438312
5.342685370741483 61642.0 1.0492776281033027 31074.0 0.5289454108510759 22506.0 0.3830998718096903 8062.0 0.13723234544253637
5.36753507014028 61466.0 1.0365940103737679 30966.0 0.5222264361636367 22198.0 0.37435840696119643 8302.0 0.1400091672489347
5.3923847695390785 62052.0 1.0368317364455564 30696.0 0.5129018723317991 23166.0 0.38708251154673107 8190.0 0.13684735256702615
5.417234468937876 61968.0 1.0259288997455287 30260.0 0.5009780613590836 23440.0 0.38806760602303114 8268.0 0.13688323236341388
5.442084168336673 61546.0 1.009637013678434 29910.0 0.4906613440210893 23696.0 0.3887232098938058 7940.0 0.1302524597635389
5.466933867735471 62256.0 1.0119999356777594 29714.0 0.48301474699191943 24046.0 0.39087879808062514 8496.0 0.13810639060521465
5.491783567134268 62516.0 1.0070297998026754 29180.0 0.47004174224585815 24990.0 0.4025477429309114 8346.0 0.13444031462590583
5.516633266533066 63922.0 1.020401827549812 29742.0 0.4747784980912128 25820.0 0.41217069533706924 8360.0 0.13345263412152977
5.541482965931864 63090.0 0.9980880077813118 28880.0 0.4568835261487444 26002.0 0.41135337420081897 8208.0 0.1298511074317484
5.566332665330661 63516.0 0.9958557432384065 28650.0 0.44919810825272916 26362.0 0.4133249748606788 8504.0 0.13333266012499856
5.591182364729459 64416.0 1.0009892563633254 28940.0 0.44971170329040344 27014.0 0.419782721240047 8462.0 0.13149483183287472
5.616032064128256 64362.0 0.9912992979736439 28696.0 0.4419739078128661 27352.0 0.42127370806027015 8314.0 0.12805168210050769
5.640881763527054 64804.0 0.9893131162309045 28264.0 0.43148487619823295 28266.0 0.43151540866895166 8274.0 0.12631283136371987
5.6657314629258515 64092.0 0.9698607737159591 27740.0 0.41977060885727874 28064.0 0.4246734811453017 8288.0 0.12541668371337872
5.69058116232465 65282.0 0.9792406216398408 27752.0 0.4162845153602657 29336.0 0.4400447730833365 8194.0 0.12291133319623872
5.715430861723447 65976.0 0.9810451304574356 27784.0 0.41314050419287907 29866.0 0.44409927649814734 8326.0 0.12380534976640914
5.740280561122244 66080.0 0.9740843490485568 27480.0 0.4050822928549385 30310.0 0.446799282985196 8290.0 0.12220277320842214
5.765130260521042 67072.0 0.9801841203702766 27974.0 0.40880949700677055 31202.0 0.45598319602506815 7896.0 0.11539142733843787
5.789979959919839 66666.0 0.96588825634787 27600.0 0.3998817369453877 31096.0 0.45053342362513676 7970.0 0.11547309577734563
5.8148296593186375 68298.0 0.9810759382757362 27784.0 0.39910705831873633 32504.0 0.4669081422254609 8010.0 0.11506073773153895
5.839679358717435 67822.0 0.9659470312046906 27684.0 0.3942861845989598 32222.0 0.4589181274435661 7916.0 0.11274271916216465
5.864529058116233 68838.0 0.9721087230999643 27808.0 0.3926958855859236 33150.0 0.46813394013137827 7880.0 0.11127889738266247
5.88937875751503 69592.0 0.9744632212979526 27854.0 0.39002613182597384 34226.0 0.4792501754820055 7512.0 0.10518691398997326
5.914228456913827 70338.0 0.9766326014589747 27924.0 0.3877205601970543 34668.0 0.4813599907216545 7746.0 0.10755205054026581
5.939078156312625 70542.0 0.9712687981934668 27966.0 0.3850543394045886 34854.0 0.47989286796851655 7722.0 0.10632159082036163
5.963927855711423 71646.0 0.9782488680404401 28312.0 0.38656982876868135 35706.0 0.4875269251912452 7628.0 0.1041521140805136
5.988777555110221 71712.0 0.9710243473314913 28424.0 0.3848783473972322 35808.0 0.4848622243034087 7480.0 0.10128377563085057
6.013627254509018 71900.0 0.9655239954081314 28236.0 0.37917295597140466 36212.0 0.4862803187999896 7452.0 0.10007072063673705
6.038476953907816 73794.0 0.9828019790614166 28956.0 0.385641300182974 37336.0 0.49724767176514423 7502.0 0.09991300711329848
6.063326653306613 74110.0 0.9789203200944567 28616.0 0.37798925758768015 37948.0 0.5012558130744089 7546.0 0.0996752494323677
6.0881763527054105 74476.0 0.9757242138446882 29254.0 0.38326220731259075 37864.0 0.4960634517564756 7358.0 0.09639855477562188
6.113026052104209 75722.0 0.9839829076770866 29286.0 0.38056210129461926 39062.0 0.5075980605330335 7374.0 0.09582274584943394
6.137875751503006 76258.0 0.9829242275105204 29300.0 0.37766109609559984 39590.0 0.5102936107312217 7368.0 0.09496952068369896
6.162725450901804 77074.0 0.9854304389551222 29952.0 0.38295161153675455 39472.0 0.50466967182755 7650.0 0.09780915559081771
6.187575150300601 77068.0 0.9774392808554221 30244.0 0.3835790939195436 39520.0 0.501224897225908 7304.0 0.09263528970997045
6.212424849699398 78530.0 0.9880137483771098 30892.0 0.3886631951466404 40342.0 0.5075569927037993 7296.0 0.09179356052666997
6.2372745490981965 79232.0 0.9889029063535828 30930.0 0.38604057569563205 40732.0 0.5083803662862749 7570.0 0.09448196437167586
6.262124248496994 79382.0 0.9829118193098825 31070.0 0.3847102646186547 40994.0 0.5075897195937281 7318.0 0.09061183509749968
6.286973947895792 80816.0 0.9927573026101286 31868.0 0.3914718585376606 41492.0 0.5096946891692172 7456.0 0.09159075490325085
6.311823647294589 82316.0 1.0032215203365709 32110.0 0.3913387800428506 42630.0 0.5195506755909911 7576.0 0.09233206470272927
6.336673346693387 81714.0 0.9880738598889376 32396.0 0.39172774267520893 41804.0 0.505487916866108 7514.0 0.09085820034762068
6.361523046092184 82244.0 0.9867131879748003 32956.0 0.39538592265572586 41772.0 0.5011548962609231 7516.0 0.09017236905815135
6.3863727454909816 82868.0 0.9864626358141918 33020.0 0.3930708625112783 42162.0 0.5018974471593131 7686.0 0.0914943261436004
6.41122244488978 84076.0 0.9930842649296376 33568.0 0.3964966530895627 42634.0 0.5035819324303032 7874.0 0.09300567940977171
6.436072144288577 85240.0 0.9990584015354642 34638.0 0.40597589057233 42946.0 0.5033500951706013 7656.0 0.08973241579253302
6.460921843687375 85318.0 0.9922805443913026 34480.0 0.4010154149254801 43168.0 0.5020601343243366 7670.0 0.08920499514148585
6.485771543086172 86364.0 0.9967490534296898 35480.0 0.4094837711973206 42952.0 0.49572003778092766 7932.0 0.09154524445144156
6.51062124248497 86518.0 0.9909041050613948 35102.0 0.4020286633517312 43130.0 0.49397459547490646 8286.0 0.09490084623475714
6.5354709418837675 88186.0 1.0023273365814303 36012.0 0.40931454023280867 43918.0 0.4991746078513965 8256.0 0.09383818849722506
6.560320641282565 88460.0 0.9978246913963813 36634.0 0.4132298185011874 43504.0 0.49072309941790837 8322.0 0.0938717734772856
6.585170340681363 89584.0 1.0028769550814434 37400.0 0.4186863515811527 43646.0 0.4886092112596521 8538.0 0.09558139224063854
6.61002004008016 89316.0 0.9923589080268425 37582.0 0.41756048727512196 43178.0 0.47973569047855935 8556.0 0.09506273027316117
6.634869739478958 90374.0 0.996592559115039 38230.0 0.4215784798168493 43320.0 0.47770807600486304 8824.0 0.09730600329332667
6.659719438877755 91596.0 1.0025302868425126 38850.0 0.42521836809283825 43764.0 0.47900274546241883 8982.0 0.09830917328725541
6.684569138276553 91910.0 0.9984877838079355 39340.0 0.4273801481340897 43614.0 0.473811839875958 8956.0 0.09729579579788782
6.709418837675351 92944.0 1.0022415273719134 39984.0 0.43115881854061144 43760.0 0.47187649808266197 9200.0 0.09920621074864008
6.734268537074148 93850.0 1.0045424992844236 40626.0 0.4348486262752157 43856.0 0.46942158602682665 9368.0 0.10027228698238126
6.759118236472946 93208.0 0.9903349411846809 40720.0 0.4326499743052121 43116.0 0.4581074727933086 9372.0 0.0995774940861603
6.783967935871743 95226.0 1.0043639434051148 41558.0 0.4383189124821978 43858.0 0.46257738254112873 9810.0 0.10346764838178835
6.808817635270541 95668.0 1.0016606696002632 42374.0 0.4436631811435543 43418.0 0.4545940434910757 9876.0 0.10340344496563322
6.833667334669339 96586.0 1.003917614912746 43236.0 0.44939620647265116 43456.0 0.45168289269302264 9894.0 0.10283851574707213
6.858517034068136 96582.0 0.9966016066978102 43446.0 0.4483066555320149 43270.0 0.44649056264950243 9866.0 0.10180438851629285
6.883366733466934 97854.0 1.002436589352868 44254.0 0.45334711739143846 43228.0 0.4428365614542663 10372.0 0.10625291050716318
6.908216432865731 98422.0 1.0010016948387015 44684.0 0.45445895970588424 43142.0 0.4387760370519931 10596.0 0.10776669808082423
6.933066132264529 98282.0 0.9924124221464027 45156.0 0.45596727106126206 42658.0 0.4307434637463752 10468.0 0.10570168733876542
6.9579158316633265 100364.0 1.0061968324196864 46394.0 0.4651219146634144 43162.0 0.4327195775467149 10808.0 0.10835534020955691
6.982765531062125 100224.0 0.9976417426410847 46324.0 0.46111466401366547 42770.0 0.42573772083292616 11130.0 0.11078935779449306
7.007615230460922 100806.0 0.9963185099600823 46904.0 0.4635768048644694 42414.0 0.4191997825669795 11488.0 0.11354192252863347
7.032464929859719 102126.0 1.002231471429126 47952.0 0.4705853897927017 42846.0 0.4204767603240344 11328.0 0.11116932131239
7.057314629258517 102418.0 0.9980189458223301 48458.0 0.47220217224177846 42156.0 0.41079191821834193 11804.0 0.1150248553622096
7.082164328657314 103280.0 0.9993562028749886 48574.0 0.4700109236875455 43184.0 0.4178562961362656 11522.0 0.11148898305117758
7.1070140280561125 103718.0 0.9965762573699908 48948.0 0.4703177331393423 42864.0 0.4118595103637487 11906.0 0.11439901386689977
7.13186372745491 104638.0 0.9984097383422599 49424.0 0.47158205343974324 43240.0 0.4125770474007465 11974.0 0.1142506375017701
7.156713426853708 105094.0 0.9957971018108495 50376.0 0.47732767618344857 42632.0 0.4039509586122912 12086.0 0.11451846701510957
7.181563126252505 105248.0 0.9903548978709942 50054.0 0.47099445175238236 42796.0 0.40269865659477677 12398.0 0.11666178952383498
7.206412825651302 106778.0 0.9978224844050625 51340.0 0.4797636811829769 42914.0 0.40102412571652263 12524.0 0.11703467750556297
7.2312625250501 107772.0 1.000189548088045 51852.0 0.48121801996308233 43446.0 0.4032052398232676 12474.0 0.11576628830169498
7.256112224448898 108966.0 1.0043441087829987 52516.0 0.48404213439832583 43796.0 0.40366953534368716 12654.0 0.11663243904098587
7.280961923847696 108604.0 0.9941747505265431 52464.0 0.48026209082192695 43370.0 0.3970144647557749 12770.0 0.11689819494884125
7.305811623246493 109696.0 0.9973399874356058 53182.0 0.4835229653934545 43730.0 0.39758676387980457 12784.0 0.1162302581623467
7.33066132264529 110788.0 1.0004393803903346 53548.0 0.4835499146219956 43918.0 0.39658895104147307 13322.0 0.12030051472686609
7.355511022044088 111706.0 1.0019134058458914 53912.0 0.48354748658052116 44366.0 0.3979275075981489 13428.0 0.12043841166722134
7.3803607214428855 113392.0 1.0101867785228567 54660.0 0.4869550701465654 45142.0 0.40216110092492235 13590.0 0.12107060745136891
7.405210420841684 113070.0 1.00055764555818 54142.0 0.4791031400531616 45320.0 0.4010371672123173 13608.0 0.12041733829270111
7.430060120240481 113574.0 0.9982950467276791 54954.0 0.48303578281889226 45232.0 0.39758115020679363 13388.0 0.11767811370199312
7.454909819639279 114812.0 1.002449023588292 54882.0 0.47918690827241617 45792.0 0.39982010319613864 14138.0 0.12344201211973722
7.479759519038076 116244.0 1.008208289935486 55908.0 0.4849016643759088 46400.0 0.40243681095804124 13936.0 0.12086981460153583
7.504609218436873 116534.0 1.0040300113036988 55584.0 0.4788988977320336 46742.0 0.4027182692463787 14208.0 0.12241284432528665
7.5294589178356714 116864.0 1.0002272114236073 55414.0 0.47428284753070044 47484.0 0.4064107758354889 13966.0 0.11953358805741804
7.554308617234469 117174.0 0.9962825962621406 56280.0 0.47852582072501815 46918.0 0.398924563908607 13976.0 0.11883221162851552
7.579158316633267 119712.0 1.011187690134081 56886.0 0.4805067406857068 48570.0 0.41026284841797245 14256.0 0.12041810103040179
7.604008016032064 119618.0 1.00378983077941 56696.0 0.47577177553436295 48408.0 0.40622195763488506 14514.0 0.121796097610162
7.628857715430862 119962.0 1.0001184208636982 56382.0 0.47005449063150856 49012.0 0.40861109387449007 14568.0 0.12145283635769957
7.653707414829659 121170.0 1.003629820047966 56948.0 0.4716902780563801 49892.0 0.413246669817885 14330.0 0.11869287217370103
7.6785571142284565 122140.0 1.0051161944615818 57078.0 0.46970707505713266 50284.0 0.4137977953357311 14778.0 0.12161132406871834
7.703406813627255 122414.0 1.0008718539696102 57326.0 0.46870439574445627 50582.0 0.41356462592097976 14506.0 0.11860283230417407
7.728256513026052 123056.0 0.9996507159286768 57490.0 0.4670224910507381 51184.0 0.4157954284560964 14382.0 0.11683279642184234
7.75310621242485 123418.0 0.9961645924021919 57240.0 0.46201090010453466 51520.0 0.41584209597109756 14658.0 0.11831159632655956
7.777955911823647 125020.0 1.0026472162317939 57532.0 0.46140057306229054 52382.0 0.4200981161466471 15106.0 0.12114852702285615
7.802805611222444 124172.0 0.9895033968144136 57310.0 0.4566926494816387 52126.0 0.41538232501971556 14736.0 0.1174284223130593
7.8276553106212425 126344.0 1.0004192243309908 57802.0 0.45768878620892123 53736.0 0.42549331538221147 14806.0 0.11723712273985827
7.85250501002004 127002.0 0.9992646894036009 57718.0 0.4541311108722464 54264.0 0.4269546865860144 15020.0 0.1181788919453401
7.877354709418838 127538.0 0.9971508964704036 57948.0 0.4530641859576514 54886.0 0.4291240579566449 14704.0 0.11496265255610731
7.902204408817635 128620.0 0.9992858981739519 58144.0 0.4517375156540682 55540.0 0.43150628817121206 14936.0 0.11604209434867165
7.927054108216433 128780.0 0.994256095967623 57872.0 0.4468053174859317 55790.0 0.4307310731016749 15118.0 0.11671970538001651
7.95190380761523 129622.0 0.9945021133234828 57808.0 0.44352176456931613 56812.0 0.43588012885261535 15002.0 0.11510021990155136
7.976753507014028 130868.0 0.99780601364605 57762.0 0.4404076700203498 57858.0 0.4411396241826356 15248.0 0.11625871944306454
8.001603206412826 131068.0 0.9931239138315145 57634.0 0.4367023503049219 58152.0 0.4406273219788982 15282.0 0.11579424154769435
8.026452905811624 132194.0 0.9954536188337573 57958.0 0.4364381200384806 58902.0 0.44354667425560895 15334.0 0.11546882453966772
8.05130260521042 132872.0 0.994382855817938 58038.0 0.4343427673698107 59532.0 0.4455235126479129 15302.0 0.11451657580021439
8.076152304609218 133930.0 0.9961326947924886 58400.0 0.43436234880819335 60468.0 0.4497435360913328 15062.0 0.11202680989296247
8.101002004008016 134690.0 0.9956394524056846 58438.0 0.43197845660170314 60910.0 0.45025168198106946 15342.0 0.11340931382291197
8.125851703406813 135286.0 0.9939286680902347 58264.0 0.42805803939512904 61726.0 0.4534929036747175 15296.0 0.11237772502038813
8.15070140280561 135814.0 0.9917236404136178 58554.0 0.42756553846274303 62178.0 0.454028248292797 15082.0 0.11012985365807786
8.175551102204409 137040.0 0.9945928631185916 58726.0 0.4262146853437128 63214.0 0.45878716614987336 15100.0 0.10959101162500534
8.200400801603207 137894.0 0.9947255433866644 58408.0 0.4213376183019442 64140.0 0.4626865298912255 15346.0 0.11070139519349464
8.225250501002003 138378.0 0.9921854686792411 59086.0 0.423653113951507 64298.0 0.4610237267856006 14994.0 0.10750862794213344
8.250100200400801 139280.0 0.9926369446908989 59354.0 0.4230110081503706 64564.0 0.4601422436604193 15362.0 0.10948369288010906
8.2749498997996 140084.0 0.9923708056079145 59174.0 0.4191952689175261 65454.0 0.463683494976303 15456.0 0.10949204171408529
8.299799599198396 140276.0 0.9877804882663622 59568.0 0.4194595520620111 65248.0 0.45945636672277224 15460.0 0.1088645694815789
8.324649298597194 141800.0 0.9925507798952561 59908.0 0.41933520537351904 66750.0 0.46722683045139873 15142.0 0.10598874407033827
8.349498997995992 143178.0 0.9962308650684646 61070.0 0.42492435241259924 66722.0 0.4642509029257156 15386.0 0.10705560973014985
8.37434869739479 142870.0 0.9881881911163625 60352.0 0.41743636669878015 67294.0 0.4654520622452894 15224.0 0.10529976217229303
8.399198396793587 144384.0 0.9927508532234043 60748.0 0.41768914028988924 67942.0 0.4671534136033393 15694.0 0.10790829933017583
8.424048096192385 145440.0 0.9941119073193191 61112.0 0.4177129185925346 68770.0 0.4700569022713805 15558.0 0.10634208645540406
8.448897795591183 146568.0 0.9959289625308867 61726.0 0.4194279183804208 69654.0 0.4732986460627585 15188.0 0.10320239808770747
8.47374749498998 146908.0 0.9923845022524264 62032.0 0.41903501132492793 69368.0 0.4685907380962665 15508.0 0.10475875283123198
8.498597194388777 147998.0 0.9939011472562207 61762.0 0.41477129864483775 70444.0 0.47307647682615445 15792.0 0.10605337178522843
8.523446893787575 148644.0 0.9924188284255929 63028.0 0.4208052388122513 70474.0 0.47051831567009256 15142.0 0.10109527394324917
8.548296593186373 150670.0 1.000096875628191 63026.0 0.4183454283091681 71996.0 0.47788527681507426 15648.0 0.10386617050394857
8.57314629258517 151370.0 0.9989186584805377 64112.0 0.423086959321558 71486.0 0.47174935073092233 15772.0 0.10408234842805734
8.597995991983968 151986.0 0.9971861787633216 63714.0 0.41803008299268535 72286.0 0.47427131524012384 15986.0 0.10488478053051241
8.622845691382766 152820.0 0.9968790927712128 64660.0 0.42179166430170545 72174.0 0.47080716949135926 15986.0 0.1042802589781482
8.647695390781562 153310.0 0.9943279282131979 65042.0 0.421845131477678 72290.0 0.4688537338107891 15978.0 0.10362906292473079
8.67254509018036 155962.0 1.0057313889215758 66258.0 0.4272691448376257 73400.0 0.4733248095487597 16304.0 0.10513743453519045
8.697394789579159 155498.0 0.997009330928424 66156.0 0.42417361829027267 73280.0 0.4698506975680389 16062.0 0.10298501507011246
8.722244488977957 157826.0 1.0061698101434926 67200.0 0.4284123733836168 74110.0 0.4724648957062477 16516.0 0.10529254105362822
8.747094188376753 158032.0 1.001758777733068 66940.0 0.42433008872539474 74588.0 0.47281046695323786 16504.0 0.10461822205443554
8.771943887775551 159152.0 1.0031425183476097 67836.0 0.4275734887065727 74676.0 0.4706863294217233 16640.0 0.10488270021931377
8.79679358717435 160230.0 1.0042313582099274 68744.0 0.4308486581088638 74834.0 0.46901734669089246 16652.0 0.10436535341017106
8.821643286573146 161554.0 1.006825068096138 69776.0 0.43485290337271815 74554.0 0.46463000685120426 17224.0 0.10734215787221534
8.846492985971944 162042.0 1.004192954665669 69228.0 0.42901389680203245 75438.0 0.46749798270861104 17376.0 0.10768107515502565
8.871342685370742 163004.0 1.0044954651130487 70018.0 0.4314787580444986 75622.0 0.46601283442602 17364.0 0.1070038726425301
8.89619238476954 164100.0 1.005600029377726 70684.0 0.4331494971147787 75924.0 0.465260064780466 17492.0 0.10719046748248132
8.921042084168336 164358.0 1.0015700239626988 70914.0 0.4321379955906668 75858.0 0.4622659005205856 17586.0 0.10716612785144636
8.945891783567134 166394.0 1.0083438743261612 71618.0 0.43400345920821076 76972.0 0.4664485780414756 17804.0 0.10789183707647497
8.970741482965932 166176.0 1.0014437398893241 72422.0 0.43644424303307716 76140.0 0.4588504137491163 17614.0 0.10614908310713074
8.995591182364729 167634.0 1.0046488688845698 73126.0 0.4382521039052522 76400.0 0.4578735434505001 18108.0 0.10852322152881748
9.020440881763527 168360.0 1.003440652358287 73708.0 0.43930626992174276 76516.0 0.4560422009731924 18136.0 0.1080921814633517
9.045290581162325 169356.0 1.0038308884667348 73946.0 0.43830321263233174 77076.0 0.4568557922923431 18334.0 0.10867188354206
9.070140280561121 171192.0 1.0091534279528094 75972.0 0.44784455014504676 76720.0 0.4522539078493127 18500.0 0.10905496995845002
9.09498997995992 172880.0 1.0135350969164587 76770.0 0.4500757137336681 77164.0 0.4523855982095189 18946.0 0.1110737849732718
9.119839679358718 172086.0 1.0033821812229216 76724.0 0.4473547788439933 76714.0 0.4472964718241763 18648.0 0.10873093055475193
9.144689378757516 173930.0 1.008622411477787 77338.0 0.44848410313844134 77476.0 0.4492843669962229 19116.0 0.11085394134312299
9.169539078156312 174784.0 1.008081152275717 77736.0 0.44834879882200396 77854.0 0.4490293735655076 19194.0 0.11070297988820552
9.19438877755511 176262.0 1.0111104871155383 78408.0 0.4497801629038313 78236.0 0.44879350098133036 19618.0 0.11253682323037653
9.219238476953908 176330.0 1.0060477427779977 79296.0 0.45242194641481376 77638.0 0.4429622563023773 19396.0 0.11066354006080668
9.244088176352705 177256.0 1.0058937692300065 79608.0 0.4517601163337905 77864.0 0.44186325115835423 19784.0 0.1122704017378619
9.268937875751503 178506.0 1.0075557251140663 80590.0 0.45488059721769925 77928.0 0.43985525722770646 19988.0 0.11281987066866078
9.2937875751503 178816.0 1.0039081403369552 80418.0 0.4514824446896098 78128.0 0.43862593497363567 20270.0 0.11379976067370975
9.318637274549099 180334.0 1.0070308739965728 82148.0 0.4587353035870687 78484.0 0.43827459666367413 19702.0 0.11002097374582982
9.343486973947895 181328.0 1.0071955628177645 81674.0 0.45366237093873035 79050.0 0.43908722999616323 20604.0 0.11444596188287093
9.368336673346693 182478.0 1.0082062090118544 82684.0 0.4568360141273807 79128.0 0.4371888167707341 20666.0 0.11418137811373964
9.393186372745491 183008.0 1.005784597837882 83106.0 0.45673814690021763 79276.0 0.435689039704253 20626.0 0.1133574112334114
9.418036072144288 183976.0 1.0057689492538784 84210.0 0.4603633257417767 78940.0 0.4315530332983713 20826.0 0.11385259021373044
9.442885771543086 184818.0 1.005054300577307 84230.0 0.4580491279941703 79608.0 0.43291434146218577 20980.0 0.11409083112095088
9.467735470941884 185986.0 1.0060967676750454 85110.0 0.46040506219190214 79318.0 0.4290730668891704 21558.0 0.11661863859397281
9.492585170340682 186682.0 1.0045745778127149 85442.0 0.45978113089357303 79552.0 0.4280858187407308 21688.0 0.11670762817841121
9.517434869739478 189406.0 1.0139106336910066 87186.0 0.46671600957194653 80438.0 0.4305932417813437 21782.0 0.11660138233771637
9.542284569138276 189716.0 1.0102806813416374 86374.0 0.45996111856776756 81446.0 0.4337184020986685 21896.0 0.11660116067520132
9.567134268537075 189816.0 1.0055622381534686 87568.0 0.46389700589319616 80280.0 0.42528836599106734 21968.0 0.11637686626920488
9.591983967935871 189918.0 1.0008896344973297 86954.0 0.4582575494586127 80652.0 0.4250452869210851 22312.0 0.11758679811763194
9.616833667334669 191116.0 1.0019980588047173 88208.0 0.46246386891231767 80902.0 0.4241593950973191 22006.0 0.11537479479508052
9.641683366733467 192658.0 1.0048759785195915 88786.0 0.46309480337614034 81754.0 0.4264169188296914 22118.0 0.11536425631375974
9.666533066132265 194574.0 1.0096517277673673 89290.0 0.4633291332467248 82636.0 0.4288012795943146 22648.0 0.11752131492632796
9.691382765531062 195506.0 1.0092854197809569 89342.0 0.46122153782528547 83100.0 0.4289976695538629 23064.0 0.11906621240180859
9.71623246492986 195140.0 1.0022430622545546 89702.0 0.46071132095089706 82974.0 0.4261561742723655 22464.0 0.11537556703129197
9.741082164328658 197830.0 1.0108749947012354 90784.0 0.4638895795327147 83998.0 0.4292143648835584 23048.0 0.11777105028496221
9.765931863727454 197792.0 1.0055374189529973 91188.0 0.46358268362464566 84090.0 0.4274977833267146 22514.0 0.11445695200163698
9.790781563126252 197498.0 0.9989461252357071 90464.0 0.457567480548274 84072.0 0.4252367043758234 22962.0 0.11614194031160978
9.81563126252505 199698.0 1.0049594526032337 91760.0 0.4617726735914868 84712.0 0.42630434530603784 23226.0 0.11688243370570915
9.840480961923848 200424.0 1.0035189781759513 91820.0 0.45974091214682794 85430.0 0.4277463093520313 23174.0 0.11603175667709205
9.865330661322645 201600.0 1.0043220228029515 92168.0 0.4591584930441589 86142.0 0.4291384309935112 23290.0 0.11602509876528146
9.890180360721443 203508.0 1.0087326150111657 92420.0 0.4581002627873692 87392.0 0.43317786372553313 23696.0 0.11745448849826337
9.915030060120241 203262.0 1.0024630801721042 93084.0 0.4590787916813775 86770.0 0.4279389234905368 23408.0 0.11544536500018998
9.939879759519037 203844.0 1.0003067756293198 92904.0 0.45590010342745585 87730.0 0.43051016181962787 23210.0 0.11389651038223597
9.964729458917835 204896.0 1.0004543696891623 93366.0 0.4558821191257923 87630.0 0.4278747091981362 23900.0 0.11669754136523398
9.989579158316634 204972.0 0.9958462372664043 92766.0 0.4506989835014308 88514.0 0.43004085360633904 23692.0 0.11510640015863462
10.014428857715432 206424.0 0.9979235423524159 92686.0 0.44807552148236646 89492.0 0.432634643511425 24246.0 0.11721337735862435
10.039278557114228 208388.0 1.0024309751391047 94918.0 0.4565941575246826 89822.0 0.43208032635729826 23648.0 0.11375649125712398
10.064128256513026 208512.0 0.9980742535752896 93946.0 0.44968675100897865 90586.0 0.43360360235560147 23980.0 0.11478390021070942
10.088977955911824 209414.0 0.9974539324295585 94634.0 0.4507485432757066 91314.0 0.43493514466975797 23466.0 0.1117702444840938
10.11382765531062 211458.0 1.0022403264183584 94896.0 0.44977535972059013 92586.0 0.4388267308958287 23976.0 0.11363823580193969
10.138677354709419 211200.0 0.9961105539066746 94376.0 0.4451180380468575 92902.0 0.4381660164727172 23922.0 0.11282649938709975
10.163527054108217 213500.0 1.0020343568949688 95132.0 0.44648961330272685 94098.0 0.4416366693915821 24270.0 0.11390807420065993
10.188376753507013 213294.0 0.9961842763063027 95424.0 0.44567539819335106 93710.0 0.4376702041907584 24160.0 0.11283867392219318
10.213226452905811 215624.0 1.0021659257232614 95774.0 0.44513337740798625 95422.0 0.44349737025732316 24428.0 0.11353517805795194
10.23807615230461 216832.0 1.0028882765513292 96926.0 0.44830075400777625 95478.0 0.4416034850417273 24428.0 0.1129840375018257
10.262925851703407 216366.0 0.9958867851270456 96434.0 0.4438652387017438 95558.0 0.43983319658897524 24374.0 0.11218834983632645
10.287775551102204 218268.0 0.9997879574310141 97064.0 0.44460671422326664 96990.0 0.4442677533639107 24214.0 0.11091348984383682
10.312625250501002 219184.0 0.9991452767199859 96792.0 0.441224129609282 98034.0 0.4468857583489994 24358.0 0.11103538876170438
10.3374749498998 219476.0 0.9956663789010336 97436.0 0.4420244094780345 97864.0 0.44396605781393295 24176.0 0.10967591160906608
10.362324649298596 220384.0 0.9949904513257563 97008.0 0.43797205651140264 98948.0 0.44673077527307303 24428.0 0.11028761954128054
10.387174348697394 221452.0 0.9950284798717792 97872.0 0.4397586266189096 99134.0 0.4454290470332576 24446.0 0.109840806219612
10.412024048096193 222716.0 0.9959312471565096 98044.0 0.43842868584301453 100032.0 0.4473185335384973 24640.0 0.11018402777499774
10.43687374749499 225542.0 1.0037657273286253 99072.0 0.44091600738621445 101618.0 0.4522468794268041 24852.0 0.11060284051560684
10.461723446893787 223816.0 0.9913522500875545 98108.0 0.43455153586691647 100874.0 0.4468030296106264 24834.0 0.10999768461001146
10.486573146292585 225858.0 0.9956557088353127 99430.0 0.43831986083953256 101722.0 0.44842374418504405 24706.0 0.1089121038107361
10.511422845691383 227196.0 0.9968185778180573 99538.0 0.4367212785385913 102656.0 0.45040145039741236 25002.0 0.10969584888205368
10.53627254509018 227774.0 0.9946406152046111 99588.0 0.43487961570239275 103258.0 0.4509057251696758 24928.0 0.10885527433254254
10.561122244488978 229654.0 0.9981308891544929 99566.0 0.4327375099478182 104622.0 0.4547120881200473 25466.0 0.11068129108662736
10.585971943887776 229792.0 0.9940418022148626 100208.0 0.4334830669316031 104042.0 0.45006831041132295 25542.0 0.11049042487193644
10.610821643286574 230446.0 0.9922017209827 100522.0 0.4328046544380157 105246.0 0.4531441740214421 24678.0 0.1062528925232422
10.63567134268537 232290.0 0.9954676462967682 101230.0 0.43381630649025726 105918.0 0.4539065054908136 25142.0 0.1077448343156974
10.660521042084168 233672.0 0.9967216639376058 101676.0 0.4336962575855045 106740.0 0.455296614094543 25256.0 0.10772879225755833
10.685370741482966 234568.0 0.9958898455458497 102048.0 0.4332584451343016 107054.0 0.45451208828597844 25466.0 0.1081193121255696
10.710220440881763 236024.0 0.9974215131183504 101996.0 0.43102822023192244 108660.0 0.45918983499745764 25368.0 0.10720345788897023
10.73507014028056 235858.0 0.9921055720869305 102662.0 0.431834163952838 107192.0 0.4508890115372057 26004.0 0.10938239659688687
10.759919839679359 237808.0 0.9956876379241525 103326.0 0.4326196800618608 108962.0 0.45621726940847873 25520.0 0.10685068845381304
10.784769539078157 239682.0 0.9989093897230572 104118.0 0.43392681903182245 109744.0 0.4573739874740998 25820.0 0.10760858321713493
10.809619238476953 240080.0 0.9959678072309883 104048.0 0.4316413629072387 110520.0 0.4584903451148319 25512.0 0.10583609920891775
10.834468937875751 241406.0 0.9968748107106038 104922.0 0.43327050234616354 110516.0 0.4563706642771641 25968.0 0.10723364408727604
10.85931863727455 242006.0 0.9947787951375116 105214.0 0.43248785629942293 110730.0 0.455161673617913 26062.0 0.10712926522017563
10.884168336673346 242286.0 0.9913821338202807 105660.0 0.4323379652949443 110648.0 0.45274778709024216 25978.0 0.10629638143509429
10.909018036072144 244186.0 0.9946045665878768 106140.0 0.43232342844240557 111556.0 0.45438357248276795 26490.0 0.10789756566270325
10.933867735470942 245468.0 0.9952816789590673 106362.0 0.4312584529854984 112808.0 0.45739459171873514 26298.0 0.10662863425483383
10.95871743486974 246986.0 0.9968949510184355 108320.0 0.43720559503096096 112280.0 0.4531891082909555 26386.0 0.10650024769651897
10.983567134268537 248350.0 0.997864642779043 108932.0 0.4376862946132744 112718.0 0.4528983563711221 26700.0 0.10727999179464646
11.008416833667335 248942.0 0.9957275219415102 108856.0 0.43540629997535585 113430.0 0.4537015562413153 26656.0 0.1066196657248391
11.033266533066133 250668.0 0.9981148920043763 109002.0 0.4340263594007253 114366.0 0.4553848426563123 27300.0 0.10870368994733859
11.05811623246493 251826.0 0.9982192143473099 110632.0 0.43853687912158235 114474.0 0.45376627648929796 26720.0 0.1059160587364296
11.082965931863727 251926.0 0.9941375174122958 110588.0 0.43639671878087594 114166.0 0.45051603968185955 27172.0 0.10722475894956018
11.107815631262525 255032.0 1.0018913809660146 111720.0 0.4388912178923553 115696.0 0.4545109053461684 27616.0 0.10848925772749089
11.132665330661322 255588.0 0.9995931499756792 111990.0 0.43798784319207595 115892.0 0.45324838934919254 27706.0 0.10835691743441073
11.15751503006012 255870.0 0.9962386032718709 112414.0 0.4376877568617036 115836.0 0.4510114309946474 27620.0 0.1075394154155199
11.182364729458918 257014.0 0.9962452901834475 112764.0 0.43709916153301487 116436.0 0.4513326768495098 27814.0 0.10781345180092294
11.207214428857716 258554.0 0.9977702801467105 113474.0 0.43790072777589145 116892.0 0.45109092718313887 28188.0 0.10877862518768024
11.232064128256512 260640.0 1.0013697132569432 114804.0 0.4410729303282309 117228.0 0.45038585307583223 28608.0 0.10991092985287994
11.25691382765531 260256.0 0.9954798611420312 115020.0 0.4399517921913671 117062.0 0.4477624473787673 28174.0 0.10776562157189686
11.281763527054109 262728.0 1.0005082469872353 116016.0 0.4418066014374985 118228.0 0.45023023440519044 28484.0 0.1084714111445465
11.306613226452905 263842.0 1.0003340499760782 117610.0 0.4459081102238709 117526.0 0.44558963151237696 28706.0 0.10883630823983029
11.331462925851703 265104.0 1.0007104047088202 118030.0 0.44553778542678363 118264.0 0.4464210849420752 28810.0 0.10875153433996133
11.356312625250501 266558.0 1.0017954515972771 118244.0 0.4443922199996565 119222.0 0.4480678026183067 29092.0 0.10933542897931402
11.3811623246493 266606.0 0.9976004148728101 118470.0 0.44329730444919396 118792.0 0.4445021810595818 29344.0 0.10980092936403434
11.406012024048096 268282.0 0.9994975982573373 119322.0 0.4445398961512961 119544.0 0.4453669679146388 29416.0 0.10959073419140246
11.430861723446894 269046.0 0.9979859071471475 120002.0 0.44512947536656183 119510.0 0.44330447493423275 29534.0 0.10955195684635285
11.455711422845692 270860.0 1.0003558268663666 121372.0 0.44825809428643815 119510.0 0.4413812481311359 29978.0 0.1107164844487925
11.480561122244488 272240.0 1.0010999212166398 121324.0 0.44614107714401857 120756.0 0.44405238791667856 30160.0 0.11090645615594276
11.505410821643286 271958.0 0.9957430116058632 121994.0 0.44666703298982074 119728.0 0.4383703339984365 30236.0 0.11070564461760596
11.530260521042084 273250.0 0.9961611421805202 122308.0 0.4458864665244833 120504.0 0.4393097979041955 30438.0 0.11096487775184145
11.555110220440882 276678.0 1.0043199623596002 123998.0 0.45010324887654857 121566.0 0.44127527502803676 31114.0 0.11294143845501485
11.579959919839679 275998.0 0.9975518286863637 123930.0 0.4479257028279229 121476.0 0.4390561016438696 30592.0 0.11057002421457127
11.604809619238477 277928.0 1.0002254749633614 125170.0 0.4504699875549205 121826.0 0.4384353815120695 30932.0 0.11132010589637134
11.629659318637275 279754.0 1.0024944585291606 124878.0 0.44749852724967115 123008.0 0.4407974089905952 31868.0 0.11419852228889413
11.654509018036071 280066.0 0.9993327150998647 125204.0 0.44675345547607864 123684.0 0.4413297848878895 31178.0 0.11124947473589647
11.67935871743487 281564.0 1.000402666614318 126096.0 0.4480216741110335 123958.0 0.44042531626265297 31510.0 0.11195567624063146
11.704208416833668 282030.0 0.9978033556352282 127246.0 0.4501878728899771 123434.0 0.43670127078494747 31350.0 0.11091421196030352
11.729058116232466 283648.0 0.9992755020934925 128428.0 0.4524444176686 123834.0 0.4362600213160169 31386.0 0.11057106310887563
11.753907815631262 284608.0 0.9984179662029413 127790.0 0.44829320293552494 124648.0 0.43727092229053377 32170.0 0.11285384097688266
11.77875751503006 287254.0 1.0034483625212136 129230.0 0.4514319448593107 125942.0 0.43994615800875425 32082.0 0.1120702596531487
11.803607214428858 288356.0 1.0030566694923708 129944.0 0.4520148561518284 125814.0 0.43764850329285027 32598.0 0.1133933100476921
11.828456913827655 289556.0 1.002998856035638 129924.0 0.4500463584645949 127232.0 0.44072148548510925 32400.0 0.1122310120859339
11.853306613226453 288968.0 0.996765171204858 130180.0 0.4490424198784932 126268.0 0.4355483812660745 32520.0 0.11217437006029035
11.87815631262525 291014.0 0.9996225476129166 130746.0 0.4491077735442226 127068.0 0.43647397678489036 33200.0 0.11404079728380363
11.903006012024049 294000.0 1.005662740341885 132294.0 0.45252770942445353 128338.0 0.4389957305101933 33368.0 0.11413930040723815
11.927855711422845 292808.0 0.9974120931548016 132444.0 0.45115313538494345 126872.0 0.4321728473359197 33492.0 0.11408611043393832
11.952705410821643 294734.0 0.999798242959272 133324.0 0.4522623821625669 128118.0 0.43460256126356656 33292.0 0.11293329953313865
11.977555110220441 295908.0 0.9996156328819285 133218.0 0.4500276957069925 128960.0 0.43564361901825394 33730.0 0.11394431815668196
12.002404809619238 297326.0 1.0002467965789297 134552.0 0.45265199469030004 129626.0 0.43608023265150153 33148.0 0.11151456923712813
12.027254509018036 297616.0 0.9970851209376482 133974.0 0.44884509566858133 129852.0 0.43503540509917316 33790.0 0.11320462016989387
12.052104208416834 299702.0 0.9999332179150027 135978.0 0.45368038620244855 129906.0 0.43342161415828506 33818.0 0.11283121755426911
12.076953907815632 301182.0 1.0007358605007948 136098.0 0.4522121147427043 130708.0 0.43430278985576126 34376.0 0.11422095590232922
12.101803607214428 301888.0 0.998962256856983 136572.0 0.45192347275635963 131282.0 0.43441860227865453 34034.0 0.11262018182196895
12.126653306613226 304060.0 1.0020259540161633 136378.0 0.4494320053832017 133216.0 0.43901167365065186 34466.0 0.11358227498230968
12.151503006012025 304446.0 0.9991945496018707 138052.0 0.4530879235123386 131926.0 0.43298233562200317 34468.0 0.11312429046752881
12.176352705410821 306232.0 1.0009539533261118 137984.0 0.4510163219250444 133588.0 0.4366474983572214 34660.0 0.11329013304384596
12.201202404809619 306906.0 0.999070825054699 137586.0 0.4478835817350454 134730.0 0.4385864475103765 34590.0 0.11260079580927725
12.226052104208417 307542.0 0.9970715212411507 137074.0 0.4444029813898898 135514.0 0.43934535812823383 34954.0 0.11332318172302704
12.250901803607213 309326.0 0.9987869941489557 138842.0 0.4483088516375258 135108.0 0.4362520874594347 35376.0 0.11422605505199517
12.275751503006012 311302.0 1.0010978300619133 139180.0 0.447580792889275 137012.0 0.4406088489391101 35110.0 0.11290818823352812
12.30060120240481 313338.0 1.003573994437002 140390.0 0.4496478342205883 137480.0 0.4403275464680282 35468.0 0.1135986137483854
12.325450901803608 314788.0 1.004152733931021 140730.0 0.4489193179095537 138918.0 0.4431391587107182 35140.0 0.11209425731074905
12.350300601202404 313898.0 0.997284267352276 140516.0 0.446432905310873 138140.0 0.43888412379831476 35242.0 0.11196723824308823
12.375150300601202 315714.0 0.999025551381844 140646.0 0.4450513683259241 139642.0 0.4418743737878696 35426.0 0.11209980926805022
12.4 318028.0 1.0023143748212187 141950.0 0.447377355157005 140448.0 0.44264357010983474 35630.0 0.11229344955437894
