r h_AllPart g_AllPart h_OO g_OO h_SiO g_SiO h_SiSi g_SiSi
0.0 0.0 0.0 0.0 0.0 0.0 0.0 0.0 0.0
0.024849699398797595 0.0 0.0 0.0 0.0 0.0 0.0 0.0 0.0
0.04969939879759519 0.0 0.0 0.0 0.0 0.0 0.0 0.0 0.0
0.07454909819639279 0.0 0.0 0.0 0.0 0.0 0.0 0.0 0.0
0.09939879759519038 0.0 0.0 0.0 0.0 0.0 0.0 0.0 0.0
0.12424849699398798 0.0 0.0 0.0 0.0 0.0 0.0 0.0 0.0
0.14909819639278557 0.0 0.0 0.0 0.0 0.0 0.0 0.0 0.0
0.17394789579158315 0.0 0.0 0.0 0.0 0.0 0.0 0.0 0.0
0.19879759519038076 0.0 0.0 0.0 0.0 0.0 0.0 0.0 0.0
0.22364729458917837 0.0 0.0 0.0 0.0 0.0 0.0 0.0 0.0
0.24849699398797595 0.0 0.0 0.0 0.0 0.0 0.0 0.0 0.0
0.27334669338677353 0.0 0.0 0.0 0.0 0.0 0.0 0.0 0.0
0.29819639278557114 0.0 0.0 0.0 0.0 0.0 0.0 0.0 0.0
0.32304609218436875 0.0 0.0 0.0 0.0 0.0 0.0 0.0 0.0
0.3478957915831663 0.0 0.0 0.0 0.0 0.0 0.0 0.0 0.0
0.3727454909819639 0.0 0.0 0.0 0.0 0.0 0.0 0.0 0.0
0.3975951903807615 0.0 0.0 0.0 0.0 0.0 0.0 0.0 0.0
0.42244488977955913 0.0 0.0 0.0 0.0 0.0 0.0 0.0 0.0
0.44729458917835674 0.0 0.0 0.0 0.0 0.0 0.0 0.0 0.0
0.4721442885771543 0.0 0.0 0.0 0.0 0.0 0.0 0.0 0.0
0.4969939879759519 0.0 0.0 0.0 0.0 0.0 0.0 0.0 0.0
0.5218436873747495 0.0 0.0 0.0 0.0 0.0 0.0 0.0 0.0
0.5466933867735471 0.0 0.0 0.0 0.0 0.0 0.0 0.0 0.0
0.5715430861723447 0.0 0.0 0.0 0.0 0.0 0.0 0.0 0.0
0.5963927855711423 0.0 0.0 0.0 0.0 0.0 0.0 0.0 0.0
0.6212424849699398 0.0 0.0 0.0 0.0 0.0 0.0 0.0 0.0
0.6460921843687375 0.0 0.0 0.0 0.0 0.0 0.0 0.0 0.0
0.670941883767535 0.0 0.0 0.0 0.0 0.0 0.0 0.0 0.0
0.6957915831663326 0.0 0.0 0.0 0.0 0.0 0.0 0.0 0.0
0.7206412825651303 0.0 0.0 0.0 0.0 0.0 0.0 0.0 0.0
0.7454909819639278 0.0 0.0 0.0 0.0 0.0 0.0 0.0 0.0
0.7703406813627255 0.0 0.0 0.0 0.0 0.0 0.0 0.0 0.0
0.795190380761523 0.0 0.0 0.0 0.0 0.0 0.0 0.0 0.0
0.8200400801603206 0.0 0.0 0.0 0.0 0.0 0.0 0.0 0.0
0.8448897795591183 0.0 0.0 0.0 0.0 0.0 0.0 0.0 0.0
0.8697394789579158 0.0 0.0 0.0 0.0 0.0 0.0 0.0 0.0
0.8945891783567135 0.0 0.0 0.0 0.0 0.0 0.0 0.0 0.0
0.919438877755511 0.0 0.0 0.0 0.0 0.0 0.0 0.0 0.0
0.9442885771543086 0.0 0.0 0.0 0.0 0.0 0.0 0.0 0.0
0.9691382765531062 0.0 0.0 0.0 0.0 0.0 0.0 0.0 0.0
0.9939879759519038 0.0 0.0 0.0 0.0 0.0 0.0 0.0 0.0
1.0188376753507014 0.0 0.0 0.0 0.0 0.0 0.0 0.0 0.0
1.043687374749499 0.0 0.0 0.0 0.0 0.0 0.0 0.0 0.0
1.0685370741482967 0.0 0.0 0.0 0.0 0.0 0.0 0.0 0.0
1.0933867735470941 0.0 0.0 0.0 0.0 0.0 0.0 0.0 0.0
1.1182364729458918 0.0 0.0 0.0 0.0 0.0 0.0 0.0 0.0
1.1430861723446895 0.0 0.0 0.0 0.0 0.0 0.0 0.0 0.0
1.167935871743487 0.0 0.0 0.0 0.0 0.0 0.0 0.0 0.0
1.1927855711422846 0.0 0.0 0.0 0.0 0.0 0.0 0.0 0.0
1.2176352705410822 0.0 0.0 0.0 0.0 0.0 0.0 0.0 0.0
1.2424849699398797 0.0 0.0 0.0 0.0 0.0 0.0 0.0 0.0
1.2673346693386773 0.0 0.0 0.0 0.0 0.0 0.0 0.0 0.0
1.292184368737475 0.0 0.0 0.0 0.0 0.0 0.0 0.0 0.0
1.3170340681362724 2.0 0.005682864881993016 0.0 0.0 2.0 0.012786445984484288 0.0 0.0
1.34188376753507 6.0 0.01641723874782815 0.0 0.0 6.0 0.036938787182613335 0.0 0.0
1.3667334669338678 16.0 0.042187507313837004 0.0 0.0 16.0 0.09492189145613326 0.0 0.0
1.3915831663326652 20.0 0.05085121708602986 0.0 0.0 20.0 0.11441523844356719 0.0 0.0
1.4164328657314629 76.0 0.18645517061184136 0.0 0.0 76.0 0.419524133876643 0.0 0.0
1.4412825651302605 188.0 0.4453282904188739 0.0 0.0 188.0 1.0019886534424665 0.0 0.0
1.4661322645290582 382.0 0.8741986417120123 0.0 0.0 382.0 1.966946943852028 0.0 0.0
1.4909819639278556 682.0 1.5087222399809104 0.0 0.0 682.0 3.3946250399570483 0.0 0.0
1.5158316633266533 886.0 1.895754767432445 0.0 0.0 886.0 4.265448226723001 0.0 0.0
1.540681362725451 1284.0 2.6587303633829644 0.0 0.0 1284.0 5.982143317611669 0.0 0.0
1.5655310621242484 1536.0 3.0795764362715023 0.0 0.0 1536.0 6.92904698161088 0.0 0.0
1.590380761523046 1914.0 3.71753083340536 0.0 0.0 1914.0 8.364444375162059 0.0 0.0
1.6152304609218437 2036.0 3.8328225850465216 0.0 0.0 2036.0 8.623850816354674 0.0 0.0
1.6400801603206412 2118.0 3.8663751598199934 0.0 0.0 2118.0 8.699344109594984 0.0 0.0
1.6649298597194389 2036.0 3.6057479975854156 0.0 0.0 2036.0 8.112932994567185 0.0 0.0
1.6897795591182365 1942.0 3.338126638937256 0.0 0.0 1942.0 7.5107849376088245 0.0 0.0
1.714629258517034 1856.0 3.0978343262156463 0.0 0.0 1856.0 6.970127233985203 0.0 0.0
1.7394789579158316 1600.0 2.594250760289845 0.0 0.0 1600.0 5.8370642106521515 0.0 0.0
1.7643286573146293 1400.0 2.2060309031211935 0.0 0.0 1400.0 4.963569532022686 0.0 0.0
1.789178356713427 1072.0 1.642270509495423 0.0 0.0 1072.0 3.695108646364702 0.0 0.0
1.8140280561122244 994.0 1.4810596756593595 0.0 0.0 994.0 3.3323842702335593 0.0 0.0
1.838877755511022 836.0 1.2119758658879254 0.0 0.0 836.0 2.7269456982478326 0.0 0.0
1.8637274549098197 648.0 0.914376406569026 0.0 0.0 648.0 2.0573469147803087 0.0 0.0
1.8885771543086172 530.0 0.7281899639166157 0.0 0.0 530.0 1.6384274188123855 0.0 0.0
1.9134268537074148 408.0 0.5460094766006044 0.0 0.0 408.0 1.22852132235136 0.0 0.0
1.9382765531062125 378.0 0.4928916274509587 2.0 0.0058677574696542716 376.0 1.103138404295003 0.0 0.0
1.96312625250501 288.0 0.3660297397157373 2.0 0.0057192146830583965 286.0 0.8178476996773506 0.0 0.0
1.9879759519038076 270.0 0.33457451140456795 4.0 0.0111524837134856 266.0 0.7416401669467924 0.0 0.0
2.012825651302605 232.0 0.28038818611528377 4.0 0.010877127909644629 228.0 0.6199962908497437 0.0 0.0
2.0376753507014027 174.0 0.20516234479351717 2.0 0.005305922710177168 172.0 0.4563093530752364 0.0 0.0
2.0625250501002004 156.0 0.17950661429637105 14.0 0.03624652788676723 142.0 0.36764335428006767 0.0 0.0
2.087374749498998 124.0 0.13928765128701132 28.0 0.07076711315388479 96.0 0.2426301022418907 0.0 0.0
2.1122244488977957 172.0 0.18865965337711643 48.0 0.11846071258563128 120.0 0.29615178146407817 4.0 0.03948690419521043
2.1370741482965934 130.0 0.13927566600237085 40.0 0.09642161492471829 90.0 0.21694863358061614 0.0 0.0
2.1619238476953906 176.0 0.18422335521047944 72.0 0.16956922468237315 104.0 0.24493332454120567 0.0 0.0
2.1867735470941883 190.0 0.19435773966537498 108.0 0.24857331967729537 78.0 0.17952517532249113 4.0 0.03682567698922895
2.211623246492986 218.0 0.2179889117037419 140.0 0.3149839779205445 70.0 0.15749198896027225 8.0 0.07199633781041019
2.2364729458917836 238.0 0.2326994946275567 170.0 0.37398133065143047 64.0 0.14079297153936207 4.0 0.03519824288484052
2.2613226452905812 326.0 0.3117346621057194 232.0 0.4991579558870721 88.0 0.1893357763709584 6.0 0.05163702991935228
2.286172344689379 350.0 0.3274089938730751 280.0 0.5893361889715352 64.0 0.1347054146220652 6.0 0.05051453048327444
2.311022044088176 434.0 0.3972565860335991 360.0 0.7414235822286065 60.0 0.1235705970381011 14.0 0.11533255723556102
2.335871743486974 526.0 0.47122405740342455 450.0 0.9070615173402421 68.0 0.13706707373141438 8.0 0.064502152344195
2.3607214428857715 620.0 0.5437422645609369 544.0 1.0734524706815918 52.0 0.10260942734456391 24.0 0.18943278894381027
2.385571142284569 802.0 0.6887041955114661 728.0 1.4066053269922463 48.0 0.09274320837311513 26.0 0.20094361814174946
2.410420841683367 836.0 0.7030995761336472 768.0 1.453296731529835 62.0 0.11732343405579398 6.0 0.045415522860307346
2.4352705410821645 1016.0 0.8370468015103502 912.0 1.69057090226303 76.0 0.14088090852191917 28.0 0.20761397045335456
2.460120240480962 1220.0 0.984810592730687 1144.0 2.0777889063022856 42.0 0.07628245984676224 34.0 0.24700986997999202
2.4849699398797593 1220.0 0.9651150440258603 1076.0 1.9151996078578752 80.0 0.14239402288906136 64.0 0.45566087324499643
2.509819639278557 1326.0 1.028198318114901 1202.0 2.097105845657428 80.0 0.13957443232328973 44.0 0.3070637511112374
2.5346693386773547 1444.0 1.0977429776439815 1326.0 2.2680859929368555 62.0 0.10604926965466444 56.0 0.3831457484297554
2.5595190380761523 1438.0 1.0719555627055115 1342.0 2.2508830470022896 40.0 0.06709040378546316 56.0 0.37570626119859374
2.58436873747495 1728.0 1.2633646821031457 1590.0 2.615559693416669 74.0 0.12173045114014687 64.0 0.42112156070104867
2.6092184368737477 1748.0 1.2536450928189329 1566.0 2.52701286301345 94.0 0.15168531872494528 88.0 0.5680131084168164
2.634068136272545 1856.0 1.3059870566960499 1712.0 2.710486068099775 74.0 0.11715886042020057 70.0 0.44330379618454263
2.6589178356713425 1784.0 1.2318604596528182 1600.0 2.485817071048288 104.0 0.16157810961813873 80.0 0.4971634142096576
2.68376753507014 1856.0 1.2578445819071145 1650.0 2.5160280228071996 104.0 0.15858600871027198 102.0 0.6221451110941439
2.708617234468938 1950.0 1.297302133999779 1748.0 2.6165586118057087 96.0 0.1437011594584371 106.0 0.6346801209414304
2.7334669338677355 1884.0 1.2306051081723215 1630.0 2.3955648801602916 112.0 0.1646032310294188 142.0 0.8347735287920525
2.758316633266533 1932.0 1.239220741423584 1648.0 2.3783801807446427 110.0 0.15875110429727593 174.0 1.0044615326445823
2.7831663326653304 1940.0 1.2221321129829283 1646.0 2.3330754022846776 120.0 0.17009055180690238 174.0 0.9865252004800339
2.808016032064128 1930.0 1.1943138710363215 1606.0 2.2360897269376934 146.0 0.203280884267063 178.0 0.991342394507869
2.8328657314629258 1970.0 1.1976799121163906 1560.0 2.133937305344432 194.0 0.26537425463898706 216.0 1.1818729691138392
2.8577154308617234 1850.0 1.1051648567544718 1446.0 1.9435966818652293 152.0 0.20430615189731316 252.0 1.3548723757400767
2.882565130260521 1946.0 1.1424711088441488 1472.0 1.9444318152578732 186.0 0.24569586796057363 288.0 1.521729246723553
2.9074148296593187 1856.0 1.0710075351852502 1312.0 1.7034559503592985 210.0 0.2726568213227536 334.0 1.7346167299390418
2.9322645290581164 1968.0 1.1163896751213906 1322.0 1.6873481141506996 272.0 0.3471699599462862 374.0 1.9094347797045739
2.9571142284569136 1820.0 1.0150821286911513 1194.0 1.4983616146861418 240.0 0.30117821400726463 386.0 1.937579843446736
2.9819639278557113 1788.0 0.9806143432698801 1098.0 1.3549260263133325 266.0 0.32824255282271986 424.0 2.0928547728847104
3.006813627254509 1796.0 0.9687212304323062 1060.0 1.28641432883132 280.0 0.33980755855921657 456.0 2.2136035243286107
3.0316633266533066 1818.0 0.9645126837596368 1070.0 1.2772630836915981 254.0 0.30320076939968776 494.0 2.358758741471587
3.0565130260521043 1754.0 0.9154277463952666 1016.0 1.193083140398848 308.0 0.36168268429413897 430.0 2.0197864187854515
3.081362725450902 1792.0 0.9201757610735704 874.0 1.009779929771862 398.0 0.45983113506773565 520.0 2.403137590303744
3.106212424849699 1762.0 0.8902950077160785 808.0 0.9185904222632412 398.0 0.45247399512471526 556.0 2.5283973998928815
3.131062124248497 1716.0 0.8532899013881978 790.0 0.8838710954064811 432.0 0.483332042045063 494.0 2.2107965626876034
3.1559118236472945 1842.0 0.9015200396228359 838.0 0.9228100079852646 460.0 0.5065544196577825 544.0 2.396222646033336
3.180761523046092 1748.0 0.8421469967774807 746.0 0.8086634634387881 438.0 0.4747916849680821 564.0 2.445502377369847
3.20561122244489 1850.0 0.8774701532391995 744.0 0.7939919116337405 490.0 0.522924780511469 616.0 2.6295646105719577
3.2304609218436875 1832.0 0.8555646775780057 736.0 0.7733706910857956 572.0 0.6010435262242868 524.0 2.2024252289617223
3.255310621242485 1758.0 0.8084716473427257 684.0 0.7077576025372326 580.0 0.6001453354847879 494.0 2.04463307399645
3.2801603206412824 1858.0 0.8415136846742672 660.0 0.6725768685367529 718.0 0.7316821084990737 480.0 1.9565872539250992
3.30501002004008 1796.0 0.8012011908117009 672.0 0.6745079067412539 680.0 0.6825377627738879 444.0 1.7826280392447424
3.3298597194388777 1854.0 0.8147309966975652 706.0 0.6980583539666032 700.0 0.6921258467090967 448.0 1.7718421675752873
3.3547094188376754 1900.0 0.822576131336072 716.0 0.6974579724117959 786.0 0.7656452043514965 398.0 1.5507724749714789
3.379559118236473 1738.0 0.7413755893555872 634.0 0.6084995847041111 774.0 0.742868578171896 330.0 1.2669076526962568
3.4044088176352707 1830.0 0.7692241602217992 684.0 0.6469049085143984 846.0 0.800119228952019 300.0 1.1349208921305236
3.429258517034068 1946.0 0.8061290968996597 692.0 0.6449861273755242 940.0 0.8761372250476774 314.0 1.1706684624041308
3.4541082164328656 1834.0 0.7488019549817856 636.0 0.5842615035872057 938.0 0.8616938527748412 260.0 0.9553961693878836
3.4789579158316633 1862.0 0.7493737455553258 630.0 0.570481892762983 1016.0 0.9200152429320487 216.0 0.7823751672178052
3.503807615230461 2004.0 0.7950827059424612 694.0 0.6195217791063639 1102.0 0.9837363120680302 208.0 0.7427119887845747
3.5286573146292586 1988.0 0.7776259851656488 670.0 0.5896736280871308 1144.0 1.006845717211459 174.0 0.6125564852964821
3.5535070140280562 2144.0 0.8269178024633099 730.0 0.6334946317845087 1224.0 1.062188259320875 190.0 0.6595286577482556
3.578356713426854 2096.0 0.7971770557851956 680.0 0.5819088241180101 1268.0 1.0850888073259366 148.0 0.5066029762909736
3.603206412825651 2164.0 0.811687580104955 750.0 0.6329587760753752 1250.0 1.0549312934589588 164.0 0.5536279428072615
3.628056112224449 2186.0 0.8087076161949279 722.0 0.6009814833067981 1322.0 1.1004120788526137 142.0 0.47279429711670545
3.6529058116232465 2282.0 0.8327368362898917 720.0 0.5911628723880914 1420.0 1.1659045538765136 142.0 0.4663618215506055
3.677755511022044 2410.0 0.8675617781731907 768.0 0.6220525944743874 1522.0 1.2327656885286689 120.0 0.3887828715464921
3.702605210420842 2508.0 0.8907217463811401 766.0 0.6121048364784271 1608.0 1.2849407011192047 134.0 0.42831356703973483
3.7274549098196395 2524.0 0.8844523042610927 746.0 0.5881747990103977 1656.0 1.3056534412348777 122.0 0.38475777736873207
3.7523046092184367 2626.0 0.9080069983985513 826.0 0.6426241456678246 1652.0 1.285248291335649 148.0 0.46057323757306556
3.7771543086172343 2612.0 0.8912825461494882 812.0 0.6234200657791404 1716.0 1.3174739321145381 84.0 0.2579669237706788
3.802004008016032 2776.0 0.9348615327204038 794.0 0.6016318905637613 1860.0 1.4093643783987357 122.0 0.3697687186336468
3.8268537074148297 2796.0 0.9293684888800136 846.0 0.632708483041168 1800.0 1.3461882617897192 150.0 0.44872942059657306
3.8517034068136273 2786.0 0.9140957719472708 848.0 0.6260210814340964 1824.0 1.3465359110091883 114.0 0.3366339777522971
3.876553106212425 3044.0 0.985942156537715 884.0 0.6442309294853861 2020.0 1.472111399955294 140.0 0.40811009107671514
3.901402805611222 3198.0 1.0226272700982788 902.0 0.6489749983316 2138.0 1.5382578120099344 158.0 0.45471418951837167
3.92625250501002 3144.0 0.9926337422279626 968.0 0.6876451305892184 2048.0 1.454852507692892 128.0 0.363713126923223
3.9511022044088175 3128.0 0.9751599186008336 954.0 0.6691754364695298 2010.0 1.4098979321842295 164.0 0.460145792792465
3.975951903807615 3298.0 1.0153059369042712 884.0 0.6123236835969058 2222.0 1.5391212951949376 192.0 0.5319735169710675
4.000801603206413 3330.0 1.0124225898450891 972.0 0.6649153765739371 2162.0 1.478957864354786 196.0 0.5363103448909122
4.02565130260521 3638.0 1.0924091410665637 1130.0 0.7634552614518246 2300.0 1.5539354879107934 208.0 0.5621192721486001
4.050501002004008 3680.0 1.091462425237983 1082.0 0.7220557810439863 2400.0 1.6016024718166053 198.0 0.5285288156994797
4.075350701402805 3406.0 0.9978766205066081 1038.0 0.6842456979428019 2168.0 1.4291374500385303 200.0 0.527356992634144
4.1002004008016035 3664.0 1.060452926020305 1158.0 0.7540966426708257 2268.0 1.476935393417472 238.0 0.6199481898295561
4.125050100200401 3740.0 1.0694078221781897 1132.0 0.7282838831785694 2326.0 1.4964561062485444 282.0 0.7257104418952528
4.149899799599198 3890.0 1.098977730162132 1156.0 0.7348177573654768 2472.0 1.5713403946431306 262.0 0.6661669634247576
4.174749498997996 4012.0 1.1199511587004265 1272.0 0.7989282692424278 2480.0 1.557658889717941 260.0 0.6532117924623624
4.199599198396793 3932.0 1.084629708586673 1292.0 0.8018867148681227 2366.0 1.4684705629860513 274.0 0.680238265863361
4.224448897795591 3984.0 1.0860447905318085 1300.0 0.79735969184376 2400.0 1.472048661865403 284.0 0.6967696999496241
4.249298597194389 4046.0 1.0900462836306324 1330.0 0.8062193533773275 2414.0 1.4633184353780968 302.0 0.7322653976539938
4.274148296593187 4100.0 1.091750625064998 1346.0 0.80643091902667 2430.0 1.4558894006202139 324.0 0.7764743469974476
4.298997995991984 4076.0 1.0728125170815237 1434.0 0.8492221752609264 2306.0 1.3656250600778914 336.0 0.7959237123784415
4.323847695390781 4016.0 1.0448708549290107 1498.0 0.8769265977435833 2190.0 1.2820221956331423 328.0 0.7680425208541931
4.348697394789579 4170.0 1.0725389568114434 1536.0 0.888895595860995 2276.0 1.3171395678252766 358.0 0.8287099565579068
4.3735470941883765 4228.0 1.0750994353442986 1614.0 0.923420908101424 2246.0 1.2850082773208167 368.0 0.8421781764097249
4.398396793587175 4298.0 1.0805500846921154 1578.0 0.8926228654488964 2302.0 1.3021659291909755 418.0 0.9457955836695531
4.423246492985972 4208.0 1.046036742117008 1712.0 0.957541238268706 2118.0 1.1846216954749529 378.0 0.8456789440784367
4.44809619238477 4082.0 1.0033778172395547 1684.0 0.9313568225185381 2010.0 1.1116551147638134 388.0 0.8583526060265863
4.472945891783567 4306.0 1.0466779332296174 1724.0 0.9428852073845068 2134.0 1.1671212485838385 448.0 0.9800755751931766
4.497795591182364 4412.0 1.0605937223733743 1808.0 0.9779001048537822 2158.0 1.1672059879836627 446.0 0.9649191300105904
4.5226452905811625 4218.0 1.0028160814018723 1842.0 0.9853416902252395 1878.0 1.004599182542345 498.0 1.0655812415465131
4.54749498997996 4424.0 1.040297047375881 2046.0 1.0825062065087856 1940.0 1.0264232847639512 438.0 0.9269554612919808
4.572344689378758 4396.0 1.0224769904156925 2060.0 1.0780666175106313 1912.0 1.0006132877088965 424.0 0.8875732928631216
4.597194388777555 4352.0 1.0012998572988876 2052.0 1.0622705517345967 1790.0 0.9266395163766706 510.0 1.0560584432449207
4.622044088176352 4428.0 1.0078312124862627 2100.0 1.0754296474700975 1828.0 0.9361359026549229 500.0 1.0242187118762833
4.64689378757515 4398.0 0.9902972749626772 2030.0 1.028463575123244 1838.0 0.9311901729441 530.0 1.074060482394718
4.671743486973948 4540.0 1.011396277957358 2242.0 1.1237860185365403 1770.0 0.8871994883183213 528.0 1.0586244741967765
4.696593186372746 4568.0 1.0068654518965197 2318.0 1.1495855438630251 1704.0 0.8450792781460719 546.0 1.0831297790322894
4.721442885771543 4678.0 1.0202576334557296 2398.0 1.1767422106264191 1696.0 0.8322580438792355 584.0 1.146317683078947
4.746292585170341 4702.0 1.01475392369253 2376.0 1.1537376597320856 1720.0 0.835197295765651 606.0 1.1770454912418247
4.771142284569138 4816.0 1.0285301015275243 2532.0 1.2166810607147645 1698.0 0.8159259246025553 586.0 1.126342972478439
4.7959919839679355 4888.0 1.0330892076863654 2628.0 1.2497251401492386 1644.0 0.7817915260294324 616.0 1.1717362044626043
4.820841683366734 4878.0 1.0203471656924803 2564.0 1.206720540975793 1660.0 0.7812621287128769 654.0 1.2311938124776423
4.845691382765531 4996.0 1.0343114524815331 2738.0 1.2753954569680717 1684.0 0.7844287616998659 574.0 1.06950619766205
4.870541082164329 5264.0 1.078674673643306 2814.0 1.2974218647744284 1776.0 0.8188419445058226 674.0 1.2430168256687488
4.895390781563126 5032.0 1.0206660223274724 2612.0 1.1920616480958972 1710.0 0.7804078936615559 710.0 1.296116033917438
4.920240480961924 5194.0 1.0428837232824846 2792.0 1.261339150878046 1694.0 0.7652967484195593 708.0 1.2794099123519433
4.9450901803607215 5240.0 1.0415459104630365 2830.0 1.2656571726857606 1680.0 0.7513441873187554 730.0 1.3059077541492652
4.969939879759519 5204.0 1.0240464356524563 2986.0 1.3220707105939713 1622.0 0.7181509352255264 596.0 1.0555313375941153
4.994789579158317 5228.0 1.018532746659221 2900.0 1.2712177069532167 1620.0 0.7101285121600728 708.0 1.2414098434798309
5.019639278557114 5454.0 1.0520423266067516 2908.0 1.262103583239453 1798.0 0.7803515277388363 748.0 1.2985604955476076
5.044488977955912 5498.0 1.0500811670603014 2968.0 1.2754532618458883 1768.0 0.7597713500483594 762.0 1.3098320559657237
5.069338677354709 5560.0 1.0515118281315279 3016.0 1.283373968651178 1826.0 0.7770029399061839 718.0 1.2220988189543047
5.0941883767535066 5654.0 1.0588571799037882 3090.0 1.3020347618112997 1824.0 0.7685797428944371 740.0 1.2472566003111478
5.119038076152305 5758.0 1.067864681412158 3180.0 1.3269489050892653 1750.0 0.7302391773289983 828.0 1.3820298030363671
5.143887775551102 5768.0 1.0593838861329647 3084.0 1.2744564469272959 1930.0 0.7975683990174062 754.0 1.2463555914178743
5.1687374749499 5814.0 1.0575649685655641 3132.0 1.281847322580243 1936.0 0.7923551776868933 746.0 1.221274716021534
5.193587174348697 5728.0 1.031951127591876 3088.0 1.251745187588749 1888.0 0.7653157105464892 752.0 1.2193165557859318
5.218436873747495 5812.0 1.037112331606322 3038.0 1.2197490266164857 2010.0 0.8070097246540935 764.0 1.226975979374582
5.2432865731462925 5996.0 1.059804303798078 3238.0 1.2877258597933452 1970.0 0.7834527312516646 788.0 1.2535243700026633
5.26813627254509 5998.0 1.0501563933462843 3174.0 1.250365435658968 2052.0 0.8083647996131703 772.0 1.2164865990280065
5.292985971943888 5864.0 1.0170548218955975 3024.0 1.180088848597825 2060.0 0.8038965040051321 780.0 1.2175519866485496
5.317835671342685 6012.0 1.032978996145109 3000.0 1.1597818070491495 2246.0 0.8682899795441298 766.0 1.1845238189328644
5.342685370741483 6120.0 1.041753850295612 3044.0 1.1658451177572955 2278.0 0.8724688496225752 798.0 1.2225287831410272
5.36753507014028 6132.0 1.0341317918218111 3144.0 1.1929954819549076 2108.0 0.7998837391733286 880.0 1.3356692418833571
5.3923847695390785 6132.0 1.0246006910146572 3118.0 1.1722253991867788 2202.0 0.8278512921774493 812.0 1.2210994536750024
5.417234468937876 6302.0 1.0433455858178935 3080.0 1.1473159171244052 2360.0 0.8791121962381805 862.0 1.2843978189106977
5.442084168336673 6186.0 1.0147880555381006 3012.0 1.1117391937248151 2372.0 0.8755130702241904 802.0 1.1840834440468815
5.466933867735471 6374.0 1.0361230387448659 3156.0 1.1543002350372285 2410.0 0.8814523341063752 808.0 1.1820970721293798
5.491783567134268 6208.0 1.000006557869187 2838.0 1.0285988845479532 2498.0 0.9053699836507354 872.0 1.2641835480279284
5.516633266533066 6446.0 1.0289900473054796 2866.0 1.0293891281491445 2676.0 0.9611463038824531 904.0 1.2987686976229262
5.541482965931864 6382.0 1.0096366564685895 2900.0 1.0322593518422982 2654.0 0.9446952826860204 828.0 1.1789113701040317
5.566332665330661 6350.0 0.9956048821657348 2972.0 1.0484424955972076 2588.0 0.9129775163544999 790.0 1.1147638916847833
5.591182364729459 6588.0 1.0237390121897645 2966.0 1.037025242539222 2782.0 0.9726919166365863 840.0 1.1747824730046479
5.616032064128256 6490.0 0.9995855386484183 2910.0 1.0084416508937626 2754.0 0.9543808613613133 826.0 1.1449797988154609
5.640881763527054 6534.0 0.9974958183835458 2926.0 1.0050526048864517 2740.0 0.9411634099073402 868.0 1.1925983062767465
5.6657314629258515 6448.0 0.9757321146040854 2728.0 0.9288219167865814 2948.0 1.0037269100758217 772.0 1.0513937239871567
5.69058116232465 6480.0 0.9720105432165328 2784.0 0.9396101917759817 2924.0 0.986860704293452 772.0 1.0422113046710602
5.715430861723447 6670.0 0.991810813045819 2820.0 0.94348419921675 3050.0 1.02043503815996 800.0 1.0706203679055317
5.740280561122244 6634.0 0.9779170053856122 2806.0 0.9306721455384478 3016.0 1.000323303971475 812.0 1.077271250430819
5.765130260521042 6682.0 0.976501415242454 2700.0 0.8877949861714919 3196.0 1.0508862132607732 786.0 1.033787939453026
5.789979959919839 6632.0 0.9608752461673228 2728.0 0.8893022106415904 3108.0 1.0131786182822813 796.0 1.0379538998104192
5.8148296593186375 6962.0 1.0000659876241875 2890.0 0.9340604832700775 3276.0 1.0588173505857348 796.0 1.0290825531944383
5.839679358717435 6950.0 0.9898457531291616 2848.0 0.9126520267700241 3300.0 1.0574970815804352 802.0 1.028015344760617
5.864529058116233 6798.0 0.9599923152377405 2740.0 0.8706020334569976 3312.0 1.0523481513903563 746.0 0.9481300977502485
5.88937875751503 6882.0 0.96365327752795 2836.0 0.8935006631656277 3288.0 1.0359062695657912 758.0 0.9552517668258756
5.914228456913827 6972.0 0.9680517639642826 2806.0 0.8766200246397733 3410.0 1.0653151404211072 756.0 0.944725215435023
5.939078156312625 7056.0 0.9715166340695048 2876.0 0.8909699743571098 3474.0 1.0762272916956188 706.0 0.8748606424146308
5.963927855711423 7384.0 1.008205572064122 2942.0 0.9038213413161508 3616.0 1.1108830626101975 826.0 1.015032532871707
5.988777555110221 6992.0 0.9467595711375764 2632.0 0.8018750257832848 3522.0 1.0730257753832557 838.0 1.0212329355720253
6.013627254509018 7278.0 0.9773412571043644 2788.0 0.842382757050794 3736.0 1.1288170661197152 754.0 0.9112720212572434
6.038476953907816 7450.0 0.9922046160944731 2908.0 0.8714086984035083 3782.0 1.13331076250415 760.0 0.9109637012196236
6.063326653306613 7422.0 0.9803733120686895 2802.0 0.8327625365045882 3802.0 1.1299654403249266 818.0 0.9724479013001472
6.0881763527054105 7560.0 0.9904499512145983 3010.0 0.8872780812964112 3830.0 1.1289950336761643 720.0 0.8489571010410843
6.113026052104209 7452.0 0.9683633063059152 2826.0 0.8262665167936342 3898.0 1.1396981183515875 728.0 0.8514112161723506
6.137875751503006 7750.0 0.9989329333586684 3008.0 0.8723584636092218 3988.0 1.1565709949712688 754.0 0.8746785659060549
6.162725450901804 7620.0 0.9742559027477529 2908.0 0.8365559542885233 3904.0 1.123079245372213 808.0 0.929762326086832
6.187575150300601 7758.0 0.9839328827628023 3056.0 0.8720704436551983 3976.0 1.1346047395199832 726.0 0.8286952121644947
6.212424849699398 7970.0 1.0027339328365674 3124.0 0.8843433894489628 4072.0 1.1527036753636928 774.0 0.8764171362784855
6.2372745490981965 8032.0 1.0024823485248355 3050.0 0.8565158262888053 4222.0 1.1856425634725691 760.0 0.8537075776780223
6.262124248496994 7674.0 0.9501984456657727 3040.0 0.8469321564182808 3902.0 1.087081998139517 732.0 0.8157293927607652
6.286973947895792 8066.0 0.9908409724377968 3086.0 0.8529511892042947 4180.0 1.1553259788962904 800.0 0.8844600795378299
6.311823647294589 8460.0 1.0310576391038668 3348.0 0.9180800467339751 4344.0 1.1912006341136165 768.0 0.842396028544436
6.336673346693387 8298.0 1.0033821486352894 3334.0 0.9070705215699716 4200.0 1.1426803211139414 764.0 0.8314359669819535
6.361523046092184 8428.0 1.011139870173097 3392.0 0.9156406607927237 4276.0 1.1542687103625253 760.0 0.820621346936875
6.3863727454909816 8122.0 0.9668448047597222 3196.0 0.8560183441304066 4148.0 1.111002531743719 778.0 0.8335197393409967
6.41122244488978 8742.0 1.0325827399037648 3620.0 0.9620666227998356 4326.0 1.149696190671848 796.0 0.8461934052471483
6.436072144288577 8490.0 0.9950734196429014 3436.0 0.9061145591589246 4296.0 1.1329069109856635 758.0 0.7995748962077589
6.460921843687375 8564.0 0.9960255259344001 3300.0 0.8635555266304205 4428.0 1.1587345066422732 836.0 0.8750696003188261
6.485771543086172 8626.0 0.9955487627813098 3522.0 0.914586850296834 4284.0 1.1124616884360126 820.0 0.8517447101004019
6.51062124248497 8820.0 1.010168312564033 3698.0 0.9529598009851519 4258.0 1.0972695599228708 864.0 0.8905973694442089
6.5354709418837675 8622.0 0.9799816633031423 3424.0 0.875641235686315 4326.0 1.1063154163490068 872.0 0.8920083615869939
6.560320641282565 8924.0 1.0066230551685855 3744.0 0.9502232873980463 4316.0 1.0953962896394145 864.0 0.8771291883674273
6.585170340681363 9110.0 1.0198483055893852 3786.0 0.9536309320706013 4504.0 1.1344832852736366 820.0 0.8261778809275152
6.61002004008016 8934.0 0.992625563651732 3764.0 0.9409610363293619 4358.0 1.0894548874397874 812.0 0.8119663777889925
6.634869739478958 8940.0 0.9858518466028335 3754.0 0.931431501379288 4308.0 1.068888361199247 878.0 0.8713871691113638
6.659719438877755 9050.0 0.9905344224556464 3768.0 0.9279282689037535 4348.0 1.0707622381086837 934.0 0.9200477740510677
6.684569138276553 9098.0 0.988384491033032 4016.0 0.9816489625164297 4234.0 1.0349356840872916 848.0 0.8291218328824028
6.709418837675351 9190.0 0.9909837791086982 3854.0 0.9350724527248179 4372.0 1.0607516251460571 964.0 0.935557700494784
6.734268537074148 9304.0 0.9958725000897473 3852.0 0.9276899138303782 4474.0 1.07748823324951 978.0 0.9421399124881724
6.759118236472946 9456.0 1.0046999403315535 4136.0 0.9887624412780708 4342.0 1.0380093133533326 978.0 0.9352124444583687
6.783967935871743 9702.0 1.0232855500510811 4262.0 1.0114199940439952 4426.0 1.050339017747237 1014.0 0.9625339032948017
6.808817635270541 9836.0 1.0298463797913815 4344.0 1.023354871500708 4450.0 1.0483262380704765 1042.0 0.9818929798376959
6.833667334669339 9690.0 1.0071813397909126 4458.0 1.0425730060652991 4292.0 1.003751310460355 940.0 0.8793347920155955
6.858517034068136 9770.0 1.0081379239855879 4420.0 1.026195665715115 4404.0 1.0224809302736122 946.0 0.8785349319153835
6.883366733466934 9764.0 1.0002443291476488 4422.0 1.0192473323284035 4278.0 0.986056103053123 1064.0 0.9809852208027329
6.908216432865731 9668.0 0.9832846706732811 4296.0 0.9830812605221281 4308.0 0.9858272975626928 1064.0 0.9739278037202461
6.933066132264529 9780.0 0.9875453784611442 4550.0 1.0337419030670723 4206.0 0.9555864712747484 1024.0 0.9305949087830171
6.9579158316633265 10008.0 1.0033495973512634 4676.0 1.0547802871435494 4300.0 0.9699647636264462 1032.0 0.9311661730813885
6.982765531062125 10060.0 1.0013844918352202 4610.0 1.032491117451374 4370.0 0.9787388683866604 1080.0 0.9675404831648451
7.007615230460922 10408.0 1.0286771671988313 4874.0 1.0838766481635265 4244.0 0.9437776969236779 1290.0 1.147477124440664
7.032464929859719 10294.0 1.0102198036632615 4774.0 1.0541360035990794 4376.0 0.9662545353476272 1144.0 1.010416077182528
7.057314629258517 10376.0 1.0110961532008529 4870.0 1.0677608036525006 4346.0 0.9528723722122726 1160.0 1.0173326753485836
7.082164328657314 10284.0 0.9950986822585577 4898.0 1.0663637716676815 4286.0 0.933122728739829 1100.0 0.9579421386969781
7.1070140280561125 10322.0 0.9917912154662685 4868.0 1.0524209632825074 4340.0 0.9382717708804607 1114.0 0.9633500025445466
7.13186372745491 10254.0 0.9783915458018628 4862.0 1.0437989384922448 4226.0 0.9072592172086028 1166.0 1.0012912894133752
7.156713426853708 10554.0 1.0000230852866676 5006.0 1.0672503336295605 4276.0 0.9116185430683181 1272.0 1.0847322607884946
7.181563126252505 10554.0 0.9931025380178694 5144.0 1.0890817486278963 4206.0 0.8904894702039138 1204.0 1.0196379668335827
7.206412825651302 10664.0 0.9965328975721204 5044.0 1.0605449976130903 4306.0 0.9053740602145058 1314.0 1.1051198468387
7.2312625250501 10746.0 0.9972939987894937 5178.0 1.0812370866273027 4280.0 0.893722427725928 1288.0 1.075807931692519
7.256112224448898 10736.0 0.9895415406543578 5170.0 1.0721723147971145 4370.0 0.9062655736292824 1196.0 0.9921223121836354
7.280961923847696 10698.0 0.9793084491485542 5212.0 1.0735044104659837 4210.0 0.8671246293288165 1276.0 1.051259883157786
7.305811623246493 10964.0 0.996830843626384 5362.0 1.0968866939922028 4304.0 0.8804551158042597 1298.0 1.062110353451607
7.33066132264529 11180.0 1.0095779572484334 5518.0 1.1211462547601005 4368.0 0.8874894600928089 1294.0 1.0516587558242625
7.355511022044088 11010.0 0.9875088713554565 5380.0 1.0857216065175117 4318.0 0.8714025830748355 1312.0 1.0590830838297214
7.3803607214428855 11448.0 1.0198795541598757 5456.0 1.0936444275739552 4664.0 0.9348895913132197 1328.0 1.064779911890185
7.405210420841684 11248.0 0.9953367292153895 5280.0 1.0512624771585017 4600.0 0.9158726126759674 1368.0 1.089490203600629
7.430060120240481 11588.0 1.0185643722577653 5588.0 1.1051441018637285 4684.0 0.926359157682481 1316.0 1.0410663121350514
7.454909819639279 11326.0 0.9888981675400651 5442.0 1.0690944386759957 4544.0 0.8926801046203096 1340.0 1.0529853346753653
7.479759519038076 11786.0 1.0222241926619557 5696.0 1.1115582261289347 4610.0 0.8996284098410093 1480.0 1.1552711900778254
7.504609218436873 11738.0 1.0113189517808383 5506.0 1.0673645283810627 4762.0 0.9231365572376719 1470.0 1.139866223552606
7.5294589178356714 11900.0 1.0185090203947262 5612.0 1.080732218531446 4820.0 0.9282126324521685 1468.0 1.1308017796180774
7.554308617234469 11814.0 1.0044960991551821 5722.0 1.0946660765679186 4718.0 0.9025925461809576 1374.0 1.0514304014011326
7.579158316633267 11798.0 0.9965577693298825 5532.0 1.051377738163167 4830.0 0.9179599557715288 1436.0 1.0916691482301577
7.604008016032064 11656.0 0.978128230497484 5600.0 1.057345204552874 4630.0 0.8741979101928226 1426.0 1.0769816154945702
7.628857715430862 12024.0 1.0024360958024296 5714.0 1.0718412895612057 4924.0 0.9236518218059813 1386.0 1.0399524167531193
7.653707414829659 12108.0 1.0028843658612505 5686.0 1.0596631264160812 5040.0 0.9392722752615281 1382.0 1.030217686040819
7.6785571142284565 12444.0 1.024043386595704 5876.0 1.0879843791531503 5120.0 0.9480054495003624 1448.0 1.072431164747285
7.703406813627255 12042.0 0.9845686657981967 5628.0 1.035342386231736 5020.0 0.9234930310737943 1394.0 1.025776322961649
7.728256513026052 12278.0 0.9974086180415659 5642.0 1.03124317492496 5204.0 0.9511856579775775 1432.0 1.046962230763944
7.75310621242485 12562.0 1.0139379676997142 5718.0 1.0384348768859 5356.0 0.9726927598112768 1488.0 1.0809311625087226
7.777955911823647 12678.0 1.0167622306340331 5856.0 1.056701305476733 5288.0 0.9542070531695633 1534.0 1.107226641121112
7.802805611222444 12304.0 0.9804827009635462 5496.0 0.9854233647687914 5292.0 0.948846514984797 1516.0 1.0872647896575605
7.8276553106212425 12514.0 0.9908856909135393 5726.0 1.020143503187197 5330.0 0.9495921886112051 1458.0 1.0390284510282455
7.85250501002004 12930.0 1.0173455877851183 5810.0 1.0285576331261377 5542.0 0.9811129781041402 1578.0 1.1174278451449537
7.877354709418838 12772.0 0.9985738563973084 5818.0 1.0234756551181468 5522.0 0.9714047039467868 1432.0 1.007643271316044
7.902204408817635 12690.0 0.9859227218027873 5814.0 1.0163394866243627 5416.0 0.9467655073198397 1460.0 1.0208845204482762
7.927054108216433 12936.0 0.99873403148293 5742.0 0.9974601360346099 5626.0 0.9773094262157289 1568.0 1.0895280343450147
7.95190380761523 12902.0 0.9898833736633885 5776.0 0.9970953591791505 5694.0 0.9829399195232137 1432.0 0.9888092481610411
7.976753507014028 12862.0 0.9806660870125236 5730.0 0.9829915663822859 5666.0 0.9720122539479986 1466.0 1.005979501791575
8.001603206412826 13102.0 0.9927602098926133 5756.0 0.9813186901480105 5776.0 0.9847284145752102 1570.0 1.0706534701406372
8.026452905811624 13120.0 0.9879685522110607 5716.0 0.9684652096026259 5910.0 1.0013347426087333 1494.0 1.01251716105411
8.05130260521042 13370.0 1.0005794134419463 5850.0 0.9850506005556935 5912.0 0.9954904530744033 1608.0 1.0830505064571316
8.076152304609218 13450.0 1.0003721903202396 6024.0 1.0081074102305227 5930.0 0.9923766505091302 1496.0 1.001413469923547
8.101002004008016 13500.0 0.9979309976595695 6012.0 0.9999268596548888 5996.0 0.9972657103277967 1492.0 0.9926086990053852
8.125851703406813 13500.0 0.9918274632421809 5894.0 0.9743051780582357 6114.0 1.0106721850437823 1492.0 0.9865377167715559
8.15070140280561 13292.0 0.970591443325269 5794.0 0.9519346487293011 6016.0 0.9884084996126123 1482.0 0.9739503965597681
8.175551102204409 13892.0 1.0082373069500492 6002.0 0.9801137857548907 6330.0 1.0336754854762509 1560.0 1.0189786776258776
8.200400801603207 13786.0 0.994480277686379 5952.0 0.9660583112415486 6322.0 1.0261123393261207 1512.0 0.9816398969067349
8.225250501002003 13834.0 0.9919130045027837 5846.0 0.943120406587203 6530.0 1.053468398052418 1458.0 0.94086182196657
8.250100200400801 14110.0 1.0056079329112997 5974.0 0.9579644954094427 6634.0 1.0637992069879885 1502.0 0.9634165866119739
8.2749498997996 13834.0 0.9800161135304452 5908.0 0.9416910652855434 6482.0 1.0331823773156554 1444.0 0.920651251369211
8.299799599198396 13934.0 0.981189463878603 5888.0 0.932883451805923 6474.0 1.0257281703450316 1572.0 0.996258686303608
8.324649298597194 14526.0 1.0167695788969315 6190.0 0.9748766563463455 6732.0 1.0602374233479157 1604.0 1.0104698912953398
8.349498997995992 14230.0 0.9901217512414094 6042.0 0.9459037348736009 6604.0 1.0338874983623403 1584.0 0.9919308282289201
8.37434869739479 14030.0 0.9704122853896946 5874.0 0.914144972904697 6660.0 1.0364667210666125 1496.0 0.9312637926220134
8.399198396793587 14170.0 0.9742962925376523 5894.0 0.9118299423774225 6692.0 1.0352843526280475 1584.0 0.9802094528169918
8.424048096192385 14098.0 0.9636269024606545 5914.0 0.90952627164085 6650.0 1.022717231385129 1534.0 0.9436681100419776
8.448897795591183 14970.0 1.0172108897636165 6330.0 0.9677772944193926 7014.0 1.0723522816836681 1626.0 0.9943797034603049
8.47374749498998 14692.0 0.9924655639647023 6274.0 0.9535897177857148 6850.0 1.0411363670436955 1568.0 0.9532857363646801
8.498597194388777 14704.0 0.9874675650519242 5968.0 0.9017760108485608 7208.0 1.0891423401803664 1528.0 0.9235346813516093
8.523446893787575 15030.0 1.0034750808129935 6258.0 0.9400818945700172 7214.0 1.083692998949841 1558.0 0.9361761532375116
8.548296593186373 15054.0 0.9992339792730329 6328.0 0.9450706388261886 7192.0 1.0741068322436707 1534.0 0.9163959291778593
8.57314629258517 15076.0 0.9948931555296681 6464.0 0.959785490449953 7042.0 1.0456078935254591 1570.0 0.9324648638653628
8.597995991983968 14828.0 0.9728709656614777 6308.0 0.9312083636116368 6986.0 1.031297024126648 1534.0 0.905817140000159
8.622845691382766 15524.0 1.0126652948684929 6642.0 0.9748632117471138 7254.0 1.0646880063254387 1628.0 0.9557827815262278
8.647695390781562 15112.0 0.9801241700579119 6302.0 0.9196446975473902 7202.0 1.050980817476405 1608.0 0.9386154704260257
8.67254509018036 15828.0 1.0206791669669986 6808.0 0.9877914758403137 7304.0 1.0597574823057654 1716.0 0.995916670118671
8.697394789579159 15484.0 0.9927904204617242 6580.0 0.9492548550074805 7266.0 1.0482197228699626 1638.0 0.9452154726457466
8.722244488977957 15748.0 1.0039639964352973 6784.0 0.9731081052570726 7346.0 1.0537223085522487 1618.0 0.9283543126803913
8.747094188376753 15908.0 1.0084020094776784 6656.0 0.949322887474083 7624.0 1.0873854708687511 1628.0 0.9287846519277687
8.771943887775551 15788.0 0.9951250427058448 6742.0 0.9561406977024522 7320.0 1.0381118224832317 1726.0 0.9791153036098679
8.79679358717435 16096.0 1.0088065868905318 6954.0 0.9806344596037964 7528.0 1.061578402631202 1614.0 0.9104078330747929
8.821643286573146 16164.0 1.007361031030242 7058.0 0.989692950586226 7440.0 1.043258083360941 1666.0 0.9344451434835096
8.846492985971944 16142.0 1.0003383489597284 6868.0 0.957640224660803 7538.0 1.0510617375499611 1736.0 0.9682372917944987
8.871342685370742 16016.0 0.9869696062213558 6848.0 0.949502228562603 7458.0 1.0340811361886526 1710.0 0.9483929969871794
8.89619238476954 16196.0 0.9924861715905942 6932.0 0.9557796257284824 7610.0 1.0492618222437609 1654.0 0.9122097524263761
8.921042084168336 16494.0 1.0051166341304196 7250.0 0.9940563292259291 7520.0 1.031076358038481 1724.0 0.9455189581161387
8.945891783567134 16668.0 1.010077027853676 7144.0 0.9740807622822168 7718.0 1.0523453700019807 1806.0 0.9849887215462954
8.970741482965932 16916.0 1.0194265299422185 7330.0 0.9939047082686238 7794.0 1.0568203678370605 1792.0 0.9719384650572298
8.995591182364729 16948.0 1.0157121484815543 7458.0 1.0056736905590467 7626.0 1.028327643363273 1864.0 1.0054040006447107
9.020440881763527 16598.0 0.9892556395725141 7134.0 0.9566837509698884 7618.0 1.0215891245989084 1846.0 0.9902092538774401
9.045290581162325 16822.0 0.9970974282450822 7426.0 0.9903698953651738 7596.0 1.0130419775375519 1800.0 0.9602293625948359
9.070140280561121 17062.0 1.005781566178959 7514.0 0.9966150538392082 7724.0 1.0244682826529206 1824.0 0.9677007496421165
9.09498997995992 17300.0 1.014238615030931 7580.0 0.999875120193788 7764.0 1.024146495143083 1956.0 1.0320610739308969
9.119839679358718 17210.0 1.0034638110506653 7596.0 0.9965252756924418 7636.0 1.0017729074759723 1978.0 1.0379815667823329
9.144689378757516 17370.0 1.0072886383814847 7706.0 1.0054619491408967 7802.0 1.0179878182192155 1862.0 0.9717986759929144
9.169539078156312 17458.0 1.0069045654310158 7836.0 1.0168824832806875 7712.0 1.0007909279046274 1910.0 0.991447444137883
9.19438877755511 17568.0 1.007771898517308 7924.0 1.0227439195506085 7702.0 0.994090568952396 1942.0 1.0026091326437563
9.219238476953908 17450.0 0.9956067096623412 7836.0 1.0059336331264606 7676.0 0.9853938958497589 1938.0 0.9951502710561921
9.244088176352705 18036.0 1.023508373303719 7972.0 1.017890313370415 8056.0 1.0286157005158132 2008.0 1.0255513041885564
9.268937875751503 17866.0 1.008424959658942 8122.0 1.0314822526187921 7740.0 0.982968805130442 2004.0 1.0180204059335431
9.2937875751503 17900.0 1.0049411524713392 8002.0 1.0108079876910743 7928.0 1.001460350714176 1970.0 0.9953970186210528
9.318637274549099 17876.0 0.9982412580857039 8120.0 1.0202432191332407 7890.0 0.9913447043055749 1866.0 0.9378196290160724
9.343486973947895 17938.0 0.9963752981241208 7992.0 0.9988193004163197 7880.0 0.9848218327428178 2066.0 1.032813150480539
9.368336673346693 18134.0 1.0019186638510378 8084.0 1.0049574598426452 7870.0 0.9783541822070283 2180.0 1.0840214064606466
9.393186372745491 18210.0 1.00079436563581 8304.0 1.0268446967347322 7816.0 0.9665002588726719 2090.0 1.0337694682926735
9.418036072144288 18472.0 1.0098362846576532 8458.0 1.04036863442927 8010.0 0.9852627999265136 2004.0 0.9860008244957468
9.442885771543086 18368.0 0.9988657702715089 8408.0 1.0287751873909194 7878.0 0.9639261330001977 2082.0 1.0189866508791123
9.467735470941884 18116.0 0.9799903779424861 8338.0 1.014854796058181 7630.0 0.9286809899165175 2148.0 1.04577025758358
9.492585170340682 18614.0 1.001657963349754 8438.0 1.0216491491982784 8060.0 0.9758819794427737 2116.0 1.0247971555835778
9.517434869739478 18970.0 1.015484447225452 8798.0 1.0596743476569022 7966.0 0.9594641797493615 2206.0 1.0628059154040128
9.542284569138276 19080.0 1.0160532269285902 8650.0 1.0364222185061682 8234.0 0.9865780979398601 2196.0 1.0524777765732003
9.567134268537075 19194.0 1.0168142621864158 8790.0 1.0477255428983974 8238.0 0.9819298091464161 2166.0 1.0327069514984888
9.591983967935871 19142.0 1.0088053467047824 8756.0 1.0382652876100156 8098.0 0.9602412401856906 2288.0 1.0852220091602174
9.616833667334669 19590.0 1.0270799918366025 9038.0 1.0661656546193583 8316.0 0.9809950856179004 2236.0 1.0550769655803873
9.641683366733467 19264.0 1.004782093149592 8980.0 1.0538632782437454 8136.0 0.9548142128943331 2148.0 1.0083288737940155
9.666533066132265 19546.0 1.0142492147430264 9132.0 1.0661914773009804 8214.0 0.9590119135512761 2200.0 1.0274293692782115
9.691382765531062 19846.0 1.0245352286360967 8868.0 1.0300590253439506 8532.0 0.9910310785108914 2446.0 1.1364566423055042
9.71623246492986 19658.0 1.0096389319360475 9116.0 1.05344918775767 8438.0 0.9750991933193527 2104.0 0.9725568631163394
9.741082164328658 19798.0 1.0116414671735863 9100.0 1.0462349247590252 8372.0 0.9625361307783031 2326.0 1.0696889824129636
9.765931863727454 19588.0 0.9958171696757862 8928.0 1.0212362315931791 8530.0 0.9757106916991284 2130.0 0.9745668339128456
9.790781563126252 19700.0 0.996427238105876 9138.0 1.0399513821865922 8220.0 0.9354782623740194 2342.0 1.0661265647104394
9.81563126252505 20140.0 1.0135245909037212 9258.0 1.0482732865352515 8562.0 0.9694659623368787 2320.0 1.05076432264497
9.840480961923848 20042.0 1.003498950255579 9088.0 1.0238272894334937 8580.0 0.9665975069695614 2374.0 1.0697913666879901
9.865330661322645 20104.0 1.0015322394062767 9124.0 1.0227047026846126 8630.0 0.967332484016682 2350.0 1.0536414078513106
9.890180360721443 20606.0 1.0213821699844763 9374.0 1.0454470561112095 8854.0 0.9874534067429752 2378.0 1.0608376784435487
9.915030060120241 20178.0 0.9951540392061833 9128.0 1.0129087945889876 8704.0 0.9658586928245562 2346.0 1.0413164032014746
9.939879759519037 20408.0 1.0014648788800826 9220.0 1.0180022007236043 8864.0 0.9786953912379639 2324.0 1.0263935420744712
9.964729458917835 20568.0 1.0042824396653274 9450.0 1.038193085053677 8768.0 0.963267404206417 2350.0 1.0326999999475728
9.989579158316634 20172.0 0.98004655748775 9208.0 1.0065736951234983 8636.0 0.9440454421249491 2328.0 1.0179424683959617
10.014428857715432 20612.0 0.9964539033720881 9274.0 1.0087572954935806 8894.0 0.9674236991718681 2444.0 1.0633611516870005
10.039278557114228 21092.0 1.0146109242199166 9608.0 1.0399136620418243 9124.0 0.9875283360189014 2360.0 1.0217303257363468
10.064128256513026 21014.0 1.0058669220299614 9634.0 1.0375784874551472 9014.0 0.9708047006353225 2366.0 1.019269545907776
10.088977955911824 20996.0 1.0000545696701753 9586.0 1.0273231561216982 9030.0 0.9677371270372351 2380.0 1.0202499943958447
10.11382765531062 21066.0 0.99845807282435 9390.0 1.001372967511462 9260.0 0.9875094439995886 2416.0 1.0305930093749487
10.138677354709419 21290.0 1.0041284892364155 9632.0 1.022145261565599 9238.0 0.980334087037272 2420.0 1.0272390087162582
10.163527054108217 21316.0 1.000438611314902 9548.0 1.0082765381346426 9362.0 0.9886347873917599 2406.0 1.0163021997285084
10.188376753507013 21412.0 1.000042088585265 9670.0 1.0161785794131284 9286.0 0.9758256761561851 2456.0 1.0323617749901315
10.213226452905811 21334.0 0.9915504702342993 9522.0 0.9957566818006351 9386.0 0.981534574184075 2426.0 1.0147892081698555
10.23807615230461 21722.0 1.0046828486223425 9530.0 0.9917554544509981 9684.0 1.0077817230748651 2508.0 1.04399692749763
10.262925851703407 21428.0 0.9862853697763203 9590.0 0.9931665375372667 9422.0 0.9757679996534022 2416.0 1.0008301792242071
10.287775551102204 21644.0 0.9914147080944925 9808.0 1.0108362492251555 9490.0 0.978062398567162 2346.0 0.9671377816811642
10.312625250501002 21682.0 0.988369036510089 9614.0 0.9860670055007834 9708.0 0.9957081848763892 2360.0 0.9682205670821089
10.3374749498998 22184.0 1.0063908103637997 9970.0 1.017664165771995 9702.0 0.9903086997311831 2512.0 1.025625831261485
10.362324649298596 22254.0 1.0047243676402724 9752.0 0.9906381807658334 10098.0 1.02578592589965 2404.0 0.9768228821005183
10.387174348697394 22046.0 0.9905712238883931 9576.0 0.9681052159076169 10022.0 1.013194493925035 2448.0 0.9899421756649315
10.412024048096193 22436.0 1.0032828113473415 9792.0 0.9852169236764408 10068.0 1.0129865183388895 2576.0 1.0367315340647514
10.43687374749499 22270.0 0.9911175190256577 9738.0 0.9751181140822486 10142.0 1.0155727986262235 2390.0 0.9572940203970318
10.461723446893787 22684.0 1.0047465078897881 9998.0 0.9963972433536734 10272.0 1.0237039891707276 2414.0 0.9623136409104892
10.486573146292585 22608.0 0.9966343572221815 10006.0 0.9924684890888883 10192.0 1.0109173336791875 2410.0 0.9561659239273319
10.511422845691383 22582.0 0.9907814012697128 10002.0 0.9873811019783124 10124.0 0.9994247426943047 2456.0 0.9698092327369467
10.53627254509018 23154.0 1.0110859362546896 10156.0 0.9978545706727093 10480.0 1.029688450241236 2518.0 0.9896013426364246
10.561122244488978 23130.0 1.0052847965262273 9970.0 0.9749697880706699 10520.0 1.0287544804918203 2640.0 1.0326660944860857
10.585971943887776 23292.0 1.0075730076411962 10174.0 0.9902480467292825 10426.0 1.0147755194809809 2692.0 1.0480628039297144
10.610821643286574 22776.0 0.9806369560375088 9926.0 0.9615848023210266 10344.0 1.0020787019150412 2506.0 0.9710785873933077
10.63567134268537 23416.0 1.0034814415465636 10088.0 0.9727118961489537 10786.0 1.0400149198912187 2542.0 0.9804257097583824
10.660521042084168 23016.0 0.9817413219036912 10004.0 0.9601153725551873 10532.0 1.0107891946972443 2480.0 0.9520536281234965
10.685370741482966 23192.0 0.9846474070589059 9984.0 0.9537391924875503 10792.0 1.030924816238546 2416.0 0.9231706286257699
10.710220440881763 23850.0 1.007884922205905 10230.0 0.9727040334119255 10984.0 1.0443969797650625 2636.0 1.0025602471451946
10.73507014028056 23652.0 0.9948901877824828 10308.0 0.9755829581109051 10692.0 1.0119259786691692 2652.0 1.003975942922049
10.759919839679359 23762.0 0.9949004933540382 10362.0 0.9761639404217963 10756.0 1.0132811564540476 2644.0 0.9963240526829683
10.784769539078157 23944.0 0.9979008197331831 10414.0 0.9765416412286201 10962.0 1.027928698977159 2568.0 0.9632260167755315
10.809619238476953 23784.0 0.9866752052308325 10268.0 0.9584240357571444 11024.0 1.028989732195828 2492.0 0.9304217752656035
10.834468937875751 23952.0 0.9890866617292188 10292.0 0.9562575077514831 11108.0 1.0320742709000654 2552.0 0.948452840956776
10.85931863727455 24420.0 1.0037973511920377 10716.0 0.9910957385172493 11102.0 1.0267959022973592 2602.0 0.9626095974699076
10.884168336673346 24306.0 0.9945491751333443 10550.0 0.9712873794424323 11166.0 1.0279995145833363 2590.0 0.9537950000970236
10.909018036072144 24558.0 1.0002825283294325 10652.0 0.9762102515054771 11212.0 1.0275318569169556 2694.0 0.9875743212751616
10.933867735470942 24806.0 1.0057912774071822 10678.0 0.9741448978209408 11466.0 1.04603347053895 2662.0 0.9714080232250775
10.95871743486974 24642.0 0.9946104387696584 10698.0 0.9715433230421664 11280.0 1.0243978952996482 2664.0 0.9677290755596677
10.983567134268537 24848.0 0.9983869798177436 10964.0 0.9911948005925593 11218.0 1.0141575404092786 2666.0 0.9640734543523397
11.008416833667335 25182.0 1.0072390539776779 11008.0 0.9906797271431629 11446.0 1.030098124716628 2728.0 0.9820400783599377
11.033266533066133 25228.0 1.0045335860774571 11064.0 0.9912343067945227 11512.0 1.0313710538520016 2652.0 0.9503808321110174
11.05811623246493 24936.0 0.9884441768905721 10914.0 0.9734010839674901 11410.0 1.0176384797571068 2612.0 0.9318393371167618
11.082965931863727 25286.0 0.9978232205206018 11124.0 0.9876816177493529 11414.0 1.0134302395712977 2748.0 0.9759615554028127
11.107815631262525 25366.0 0.9965014888164594 11032.0 0.9751304878736164 11552.0 1.0210938538720105 2782.0 0.9836160323656276
11.132665330661322 25574.0 1.0001876151258284 11336.0 0.9975281657698982 11506.0 1.012487568397005 2732.0 0.9616255994648418
11.15751503006012 25492.0 0.9925397457539583 11098.0 0.9722349647477333 11576.0 1.0141099253847325 2818.0 0.9874781512557623
11.182364729458918 25948.0 1.0058040725283486 11528.0 1.005416449562213 11634.0 1.0146612573045444 2786.0 0.9719258252881076
11.207214428857716 26182.0 1.0103739054433958 11360.0 0.9863706753927582 11886.0 1.0320424161723878 2936.0 1.0197127827299781
11.232064128256512 25554.0 0.9817756926246135 11272.0 0.9743991201512658 11412.0 0.9865013093653519 2870.0 0.9923795155550507
11.25691382765531 25802.0 0.9869271554618027 11426.0 0.9833507780865731 11540.0 0.9931619096025777 2836.0 0.9762936483996224
11.281763527054109 26124.0 0.9948417163109581 11390.0 0.9759342399616858 11882.0 1.0180904863235076 2852.0 0.97747654165785
11.306613226452905 26240.0 0.9948668320954318 11654.0 0.9941654206474985 11594.0 0.9890470127842027 2992.0 1.0209517551320801
11.331462925851703 26484.0 0.9997138616659271 11796.0 1.0018654886903555 11836.0 1.0052627945184 2852.0 0.9689116221583227
11.356312625250501 26538.0 0.9973682160913776 11842.0 1.0013707677159813 11874.0 1.0040767181100796 2822.0 0.9545240015181554
11.3811623246493 26828.0 1.0038642765056955 11824.0 0.9954825261725633 12002.0 1.0104686467458648 3002.0 1.0109737968775492
11.406012024048096 26506.0 0.9874938810434164 11786.0 0.9879595746038573 11862.0 0.9943302625106868 2858.0 0.9582855809325721
11.430861723446894 26832.0 0.9952929187043205 11774.0 0.9826625803464338 12118.0 1.011372953001366 2940.0 0.9814941349476864
11.455711422845692 26936.0 0.9948159400602691 12112.0 1.0064866349317811 11772.0 0.9782332122206842 3052.0 1.0144640719325615
11.480561122244488 27346.0 1.0055861903317012 12288.0 1.0166915450263612 12010.0 0.9936902226372557 3048.0 1.0087486423308427
11.505410821643286 27420.0 1.0039518373510898 12118.0 0.9982949971296915 12214.0 1.0062035892838797 3088.0 1.0175721905055248
11.530260521042084 27776.0 1.01260281373124 12456.0 1.0217168223513728 12330.0 1.0113815365761423 2990.0 0.9810318878710997
11.555110220440882 27540.0 0.9996809201809826 12518.0 1.0223860914073153 12036.0 0.9830195715112997 2986.0 0.9755056299543837
11.579959919839679 27534.0 0.9951735900640707 12510.0 1.017347593024204 12048.0 0.9797764828741495 2976.0 0.9680660069832233
11.604809619238477 27432.0 0.9872407684434433 12464.0 1.0092658249572735 11896.0 0.9632723245901577 3072.0 0.9950143178012657
11.629659318637275 28156.0 1.0089662337034337 12560.0 1.0126930588314762 12390.0 0.9989862260288208 3206.0 1.0339789638897174
11.654509018036071 28000.0 0.9990972136137986 12480.0 1.0019517770812667 12442.0 0.9989009623754102 3078.0 0.9884639646974803
11.67935871743487 28474.0 1.0116870597511076 12758.0 1.0199123022295926 12418.0 0.9927316953352471 3298.0 1.0546075475006103
11.704208416833668 27860.0 0.9856682440874182 12628.0 1.0052330157665403 12020.0 0.9568340869111353 3212.0 1.022745786076062
11.729058116232466 28282.0 0.9963585059724784 12932.0 1.0250704846998517 12182.0 0.965620835494401 3168.0 1.0044612729752953
11.753907815631262 28858.0 1.0123519250577806 12868.0 1.015684568791944 12560.0 0.9913738097627305 3430.0 1.0829338113013265
11.77875751503006 28818.0 1.0066831066281525 12748.0 1.0019672269906066 12898.0 1.0137569260844717 3172.0 0.9972513473530605
11.803607214428858 28708.0 0.9986180578100328 12964.0 1.0146541078535896 12464.0 0.9755205800900294 3280.0 1.0268637685158204
11.828456913827655 29422.0 1.0191545795038108 13238.0 1.0317459291622175 13026.0 1.0152230301606773 3158.0 0.9845153782427202
11.853306613226453 28984.0 0.999773044842391 13062.0 1.0137603471361942 12654.0 0.9820948884291381 3268.0 1.0145364613201906
11.87815631262525 28880.0 0.9920175378181473 12956.0 1.0013262896446264 12700.0 0.9815408983086412 3224.0 0.996689088550255
11.903006012024049 29170.0 0.9977953107405709 13118.0 1.0096135582503711 12880.0 0.9912961297655725 3172.0 0.9765190446013651
11.927855711422845 29048.0 0.9894820661307299 13230.0 1.0139908910612263 12456.0 0.9546689749855355 3362.0 1.0306991309895215
11.952705410821643 29684.0 1.0069422273644382 13354.0 1.019238971651583 12946.0 0.9880985268085514 3384.0 1.033130052439406
11.977555110220441 29566.0 0.9987778566915088 13316.0 1.012121469401823 12910.0 0.9812622536780965 3340.0 1.0154658179039016
12.002404809619238 29788.0 1.0021105310834961 13332.0 1.009141587246933 13110.0 0.9923376994304898 3346.0 1.0130776330417754
12.027254509018036 29702.0 0.9950883777112128 13350.0 1.0063284339606948 12988.0 0.9790407266128467 3364.0 1.0143187571067498
12.052104208416834 29510.0 0.9845789904862741 13508.0 1.0140396224279677 12608.0 0.9464770180316714 3394.0 1.01914435253791
12.076953907815632 30040.0 0.9981375131795351 13702.0 1.0243701885009482 12970.0 0.969645405404853 3368.0 1.0071752429926122
12.101803607214428 30190.0 0.9990019654478587 13466.0 1.0025922838728702 13290.0 0.9894884488838886 3434.0 1.022694758003694
12.126653306613226 30264.0 0.997346361650502 13680.0 1.014351077570792 13156.0 0.9754972789854781 3428.0 1.016723828629437
12.151503006012025 30212.0 0.9915605963806953 13656.0 1.0084301232752961 13106.0 0.9678152603724394 3450.0 1.0190638328353168
12.176352705410821 30636.0 1.0013723358139828 13530.0 0.9950475692981192 13536.0 0.9954888320782957 3570.0 1.050205416820188
12.201202404809619 30740.0 1.0006789428092462 13972.0 1.023368377524212 13478.0 0.9871857280469029 3290.0 0.9638940629987567
12.226052104208417 30964.0 1.0038733761148393 14002.0 1.0213967438899998 13412.0 0.9783583151730237 3550.0 1.0358401487814597
12.250901803607213 30882.0 0.9971531637595304 13636.0 0.9906630469952126 13640.0 0.9909536492383909 3606.0 1.04791168890136
12.275751503006012 31034.0 0.9980041907260928 14002.0 1.013134724068125 13470.0 0.9746411036421686 3562.0 1.0309344056936613
12.30060120240481 31792.0 1.018249444087253 14324.0 1.032245889956218 13902.0 1.0018348479594625 3566.0 1.027922045122556
12.325450901803608 31510.0 1.0051479931308205 14196.0 1.018896605794717 13922.0 0.9992306667986793 3392.0 0.9738228478037984
12.350300601202404 31548.0 1.0023104341674558 14008.0 1.0013573051885973 14036.0 1.0033588760441998 3504.0 1.0019291825759125
12.375150300601202 31668.0 1.0020823011067053 14096.0 1.0036011829575682 14110.0 1.0045979491721968 3462.0 0.9859441814412885
12.4 31882.0 1.004810485178981 14176.0 1.0052517168078785 14228.0 1.0089391525636635 3478.0 0.9865308891246618
