r h_AllPart g_AllPart h_OO g_OO h_SiO g_SiO h_SiSi g_SiSi
0.0 0.0 0.0 0.0 0.0 0.0 0.0 0.0 0.0
0.024849699398797595 0.0 0.0 0.0 0.0 0.0 0.0 0.0 0.0
0.04969939879759519 0.0 0.0 0.0 0.0 0.0 0.0 0.0 0.0
0.07454909819639279 0.0 0.0 0.0 0.0 0.0 0.0 0.0 0.0
0.09939879759519038 0.0 0.0 0.0 0.0 0.0 0.0 0.0 0.0
0.12424849699398798 0.0 0.0 0.0 0.0 0.0 0.0 0.0 0.0
0.14909819639278557 0.0 0.0 0.0 0.0 0.0 0.0 0.0 0.0
0.17394789579158315 0.0 0.0 0.0 0.0 0.0 0.0 0.0 0.0
0.19879759519038076 0.0 0.0 0.0 0.0 0.0 0.0 0.0 0.0
0.22364729458917837 0.0 0.0 0.0 0.0 0.0 0.0 0.0 0.0
0.24849699398797595 0.0 0.0 0.0 0.0 0.0 0.0 0.0 0.0
0.27334669338677353 0.0 0.0 0.0 0.0 0.0 0.0 0.0 0.0
0.29819639278557114 0.0 0.0 0.0 0.0 0.0 0.0 0.0 0.0
0.32304609218436875 0.0 0.0 0.0 0.0 0.0 0.0 0.0 0.0
0.3478957915831663 0.0 0.0 0.0 0.0 0.0 0.0 0.0 0.0
0.3727454909819639 0.0 0.0 0.0 0.0 0.0 0.0 0.0 0.0
0.3975951903807615 0.0 0.0 0.0 0.0 0.0 0.0 0.0 0.0
0.42244488977955913 0.0 0.0 0.0 0.0 0.0 0.0 0.0 0.0
0.44729458917835674 0.0 0.0 0.0 0.0 0.0 0.0 0.0 0.0
0.4721442885771543 0.0 0.0 0.0 0.0 0.0 0.0 0.0 0.0
0.4969939879759519 0.0 0.0 0.0 0.0 0.0 0.0 0.0 0.0
0.5218436873747495 0.0 0.0 0.0 0.0 0.0 0.0 0.0 0.0
0.5466933867735471 0.0 0.0 0.0 0.0 0.0 0.0 0.0 0.0
0.5715430861723447 0.0 0.0 0.0 0.0 0.0 0.0 0.0 0.0
0.5963927855711423 0.0 0.0 0.0 0.0 0.0 0.0 0.0 0.0
0.6212424849699398 0.0 0.0 0.0 0.0 0.0 0.0 0.0 0.0
0.6460921843687375 0.0 0.0 0.0 0.0 0.0 0.0 0.0 0.0
0.670941883767535 0.0 0.0 0.0 0.0 0.0 0.0 0.0 0.0
0.6957915831663326 0.0 0.0 0.0 0.0 0.0 0.0 0.0 0.0
0.7206412825651303 0.0 0.0 0.0 0.0 0.0 0.0 0.0 0.0
0.7454909819639278 0.0 0.0 0.0 0.0 0.0 0.0 0.0 0.0
0.7703406813627255 0.0 0.0 0.0 0.0 0.0 0.0 0.0 0.0
0.795190380761523 0.0 0.0 0.0 0.0 0.0 0.0 0.0 0.0
0.8200400801603206 0.0 0.0 0.0 0.0 0.0 0.0 0.0 0.0
0.8448897795591183 0.0 0.0 0.0 0.0 0.0 0.0 0.0 0.0
0.8697394789579158 0.0 0.0 0.0 0.0 0.0 0.0 0.0 0.0
0.8945891783567135 0.0 0.0 0.0 0.0 0.0 0.0 0.0 0.0
0.919438877755511 0.0 0.0 0.0 0.0 0.0 0.0 0.0 0.0
0.9442885771543086 0.0 0.0 0.0 0.0 0.0 0.0 0.0 0.0
0.9691382765531062 0.0 0.0 0.0 0.0 0.0 0.0 0.0 0.0
0.9939879759519038 0.0 0.0 0.0 0.0 0.0 0.0 0.0 0.0
1.0188376753507014 0.0 0.0 0.0 0.0 0.0 0.0 0.0 0.0
1.043687374749499 0.0 0.0 0.0 0.0 0.0 0.0 0.0 0.0
1.0685370741482967 0.0 0.0 0.0 0.0 0.0 0.0 0.0 0.0
1.0933867735470941 0.0 0.0 0.0 0.0 0.0 0.0 0.0 0.0
1.1182364729458918 0.0 0.0 0.0 0.0 0.0 0.0 0.0 0.0
1.1430861723446895 0.0 0.0 0.0 0.0 0.0 0.0 0.0 0.0
1.167935871743487 0.0 0.0 0.0 0.0 0.0 0.0 0.0 0.0
1.1927855711422846 0.0 0.0 0.0 0.0 0.0 0.0 0.0 0.0
1.2176352705410822 0.0 0.0 0.0 0.0 0.0 0.0 0.0 0.0
1.2424849699398797 0.0 0.0 0.0 0.0 0.0 0.0 0.0 0.0
1.2673346693386773 0.0 0.0 0.0 0.0 0.0 0.0 0.0 0.0
1.292184368737475 0.0 0.0 0.0 0.0 0.0 0.0 0.0 0.0
1.3170340681362724 0.0 0.0 0.0 0.0 0.0 0.0 0.0 0.0
1.34188376753507 0.0 0.0 0.0 0.0 0.0 0.0 0.0 0.0
1.3667334669338678 200.0 0.05273438414229625 0.0 0.0 200.0 0.05273438414229625 0.0 0.0
1.3915831663326652 0.0 0.0 0.0 0.0 0.0 0.0 0.0 0.0
1.4164328657314629 600.0 0.14720145048303265 0.0 0.0 600.0 0.14720145048303265 0.0 0.0
1.4412825651302605 1400.0 0.33162745031192736 0.0 0.0 1400.0 0.33162745031192736 0.0 0.0
1.4661322645290582 2600.0 0.595004311112888 0.0 0.0 2600.0 0.595004311112888 0.0 0.0
1.4909819639278556 6200.0 1.3715656727099184 0.0 0.0 6200.0 1.3715656727099184 0.0 0.0
1.5158316633266533 6000.0 1.2838068402477054 0.0 0.0 6000.0 1.2838068402477054 0.0 0.0
1.540681362725451 10600.0 2.19490201338469 0.0 0.0 10600.0 2.19490201338469 0.0 0.0
1.5655310621242484 13200.0 2.6465109999208223 0.0 0.0 13200.0 2.6465109999208223 0.0 0.0
1.590380761523046 17800.0 3.4572648293947443 0.0 0.0 17800.0 3.4572648293947443 0.0 0.0
1.6152304609218437 18600.0 3.501498039384347 0.0 0.0 18600.0 3.501498039384347 0.0 0.0
1.6400801603206412 23200.0 4.235122932380729 0.0 0.0 23200.0 4.235122932380729 0.0 0.0
1.6649298597194389 20800.0 3.683671824645218 0.0 0.0 20800.0 3.683671824645218 0.0 0.0
1.6897795591182365 20600.0 3.5409582266790665 0.0 0.0 20600.0 3.5409582266790665 0.0 0.0
1.714629258517034 17000.0 2.8374560100035553 0.0 0.0 17000.0 2.8374560100035553 0.0 0.0
1.7394789579158316 16000.0 2.594250760289845 0.0 0.0 16000.0 2.594250760289845 0.0 0.0
1.7643286573146293 15000.0 2.3636045390584215 0.0 0.0 15000.0 2.3636045390584215 0.0 0.0
1.789178356713427 13800.0 2.114116887223586 0.0 0.0 13800.0 2.114116887223586 0.0 0.0
1.8140280561122244 11400.0 1.6985996280197886 0.0 0.0 11400.0 1.6985996280197886 0.0 0.0
1.838877755511022 9000.0 1.3047587072956137 0.0 0.0 9000.0 1.3047587072956137 0.0 0.0
1.8637274549098197 9200.0 1.2981887253757776 0.0 0.0 9200.0 1.2981887253757776 0.0 0.0
1.8885771543086172 6600.0 0.9068025965754083 0.0 0.0 6600.0 0.9068025965754083 0.0 0.0
1.9134268537074148 4200.0 0.5620685788535633 0.0 0.0 4200.0 0.5620685788535633 0.0 0.0
1.9382765531062125 4000.0 0.5215784417470463 0.0 0.0 4000.0 0.5215784417470463 0.0 0.0
1.96312625250501 3800.0 0.4829559065693756 0.0 0.0 3800.0 0.4829559065693756 0.0 0.0
1.9879759519038076 2800.0 0.3469661599751075 0.0 0.0 2800.0 0.3469661599751075 0.0 0.0
2.012825651302605 2000.0 0.2417139535476584 0.0 0.0 2000.0 0.2417139535476584 0.0 0.0
2.0376753507014027 1400.0 0.16507315098328965 200.0 0.023581878711898523 1200.0 0.14149127227139113 0.0 0.0
2.0625250501002004 2800.0 0.3221913589934865 200.0 0.023013668499534748 2600.0 0.29917769049395176 0.0 0.0
2.087374749498998 600.0 0.0673972506227474 0.0 0.0 600.0 0.0673972506227474 0.0 0.0
2.1122244488977957 1200.0 0.13162301398403473 400.0 0.04387433799467824 800.0 0.08774867598935648 0.0 0.0
2.1370741482965934 1400.0 0.149989178771784 600.0 0.06428107661647886 800.0 0.08570810215530514 0.0 0.0
2.1619238476953906 800.0 0.08373788873203611 600.0 0.06280341654902707 200.0 0.020934472183009027 0.0 0.0
2.1867735470941883 1800.0 0.18412838494614472 600.0 0.06137612831538157 1200.0 0.12275225663076314 0.0 0.0
2.211623246492986 2600.0 0.2599867754264812 800.0 0.07999593090045574 1600.0 0.1599918618009115 200.0 0.019998982725113936
2.2364729458917836 2400.0 0.2346549525656034 1600.0 0.1564366350437356 800.0 0.0782183175218678 0.0 0.0
2.2613226452905812 2200.0 0.2103730848566204 1800.0 0.1721234330645076 400.0 0.0382496517921128 0.0 0.0
2.286172344689379 2000.0 0.18709085364175718 1200.0 0.1122545121850543 800.0 0.07483634145670287 0.0 0.0
2.311022044088176 4400.0 0.40274861256862576 3400.0 0.3112148369848472 1000.0 0.09153377558377858 0.0 0.0
2.335871743486974 4000.0 0.35834529080108324 3800.0 0.3404280262610291 0.0 0.0 200.0 0.017917264540054163
2.3607214428857715 5800.0 0.5086621184602313 5400.0 0.4735819723595257 0.0 0.0 400.0 0.03508014610070561
2.385571142284569 6200.0 0.5324147147345498 5400.0 0.46371604186557563 400.0 0.034349336434487086 400.0 0.034349336434487086
2.410420841683367 9600.0 0.8073870730721306 8600.0 0.7232842529604504 600.0 0.050461692067008165 400.0 0.03364112804467211
2.4352705410821645 11400.0 0.9392060568127945 10600.0 0.8732968598434756 800.0 0.0659091969693189 0.0 0.0
2.460120240480962 9800.0 0.7910773613738306 9400.0 0.7587884894810212 400.0 0.032288871892809407 0.0 0.0
2.4849699398797593 10000.0 0.7910779049392297 9000.0 0.7119701144453068 800.0 0.06328623239513838 200.0 0.015821558098784595
2.509819639278557 15400.0 1.1941368098770344 15000.0 1.1631202693607476 0.0 0.0 400.0 0.031016540516286602
2.5346693386773547 14400.0 1.0947021383707296 13200.0 1.0034769601731688 1200.0 0.09122517819756079 0.0 0.0
2.5595190380761523 15800.0 1.1778093109003533 13600.0 1.0138105460914433 1600.0 0.11927182895193451 600.0 0.044726935856975444
2.58436873747495 15600.0 1.1405375602320065 14000.0 1.0235593489261596 1000.0 0.07311138206615425 600.0 0.043866829239692554
2.6092184368737477 14000.0 1.0040635754842713 12800.0 0.918000983299905 1000.0 0.07171882682030507 200.0 0.014343765364061015
2.634068136272545 18200.0 1.28065541119979 16400.0 1.1539971837184921 800.0 0.056292545547243514 1000.0 0.0703656819340544
2.6589178356713425 18800.0 1.2981489148807726 16600.0 1.1462378716500439 1200.0 0.08286056903494293 1000.0 0.06905047419578578
2.68376753507014 19800.0 1.3418816121638395 17800.0 1.2063380149755731 1000.0 0.0677717985941333 1000.0 0.0677717985941333
2.708617234468938 20600.0 1.3704832800202793 19000.0 1.2640379767177334 600.0 0.039916988738454735 1000.0 0.06652831456409122
2.7334669338677355 22400.0 1.4631398313726114 19200.0 1.2541198554622384 1400.0 0.09144623946078821 1800.0 0.11757373644958484
2.758316633266533 20600.0 1.3213223226359125 18400.0 1.1802102299272228 800.0 0.05131348825770534 1400.0 0.08979860445098435
2.7831663326653304 20600.0 1.2977279137859958 17200.0 1.0835398115106374 1800.0 0.11339370120460157 1600.0 0.10079440107075696
2.808016032064128 21000.0 1.2995125021638732 17200.0 1.0643626208199342 2200.0 0.13613940498859622 1600.0 0.0990104763553427
2.8328657314629258 21600.0 1.3131921879042656 15400.0 0.9362573932280414 3000.0 0.18238780387559245 3200.0 0.19454699080063195
2.8577154308617234 20800.0 1.2425637308374602 17400.0 1.03945235175826 1600.0 0.0955818254490354 1800.0 0.10752955363016482
2.882565130260521 14800.0 0.868888613098325 10200.0 0.5988286387569537 1400.0 0.0821921661038956 3200.0 0.18786780823747565
2.9074148296593187 16200.0 0.9348233873922981 11000.0 0.6347566210688443 1600.0 0.09232823579183189 3600.0 0.20773853053162175
2.9322645290581164 18400.0 1.0437789645443896 13600.0 0.7714887998806358 2000.0 0.11345423527656409 2800.0 0.1588359293871897
2.9571142284569136 14000.0 0.780832406685501 10400.0 0.5800469306806578 1200.0 0.06692849200161437 2400.0 0.13385698400322874
2.9819639278557113 19600.0 1.0749463718170944 12000.0 0.6581304317247516 4200.0 0.23034565110366306 3400.0 0.18647028898867962
3.006813627254509 17600.0 0.9493036556574938 9600.0 0.5178019939949966 3400.0 0.1833882062065613 4600.0 0.24811345545593588
3.0316633266533066 22000.0 1.167177065055666 12600.0 0.6684741372591542 4200.0 0.22282471241971805 5200.0 0.2758782153767938
3.0565130260521043 16400.0 0.8559301619659277 10600.0 0.5532231534657825 2400.0 0.12525807248281867 3400.0 0.17744893601732648
3.081362725450902 18800.0 0.9653629636262903 9600.0 0.4929513005751269 4000.0 0.20539637523963622 5200.0 0.26701528781152706
3.106212424849699 17400.0 0.8791789520011218 10000.0 0.5052752597707596 3200.0 0.1616880831266431 4200.0 0.21221560910371906
3.131062124248497 14400.0 0.7160474696963897 6000.0 0.2983531123734957 3000.0 0.14917655618674786 5400.0 0.26851780113614615
3.1559118236472945 19800.0 0.9690606289105402 7800.0 0.38175115684354616 5600.0 0.2740777536312639 6400.0 0.31323171843573017
3.180761523046092 19200.0 0.925012719572519 8400.0 0.404693064812977 4800.0 0.23125317989312974 6000.0 0.2890664748664122
3.20561122244489 20000.0 0.9486163818802157 8400.0 0.3984188803896906 4000.0 0.18972327637604314 7600.0 0.36047422511448196
3.2304609218436875 14600.0 0.6818364788558343 5400.0 0.2521860949192811 4400.0 0.20548496623052537 4800.0 0.2241654177060277
3.255310621242485 18000.0 0.8277866696341901 7800.0 0.3587075568414824 3600.0 0.16555733392683802 6600.0 0.30352177886586973
3.2801603206412824 19400.0 0.8786526094015492 8600.0 0.3895057959202744 5800.0 0.26268995538809203 5000.0 0.22645685809318278
3.30501002004008 20600.0 0.9189724126236659 8000.0 0.3568824903392877 7400.0 0.33011630356384114 5200.0 0.231973618720537
3.3298597194388777 18200.0 0.7997898673082894 5800.0 0.25487808958176256 7800.0 0.3427670859892669 4600.0 0.20214469173725996
3.3547094188376754 17800.0 0.7706239546201096 7400.0 0.32037175641510174 6600.0 0.28573697193779346 3800.0 0.1645152262672144
3.379559118236473 13200.0 0.5630700678650029 4000.0 0.17062729329242513 5600.0 0.23887821060939518 3600.0 0.1535645639631826
3.4044088176352707 18000.0 0.7566139280870156 6200.0 0.2606114641188609 8400.0 0.3530864997739406 3400.0 0.14291596419421404
3.429258517034068 19600.0 0.8119285868054126 8000.0 0.33139942318588267 8200.0 0.3396844087655298 3400.0 0.14084475485400014
3.4541082164328656 17600.0 0.718588571847297 7000.0 0.2858022728938113 7400.0 0.30213383134488625 3200.0 0.13065246760859944
3.4789579158316633 17600.0 0.7083231966580952 5800.0 0.23342468980778136 9400.0 0.3783089800333008 2400.0 0.09658952681701298
3.503807615230461 19600.0 0.7776258002231657 6600.0 0.26185358578943335 11400.0 0.45229255727265766 1600.0 0.06347965716107475
3.5286573146292586 18600.0 0.7275575112716837 7600.0 0.2972815637454191 9600.0 0.3755135542047399 1400.0 0.05476239332152457
3.5535070140280562 18600.0 0.7173820487788043 6000.0 0.2314135641221949 11000.0 0.4242582008906907 1600.0 0.061710283765918646
3.578356713426854 21200.0 0.8063050373399878 6000.0 0.22819953886980787 13400.0 0.5096456368092376 1800.0 0.06845986166094237
3.603206412825651 20400.0 0.7651768315222311 7000.0 0.26256067748311857 12200.0 0.45760575218486377 1200.0 0.04501040185424889
3.628056112224449 20000.0 0.7398971785863933 5400.0 0.19977223821832618 12800.0 0.4735341942952917 1800.0 0.06659074607277539
3.6529058116232465 20000.0 0.7298307066519646 7400.0 0.2700373614612269 11800.0 0.43060011692465916 800.0 0.029193228266078584
3.677755511022044 22600.0 0.8135641571250668 8200.0 0.29518699506307733 13200.0 0.47517906522349035 1200.0 0.043198096838499116
3.702605210420842 26000.0 0.9233957498369078 8600.0 0.30543090186913097 15600.0 0.5540374499021445 1800.0 0.06392739806563207
3.7274549098196395 23400.0 0.8199755911136913 6800.0 0.23828350510996155 16000.0 0.5606670708469683 600.0 0.021025015156761313
3.7523046092184367 28800.0 0.9958340271850066 7800.0 0.2697050490292726 19200.0 0.663889351456671 1800.0 0.06223962669906291
3.7771543086172343 26800.0 0.9144859202452635 10000.0 0.341226089643755 15200.0 0.5186636562585076 1600.0 0.054596174343000806
3.802004008016032 29000.0 0.9766204772655515 8400.0 0.2828831727251942 20000.0 0.6735313636314147 600.0 0.020205940908942444
3.8268537074148297 25800.0 0.8575717815845617 7400.0 0.245970200919603 16200.0 0.5384753047158877 2200.0 0.07312627594907116
3.8517034068136273 26200.0 0.8596306254493358 7600.0 0.24935850203873858 17200.0 0.5643376625087242 1400.0 0.04593446090187289
3.876553106212425 30400.0 0.9846465689469953 7200.0 0.23320576632955153 22600.0 0.7320069887566479 600.0 0.01943381386079596
3.901402805611222 30200.0 0.9657080536888061 6400.0 0.2046533623711377 21800.0 0.697100515576688 2000.0 0.06395417574098054
3.92625250501002 28200.0 0.8903394252808062 7800.0 0.24626409635426555 19800.0 0.6251319368992895 600.0 0.018943392027251194
3.9511022044088175 31600.0 0.9851359791491797 8400.0 0.2618715893940857 21600.0 0.6733840870133634 1600.0 0.049880302741730616
3.975951903807615 36000.0 1.1082781603563905 11400.0 0.35095475077952365 23200.0 0.714223703340785 1400.0 0.04309970623608185
4.000801603206413 31600.0 0.9607373525256703 9000.0 0.27362772698515925 20400.0 0.6202228478330277 2200.0 0.06688677770748337
4.02565130260521 40200.0 1.2071151036524426 12200.0 0.3663384145412885 25600.0 0.7687101157587694 2400.0 0.07206657335238462
4.050501002004008 38800.0 1.1507810353052648 10400.0 0.30845677234986474 26200.0 0.7770737918813901 2200.0 0.06525047107400984
4.075350701402805 36200.0 1.0605735074086673 8800.0 0.2578189741766926 26400.0 0.7734569225300779 1000.0 0.029297610701896886
4.1002004008016035 36600.0 1.0592952263194095 10800.0 0.312578919241793 22600.0 0.6541003310059742 3200.0 0.09261597607164236
4.125050100200401 36600.0 1.0465327885487097 11600.0 0.3316879876274599 23400.0 0.6690947336622899 1600.0 0.045750067258959984
4.149899799599198 41400.0 1.1696061189900324 13200.0 0.37291789301131467 24600.0 0.694983346066541 3600.0 0.10170487991217672
4.174749498997996 43800.0 1.2226784833269861 14000.0 0.39081047412278097 26800.0 0.7481229076064664 3000.0 0.08374510159773876
4.199599198396793 39800.0 1.0978703560973953 12600.0 0.34756699715646183 25600.0 0.7061678672385256 1600.0 0.04413549170240785
4.224448897795591 42400.0 1.1558308011683904 15400.0 0.41980647023568907 24400.0 0.6651479138799229 2600.0 0.07087641705277867
4.249298597194389 37600.0 1.0129940747531334 11800.0 0.3179077149491216 22600.0 0.608874098122894 3200.0 0.08621226168111773
4.274148296593187 41800.0 1.1130530762857787 14000.0 0.37279289636365787 24800.0 0.6603759878441939 3000.0 0.07988419207792669
4.298997995991984 35800.0 0.9422641833051655 10800.0 0.2842584687065862 22000.0 0.5790450288467497 3000.0 0.0789606857518295
4.323847695390781 36800.0 0.9574513810106472 12200.0 0.3174159469654863 20400.0 0.5307610916472066 4200.0 0.1092743423979543
4.348697394789579 42000.0 1.0802550644144036 15600.0 0.40123759535392134 24000.0 0.617288608236802 2400.0 0.061728860823680204
4.3735470941883765 38600.0 0.9815240824098848 13200.0 0.33565072248213673 22000.0 0.5594178708035612 3400.0 0.08645548912418673
4.398396793587175 45200.0 1.136362583249968 17400.0 0.43744931302100537 23600.0 0.5933220567411337 4200.0 0.10559121348782888
4.423246492985972 40200.0 0.9993031614330733 18800.0 0.46733580683934767 18600.0 0.46236414931978015 2800.0 0.0696032052739454
4.44809619238477 43000.0 1.0569634037555327 19800.0 0.48669477661301275 19600.0 0.4817786677583359 3600.0 0.08848995938418414
4.472945891783567 40000.0 0.9722971976122782 17000.0 0.4132263089852182 19800.0 0.4812871128180777 3200.0 0.07778377580898226
4.497795591182364 39400.0 0.947130386706957 18600.0 0.44712246682105083 16400.0 0.39423701375619535 4400.0 0.10577090612971093
4.5226452905811625 44200.0 1.0508409387852717 17400.0 0.4136794645896771 22600.0 0.5373078103291208 4200.0 0.09985366386647378
4.54749498997996 43000.0 1.0111386310389439 18800.0 0.44207921543098017 19000.0 0.44678218580790546 5200.0 0.12227722980005834
4.572344689378758 41600.0 0.9675851410667153 17600.0 0.4093629442974565 18000.0 0.41866664757694416 6000.0 0.13955554919231472
4.597194388777555 43800.0 1.0077420438807738 21400.0 0.4923671173298758 18000.0 0.4141405659784002 4400.0 0.10123436057249782
4.622044088176352 49400.0 1.1243645414819643 24400.0 0.5553541459951402 19000.0 0.4324479005699863 6000.0 0.13656249491683775
4.64689378757515 45800.0 1.0312781990288908 22800.0 0.5133874003899281 19200.0 0.4323262319073079 3800.0 0.08556456673165469
4.671743486973948 46200.0 1.0292182388024214 23400.0 0.5212923547181096 16600.0 0.3698056875350692 6200.0 0.1381201965492427
4.696593186372746 49400.0 1.0888606244239944 24200.0 0.5334094556894873 19800.0 0.4364259182913986 5400.0 0.11902525044310872
4.721442885771543 48200.0 1.0512274034323679 26400.0 0.5757760051994713 15800.0 0.34459321523301684 6000.0 0.1308581829998798
4.746292585170341 52600.0 1.135177719826182 26000.0 0.5611144622714969 19800.0 0.4273102443452168 6800.0 0.1467530132094684
4.771142284569138 43600.0 0.9311443610174431 21800.0 0.46557218050872157 14800.0 0.3160765262169302 7000.0 0.14949565429179132
4.7959919839679355 46000.0 0.9722197944675287 24400.0 0.5156991953262544 15800.0 0.3339363641866729 5800.0 0.12258423495460144
4.820841683366734 53000.0 1.108618281707697 25800.0 0.5396670126048788 20400.0 0.42671345182711357 6800.0 0.1422378172757045
4.845691382765531 45200.0 0.9357661659760869 23400.0 0.4844453160141689 15000.0 0.31054186923985183 6800.0 0.14077898072206615
4.870541082164329 46200.0 0.9467091550592843 25000.0 0.512288503819959 15800.0 0.32376633441421415 5400.0 0.11065431682511115
4.895390781563126 49600.0 1.006061898001642 27400.0 0.5557680646218748 17800.0 0.3610464069441377 4400.0 0.08924742643562954
4.920240480961924 52800.0 1.0601513398019868 30800.0 0.6184216148844923 14600.0 0.2931479083543373 7400.0 0.14858181656315725
4.9450901803607215 47400.0 0.9421617587012964 26400.0 0.5247483213019879 15000.0 0.2981524552852204 6000.0 0.11926098211408814
4.969939879759519 56600.0 1.1137784061861842 27800.0 0.5470501712363237 23000.0 0.4525954654113469 5800.0 0.11413276953851356
4.994789579158317 59000.0 1.1494535587776211 31600.0 0.6156395331758107 20600.0 0.40133463238676265 6800.0 0.13247939321504787
5.019639278557114 52600.0 1.014620945719016 27800.0 0.5362445302469324 18600.0 0.3587823116040627 6200.0 0.11959410386802088
5.044488977955912 55600.0 1.0619227517015781 30000.0 0.5729799019972543 17800.0 0.3399680751850376 7800.0 0.14897477451928615
5.069338677354709 53400.0 1.0099052450040213 31600.0 0.5976218303769115 14800.0 0.2798988319486801 7000.0 0.13238458267842976
5.0941883767535066 58200.0 1.0899449570286606 34600.0 0.6479741497111969 17200.0 0.32211431719747363 6400.0 0.11985649011999018
5.119038076152305 57200.0 1.0608172937960305 31000.0 0.5749184634209257 17000.0 0.31527786703728183 9200.0 0.1706209633378231
5.143887775551102 62800.0 1.153420735942271 32600.0 0.5987502546451916 20200.0 0.3710047590132783 10000.0 0.1836657222838011
5.1687374749499 55000.0 1.0004484566753702 27400.0 0.4984052311437299 19000.0 0.3456094668514916 8600.0 0.15643375868014883
5.193587174348697 64600.0 1.16382756359 33200.0 0.5981280976964086 22000.0 0.3963499442566563 9400.0 0.16934952163693495
5.218436873747495 62000.0 1.1063483234616651 31800.0 0.5674496239690475 19800.0 0.35331769039582206 10400.0 0.1855810090967954
5.2432865731462925 59600.0 1.0534412359300442 29800.0 0.5267206179650221 21800.0 0.3853191097864927 8000.0 0.14140150817852942
5.26813627254509 58800.0 1.0294964309563441 33400.0 0.5847819862915288 20000.0 0.35016885406678366 5400.0 0.0945455905980316
5.292985971943888 62000.0 1.0753308144189468 35400.0 0.6139792069424308 18000.0 0.31219281708937163 8600.0 0.14915879038714422
5.317835671342685 61200.0 1.0515355050578954 34200.0 0.5876227822382357 18600.0 0.3195843201646545 8400.0 0.14432840265500524
5.342685370741483 59400.0 1.0111140311692706 28400.0 0.48342825732672196 21000.0 0.35746455647398456 10000.0 0.17022121736856408
5.36753507014028 62800.0 1.059091267553975 32600.0 0.5497830465327959 23000.0 0.3878837444863284 7200.0 0.12142447653485063
5.3923847695390785 64000.0 1.0693810212807904 28400.0 0.4745378281933507 26600.0 0.4444614869698285 9000.0 0.15038170611761115
5.417234468937876 63800.0 1.056259098305008 30200.0 0.49998471424469026 27400.0 0.4536285155729971 6200.0 0.10264586848732052
5.442084168336673 63600.0 1.0433320454610926 30000.0 0.4921377572929682 24000.0 0.39371020583437455 9600.0 0.15748408233374983
5.466933867735471 60600.0 0.9850808934411496 29200.0 0.47465944040398633 24000.0 0.390131046907386 7400.0 0.12029040612977736
5.491783567134268 61600.0 0.9922745484011262 31800.0 0.5122456272590229 22200.0 0.3576054378978084 7600.0 0.12242348324429478
5.516633266533066 59800.0 0.9546013780463494 25600.0 0.40865878391281846 25000.0 0.3990808436648618 9200.0 0.14686175046866912
5.541482965931864 60200.0 0.9523680150330476 27800.0 0.43979785411825123 22400.0 0.3543694939657851 10000.0 0.15820066694901122
5.566332665330661 63800.0 1.0003085272783288 26400.0 0.41392076990827403 27800.0 0.4358711137670462 9600.0 0.15051664360300873
5.591182364729459 65400.0 1.016280075853227 31000.0 0.48172297173471007 27000.0 0.4195651689302313 7400.0 0.11499193518828563
5.616032064128256 58400.0 0.8994729654401792 24000.0 0.36964642415349824 27800.0 0.4281737746444688 6600.0 0.10165276664221203
5.640881763527054 63200.0 0.9648260747144183 29600.0 0.4518805666383985 25000.0 0.38165588398513384 8600.0 0.13128962409088604
5.6657314629258515 62800.0 0.9503098138513735 28200.0 0.4267314769205212 26000.0 0.39344036879197 8600.0 0.13013796813888237
5.69058116232465 74400.0 1.1160121051745377 34000.0 0.5100055319346005 29800.0 0.4470048485779734 10600.0 0.1590017246619637
5.715430861723447 72200.0 1.0735943133719361 31800.0 0.4728573291582765 31600.0 0.46988338369187227 8800.0 0.1308536005217872
5.740280561122244 66200.0 0.975853267357967 26400.0 0.38916202807024664 30200.0 0.4451777745349033 9600.0 0.14151346475281695
5.765130260521042 66800.0 0.9762091370577062 29600.0 0.4325717134267681 28400.0 0.4150350223418991 8800.0 0.12860240128903913
5.789979959919839 68800.0 0.9968066486174881 28000.0 0.4056771244373498 34200.0 0.495505630562763 6600.0 0.09562389361737532
5.8148296593186375 66800.0 0.9595577129172037 26400.0 0.37922640151218834 32000.0 0.4596683654693191 8400.0 0.12066294593569628
5.839679358717435 77200.0 1.0995121171449105 31600.0 0.45005936401268354 36800.0 0.5241197656856568 8800.0 0.1253329874465701
5.864529058116233 69200.0 0.977220773969574 29200.0 0.412353274565196 34600.0 0.488610386984787 5400.0 0.07625711241959103
5.88937875751503 66600.0 0.9325676879302742 27200.0 0.3808684851607126 34200.0 0.47888611001824893 5200.0 0.0728130927513127
5.914228456913827 71200.0 0.9886013424305353 26000.0 0.3610061081909259 36600.0 0.5081855215303033 8600.0 0.11940971270930624
5.939078156312625 68200.0 0.939022596988949 27000.0 0.37175381405720853 34600.0 0.4763956283844228 6600.0 0.09087315454731765
5.963927855711423 66400.0 0.9066203952472605 24800.0 0.3386172560562057 34600.0 0.47242568788486766 7000.0 0.0955774513061871
5.988777555110221 73400.0 0.9938808999070096 28400.0 0.38455337271606366 37000.0 0.501002633468111 8000.0 0.10832489372283483
6.013627254509018 74200.0 0.9964100202960132 28800.0 0.3867467464221722 38000.0 0.5102908459736994 7400.0 0.09937242790014147
6.038476953907816 74800.0 0.9962000709243838 30400.0 0.4048727560976105 37800.0 0.5034273085687394 6600.0 0.08790000625803386
6.063326653306613 71600.0 0.9457656850460545 29000.0 0.38306152047954717 35800.0 0.47288284252302726 6800.0 0.08982132204348003
6.0881763527054105 75800.0 0.9930701891807746 25200.0 0.3301499837381995 40800.0 0.534528545099942 9800.0 0.12839166034263313
6.113026052104209 74400.0 0.9668039451041343 26800.0 0.34825733506439244 40400.0 0.5249849379328901 7200.0 0.09356167210685169
6.137875751503006 73800.0 0.9512419417015447 28600.0 0.3686384760523602 36200.0 0.46659835080753287 9000.0 0.11600511484165181
6.162725450901804 75200.0 0.9614703922130056 30000.0 0.3835653160424224 37200.0 0.4756209918926038 8000.0 0.1022840842779793
6.187575150300601 80000.0 1.0146252980281538 29000.0 0.36780167053520574 43200.0 0.5478976609352031 7800.0 0.09892596655774501
6.212424849699398 76600.0 0.9637317346961237 31400.0 0.39505452309997763 37200.0 0.46802637768532385 8000.0 0.10065083391082233
6.2372745490981965 74200.0 0.9260979863115388 28000.0 0.34947093823076936 39600.0 0.49425175549780237 6600.0 0.08237529258296707
6.262124248496994 76400.0 0.9459885489818223 32400.0 0.4011783898823435 37800.0 0.4680414548627341 6200.0 0.07676870423674474
6.286973947895792 82000.0 1.0073017572514174 31200.0 0.38326603446639296 43400.0 0.5331328812769698 7400.0 0.09090284150805475
6.311823647294589 74200.0 0.9043082366608384 31600.0 0.38512318434612525 36200.0 0.44118542004208017 6400.0 0.07799963227263296
6.336673346693387 82600.0 0.9987872436403339 36400.0 0.44014353109574034 40800.0 0.49334769419522545 5400.0 0.06529601834936807
6.361523046092184 75800.0 0.9094020189739053 26600.0 0.3191305238087847 42000.0 0.5038903007507127 7200.0 0.08638119441440788
6.3863727454909816 85400.0 1.0166036238177822 33400.0 0.3975943915165565 43800.0 0.5213962379768017 8200.0 0.09761299432442405
6.41122244488978 81600.0 0.9638383845361153 32800.0 0.3874252329998111 39800.0 0.4701074473595268 9000.0 0.10630570417677743
6.436072144288577 88600.0 1.0384393990619678 34800.0 0.40787461723878643 45400.0 0.5321122880069226 8400.0 0.09845249381625878
6.460921843687375 93800.0 1.0909294060327737 37600.0 0.43730219261015235 48000.0 0.5582581182257264 8200.0 0.09536909519689492
6.485771543086172 91200.0 1.0525625685793585 34400.0 0.39701921446414395 47800.0 0.5516720480054094 9000.0 0.1038713061098051
6.51062124248497 87000.0 0.9964245259985361 36200.0 0.41460422805916103 42000.0 0.48103252979239675 8800.0 0.10078776814697836
6.5354709418837675 77000.0 0.875186593300185 32400.0 0.3682603327652727 38600.0 0.4387299026154175 6000.0 0.06819635791949494
6.560320641282565 86400.0 0.9745879870749191 33200.0 0.374494457996381 44200.0 0.49857394709156744 9000.0 0.10151958198697075
6.585170340681363 90400.0 1.012011930025032 38200.0 0.4276422093689848 44400.0 0.4970501072246839 7800.0 0.0873196134313634
6.61002004008016 87000.0 0.966626640224991 38400.0 0.42664899982344423 39400.0 0.43775965086051316 9200.0 0.10221798954103352
6.634869739478958 95400.0 1.052016400066111 41200.0 0.45432993378117165 47200.0 0.520494487244449 7000.0 0.07719197904049033
6.659719438877755 90000.0 0.9850618565857256 38400.0 0.4202930588099096 42400.0 0.4640735857692752 9200.0 0.10069521200654084
6.684569138276553 82800.0 0.899518969636569 32800.0 0.35633118603960706 41800.0 0.4541049870870602 8200.0 0.08908279650990177
6.709418837675351 95600.0 1.0308819290836948 41400.0 0.44642794836888033 44000.0 0.4744644861891482 10200.0 0.10998949452566618
6.734268537074148 90600.0 0.9697554654786232 39800.0 0.4260073678371876 44200.0 0.4731036597588868 6600.0 0.0706444378825487
6.759118236472946 90800.0 0.9647499427041567 38600.0 0.41012497564295647 41000.0 0.43562497412852885 11200.0 0.1189999929326713
6.783967935871743 86400.0 0.9112747013441909 39800.0 0.41977700362845827 38600.0 0.4071204105542335 8000.0 0.08437728716149916
6.808817635270541 91800.0 0.9611620340061897 40000.0 0.41880698649507175 43200.0 0.4523115454146775 8600.0 0.09004350209644044
6.833667334669339 99600.0 1.035245216131836 46800.0 0.48644052324266984 40200.0 0.41783993663152413 12600.0 0.1309647562576419
6.858517034068136 101600.0 1.0483808912685335 45600.0 0.47053315592367256 45600.0 0.47053315592367256 10400.0 0.10731457942118848
6.883366733466934 108800.0 1.1145696744291702 51000.0 0.5224545348886735 47200.0 0.48352654993618416 10600.0 0.10858858960431254
6.908216432865731 110400.0 1.1228240343641935 46200.0 0.4698774491632766 48800.0 0.496320768813158 15400.0 0.15662581638775888
6.933066132264529 96200.0 0.9713892168503281 41600.0 0.4200602018812229 44600.0 0.4503530049015034 10000.0 0.10097601006760165
6.9579158316633265 101400.0 1.0165832251340738 45000.0 0.4511464016867192 44400.0 0.44513111633089625 12000.0 0.12030570711645844
6.982765531062125 99600.0 0.9914303716380511 44000.0 0.4379812886754443 44400.0 0.4419629367543119 11200.0 0.11148614620829489
7.007615230460922 100200.0 0.9903290944785058 46400.0 0.4585955088203859 42200.0 0.4170847084530234 11600.0 0.11464887720509648
7.032464929859719 106800.0 1.048100592881643 49400.0 0.48479559258757643 45400.0 0.4455408887343314 12000.0 0.11776411155973515
7.057314629258517 109200.0 1.0641065914565646 51400.0 0.5008706849896284 49600.0 0.4833304664491356 8200.0 0.07990544001780064
7.082164328657314 103400.0 1.000517344861288 48200.0 0.4663920311635792 42400.0 0.4102701684924431 12800.0 0.12385514520526583
7.1070140280561125 103800.0 0.9973641558360653 48400.0 0.46505226534167216 45000.0 0.4323833045532076 10400.0 0.09992858594118574
7.13186372745491 99800.0 0.9522476718453864 51000.0 0.4866195517446363 39200.0 0.37402914565470086 9600.0 0.09159897444604918
7.156713426853708 99000.0 0.9380546280403647 44600.0 0.42259834758182085 43400.0 0.4112279884540589 11000.0 0.10422829200448497
7.181563126252505 110200.0 1.0369518636495092 55600.0 0.5231807950899521 42600.0 0.40085435019481935 12000.0 0.11291671836473784
7.206412825651302 109800.0 1.0260625670800714 53800.0 0.5027519682049895 44800.0 0.41864847910006553 11200.0 0.10466211977501638
7.2312625250501 103600.0 0.9614708568266475 53200.0 0.4937282778299001 39600.0 0.36751202635458724 10800.0 0.10023055264216016
7.256112224448898 99400.0 0.9161738928934722 50400.0 0.46453887526992954 37200.0 0.34287393174685277 11800.0 0.10876108587668985
7.280961923847696 110000.0 1.0069539110706762 52600.0 0.4815070520210689 43600.0 0.399119913842559 13800.0 0.1263269452070485
7.305811623246493 110000.0 1.0001039109713812 50200.0 0.45641105755239403 45200.0 0.41095178887187667 14600.0 0.13274106454711063
7.33066132264529 111400.0 1.0059658715337698 50200.0 0.45331675719026254 47200.0 0.4262261143302867 14000.0 0.12642300001322063
7.355511022044088 115000.0 1.0314579491905314 53600.0 0.48074909631836943 47600.0 0.42693389896929823 13800.0 0.12377495390286379
7.3803607214428855 115600.0 1.0298574114332777 63600.0 0.5665997523110421 40000.0 0.35635204547864285 12000.0 0.10690561364359286
7.405210420841684 116000.0 1.0264852470571229 58600.0 0.518552029978857 43800.0 0.3875866708715688 13600.0 0.12034654620669716
7.430060120240481 103000.0 0.9053514872501711 48000.0 0.4219113726991089 40000.0 0.35159281058259073 15000.0 0.13184730396847152
7.454909819639279 112200.0 0.979643072558673 54000.0 0.47148597075016346 44800.0 0.39115873128902445 13400.0 0.116998370519485
7.479759519038076 110600.0 0.9592567088784346 51600.0 0.4475374880481665 45000.0 0.3902943209722383 14000.0 0.12142489985802969
7.504609218436873 119600.0 1.0304459587066641 59600.0 0.5134998255762306 47400.0 0.4083874451730425 12600.0 0.10855868795739104
7.5294589178356714 110400.0 0.9449024861477124 49800.0 0.4262331866861963 46200.0 0.39542114909442305 14400.0 0.1232481503670929
7.554308617234469 117600.0 0.999904700022426 61200.0 0.5203585683790175 41400.0 0.3520072668446295 15000.0 0.12753886479877882
7.579158316633267 117000.0 0.9882798695676915 58000.0 0.4899165165378299 45000.0 0.3801076421414198 14000.0 0.11825571088844172
7.604008016032064 115600.0 0.9700722670342239 58000.0 0.48671445923862444 44600.0 0.3742666358972871 13000.0 0.1090911718983124
7.628857715430862 123600.0 1.0304482821122782 63600.0 0.530230669436415 46400.0 0.38683495380266747 13600.0 0.11338265887319564
7.653707414829659 118600.0 0.9823429616050903 55800.0 0.46218159576360907 48600.0 0.40254526082636916 14200.0 0.11761610501511198
7.6785571142284565 121000.0 0.9957348905342346 57600.0 0.4740027247501811 46600.0 0.3834813710652507 16800.0 0.13825079471880283
7.703406813627255 120200.0 0.9827699188585223 55400.0 0.4529571838998514 49600.0 0.40553567367206905 15200.0 0.1242770612866018
7.728256513026052 119600.0 0.9715757510813756 58200.0 0.4727902066299001 46800.0 0.38018181564053827 14600.0 0.11860372881093716
7.75310621242485 115800.0 0.9346761396244778 50800.0 0.4100306381081475 50400.0 0.4068020504065085 14600.0 0.11784345110982192
7.777955911823647 124000.0 0.9944669237941324 58000.0 0.46515388371015864 50400.0 0.40420268515503444 15600.0 0.12511035492893924
7.802805611222444 120400.0 0.9594450357283074 52800.0 0.42075330470477273 53600.0 0.42712835477605715 14000.0 0.11156337624747761
7.8276553106212425 116400.0 0.9216804732486492 57000.0 0.4513383760753695 47800.0 0.37849077853338003 11600.0 0.09185131863989975
7.85250501002004 129600.0 1.0197060183832276 55400.0 0.435892850450855 57400.0 0.45162905443825047 16800.0 0.1321841134941221
7.877354709418838 133200.0 1.041419023427196 58000.0 0.45347074593676706 60600.0 0.4737987448925532 14600.0 0.11414953259787587
7.902204408817635 123400.0 0.9587302117451848 56000.0 0.43508016092163976 55400.0 0.43041858776890796 12000.0 0.09323146305463709
7.927054108216433 133400.0 1.0299251685205848 60400.0 0.46632293986989 59000.0 0.4555141300053561 14000.0 0.10808809864533875
7.95190380761523 130800.0 1.0035401121932355 60400.0 0.4634084310127784 54400.0 0.4173744809121713 16000.0 0.12275720026828567
7.976753507014028 131800.0 1.0049120686382413 56400.0 0.4300230703429197 60800.0 0.46357096944768644 14600.0 0.11131802884763525
8.001603206412826 127400.0 0.9653308711671418 55000.0 0.4167440966577142 57400.0 0.43492929360277816 15000.0 0.11365748090664934
8.026452905811624 136400.0 1.0271258423901577 59200.0 0.4457906881927957 61600.0 0.46386328366007124 15600.0 0.11747187053729076
8.05130260521042 130400.0 0.9758829881288693 60200.0 0.45052266783249945 56600.0 0.42358111294550616 13600.0 0.10177920735086365
8.076152304609218 136400.0 1.0145038420794106 58400.0 0.43436234880819335 60200.0 0.4477502294221445 17800.0 0.13239126384907263
8.101002004008016 129600.0 0.9580137577531869 53200.0 0.39325873389251187 60200.0 0.44500330414152656 16200.0 0.11975171971914836
8.125851703406813 135800.0 0.9977049593206532 58600.0 0.43052658774808744 62600.0 0.45991406814044833 14600.0 0.10726430343211735
8.15070140280561 130000.0 0.9492693923584486 53600.0 0.39139107254163724 64400.0 0.47025345282987757 12000.0 0.08762486698693371
8.175551102204409 138400.0 1.004463311847731 59200.0 0.42965482703313357 62200.0 0.45142787570035314 17000.0 0.12338060911424444
8.200400801603207 134400.0 0.9695208858338121 54800.0 0.3953105992834293 63200.0 0.4559056546480426 16400.0 0.11830463190234018
8.225250501002003 139000.0 0.996645277041253 58200.0 0.41730039657410734 63400.0 0.4545849680893197 17400.0 0.12475991237782592
8.250100200400801 142600.0 1.0162983078182237 59000.0 0.4204880796723366 71200.0 0.5074364622486502 12400.0 0.08837376589723683
8.2749498997996 135400.0 0.9591888229870049 60600.0 0.4292972132423375 58200.0 0.4122953434109578 16600.0 0.11759626633370962
8.299799599198396 139600.0 0.9830203039863138 60800.0 0.42813491749547194 64000.0 0.4506683342057599 14800.0 0.10421705228508199
8.324649298597194 139200.0 0.9743516823795461 60000.0 0.4199791734394595 68600.0 0.4801761882991154 10600.0 0.07419632064097119
8.349498997995992 140200.0 0.9755099755730541 57800.0 0.40217173030044595 67200.0 0.4675768213873697 15200.0 0.10576142388523839
8.37434869739479 140800.0 0.9738706328073342 57600.0 0.39840162251209127 67600.0 0.4675685708648849 15600.0 0.10790043943035806
8.399198396793587 148200.0 1.018988783021031 54600.0 0.3754169200603798 75200.0 0.5170577360538564 18400.0 0.12651412690679464
8.424048096192385 154400.0 1.0553553251519725 61800.0 0.4224155381761133 72800.0 0.4976027698903082 19800.0 0.13533701708555088
8.448897795591183 143200.0 0.9730434162601863 64200.0 0.4362387382954187 64200.0 0.4362387382954187 14800.0 0.10056593966934886
8.47374749498998 153000.0 1.033536831517829 70200.0 0.47421101681406275 68800.0 0.4647538170485402 14000.0 0.0945719976552262
8.498597194388777 157000.0 1.0543553299316657 62600.0 0.4203990041638361 79400.0 0.5332217401055684 15000.0 0.10073458566226104
8.523446893787575 148000.0 0.9881191747193815 61000.0 0.40726533552623156 71600.0 0.4780360331750522 15400.0 0.10281780601809783
8.548296593186373 150600.0 0.9996322391292597 65000.0 0.43144817757902976 69000.0 0.4579988346608162 16600.0 0.11018522688941375
8.57314629258517 142400.0 0.9397239675472588 59600.0 0.3933114358554538 68400.0 0.4513842653106215 14400.0 0.09502826638118346
8.597995991983968 151200.0 0.9920292015647114 67600.0 0.44352628323924925 68200.0 0.4474629070549823 15400.0 0.10104001127047987
8.622845691382766 152400.0 0.9941393386882138 66600.0 0.434446718875558 70600.0 0.46053961490412004 15200.0 0.09915300490853576
8.647695390781562 159400.0 1.0338260502066645 67600.0 0.43843563986179745 73600.0 0.47735004576669077 18200.0 0.11804036457817625
8.67254509018036 162000.0 1.044667835788816 69400.0 0.44753054199841863 74600.0 0.4810630898138621 18000.0 0.11607420397653509
8.697394789579159 152200.0 0.9758634848506484 64800.0 0.415479328635493 72600.0 0.46549072930458 14800.0 0.09489342691057555
8.722244488977957 158800.0 1.012379239483904 65600.0 0.41821207877924504 77400.0 0.49343925148648726 15800.0 0.10072790921817182
8.747094188376753 156200.0 0.9901458001031769 69200.0 0.4386561419151078 72400.0 0.45894081899788736 14600.0 0.09254883919018171
8.771943887775551 151600.0 0.955541908248075 63600.0 0.40087378208824254 71000.0 0.44751632906077393 17000.0 0.10715179709905855
8.79679358717435 158200.0 0.9915084620159177 68400.0 0.4286926599360858 71600.0 0.44874845689216 18200.0 0.11406734518767195
8.821643286573146 163800.0 1.0208224256542542 71200.0 0.44372745242114103 77000.0 0.47987378983746987 15600.0 0.09722118339564326
8.846492985971944 165400.0 1.0250028677855227 70800.0 0.43875576202669286 76200.0 0.47222018455415254 18400.0 0.11402692120467725
8.871342685370742 166800.0 1.0278879265592042 71600.0 0.4412276711129438 76600.0 0.4720396593191549 18600.0 0.11462059612710551
8.89619238476954 158600.0 0.9718961892706114 64800.0 0.39709251617109476 76400.0 0.4681769789424635 17400.0 0.10662669415705321
8.921042084168336 167600.0 1.0213262269931997 68600.0 0.41803686856642897 81800.0 0.4984754496899984 17200.0 0.10481390873677228
8.945891783567134 168000.0 1.018076197980667 75400.0 0.45692229361751363 76800.0 0.4654062619340192 15800.0 0.09574764242913415
8.970741482965932 176000.0 1.0606471344870563 81000.0 0.4881387380309748 76000.0 0.4580067171648652 19000.0 0.1145016792912163
8.995591182364729 168600.0 1.0104382123789832 72400.0 0.43390110662063097 79000.0 0.47345562738991503 17200.0 0.1030814783684372
9.020440881763527 166600.0 0.9929508950041019 77000.0 0.4589268842455933 70400.0 0.4195902941673996 19200.0 0.11443371659110899
9.045290581162325 165000.0 0.9780113878280736 68200.0 0.40424470696893716 80200.0 0.4753728079018879 16600.0 0.09839387295724862
9.070140280561121 171600.0 1.0115585321551364 70000.0 0.41264042686981084 81800.0 0.482199813113579 19800.0 0.11671829217174651
9.09498997995992 180000.0 1.0552771717084835 75200.0 0.44087135173598857 83600.0 0.49011761974905116 21200.0 0.12428820022344358
9.119839679358718 175000.0 1.020372846797597 77600.0 0.452462473779963 79200.0 0.46179159695068384 18200.0 0.10611877606695008
9.144689378757516 172800.0 1.0020695262655184 75800.0 0.4395652204336013 75600.0 0.4384054177411643 21400.0 0.12409888809075287
9.169539078156312 164000.0 0.9458835418185737 72000.0 0.4152659451886421 75600.0 0.43602924244807423 16400.0 0.09458835418185738
9.19438877755511 172200.0 0.9878092038062412 71200.0 0.40843214466320776 78800.0 0.45202883426208945 22200.0 0.127348224880944
9.219238476953908 171200.0 0.976778617158698 76400.0 0.4358988688722227 78200.0 0.4461687375105735 16600.0 0.09471101077590179
9.244088176352705 178600.0 1.0135207112000675 81400.0 0.46192937229387177 77400.0 0.43923014024011886 19800.0 0.11236119866607691
9.268937875751503 172800.0 0.9753488919123765 77800.0 0.43913277656703065 75600.0 0.42671514021166473 19400.0 0.10950097513368116
9.2937875751503 181800.0 1.0206609023423991 81800.0 0.45924126409025445 75600.0 0.42443324651862147 24400.0 0.13698639173352334
9.318637274549099 171200.0 0.9560242972939835 81000.0 0.452324579911289 71600.0 0.39983259162528756 18600.0 0.1038671257574071
9.343486973947895 182000.0 1.0109282208640318 84800.0 0.47102589631466973 73800.0 0.40992583900970075 23400.0 0.12997648553966124
9.368336673346693 176800.0 0.9768347842112246 82600.0 0.4563719071032079 76600.0 0.4232214053765826 17600.0 0.09724147173143412
9.393186372745491 180400.0 0.991451419883032 85400.0 0.46934562781602507 73800.0 0.40559376267942215 21200.0 0.11651202938758469
9.418036072144288 186000.0 1.0168338509437176 83200.0 0.454841808594179 83000.0 0.45374843886198146 19800.0 0.10824360348755703
9.442885771543086 185000.0 1.0060440303801674 85000.0 0.46223644639088773 82000.0 0.4459222188712093 18000.0 0.09788536511807035
9.467735470941884 194400.0 1.051612549525388 91000.0 0.49226719139305714 81400.0 0.4403357074658775 22000.0 0.11900965066645337
9.492585170340682 186400.0 1.003057077298776 89600.0 0.48215619166293083 77800.0 0.4186579432073217 19000.0 0.10224294242852329
9.517434869739478 180800.0 0.9678417926112901 80000.0 0.4282485808014557 77400.0 0.4143305019254085 23400.0 0.1252627098844258
9.542284569138276 189200.0 1.007532864438623 91000.0 0.48459561661688527 77600.0 0.4132375807634099 20600.0 0.10969966705832787
9.567134268537075 182800.0 0.9683945354156342 81000.0 0.42910261142596484 79600.0 0.4216860230803309 22200.0 0.1176059009093385
9.591983967935871 196000.0 1.0329424718113955 90800.0 0.47852641041058536 81000.0 0.4268792868200156 24200.0 0.12753677458079477
9.616833667334669 187600.0 0.9835640963172364 84200.0 0.4414504099675443 81400.0 0.426770348828481 22000.0 0.11534333752121109
9.641683366733467 197400.0 1.0296095576605557 86800.0 0.4527361175528686 86000.0 0.44856343444178215 24600.0 0.12831000566590514
9.666533066132265 187000.0 0.9703499598738665 85200.0 0.4421059710227456 77800.0 0.4037070956052771 24000.0 0.12453689324584383
9.691382765531062 191200.0 0.9870560098519686 89000.0 0.4594559878495042 79600.0 0.4109291756496689 22600.0 0.11667084635279545
9.71623246492986 196000.0 1.0066600399810017 89000.0 0.45710583448116915 84400.0 0.43348013966528853 22600.0 0.11607406583454409
9.741082164328658 196000.0 1.001524030538554 90400.0 0.46192741000349635 80800.0 0.41287317177303656 24800.0 0.1267234487620211
9.765931863727454 200600.0 1.0198127641258052 94400.0 0.4799118890003789 83400.0 0.4239899527821144 22800.0 0.11591092234331185
9.790781563126252 195800.0 0.9903576305641143 89000.0 0.4501625593473247 84400.0 0.4268957304372383 22400.0 0.11329934077955138
9.81563126252505 195600.0 0.9843366930524718 90800.0 0.45694157325748697 82400.0 0.4146694453349882 22400.0 0.11272567445999677
9.840480961923848 191600.0 0.9593373858345919 89600.0 0.44862541634018493 79600.0 0.39855561540936074 22400.0 0.11215635408504623
9.865330661322645 207400.0 1.0332162079827982 95800.0 0.47725223107402154 86800.0 0.43241642648460415 24800.0 0.12354755042417259
9.890180360721443 204600.0 1.0141453556188675 97600.0 0.48377608361877555 83600.0 0.41438197326362336 23400.0 0.11598729873646874
9.915030060120241 207800.0 1.0248439357074282 92600.0 0.4566917634576893 91800.0 0.4527462622615106 23400.0 0.1154059099882282
9.939879759519037 214800.0 1.0540702468808396 96000.0 0.471092847767973 90600.0 0.44459387508102455 28200.0 0.13838352403184206
9.964729458917835 199000.0 0.9716657209908605 92400.0 0.4511653900480176 84000.0 0.4101503545891069 22600.0 0.1103499763537359
9.989579158316634 217200.0 1.0552553652902008 99600.0 0.48390163159716393 92800.0 0.45086417080538965 24800.0 0.12048956288764723
10.014428857715432 208200.0 1.0065093279743293 92800.0 0.4486266360999892 94400.0 0.4563615781017132 21000.0 0.10152111377262688
10.039278557114228 199400.0 0.9591950421460809 93200.0 0.44832987927790746 84400.0 0.40599830269372733 21800.0 0.10486686017444616
10.064128256513026 199200.0 0.9535009558787872 91200.0 0.43654260630595076 84200.0 0.40303604661141507 23800.0 0.11392230296142136
10.088977955911824 204600.0 0.9745245044509327 91400.0 0.4353447688505145 90800.0 0.43248692572895747 22400.0 0.10669280987146088
10.11382765531062 214800.0 1.0180802907180784 100400.0 0.4758624822537014 92400.0 0.4379451529904583 22000.0 0.10427265547391863
10.138677354709419 209200.0 0.9866776888128613 96400.0 0.45466409752179654 89600.0 0.4225923562028316 23200.0 0.10942123508823318
10.163527054108217 216000.0 1.0137677802778138 100200.0 0.47027560918443034 93600.0 0.4392993714537194 22200.0 0.1041927996396642
10.188376753507013 222000.0 1.0368454309075699 106200.0 0.4960044358665942 90400.0 0.42221093222542483 25400.0 0.11863006281555077
10.213226452905811 215400.0 1.0011248302637485 93800.0 0.43595872367102884 95200.0 0.44246557029298444 26400.0 0.1227005362997352
10.23807615230461 214000.0 0.9897897505072335 91400.0 0.42274197755308945 99600.0 0.4606685007033666 23000.0 0.10637927225077744
10.262925851703407 224800.0 1.0347066974319434 98600.0 0.4538348770764662 99600.0 0.4584376648764304 26600.0 0.12243415547904668
10.287775551102204 219800.0 1.006805363330112 96800.0 0.44339744845475365 99600.0 0.4562229944844366 23400.0 0.10718492039092185
10.312625250501002 217400.0 0.9910129533128554 95000.0 0.4330553383841825 101400.0 0.4622295927595379 21000.0 0.09572802216913508
10.3374749498998 223000.0 1.0116532217414682 102000.0 0.46272927631224103 100200.0 0.45456346555378974 20800.0 0.09436047987543739
10.362324649298596 218800.0 0.9878390026048871 90600.0 0.409041195776978 99400.0 0.44877146644847254 28800.0 0.1300263403794367
10.387174348697394 230400.0 1.0352336477541766 101600.0 0.4565092821693765 104200.0 0.4681916063193803 24600.0 0.1105327592654199
10.412024048096193 213000.0 0.9524836816588684 87400.0 0.39083133228631506 104400.0 0.4668511566440651 21200.0 0.09480119272848832
10.43687374749499 220600.0 0.9817715522993269 95600.0 0.4254640090653474 103400.0 0.4601775997631477 21600.0 0.09612994347083163
10.461723446893787 229400.0 1.0160855621139013 103000.0 0.4562197597983079 95800.0 0.42432866979298933 30600.0 0.1355371325226041
10.486573146292585 217800.0 0.9601334173876112 93800.0 0.4135009850824515 100600.0 0.44347760233789574 23400.0 0.10315482996726402
10.511422845691383 226800.0 0.9950811345672257 99800.0 0.43787079907323245 102200.0 0.4484007581691819 24800.0 0.10880957732481127
10.53627254509018 220600.0 0.9633132829652955 94600.0 0.41309808054631436 100200.0 0.4375520895427135 25800.0 0.11266311287626754
10.561122244488978 223600.0 0.9718187656864005 97000.0 0.4215850638263902 103600.0 0.4502702331176703 23000.0 0.09996346874233994
10.585971943887776 239000.0 1.0338740718969857 101400.0 0.43863945979227764 109600.0 0.4741112898740989 28000.0 0.12112332223060922
10.610821643286574 230600.0 0.9928647789877482 99000.0 0.4262515746738381 106400.0 0.45811280348784217 25200.0 0.10850040082606788
10.63567134268537 231000.0 0.9899394132100109 96600.0 0.4139746637060046 108800.0 0.4662571781699099 25600.0 0.10970757133409645
10.660521042084168 233200.0 0.9947083605663053 100400.0 0.42825351372580206 111000.0 0.4734675301151796 21800.0 0.09298731672532357
10.685370741482966 249200.0 1.0580119603271791 108200.0 0.45937758470064516 114200.0 0.4848513879187955 26800.0 0.11378298770773836
10.710220440881763 233600.0 0.9871778525253646 98600.0 0.4166769531635314 109000.0 0.4606266520773319 26000.0 0.10987424728450121
10.73507014028056 233400.0 0.9817663192475541 106200.0 0.4467162943619976 103800.0 0.43662101087359084 23400.0 0.09842901401196558
10.759919839679359 222400.0 0.9311752786884021 93000.0 0.38938534585441276 103600.0 0.4337669014034103 25800.0 0.10802303143057901
10.784769539078157 248400.0 1.0352429152260387 113000.0 0.47094383824694996 110200.0 0.45927443340543256 25200.0 0.1050246435736561
10.809619238476953 238400.0 0.9889983557308715 101800.0 0.4223155730427966 109800.0 0.4555034373290674 26800.0 0.11117934535900735
10.834468937875751 247400.0 1.0216267539738175 109200.0 0.4509363036941829 109800.0 0.4534139756925026 28400.0 0.11727647458713182
10.85931863727455 236000.0 0.9700908062298156 101000.0 0.4151659806322515 109600.0 0.4505167472999482 25400.0 0.10440807829761573
10.884168336673346 249400.0 1.0204910897648978 101600.0 0.41572531964760867 120400.0 0.4926508709209851 27400.0 0.11211489919630391
10.909018036072144 254800.0 1.0378369094321174 112200.0 0.4570066767593547 115400.0 0.4700407352765555 27200.0 0.11078949739620718
10.933867735470942 239000.0 0.9690563383871507 105600.0 0.4281688256639461 110400.0 0.44763104501230727 23000.0 0.09325646771089734
10.95871743486974 236600.0 0.9549745548774499 105800.0 0.4270342684109645 105000.0 0.42380527583318783 25800.0 0.10413501063329757
10.983567134268537 250400.0 1.0061014960816281 117000.0 0.4701033348304733 108000.0 0.43394153984351375 25400.0 0.1020566214076412
11.008416833667335 252600.0 1.0103589271493982 112000.0 0.4479817887598282 113800.0 0.4551814960791825 26800.0 0.10719564231038745
11.033266533066133 254000.0 1.011382316726154 112400.0 0.4475565842520461 116000.0 0.4618911367725742 25600.0 0.10193459570153363
11.05811623246493 262600.0 1.040926535336318 118800.0 0.47091421324430527 115200.0 0.4566440855702354 28600.0 0.11336823652177719
11.082965931863727 267000.0 1.0536217665071608 118400.0 0.4672240342863215 120800.0 0.4766947917380712 27800.0 0.10970294048276805
11.107815631262525 251400.0 0.9876230950424106 106800.0 0.4195630332161076 118000.0 0.4635621528043137 26600.0 0.10449790902198935
11.132665330661322 241800.0 0.9456689033292612 109400.0 0.42785846990993043 104800.0 0.4098680772080504 27600.0 0.10794235621128045
11.15751503006012 256000.0 0.9967447627216904 111800.0 0.43529712684486327 116800.0 0.4547647979917713 27400.0 0.10668283788505592
11.182364729458918 251200.0 0.9737088909323307 113200.0 0.4387891976653656 110000.0 0.4263852627490301 28000.0 0.10853443051793496
11.207214428857716 253600.0 0.978652594990624 114000.0 0.4399305829216527 112200.0 0.4329843105597319 27400.0 0.10573770150923933
11.232064128256512 259600.0 0.9973740698338799 115600.0 0.4441311343328062 116800.0 0.44874149212864856 27200.0 0.10450144337242499
11.25691382765531 269800.0 1.0319856853871574 122400.0 0.46818031093917 119200.0 0.4559403028100414 28200.0 0.10786507163794604
11.281763527054109 272000.0 1.0358174354485554 116000.0 0.44174567100011913 124800.0 0.4752574115587489 31200.0 0.11881435288968722
11.306613226452905 263600.0 0.999416527973917 106800.0 0.40492293318518335 125600.0 0.4762015019481183 31200.0 0.11829209284061537
11.331462925851703 268200.0 1.0123971367572937 116000.0 0.4378749733924163 124600.0 0.4703381179715093 27600.0 0.10418404539336804
11.356312625250501 275800.0 1.0365293315170772 128000.0 0.4810578478396877 119800.0 0.45024007946245775 28000.0 0.1052314042149317
11.3811623246493 251400.0 0.9407018007810194 114000.0 0.4265712223112021 106800.0 0.3996298819547051 30600.0 0.11450069651511213
11.406012024048096 266600.0 0.9932312257080465 116200.0 0.43290873378572764 122200.0 0.455262024686884 28200.0 0.10506046723543477
11.430861723446894 269000.0 0.9978152770254256 112400.0 0.416930993076795 122600.0 0.4547663678933724 34000.0 0.12611791605525827
11.455711422845692 265400.0 0.980190638892172 110400.0 0.4077356689287709 125600.0 0.4638731885638915 29400.0 0.10858178139950964
11.480561122244488 270200.0 0.9935982908930946 115800.0 0.4258278389541834 120200.0 0.4420078259265358 34200.0 0.12576262601237542
11.505410821643286 274000.0 1.0032195602997762 118800.0 0.4349725684803409 122800.0 0.44961810950661496 32400.0 0.11862888231282025
11.530260521042084 270800.0 0.9872294137327899 122800.0 0.44768010342092546 117200.0 0.4272647241118279 30800.0 0.11228458620003669
11.555110220440882 270600.0 0.9822572875852356 117600.0 0.42687899859580086 124800.0 0.4530144474894213 28200.0 0.10236384150001347
11.579959919839679 280400.0 1.0134621727826159 128400.0 0.46408182234410794 119400.0 0.43155272264709105 32600.0 0.11782762779141683
11.604809619238477 276000.0 0.9932868623884163 126600.0 0.4556163651390344 120000.0 0.4318638532123549 29400.0 0.10580664403702696
11.629659318637275 278800.0 0.9990758131713218 123600.0 0.4429188325250193 122000.0 0.4371852554049543 33200.0 0.11897172524134822
11.654509018036071 272000.0 0.9705515789391187 123400.0 0.4403164148569384 118600.0 0.4231890340521304 30000.0 0.10704613003004984
11.67935871743487 282400.0 1.003372991759896 124000.0 0.4405745431240337 126600.0 0.4498123964476021 31800.0 0.11298605218826024
11.704208416833668 288000.0 1.01892481800853 132800.0 0.4698375549705999 126800.0 0.4486099545954222 28400.0 0.10047730844250781
11.729058116232466 282400.0 0.9948788702589204 128400.0 0.4523457752876961 125200.0 0.4410723603272551 28800.0 0.10146073464396922
11.753907815631262 296200.0 1.0390832358518076 128000.0 0.4490298926030768 127800.0 0.4483282833958845 40400.0 0.14172505985284614
11.77875751503006 296000.0 1.0340002760841598 134000.0 0.46809471957863985 128200.0 0.4478339033580719 33800.0 0.11807165314744797
11.803607214428858 278000.0 0.9670329527350882 133400.0 0.46403667588079406 114000.0 0.39655308133741024 30600.0 0.10644319551688379
11.828456913827655 297200.0 1.0294770614796158 140800.0 0.4877199537561572 120200.0 0.4163631991583103 36200.0 0.12539390856514837
11.853306613226453 290600.0 1.0023945860861123 127400.0 0.43945309796067006 130800.0 0.45118104562995015 32400.0 0.11176044249549225
11.87815631262525 307600.0 1.0565948567619878 143600.0 0.4932607978901868 133600.0 0.4589111601541013 30400.0 0.1044228987176997
11.903006012024049 302000.0 1.0330277128681948 135400.0 0.46315216000779325 135600.0 0.4638362843209511 31000.0 0.10603926853945046
11.927855711422845 297600.0 1.0137354133864818 136200.0 0.46394745733615195 132200.0 0.45032198134977447 29200.0 0.09946597470055533
11.952705410821643 293400.0 0.9952730410616026 135400.0 0.45930460040811516 125800.0 0.42673942933043496 32200.0 0.1092290113230525
11.977555110220441 295800.0 0.9992507948635199 133000.0 0.4492912634105752 123800.0 0.41821246924984373 39000.0 0.131747062203101
12.002404809619238 287200.0 0.9661814976741644 129200.0 0.4346471082851743 122800.0 0.4131166013732151 35200.0 0.11841778801577502
12.027254509018036 298800.0 1.0010518054680169 141200.0 0.47305393216895575 122200.0 0.409399366225541 35400.0 0.11859850707352007
12.052104208416834 298800.0 0.9969237626475727 137800.0 0.459759352385661 123600.0 0.4123821186855421 37400.0 0.12478229157636954
12.076953907815632 299200.0 0.9941502794384718 130600.0 0.43394393881906557 135000.0 0.44856379586963124 33600.0 0.11164254474977489
12.101803607214428 291800.0 0.9655805681274766 132000.0 0.4367944996327173 128800.0 0.42620554206586353 31000.0 0.10258052642889574
12.126653306613226 303400.0 0.9998509322124052 138800.0 0.45741367630547736 131200.0 0.4323679706864455 33400.0 0.1100692852204823
12.151503006012025 304800.0 1.0003563808315765 133800.0 0.43913282071937315 137400.0 0.45094805356384066 33600.0 0.11027550654836277
12.176352705410821 312800.0 1.0224222047349976 144800.0 0.47329518940418047 134800.0 0.44060905753925084 33200.0 0.10851795779156624
12.201202404809619 291200.0 0.9479430974172169 130800.0 0.42579312205416203 125800.0 0.40951662656279497 34600.0 0.11263334880025998
12.226052104208417 301200.0 0.9765103374428032 128400.0 0.41628129922860535 134000.0 0.43443686991147284 38800.0 0.125792168302725
12.250901803607213 297200.0 0.9596331852513842 127600.0 0.4120094025507288 139200.0 0.44946480278261325 30400.0 0.09815897991804197
12.275751503006012 303600.0 0.9763294203275175 134400.0 0.4322090714493358 133800.0 0.43027956666607986 35400.0 0.11384078221210184
12.30060120240481 314200.0 1.0063348494344957 137200.0 0.4394307490210465 141400.0 0.45288271072577235 35600.0 0.11402138968767679
12.325450901803608 313000.0 0.9984491331321701 146600.0 0.4676442265724477 128600.0 0.4102254265840162 37800.0 0.12057947997570616
12.350300601202404 300800.0 0.9556706561353198 135800.0 0.43144971776321955 133000.0 0.4225538472938748 32000.0 0.10166709107822551
12.375150300601202 318600.0 1.0081578285101562 142600.0 0.4512344831938114 138200.0 0.4373113995609027 37800.0 0.11961194575544228
12.4 314200.0 0.9902498414253679 145400.0 0.45825056315483287 137200.0 0.4324069963194159 31600.0 0.09959228195111912
