r h_AllPart g_AllPart h_OO g_OO h_SiO g_SiO h_SiSi g_SiSi
0.0 0.0 0.0 0.0 0.0 0.0 0.0 0.0 0.0
0.024849699398797595 0.0 0.0 0.0 0.0 0.0 0.0 0.0 0.0
0.04969939879759519 0.0 0.0 0.0 0.0 0.0 0.0 0.0 0.0
0.07454909819639279 0.0 0.0 0.0 0.0 0.0 0.0 0.0 0.0
0.09939879759519038 0.0 0.0 0.0 0.0 0.0 0.0 0.0 0.0
0.12424849699398798 0.0 0.0 0.0 0.0 0.0 0.0 0.0 0.0
0.14909819639278557 0.0 0.0 0.0 0.0 0.0 0.0 0.0 0.0
0.17394789579158315 0.0 0.0 0.0 0.0 0.0 0.0 0.0 0.0
0.19879759519038076 0.0 0.0 0.0 0.0 0.0 0.0 0.0 0.0
0.22364729458917837 0.0 0.0 0.0 0.0 0.0 0.0 0.0 0.0
0.24849699398797595 0.0 0.0 0.0 0.0 0.0 0.0 0.0 0.0
0.27334669338677353 0.0 0.0 0.0 0.0 0.0 0.0 0.0 0.0
0.29819639278557114 0.0 0.0 0.0 0.0 0.0 0.0 0.0 0.0
0.32304609218436875 0.0 0.0 0.0 0.0 0.0 0.0 0.0 0.0
0.3478957915831663 0.0 0.0 0.0 0.0 0.0 0.0 0.0 0.0
0.3727454909819639 0.0 0.0 0.0 0.0 0.0 0.0 0.0 0.0
0.3975951903807615 0.0 0.0 0.0 0.0 0.0 0.0 0.0 0.0
0.42244488977955913 0.0 0.0 0.0 0.0 0.0 0.0 0.0 0.0
0.44729458917835674 0.0 0.0 0.0 0.0 0.0 0.0 0.0 0.0
0.4721442885771543 0.0 0.0 0.0 0.0 0.0 0.0 0.0 0.0
0.4969939879759519 0.0 0.0 0.0 0.0 0.0 0.0 0.0 0.0
0.5218436873747495 0.0 0.0 0.0 0.0 0.0 0.0 0.0 0.0
0.5466933867735471 0.0 0.0 0.0 0.0 0.0 0.0 0.0 0.0
0.5715430861723447 0.0 0.0 0.0 0.0 0.0 0.0 0.0 0.0
0.5963927855711423 0.0 0.0 0.0 0.0 0.0 0.0 0.0 0.0
0.6212424849699398 0.0 0.0 0.0 0.0 0.0 0.0 0.0 0.0
0.6460921843687375 0.0 0.0 0.0 0.0 0.0 0.0 0.0 0.0
0.670941883767535 0.0 0.0 0.0 0.0 0.0 0.0 0.0 0.0
0.6957915831663326 0.0 0.0 0.0 0.0 0.0 0.0 0.0 0.0
0.7206412825651303 0.0 0.0 0.0 0.0 0.0 0.0 0.0 0.0
0.7454909819639278 0.0 0.0 0.0 0.0 0.0 0.0 0.0 0.0
0.7703406813627255 0.0 0.0 0.0 0.0 0.0 0.0 0.0 0.0
0.795190380761523 0.0 0.0 0.0 0.0 0.0 0.0 0.0 0.0
0.8200400801603206 0.0 0.0 0.0 0.0 0.0 0.0 0.0 0.0
0.8448897795591183 0.0 0.0 0.0 0.0 0.0 0.0 0.0 0.0
0.8697394789579158 0.0 0.0 0.0 0.0 0.0 0.0 0.0 0.0
0.8945891783567135 0.0 0.0 0.0 0.0 0.0 0.0 0.0 0.0
0.919438877755511 0.0 0.0 0.0 0.0 0.0 0.0 0.0 0.0
0.9442885771543086 0.0 0.0 0.0 0.0 0.0 0.0 0.0 0.0
0.9691382765531062 0.0 0.0 0.0 0.0 0.0 0.0 0.0 0.0
0.9939879759519038 0.0 0.0 0.0 0.0 0.0 0.0 0.0 0.0
1.0188376753507014 0.0 0.0 0.0 0.0 0.0 0.0 0.0 0.0
1.043687374749499 0.0 0.0 0.0 0.0 0.0 0.0 0.0 0.0
1.0685370741482967 0.0 0.0 0.0 0.0 0.0 0.0 0.0 0.0
1.0933867735470941 0.0 0.0 0.0 0.0 0.0 0.0 0.0 0.0
1.1182364729458918 0.0 0.0 0.0 0.0 0.0 0.0 0.0 0.0
1.1430861723446895 0.0 0.0 0.0 0.0 0.0 0.0 0.0 0.0
1.167935871743487 0.0 0.0 0.0 0.0 0.0 0.0 0.0 0.0
1.1927855711422846 0.0 0.0 0.0 0.0 0.0 0.0 0.0 0.0
1.2176352705410822 0.0 0.0 0.0 0.0 0.0 0.0 0.0 0.0
1.2424849699398797 0.0 0.0 0.0 0.0 0.0 0.0 0.0 0.0
1.2673346693386773 0.0 0.0 0.0 0.0 0.0 0.0 0.0 0.0
1.292184368737475 0.0 0.0 0.0 0.0 0.0 0.0 0.0 0.0
1.3170340681362724 0.0 0.0 0.0 0.0 0.0 0.0 0.0 0.0
1.34188376753507 0.0 0.0 0.0 0.0 0.0 0.0 0.0 0.0
1.3667334669338678 6.0 0.05273438414229625 0.0 0.0 6.0 0.05273438414229625 0.0 0.0
1.3915831663326652 12.0 0.10170243417205972 0.0 0.0 12.0 0.10170243417205972 0.0 0.0
1.4164328657314629 18.0 0.14720145048303265 0.0 0.0 18.0 0.14720145048303265 0.0 0.0
1.4412825651302605 72.0 0.5685042005347326 0.0 0.0 72.0 0.5685042005347326 0.0 0.0
1.4661322645290582 162.0 1.235778184619075 0.0 0.0 162.0 1.235778184619075 0.0 0.0
1.4909819639278556 198.0 1.4600537806266876 0.0 0.0 198.0 1.4600537806266876 0.0 0.0
1.5158316633266533 174.0 1.2410132789061152 0.0 0.0 174.0 1.2410132789061152 0.0 0.0
1.540681362725451 336.0 2.319141749991371 0.0 0.0 336.0 2.319141749991371 0.0 0.0
1.5655310621242484 486.0 3.2479907726301 0.0 0.0 486.0 3.2479907726301 0.0 0.0
1.590380761523046 564.0 3.6514931905966965 0.0 0.0 564.0 3.6514931905966965 0.0 0.0
1.6152304609218437 654.0 4.103906304224664 0.0 0.0 654.0 4.103906304224664 0.0 0.0
1.6400801603206412 612.0 3.723987406058917 0.0 0.0 612.0 3.723987406058917 0.0 0.0
1.6649298597194389 648.0 3.8253515102084954 0.0 0.0 648.0 3.8253515102084954 0.0 0.0
1.6897795591182365 552.0 3.162797639363826 0.0 0.0 552.0 3.162797639363826 0.0 0.0
1.714629258517034 528.0 2.9376015162389746 0.0 0.0 528.0 2.9376015162389746 0.0 0.0
1.7394789579158316 456.0 2.464538222275353 0.0 0.0 456.0 2.464538222275353 0.0 0.0
1.7643286573146293 402.0 2.111486721558857 0.0 0.0 402.0 2.111486721558857 0.0 0.0
1.789178356713427 384.0 1.9609200113378185 0.0 0.0 384.0 1.9609200113378185 0.0 0.0
1.8140280561122244 336.0 1.6687996345457572 0.0 0.0 336.0 1.6687996345457572 0.0 0.0
1.838877755511022 276.0 1.3337533452355161 0.0 0.0 276.0 1.3337533452355161 0.0 0.0
1.8637274549098197 222.0 1.0441952791066038 0.0 0.0 222.0 1.0441952791066038 0.0 0.0
1.8885771543086172 180.0 0.8243659968867347 0.0 0.0 180.0 0.8243659968867347 0.0 0.0
1.9134268537074148 96.0 0.42824272674557207 0.0 0.0 96.0 0.42824272674557207 0.0 0.0
1.9382765531062125 138.0 0.5998152080091032 0.0 0.0 138.0 0.5998152080091032 0.0 0.0
1.96312625250501 90.0 0.3812809788705597 0.0 0.0 90.0 0.3812809788705597 0.0 0.0
1.9879759519038076 66.0 0.2726162685518702 0.0 0.0 66.0 0.2726162685518702 0.0 0.0
2.012825651302605 54.0 0.21754255819289256 0.0 0.0 54.0 0.21754255819289256 0.0 0.0
2.0376753507014027 48.0 0.1886550296951882 12.0 0.04716375742379705 36.0 0.14149127227139113 0.0 0.0
2.0625250501002004 66.0 0.25315035349488224 0.0 0.0 66.0 0.25315035349488224 0.0 0.0
2.087374749498998 30.0 0.11232875103791234 6.0 0.022465750207582468 24.0 0.08986300083032987 0.0 0.0
2.1122244488977957 24.0 0.08774867598935648 12.0 0.04387433799467824 12.0 0.04387433799467824 0.0 0.0
2.1370741482965934 54.0 0.19284322984943655 30.0 0.10713512769413143 24.0 0.08570810215530514 0.0 0.0
2.1619238476953906 30.0 0.10467236091504513 6.0 0.020934472183009027 24.0 0.08373788873203611 0.0 0.0
2.1867735470941883 60.0 0.20458709438460523 24.0 0.0818348377538421 36.0 0.12275225663076314 0.0 0.0
2.211623246492986 84.0 0.2799857581515951 42.0 0.13999287907579755 36.0 0.11999389635068362 6.0 0.019998982725113936
2.2364729458917836 72.0 0.2346549525656034 48.0 0.1564366350437356 24.0 0.0782183175218678 0.0 0.0
2.2613226452905812 48.0 0.1529986071684512 30.0 0.095624129480282 18.0 0.0573744776881692 0.0 0.0
2.286172344689379 96.0 0.2993453658268115 84.0 0.2619271950984601 12.0 0.037418170728351435 0.0 0.0
2.311022044088176 132.0 0.40274861256862576 108.0 0.3295215921016029 24.0 0.07322702046702287 0.0 0.0
2.335871743486974 126.0 0.3762625553411374 120.0 0.35834529080108324 0.0 0.0 6.0 0.017917264540054163
2.3607214428857715 228.0 0.6665227759134065 210.0 0.6139025567623482 0.0 0.0 18.0 0.05262021915105841
2.385571142284569 228.0 0.6526373922552546 192.0 0.5495893829517934 24.0 0.06869867286897417 12.0 0.034349336434487086
2.410420841683367 282.0 0.7905665090497946 252.0 0.7064636889381143 24.0 0.06728225608934423 6.0 0.016820564022336056
2.4352705410821645 348.0 0.9556833560551241 330.0 0.906251458328135 18.0 0.04943189772698918 0.0 0.0
2.460120240480962 270.0 0.7264996175882118 270.0 0.7264996175882118 0.0 0.0 0.0 0.0
2.4849699398797593 408.0 1.0758659507173525 366.0 0.9651150440258603 24.0 0.06328623239513838 18.0 0.04746467429635379
2.509819639278557 462.0 1.1941368098770344 438.0 1.132103728844461 24.0 0.062033081032573205 0.0 0.0
2.5346693386773547 450.0 1.14031472746951 408.0 1.033885352905689 36.0 0.09122517819756079 6.0 0.015204196366260133
2.5595190380761523 444.0 1.1032644178053943 378.0 0.9392656529964843 48.0 0.11927182895193451 18.0 0.044726935856975444
2.58436873747495 462.0 1.1259152838187756 432.0 1.0528039017526212 18.0 0.043866829239692554 12.0 0.0292445528264617
2.6092184368737477 426.0 1.018407340848332 384.0 0.918000983299905 30.0 0.07171882682030507 12.0 0.02868753072812203
2.634068136272545 576.0 1.3510210931338444 498.0 1.168070320105303 36.0 0.08443881832086528 42.0 0.09851195470767615
2.6589178356713425 576.0 1.325769104559087 522.0 1.2014782510066724 24.0 0.055240379356628615 30.0 0.06905047419578578
2.68376753507014 612.0 1.3825446913203197 564.0 1.2741098135697062 18.0 0.040663079156479986 30.0 0.0677717985941333
2.708617234468938 666.0 1.4769285833228254 594.0 1.3172606283690065 48.0 0.10644530330254597 24.0 0.05322265165127298
2.7334669338677355 606.0 1.31943859793423 522.0 1.1365461190126536 24.0 0.05225499397759326 60.0 0.13063748494398314
2.758316633266533 648.0 1.3854641829580443 564.0 1.2058669740560757 42.0 0.08979860445098435 42.0 0.08979860445098435
2.7831663326653304 672.0 1.4111216149905974 552.0 1.159135612313705 66.0 0.13859230147229082 54.0 0.11339370120460157
2.808016032064128 654.0 1.3490177403415444 492.0 1.0148573826422629 78.0 0.1608920240774319 84.0 0.17326833362184973
2.8328657314629258 576.0 1.1672819448037917 462.0 0.9362573932280414 60.0 0.12159186925039497 54.0 0.10943268232535547
2.8577154308617234 510.0 1.0155568953960012 390.0 0.7766023317734128 48.0 0.0955818254490354 72.0 0.1433727381735531
2.882565130260521 474.0 0.9275973031725361 342.0 0.669279066846007 42.0 0.0821921661038956 90.0 0.1761260702226334
2.9074148296593187 510.0 0.980987505288214 336.0 0.6462976505428233 54.0 0.10386926526581088 120.0 0.23082058947957973
2.9322645290581164 492.0 0.9303247292678256 366.0 0.6920708351870409 48.0 0.09076338822125127 78.0 0.1474905058595333
2.9571142284569136 534.0 0.9927726313572799 360.0 0.6692849200161437 90.0 0.16732123000403593 84.0 0.1561664813371002
2.9819639278557113 522.0 0.9542891260008899 294.0 0.5374731859085472 114.0 0.20840797004617134 114.0 0.20840797004617134
3.006813627254509 636.0 1.1434794034056175 360.0 0.6472524924937457 96.0 0.17260066466499888 180.0 0.32362624624687286
3.0316633266533066 564.0 0.9974058555930237 366.0 0.6472527360763239 114.0 0.20160331123688777 84.0 0.14854980827981204
3.0565130260521043 516.0 0.897682852793534 300.0 0.5219086353450778 96.0 0.16701076331042491 120.0 0.20876345413803113
3.081362725450902 528.0 0.9037440510543994 270.0 0.46214184428918154 102.0 0.17458691895369077 156.0 0.26701528781152706
3.106212424849699 486.0 0.8185459208286308 252.0 0.4244312182074381 90.0 0.1515825779312279 144.0 0.24253212468996463
3.131062124248497 498.0 0.8254436109000048 156.0 0.2585726973903629 144.0 0.23868248989879656 198.0 0.3281884236108453
3.1559118236472945 594.0 0.9690606289105402 264.0 0.430693612849129 150.0 0.2447122800279142 180.0 0.293654736033497
3.180761523046092 630.0 1.0117326620324427 288.0 0.4625063597862595 108.0 0.1734398849198473 234.0 0.37578641732633583
3.20561122244489 516.0 0.8158100884169855 198.0 0.3130434060204712 144.0 0.22766793165125176 174.0 0.2750987507452626
3.2304609218436875 498.0 0.7752387362333458 204.0 0.3175676750835392 114.0 0.17746428901727193 180.0 0.2802067721325346
3.255310621242485 534.0 0.818589039971588 240.0 0.3679051865040845 150.0 0.2299407415650528 144.0 0.2207431119024507
3.2801603206412824 618.0 0.933002255343913 252.0 0.38044752159654704 204.0 0.3079813270067286 162.0 0.24457340674063738
3.30501002004008 564.0 0.8386738522973262 198.0 0.2944280545299124 222.0 0.33011630356384114 144.0 0.21412949420357263
3.3298597194388777 534.0 0.7822120680267886 204.0 0.29882258778551474 204.0 0.29882258778551474 126.0 0.18456689245575908
3.3547094188376754 450.0 0.6494022089495305 174.0 0.2511021874604851 174.0 0.2511021874604851 102.0 0.14719783402856024
3.379559118236473 510.0 0.7251659964928069 168.0 0.23887821060939518 234.0 0.332723221920229 108.0 0.1535645639631826
3.4044088176352707 474.0 0.6641388924319359 162.0 0.22698417842610466 186.0 0.2606114641188609 126.0 0.1765432498869703
3.429258517034068 594.0 0.8202135723850597 252.0 0.3479693943451768 282.0 0.3893943222434122 60.0 0.08284985579647067
3.4541082164328656 540.0 0.734920130298372 210.0 0.2858022728938113 234.0 0.3184653897959612 96.0 0.13065246760859944
3.4789579158316633 564.0 0.7566179600666016 162.0 0.2173264353382792 336.0 0.4507511251460605 66.0 0.0885403995822619
3.503807615230461 552.0 0.7300160573523596 222.0 0.2935934143699708 276.0 0.3650080286761798 54.0 0.0714146143062091
3.5286573146292586 486.0 0.6336791227204986 180.0 0.23469597137796244 270.0 0.3520439570669437 36.0 0.04693919427559249
3.5535070140280562 756.0 0.9719369693132187 222.0 0.28541006241737377 480.0 0.6171028376591865 54.0 0.06942406923665848
3.578356713426854 474.0 0.6009254523571608 138.0 0.17495297980018604 294.0 0.3727259134873529 42.0 0.053246559069621835
3.603206412825651 726.0 0.9077097707273527 246.0 0.30757107933736744 438.0 0.5476265558933616 42.0 0.0525121354966237
3.628056112224449 522.0 0.6437105453701621 150.0 0.18497429464659831 336.0 0.41434242000838023 36.0 0.044393830715183595
3.6529058116232465 666.0 0.8101120843836808 222.0 0.2700373614612269 402.0 0.48898657345681634 42.0 0.05108814946563752
3.677755511022044 828.0 0.9935562272854799 330.0 0.39598255435290863 462.0 0.5543755760940721 36.0 0.043198096838499116
3.702605210420842 648.0 0.7671287767875847 174.0 0.20598828265592553 432.0 0.5114191845250565 42.0 0.04972130960660272
3.7274549098196395 750.0 0.8760422981983881 228.0 0.26631685865231 486.0 0.5676754092325556 36.0 0.04205003031352263
3.7523046092184367 858.0 0.9889185131073329 246.0 0.28353607718461993 582.0 0.6708048655343447 30.0 0.034577570388368284
3.7771543086172343 846.0 0.9622575727953893 330.0 0.3753486986081305 468.0 0.5323126998442579 48.0 0.054596174343000806
3.802004008016032 804.0 0.9025320272660959 204.0 0.22900066363468102 570.0 0.6398547954498441 30.0 0.03367656818157074
3.8268537074148297 834.0 0.9240502142655357 198.0 0.2193788278472135 570.0 0.6315451104692509 66.0 0.07312627594907116
3.8517034068136273 864.0 0.9449374814099567 282.0 0.3084170946268609 552.0 0.6037100575674723 30.0 0.0328103292156235
3.876553106212425 846.0 0.9133892514574102 180.0 0.1943381386079596 642.0 0.6931393610350559 24.0 0.025911751814394614
3.901402805611222 876.0 0.9337309658183159 198.0 0.2110487799452358 624.0 0.6651234277061976 54.0 0.05755875816688248
3.92625250501002 936.0 0.9850563854170622 276.0 0.29046534441785166 624.0 0.6567042569447081 36.0 0.03788678405450239
3.9511022044088175 1002.0 1.0412513197336266 246.0 0.25563655155136944 708.0 0.7357344654405267 48.0 0.049880302741730616
3.975951903807615 1008.0 1.0343929496659645 312.0 0.32016924632517946 642.0 0.6588097953229655 54.0 0.05541390801781952
4.000801603206413 1164.0 1.1796395341137977 336.0 0.3405145046926426 744.0 0.7539964032479943 84.0 0.08512862617316065
4.02565130260521 1152.0 1.1530651736381539 366.0 0.3663384145412885 732.0 0.732676829082577 54.0 0.05404993001428847
4.050501002004008 1086.0 1.0736668422177984 246.0 0.2432063012758549 780.0 0.771141930874662 60.0 0.05931861006728168
4.075350701402805 1086.0 1.0605735074086673 336.0 0.32813323986124515 702.0 0.6855640904243873 48.0 0.04687617712303502
4.1002004008016035 1068.0 1.0303527337970213 312.0 0.30100192223283767 672.0 0.6483118325014965 84.0 0.08103897906268706
4.125050100200401 1224.0 1.1666267151034797 372.0 0.3545630212569399 804.0 0.7663136265875797 48.0 0.045750067258959984
4.149899799599198 1242.0 1.1696061189900324 384.0 0.36161735079885055 744.0 0.700633617172773 114.0 0.10735515101840876
4.174749498997996 1326.0 1.2338444968733513 444.0 0.41314250121551127 798.0 0.7425399008332838 84.0 0.07816209482455619
4.199599198396793 1134.0 1.0427009914693854 372.0 0.34205006069366084 720.0 0.6620323755361177 42.0 0.03861855523960687
4.224448897795591 1242.0 1.1285706407634757 414.0 0.37619021358782523 726.0 0.6596958817989399 102.0 0.09268454537671056
4.249298597194389 1164.0 1.0453236728835524 390.0 0.3502373130795408 684.0 0.6142623644779638 90.0 0.08082399532604786
4.274148296593187 1206.0 1.0704481738442178 390.0 0.34616483233768236 720.0 0.6390735366234135 96.0 0.0852098048831218
4.298997995991984 1098.0 0.96332036617232 378.0 0.33163488015768394 636.0 0.5579888459795952 84.0 0.07369664003504087
4.323847695390781 1110.0 0.9626549211248355 378.0 0.3278230271938629 612.0 0.5307610916472066 120.0 0.104070802283766
4.348697394789579 1122.0 0.9619414145023499 372.0 0.3189324475890144 684.0 0.5864241778249619 66.0 0.05658478908837352
4.3735470941883765 1296.0 1.098493273577902 474.0 0.40176374357710304 702.0 0.595017189854697 120.0 0.10171234014610203
4.398396793587175 1380.0 1.1564751953428878 564.0 0.472646384183615 708.0 0.5933220567411337 108.0 0.09050675441813903
4.423246492985972 1272.0 1.053991394148316 636.0 0.526995697074158 534.0 0.4424775192415101 102.0 0.08451817783264798
4.44809619238477 1200.0 0.9832217709353793 498.0 0.40803703493818244 588.0 0.4817786677583359 114.0 0.09340606823886104
4.472945891783567 1266.0 1.0257735434809534 600.0 0.4861485988061391 558.0 0.4521181968897094 108.0 0.08750674778510503
4.497795591182364 1200.0 0.9615536920882812 498.0 0.39904478221663675 582.0 0.4663535406628165 120.0 0.09615536920882813
4.5226452905811625 1272.0 1.0080465114139256 534.0 0.4231893373388651 600.0 0.47549363745939893 138.0 0.10936353661566175
4.54749498997996 1326.0 1.039356453300496 558.0 0.43737624505405487 582.0 0.45618812656175617 186.0 0.14579208168468494
4.572344689378758 1302.0 1.0094518058244097 600.0 0.46518516397438237 540.0 0.41866664757694416 162.0 0.12559999427308324
4.597194388777555 1314.0 1.0077420438807738 678.0 0.5199764883951026 504.0 0.3865311949131735 132.0 0.10123436057249782
4.622044088176352 1374.0 1.0424270445318615 696.0 0.5280416470117727 546.0 0.4142395679144079 132.0 0.10014582960568102
4.64689378757515 1446.0 1.0853189780173043 666.0 0.4998772056428248 606.0 0.4548432231524802 174.0 0.13059854922199926
4.671743486973948 1446.0 1.0737731409150806 744.0 0.5524807861969708 534.0 0.3965386288026646 168.0 0.12475372591544502
4.696593186372746 1518.0 1.1153106800780186 750.0 0.5510428261255034 582.0 0.4276092330733906 186.0 0.1366586208791248
4.721442885771543 1452.0 1.0555893428656973 834.0 0.6063095812327766 444.0 0.32278351806637023 174.0 0.12649624356655048
4.746292585170341 1458.0 1.0488524179382595 666.0 0.47910542547797036 588.0 0.42299397925082066 204.0 0.1467530132094684
4.771142284569138 1344.0 0.9567721874674644 672.0 0.4783860937337322 468.0 0.3331617438502778 204.0 0.14522434988345442
4.7959919839679355 1470.0 1.0356254332371502 780.0 0.5495155360033859 522.0 0.36775270486380435 168.0 0.11835719236996001
4.820841683366734 1578.0 1.1002513512797143 780.0 0.5438504778188702 570.0 0.39742919532917437 228.0 0.15897167813166974
4.845691382765531 1284.0 0.8860794668977106 690.0 0.4761641995011061 450.0 0.31054186923985183 144.0 0.09937339815675258
4.870541082164329 1506.0 1.0286753156704778 798.0 0.5450749680644364 510.0 0.3483561825975722 198.0 0.1352441650084692
4.895390781563126 1518.0 1.0263454040097397 882.0 0.5963350766380702 468.0 0.3164226937263229 168.0 0.11358763364534667
4.920240480961924 1440.0 0.9637739452745334 798.0 0.5340913946729706 450.0 0.3011793578982917 192.0 0.12850319270327112
4.9450901803607215 1548.0 1.025644446181158 816.0 0.5406497855838662 546.0 0.36175831241273404 186.0 0.12323634818455774
4.969939879759519 1704.0 1.1177140189288914 882.0 0.5785350731779826 630.0 0.41323933798427326 192.0 0.12593960776663565
4.994789579158317 1776.0 1.1533500115192403 978.0 0.635121796883906 600.0 0.3896452741619055 198.0 0.1285829404734288
5.019639278557114 1554.0 0.9991894484457229 816.0 0.5246709072919626 558.0 0.3587823116040627 180.0 0.11573622954969763
5.044488977955912 1638.0 1.0428234216350027 936.0 0.5958990980771446 468.0 0.2979495490385723 234.0 0.14897477451928615
5.069338677354709 1716.0 1.0817711613151688 996.0 0.6278811635605526 510.0 0.3215054150761866 210.0 0.13238458267842976
5.0941883767535066 1644.0 1.0262711966524158 966.0 0.6030279659162006 492.0 0.30713225593247484 186.0 0.11611097480374048
5.119038076152305 1824.0 1.127582018580396 990.0 0.6120099771900176 516.0 0.31898701841419097 318.0 0.19658502297618746
5.143887775551102 1806.0 1.1056676481484826 930.0 0.5693637390797834 594.0 0.3636581301219262 282.0 0.17264577894677305
5.1687374749499 1800.0 1.0913983163731313 846.0 0.5129572086953718 660.0 0.40017938267014813 294.0 0.17826172500761145
5.193587174348697 1974.0 1.1854466514585447 1074.0 0.6449694547449225 600.0 0.3603181311424148 300.0 0.1801590655712074
5.218436873747495 1746.0 1.0385398778301436 810.0 0.48179685053975735 690.0 0.4104195393486822 246.0 0.14632348794170408
5.2432865731462925 1908.0 1.124141990019309 1050.0 0.6186315982810663 642.0 0.37824903437756624 216.0 0.12726135736067648
5.26813627254509 1638.0 0.9559609716023194 996.0 0.5812802977508609 468.0 0.27313170617209126 174.0 0.10154896767936726
5.292985971943888 1872.0 1.0822684325764884 996.0 0.5758223070759522 606.0 0.35034971695585043 270.0 0.15609640854468582
5.317835671342685 1818.0 1.0412263334396807 924.0 0.5292041430683526 576.0 0.32989349178286914 318.0 0.182128698588459
5.342685370741483 1854.0 1.0519671233377261 918.0 0.520876925147806 696.0 0.39491322429506864 240.0 0.13617697389485126
5.36753507014028 1836.0 1.0321080505462303 918.0 0.5160540252731152 708.0 0.3980024508642326 210.0 0.11805157440888256
5.3923847695390785 1878.0 1.045988311440273 798.0 0.4444614869698285 852.0 0.4745378281933507 228.0 0.12698899627709384
5.417234468937876 1950.0 1.0761260405928765 918.0 0.5066070283406464 774.0 0.42713925918917245 258.0 0.1423797530630575
5.442084168336673 1896.0 1.0367702086971864 984.0 0.5380706146403119 678.0 0.3707437771607027 234.0 0.12795581689617175
5.466933867735471 1812.0 0.9818298013835881 924.0 0.5006681768644787 642.0 0.34786685015908586 246.0 0.13329477436002354
5.491783567134268 1992.0 1.0695946430817334 912.0 0.4896939329771791 780.0 0.4188171795199559 300.0 0.1610835305845984
5.516633266533066 1626.0 0.8652072690654203 792.0 0.4214293709100941 594.0 0.3160720281825705 240.0 0.12770586997275576
5.541482965931864 1884.0 0.9935001884397905 744.0 0.3923376540335478 810.0 0.42714180076233027 330.0 0.17402073364391235
5.566332665330661 1908.0 0.9971727638699328 822.0 0.4295995869502541 882.0 0.46095722103421427 204.0 0.10661595588546452
5.591182364729459 1926.0 0.9976327350118833 882.0 0.45685985061291856 810.0 0.4195651689302313 234.0 0.12120771546873349
5.616032064128256 1842.0 0.9456787684593663 846.0 0.43433454838036045 792.0 0.4066110665688481 204.0 0.10473315351015783
5.640881763527054 1746.0 0.8884948979173914 804.0 0.40913510763206345 690.0 0.3511234132663231 252.0 0.12823637701900495
5.6657314629258515 2088.0 1.0532096026123503 900.0 0.45396965629842684 858.0 0.4327844056711669 330.0 0.1664555406427565
5.69058116232465 2352.0 1.176012755990373 1068.0 0.5340057922609347 1002.0 0.5010054343122252 282.0 0.14100152941721308
5.715430861723447 1974.0 0.9784280584469999 828.0 0.41040447436378724 846.0 0.419326310763 300.0 0.14869727332021274
5.740280561122244 2028.0 0.9964906476344193 846.0 0.41569580271139983 954.0 0.46876335199370617 228.0 0.11203149292931341
5.765130260521042 2016.0 0.9820547007526625 810.0 0.3945755494095519 966.0 0.4705678774439841 240.0 0.11691127389912649
5.789979959919839 1944.0 0.9388527736978668 822.0 0.39698404319940656 912.0 0.4404494493891226 210.0 0.10141928110933746
5.8148296593186375 2268.0 1.0859665134212666 900.0 0.4309390926274867 1068.0 0.5113810565846176 300.0 0.14364636420916224
5.839679358717435 2196.0 1.0425425773964694 942.0 0.44721088702526146 1068.0 0.5070289037611245 186.0 0.08830278661008348
5.864529058116233 2034.0 0.9574504114904209 828.0 0.38975857458902086 1056.0 0.4970833994758526 150.0 0.07060843742554725
5.88937875751503 2178.0 1.0165827949510196 822.0 0.38366898872807076 1122.0 0.5236941670959798 234.0 0.10921963912696905
5.914228456913827 1962.0 0.9080692106033288 852.0 0.3943297489470113 918.0 0.4248764196400896 192.0 0.08886304201622788
5.939078156312625 2070.0 0.9500375248128662 678.0 0.31117171102566343 1110.0 0.5094404118561746 282.0 0.12942540193102814
5.963927855711423 2052.0 0.9339282384775996 846.0 0.3850405895477823 1020.0 0.46423333491576596 186.0 0.08465431401405142
5.988777555110221 2352.0 1.0615839584837814 888.0 0.4008021067744889 1230.0 0.5551650803295285 234.0 0.10561677137976397
6.013627254509018 2040.0 0.9131520401634623 828.0 0.37063229865458175 1002.0 0.44851879619793583 210.0 0.09400094531094465
6.038476953907816 2238.0 0.9935364343711099 888.0 0.3942182098845155 1188.0 0.5274000375482031 162.0 0.07191818693839133
6.063326653306613 2250.0 0.9906763460677945 828.0 0.3645688953529484 1134.0 0.49930087841816845 288.0 0.1268065722966777
6.0881763527054105 2232.0 0.9747285234175413 684.0 0.29870712814408523 1302.0 0.5685916386602324 246.0 0.10742975661322364
6.113026052104209 2226.0 0.9642050097678329 948.0 0.41063178313562687 1038.0 0.4496158131801484 240.0 0.10395741345205743
6.137875751503006 2202.0 0.9460861588196936 864.0 0.3712163674932858 1098.0 0.471754133689384 240.0 0.10311565763702382
6.162725450901804 2334.0 0.9947127196033488 822.0 0.3503229886520791 1236.0 0.5267630340315934 276.0 0.1176266969196762
6.187575150300601 2334.0 0.9867231023323797 972.0 0.4109232457014024 1182.0 0.49970295927886577 180.0 0.07609689735211153
6.212424849699398 2292.0 0.9612154638483532 912.0 0.3824731688611248 1098.0 0.46047756514201216 282.0 0.11826472984521624
6.2372745490981965 2142.0 0.8911508924884619 822.0 0.3419822752686814 1194.0 0.496747976485165 126.0 0.0524206407346154
6.262124248496994 2466.0 1.01780443359039 966.0 0.3987019800682549 1254.0 0.5175696511445049 246.0 0.10153280237763014
6.286973947895792 2520.0 1.0318700927941349 1026.0 0.4201185377804692 1272.0 0.5208487135056109 222.0 0.09090284150805475
6.311823647294589 2166.0 0.8799333515756406 972.0 0.3948731383802044 1062.0 0.43143546600800103 132.0 0.05362474718743516
6.336673346693387 2352.0 0.9480014515908254 906.0 0.3651740285464659 1242.0 0.5006028073451552 204.0 0.08222461569920424
6.361523046092184 2472.0 0.9885847805204458 936.0 0.37431850912910086 1284.0 0.5134882112412025 252.0 0.10077806015014253
6.3863727454909816 2538.0 1.0070804048593018 1056.0 0.41902163417313737 1260.0 0.4999689953202208 222.0 0.08808977536594366
6.41122244488978 2538.0 0.9992736192617078 1008.0 0.39687462892663566 1242.0 0.4890062392131761 288.0 0.11339275112189591
6.436072144288577 2682.0 1.0478158270444686 972.0 0.37974533329128396 1470.0 0.5743062139281763 240.0 0.09376427982500837
6.460921843687375 2802.0 1.0862772550475592 1080.0 0.4186935886692948 1428.0 0.5536059672405119 294.0 0.11397769913775246
6.485771543086172 2634.0 1.0133222973823208 1116.0 0.4293347319205278 1314.0 0.5055070230677182 204.0 0.07848054239407497
6.51062124248497 2532.0 0.9666463217732926 996.0 0.38024476164541837 1272.0 0.48561379198089577 264.0 0.10078776814697836
6.5354709418837675 2610.0 0.9888471898326767 1122.0 0.4250906310315185 1290.0 0.48874056508971375 198.0 0.07501599371144445
6.560320641282565 2550.0 0.9587960520991682 1008.0 0.3790064394180241 1248.0 0.46924606785088696 294.0 0.11054354483025704
6.585170340681363 2592.0 0.9672326410858714 1110.0 0.41420842268723657 1248.0 0.4657046049672714 234.0 0.0873196134313634
6.61002004008016 2832.0 1.0488454578993005 1224.0 0.4533145623124096 1368.0 0.5066456872903401 240.0 0.08888520829655089
6.634869739478958 2736.0 1.0057012126418168 1194.0 0.43889153797307356 1254.0 0.4609463891274994 288.0 0.10586328554124387
6.659719438877755 2610.0 0.9522264613662015 1056.0 0.3852686372424171 1314.0 0.47939677020505317 240.0 0.08756105391873116
6.684569138276553 2580.0 0.9342829877867745 1068.0 0.38674970192103697 1290.0 0.46714149389338727 222.0 0.08039179197235037
6.709418837675351 2796.0 1.0050020480188322 1230.0 0.44211463485806995 1254.0 0.4507412618796908 312.0 0.11214615128107139
6.734268537074148 2766.0 0.9868813898137865 1194.0 0.4260073678371876 1332.0 0.4752444003007822 240.0 0.08562962167581661
6.759118236472946 2754.0 0.9753749420731451 1278.0 0.4526249731189105 1212.0 0.4292499745071358 264.0 0.09349999444709887
6.783967935871743 2610.0 0.9176029978813034 1158.0 0.4071204105542335 1212.0 0.42610530016557074 240.0 0.08437728716149916
6.808817635270541 2922.0 1.0197950121154997 1296.0 0.4523115454146775 1266.0 0.44184137075230073 360.0 0.12564209594852152
6.833667334669339 2922.0 1.0123783539281206 1350.0 0.467731272348721 1266.0 0.43862799318035617 306.0 0.10601908839904343
6.858517034068136 3114.0 1.0710820522999387 1410.0 0.4849793493072941 1398.0 0.48085186548340225 306.0 0.10525083750924255
6.883366733466934 3324.0 1.1350580875620595 1476.0 0.5040149630690733 1446.0 0.49377075650262875 402.0 0.13727236799035736
6.908216432865731 3018.0 1.023153060299256 1272.0 0.43122952044421925 1320.0 0.44750233253645394 426.0 0.14442120731858285
6.933066132264529 3138.0 1.0562090653071134 1416.0 0.4766067675190798 1386.0 0.46650916651231966 336.0 0.11309313127571385
6.9579158316633265 2958.0 0.9885118934735668 1326.0 0.4431260212122886 1338.0 0.4471362114495039 294.0 0.0982496608117744
6.982765531062125 3114.0 1.0332376764661615 1338.0 0.44395376079374577 1398.0 0.4638620011880842 378.0 0.12542191448433176
7.007615230460922 3006.0 0.9903290944785058 1398.0 0.4605722135997842 1272.0 0.41906141323242163 336.0 0.11069546764630005
7.032464929859719 3192.0 1.0441751224963185 1476.0 0.48283285739491416 1416.0 0.46320550546829165 300.0 0.09813675963311264
7.057314629258517 3132.0 1.0173326753485838 1464.0 0.4755348137644721 1326.0 0.43070981082765714 342.0 0.11108805075645455
7.082164328657314 3252.0 1.048898260957095 1584.0 0.5109024739717216 1338.0 0.4315577715745981 330.0 0.10643801541077533
7.1070140280561125 2976.0 0.9531649735928487 1374.0 0.4400701188563757 1266.0 0.4054794544921191 336.0 0.10761540024435388
7.13186372745491 3066.0 0.9751474154568986 1548.0 0.4923444876475144 1236.0 0.3931122653309611 282.0 0.08969066247842317
7.156713426853708 3114.0 0.9835360645514125 1422.0 0.44912918554659886 1350.0 0.4263884672910749 342.0 0.10801841171373897
7.181563126252505 3270.0 1.0256601918130355 1710.0 0.5363544122325048 1224.0 0.3839168424401087 336.0 0.10538893714042198
7.206412825651302 3204.0 0.9980280707117635 1614.0 0.5027519682049895 1242.0 0.38687604988264984 348.0 0.10840005262412411
7.2312625250501 2994.0 0.926204551267369 1452.0 0.44918136554449556 1182.0 0.36565590500936207 360.0 0.11136728071351129
7.256112224448898 3156.0 0.969632731714218 1614.0 0.4958768152682978 1212.0 0.3723684635100229 330.0 0.10138745293589732
7.280961923847696 3180.0 0.9703374052135609 1470.0 0.44855219674966496 1248.0 0.38081166091400126 462.0 0.14097354754989472
7.305811623246493 3450.0 1.0455631796518985 1524.0 0.4618661697940561 1506.0 0.45641105755239403 420.0 0.12728595230544854
7.33066132264529 3258.0 0.9806812715311256 1572.0 0.4731832286209115 1302.0 0.39191130004098396 384.0 0.11558674286923028
7.355511022044088 3570.0 1.0673347474232455 1746.0 0.5220074142859906 1434.0 0.4287277388809339 390.0 0.11659959425632095
7.3803607214428855 3426.0 1.0173850898415253 1776.0 0.5274010273083914 1188.0 0.35278852502385644 462.0 0.13719553750927752
7.405210420841684 3330.0 0.9822401933046607 1656.0 0.48846539342718265 1302.0 0.38404706657137183 372.0 0.10972773330610623
7.430060120240481 3162.0 0.9264470558851267 1506.0 0.4412489772811514 1242.0 0.3638985589529814 414.0 0.12129951965099382
7.454909819639279 3438.0 1.0005980045920135 1614.0 0.4697397264140517 1404.0 0.4086211746501417 420.0 0.12223710352782016
7.479759519038076 3438.0 0.9939495374093001 1662.0 0.480495675152489 1374.0 0.3972328866784114 402.0 0.11622097557839985
7.504609218436873 3420.0 0.9821976529478237 1656.0 0.4755904424799989 1338.0 0.38426329229362227 426.0 0.1223439181742026
7.5294589178356714 3396.0 0.968867404274647 1668.0 0.4758748028062754 1302.0 0.37145623096748837 426.0 0.12153637050088328
7.554308617234469 3582.0 1.0152093637982793 1752.0 0.4965513136165789 1386.0 0.39281970358023877 444.0 0.1258383466014618
7.579158316633267 3498.0 0.9849011349708789 1764.0 0.4966739857314552 1314.0 0.36997143835098195 420.0 0.11825571088844172
7.604008016032064 3498.0 0.9784638956417865 1812.0 0.5068543678967744 1284.0 0.3591617044036746 402.0 0.11244782334133738
7.628857715430862 3588.0 0.9971004412672205 1734.0 0.48187630021108147 1452.0 0.40350887422519627 402.0 0.11171526683094277
7.653707414829659 3792.0 1.0469489911204333 1800.0 0.4969694578103323 1542.0 0.425737168857518 450.0 0.12424236445258308
7.6785571142284565 3600.0 0.9875056765628774 1692.0 0.46412766798455235 1416.0 0.38841889944806507 492.0 0.1349591091302599
7.703406813627255 3558.0 0.9696881229336168 1752.0 0.4774855512590491 1368.0 0.37283118385980546 438.0 0.11937138781476228
7.728256513026052 3468.0 0.9390815788044065 1590.0 0.43054778266984034 1458.0 0.39480419316517434 420.0 0.11372960296939179
7.75310621242485 3792.0 1.0202337137179103 1728.0 0.4649166290360097 1596.0 0.4294021643179812 468.0 0.1259149203639193
7.777955911823647 3498.0 0.9351197041483535 1500.0 0.4009947273363437 1512.0 0.40420268515503444 486.0 0.12992229165697536
7.802805611222444 3564.0 0.9466949355857386 1734.0 0.4605973676503004 1512.0 0.4016281544909194 318.0 0.08446941344451876
7.8276553106212425 3816.0 1.0071972181892457 1674.0 0.4418365155264144 1620.0 0.4275837247029816 522.0 0.13777697795984964
7.85250501002004 3834.0 1.0055434347945715 1566.0 0.4107149240710223 1854.0 0.4862487032105206 414.0 0.10857980751302887
7.877354709418838 3768.0 0.981998718787206 1704.0 0.4440885925725581 1710.0 0.4456522847999263 354.0 0.09225784141472158
7.902204408817635 3960.0 1.0255460936010081 1902.0 0.4925728964719993 1656.0 0.4288647300513307 402.0 0.10410846707767808
7.927054108216433 3888.0 1.0005869703168502 1758.0 0.4524258986154893 1662.0 0.42772004749655473 468.0 0.12044102420480603
7.95190380761523 3960.0 1.0127469022133568 1800.0 0.4603395010060713 1728.0 0.4419259209658284 432.0 0.1104814802414571
7.976753507014028 3900.0 0.9911879280953824 1626.0 0.4132491207905363 1818.0 0.46204606494292433 456.0 0.11589274236192161
8.001603206412826 4062.0 1.0259481943173547 1740.0 0.43947559283904414 1818.0 0.45917622286286336 504.0 0.12729637861544726
8.026452905811624 4026.0 1.010559296545155 1830.0 0.4593451347932523 1806.0 0.4533209363041605 390.0 0.0978932254477423
8.05130260521042 3792.0 0.9459479271433211 1602.0 0.3996330641570676 1650.0 0.41160708855128686 540.0 0.13470777443496662
8.076152304609218 4092.0 1.0145038420794106 1830.0 0.45370039858390054 1812.0 0.4492377717125835 450.0 0.11156567178292637
8.101002004008016 4104.0 1.0112367442950305 1770.0 0.43613280638455265 1878.0 0.4627442996554745 456.0 0.11235963825500338
8.125851703406813 3846.0 0.9418687465751673 1560.0 0.3820372451006919 1872.0 0.4584446941208303 414.0 0.10138680735364516
8.15070140280561 4020.0 0.9784776813540931 1608.0 0.39139107254163724 1980.0 0.48193676842813543 432.0 0.10514984038432044
8.175551102204409 4080.0 0.9870448729139555 1734.0 0.419494070988431 1824.0 0.44126711965565063 522.0 0.12628368226987371
8.200400801603207 4140.0 0.9954901952757893 1704.0 0.4097379934178611 1938.0 0.46600483054214487 498.0 0.11974737131578335
8.225250501002003 4224.0 1.0095514748734418 1812.0 0.4330746383690049 1980.0 0.4732272538469259 432.0 0.1032495826575111
8.250100200400801 4002.0 0.9507306750557576 1740.0 0.4133611630677207 1806.0 0.4290403795978756 456.0 0.10832913239016129
8.2749498997996 4158.0 0.981857982762178 1824.0 0.4307140357282858 1884.0 0.4448822605877689 450.0 0.10626168644612315
8.299799599198396 4368.0 1.0252704603181038 2004.0 0.4703850738272619 1956.0 0.459118365472118 408.0 0.09576702101872399
8.324649298597194 4152.0 0.96875196006702 1566.0 0.3653818808923298 2202.0 0.5137745221742721 384.0 0.08959555700041803
8.349498997995992 4290.0 0.9949923431308613 1806.0 0.418870902492852 2010.0 0.4661852237046692 474.0 0.10993621693333991
8.37434869739479 4074.0 0.9392871586309375 1686.0 0.3887182497427002 1944.0 0.44820182532610275 444.0 0.10236708356213457
8.399198396793587 4608.0 1.0561179289610685 1698.0 0.3891684555937271 2286.0 0.52393350382053 624.0 0.14301596954681134
8.424048096192385 4386.0 0.9993066615104816 1836.0 0.4183144164462481 2082.0 0.4743630800877389 468.0 0.10662916497649463
8.448897795591183 4560.0 1.0328393803879072 2088.0 0.47293171628288383 1998.0 0.45254672851206984 474.0 0.10736093559295351
8.47374749498998 4614.0 1.0389409456695562 1932.0 0.43503118921404044 2256.0 0.5079867302623579 426.0 0.095923026193158
8.498597194388777 4650.0 1.0409240518433642 1968.0 0.4405459212962883 2196.0 0.49158477803183387 486.0 0.10879335251524193
8.523446893787575 4476.0 0.996130951811701 1836.0 0.4086006317082848 2172.0 0.48337721790326504 468.0 0.10415310220015103
8.548296593186373 4260.0 0.9425483264034189 1794.0 0.39693232337270734 2028.0 0.4487061046821909 438.0 0.09690989834852054
8.57314629258517 4560.0 1.0030761451347143 1944.0 0.4276271987153256 2124.0 0.46722230970748535 492.0 0.1082266367119034
8.597995991983968 4458.0 0.9749704983632019 2016.0 0.44090186736209397 2034.0 0.444838491177827 408.0 0.08923013982328092
8.622845691382766 4788.0 1.0411065515396254 2070.0 0.45010245649269526 2160.0 0.46967212851411677 558.0 0.12133196653281351
8.647695390781562 4944.0 1.0688490155210684 2088.0 0.4514071084967619 2340.0 0.5058872767636126 516.0 0.11155463026069404
8.67254509018036 4578.0 0.9840513070455141 1974.0 0.42431570120311163 2160.0 0.46429681590614036 444.0 0.09543878993626219
8.697394789579159 4518.0 0.9656047359954512 1854.0 0.3962441745319979 2226.0 0.4757494781597774 438.0 0.09361108330367589
8.722244488977957 4986.0 1.0595556020291237 2166.0 0.46028829402227883 2310.0 0.49088917783539426 510.0 0.10837813017145069
8.747094188376753 4494.0 0.9495764459376178 1926.0 0.4069613339732647 2088.0 0.44119172655045524 480.0 0.10142338541389775
8.771943887775551 4716.0 0.9908389708218825 1992.0 0.4185223133751463 2136.0 0.44877693843840993 588.0 0.12353971900832632
8.79679358717435 4752.0 0.9927619493256723 2070.0 0.4324531218653497 2244.0 0.46880425384823415 438.0 0.0915045736120885
8.821643286573146 4884.0 1.0145902985135078 2100.0 0.43624889985224535 2286.0 0.47488808812487276 498.0 0.1034533105363896
8.846492985971944 4938.0 1.0200451755592324 2202.0 0.4548682617621364 2202.0 0.4548682617621364 534.0 0.11030865203495953
8.871342685370742 5100.0 1.0476075990111793 2058.0 0.4227404781892171 2460.0 0.505316606581863 582.0 0.1195505142400993
8.89619238476954 4644.0 0.9486098997420597 1884.0 0.3848365743139622 2292.0 0.4681769789424635 468.0 0.09559634648563392
8.921042084168336 5190.0 1.0542329192710234 2226.0 0.452162327224913 2388.0 0.4850690195027368 576.0 0.1170015725433737
8.945891783567134 5058.0 1.0217121844020265 2382.0 0.4811622030932438 2220.0 0.448438325301008 456.0 0.09211165600777463
8.970741482965932 5232.0 1.0510048878099012 2316.0 0.46523840217273155 2322.0 0.46644368300737593 594.0 0.11932280262979382
8.995591182364729 4944.0 0.9876643973906075 2094.0 0.41831902268121607 2304.0 0.46027078713348696 546.0 0.10907458757590446
9.020440881763527 5082.0 1.0096391453403053 2406.0 0.4779991703441115 2160.0 0.4291264372166587 516.0 0.10251353777953513
9.045290581162325 4944.0 0.9768259194791912 1932.0 0.3817208083401693 2496.0 0.4931548331351256 516.0 0.10195027800389617
9.070140280561121 5268.0 1.0351379851191256 2190.0 0.43032501659280276 2466.0 0.4845577584099779 612.0 0.1202552101163449
9.09498997995992 5424.0 1.0599672924716321 2340.0 0.45728677440700943 2448.0 0.4783923178411791 636.0 0.12428820022344358
9.119839679358718 5112.0 0.9935516176817744 2316.0 0.4501301929872828 2208.0 0.42913966585316077 588.0 0.11428175884133086
9.144689378757516 5382.0 1.0403430151159376 2220.0 0.4291269962016688 2544.0 0.4917563415932637 618.0 0.1194596773210051
9.169539078156312 4878.0 0.9378089262176835 2094.0 0.40257726353010026 2214.0 0.42564759381835815 570.0 0.109584068869225
9.19438877755511 5010.0 0.9579798898701644 2226.0 0.4256413642417137 2280.0 0.43596689598881727 504.0 0.09637162963963329
9.219238476953908 5460.0 1.0383978289888027 2532.0 0.48154272948711513 2364.0 0.44959202705669044 564.0 0.1072630724449972
9.244088176352705 5148.0 0.9737970551059999 2178.0 0.41199106177561534 2370.0 0.44830983306162 600.0 0.11349616026876455
9.268937875751503 5406.0 1.0171173051076983 2478.0 0.4662258013423744 2292.0 0.4312306443408887 636.0 0.11966085942443508
9.2937875751503 5226.0 0.9779930098352363 2352.0 0.44015299638968153 2214.0 0.4143276930300828 660.0 0.12351232041547186
9.318637274549099 5286.0 0.983945567658878 2460.0 0.45790883398426785 2142.0 0.3987157408106918 684.0 0.12732099286391838
9.343486973947895 5400.0 0.9998191195358556 2580.0 0.4776913571115754 2244.0 0.41548038967378886 576.0 0.10664737275049124
9.368336673346693 5322.0 0.9801498343838871 2544.0 0.4685270910696372 2202.0 0.40554113778904916 576.0 0.10608160552520086
9.393186372745491 5502.0 1.0079389712114637 2502.0 0.4583539269304039 2388.0 0.4374696952477236 612.0 0.11211534903333621
9.418036072144288 5442.0 0.991686347103174 2490.0 0.45374843886198146 2382.0 0.43406778368242566 570.0 0.10387012455876685
9.442885771543086 5742.0 1.0408477157554812 2652.0 0.48072590424652323 2460.0 0.4459222188712093 630.0 0.11419959263774873
9.467735470941884 5724.0 1.0321382430526955 2688.0 0.4846938499870101 2448.0 0.4414176133810271 588.0 0.10602677968465847
9.492585170340682 5568.0 0.9987521113017853 2556.0 0.4584788786794834 2364.0 0.42403915070355974 648.0 0.11623408191874225
9.517434869739478 5406.0 0.9646299282552792 2502.0 0.4464491454855176 2286.0 0.4079067732133866 618.0 0.11027400955637486
9.542284569138276 5574.0 0.9894270941474426 2598.0 0.4611646197694754 2334.0 0.4143026260746558 642.0 0.11395984830331148
9.567134268537075 5700.0 1.0065369897646088 2550.0 0.45029286384206185 2454.0 0.43334066190918424 696.0 0.12290346401336276
9.591983967935871 5922.0 1.0403206323243341 2766.0 0.48590457092352385 2478.0 0.43531147026337386 678.0 0.11910459113743643
9.616833667334669 5760.0 1.0066327638214785 2520.0 0.44040183417189693 2502.0 0.43725610678495475 738.0 0.12897482286462694
9.641683366733467 5682.0 0.9878827265496924 2640.0 0.45899514221949805 2322.0 0.403707090997604 720.0 0.12518049333259038
9.666533066132265 5760.0 0.9962951459667506 2610.0 0.4514462380161839 2442.0 0.42238762959215365 708.0 0.1224612783584131
9.691382765531062 5754.0 0.9901534659498303 2616.0 0.45016361955591877 2442.0 0.42022154394325445 696.0 0.11976830245065727
9.71623246492986 5916.0 1.0128232647155793 2742.0 0.4694322839503243 2496.0 0.42731691493071094 678.0 0.11607406583454409
9.741082164328658 6078.0 1.035248819321995 2748.0 0.46805918978230376 2580.0 0.4394442174812022 750.0 0.12774541205848902
9.765931863727454 5796.0 0.9821925524880636 2736.0 0.4636436893732474 2412.0 0.4087385156316787 648.0 0.10981034748313753
9.790781563126252 5742.0 0.9681024029109881 2580.0 0.43498854049292046 2538.0 0.42790733169419853 624.0 0.10520653072386914
9.81563126252505 5922.0 0.9933950061787216 2898.0 0.4861294711087361 2340.0 0.3925269021374888 684.0 0.11473863293249673
9.840480961923848 5916.0 0.9873764743558535 2652.0 0.4426170402284861 2454.0 0.4095709716141421 810.0 0.1351884625132254
9.865330661322645 6114.0 1.0152818861470312 2892.0 0.4802412847133161 2562.0 0.42544196799291695 660.0 0.10959863344079827
9.890180360721443 6312.0 1.0428943441945735 2838.0 0.46890591711410007 2796.0 0.46196650607858486 678.0 0.11202192100188861
9.915030060120241 6108.0 1.0041300544274898 2808.0 0.4616236399529128 2484.0 0.40835937380449977 816.0 0.1341470406700772
9.939879759519037 6432.0 1.0521073600151398 2832.0 0.46324130030517346 2838.0 0.4642227437380234 762.0 0.12464331597194286
9.964729458917835 6222.0 1.012680756449771 2952.0 0.4804618439472395 2616.0 0.42577513000202527 654.0 0.10644378250050632
9.989579158316634 6486.0 1.0503969151737633 2886.0 0.4673829012012768 2850.0 0.4615527610615519 750.0 0.12146125291093472
10.014428857715432 5928.0 0.9552653372129081 2730.0 0.4399248263480498 2604.0 0.41962060359352443 594.0 0.0957199072713339
10.039278557114228 6222.0 0.9976782935862445 2868.0 0.45987485470995654 2628.0 0.4213916032697928 726.0 0.11641183560649528
10.064128256513026 6000.0 0.9573302769867341 2736.0 0.43654260630595076 2550.0 0.406865367719362 714.0 0.11392230296142136
10.088977955911824 6288.0 0.9983398637972412 2838.0 0.45058659883215174 2784.0 0.44201306946748076 666.0 0.10574019549760855
10.11382765531062 6258.0 0.988694360539065 2952.0 0.4663831499378906 2706.0 0.4275178874430664 600.0 0.09479332315810785
10.138677354709419 6600.0 1.0376151603194526 3066.0 0.48201940629385476 2784.0 0.4376849403529327 750.0 0.11791081367266507
10.163527054108217 6444.0 1.0081357370540482 3108.0 0.4862330649850996 2700.0 0.4224032417824225 636.0 0.09949943028652618
10.188376753507013 6324.0 0.9845361118707916 2820.0 0.43902464191581786 2682.0 0.41754045731142675 822.0 0.12797101264354688
10.213226452905811 6744.0 1.0448136575825937 2826.0 0.43781782270587327 3132.0 0.48522484809440736 786.0 0.12177098678231296
10.23807615230461 6462.0 0.9962650105572808 2802.0 0.4319923490531571 2946.0 0.4541932406533193 714.0 0.11007942085080447
10.262925851703407 6792.0 1.042071157911886 3102.0 0.47592825851629417 2934.0 0.4501526468364949 756.0 0.11599025255909684
10.287775551102204 6294.0 0.9609998417955302 2688.0 0.4104174729498546 2952.0 0.45072633190028677 654.0 0.09985603694538873
10.312625250501002 6816.0 1.0356860303251185 3090.0 0.46952315635337677 3066.0 0.46587637455645736 660.0 0.10028649941528436
10.3374749498998 6612.0 0.9998581617570385 2886.0 0.43641721942389794 3084.0 0.4663585255382194 642.0 0.09708241679492116
10.362324649298596 6606.0 0.994159727484443 2814.0 0.4234885669302487 2910.0 0.4379359380835195 882.0 0.13273522247067499
10.387174348697394 6612.0 0.9903016317926238 2880.0 0.4313473532309069 3054.0 0.45740792248860757 678.0 0.10154635607310934
10.412024048096193 6648.0 0.9909407692751421 2688.0 0.4006691919090827 3324.0 0.49547038463757104 636.0 0.09480119272848832
10.43687374749499 6642.0 0.9853319205760244 3012.0 0.44682621872553224 2844.0 0.42190364078864995 786.0 0.1166020610618421
10.461723446893787 6702.0 0.989509653776136 2916.0 0.4305297150718013 2958.0 0.43673076035061326 828.0 0.12224917835372137
10.486573146292585 6774.0 0.995400025923428 2874.0 0.42231763721640564 3222.0 0.47345421959333994 678.0 0.09962816911368234
10.511422845691383 6726.0 0.983673678879947 2982.0 0.43611580589057425 2934.0 0.4290958331599412 810.0 0.11846203982943163
10.53627254509018 6678.0 0.9720468576068666 2892.0 0.4209582977237284 3066.0 0.4462856641842846 720.0 0.10480289569885354
10.561122244488978 6798.0 0.9848574790006187 2916.0 0.4224543113806714 3126.0 0.45287797578051403 756.0 0.10952519183943332
10.585971943887776 7086.0 1.021761739673925 2982.0 0.4299877939186627 3330.0 0.48016745598562943 774.0 0.11160648976963276
10.610821643286574 6984.0 1.0023370362027222 2988.0 0.4288349175506493 3168.0 0.4546683463187607 828.0 0.11883377233331245
10.63567134268537 6888.0 0.9839397804026776 2982.0 0.4259739293206714 3240.0 0.4628288165657194 666.0 0.09513703451628677
10.660521042084168 7266.0 1.0330976197648332 3096.0 0.44019683880978855 3438.0 0.4888232337945908 732.0 0.10407754716045389
10.685370741482966 7188.0 1.0172538751781384 2976.0 0.42116687987341955 3456.0 0.48909702178848724 756.0 0.10698997351623159
10.710220440881763 7080.0 0.9973200907362416 3282.0 0.4623170251124781 3024.0 0.4259740048568354 774.0 0.1090290607669281
10.73507014028056 6858.0 0.9615757522707405 2904.0 0.4071764340324046 3174.0 0.44503374711392985 780.0 0.1093655711244062
10.759919839679359 7194.0 1.004028020816002 3192.0 0.44549033117107006 3342.0 0.4664250271847482 660.0 0.09211266246018367
10.784769539078157 7140.0 0.9918994115289742 3102.0 0.43093445021889043 3186.0 0.44260385506040784 852.0 0.11836110624967591
10.809619238476953 7224.0 0.9989547150167527 3048.0 0.42148587643563984 3312.0 0.4579925271505378 864.0 0.11947631143057506
10.834468937875751 7230.0 0.9951982526584073 3252.0 0.44763274102975664 3174.0 0.4368961623703714 804.0 0.11066934925827933
10.85931863727455 7452.0 1.0210616790995177 3096.0 0.42420920001235995 3582.0 0.49080017908406764 774.0 0.10605230000308999
10.884168336673346 7542.0 1.0286746590492994 3210.0 0.4378209567154934 3522.0 0.4803755169943825 810.0 0.11047818533942357
10.909018036072144 7308.0 0.9922177046219144 3216.0 0.43664096032622834 3378.0 0.45863593407400477 714.0 0.09694081022168129
10.933867735470942 7056.0 0.9536487480696981 3228.0 0.4362780837257632 3150.0 0.42573604824540096 678.0 0.0916346160985339
10.95871743486974 7476.0 1.0058311879774324 3444.0 0.46336043491095197 3210.0 0.43187775727762945 822.0 0.1105929957888509
10.983567134268537 7602.0 1.018155427743948 3282.0 0.43956670795259634 3462.0 0.463674571277236 858.0 0.11491414851411567
11.008416833667335 7620.0 1.015958699508896 3492.0 0.46558107331824994 3414.0 0.4551814960791825 714.0 0.09519613011146348
11.033266533066133 7614.0 1.0105859526972356 3342.0 0.44357476410745494 3432.0 0.45552022454122837 840.0 0.11149096404855241
11.05811623246493 8190.0 1.0821513486169643 3618.0 0.4780492770813402 3726.0 0.4923194047554101 846.0 0.11178266678021388
11.082965931863727 7620.0 1.0023218303101828 3468.0 0.45617481725928005 3330.0 0.4380225321434264 822.0 0.10812448090747641
11.107815631262525 7338.0 0.9609093438638568 3132.0 0.4101346504472064 3390.0 0.443919688702436 816.0 0.10685500471421466
11.132665330661322 7620.0 0.9933825535385954 3450.0 0.44975981754700184 3390.0 0.4419379076766192 780.0 0.10168482831497434
11.15751503006012 7578.0 0.983506746341793 3324.0 0.43140359261548167 3396.0 0.4407480747659975 858.0 0.11135507896031385
11.182364729458918 7356.0 0.9504515129642017 3216.0 0.4155318196972367 3318.0 0.4287110005458431 822.0 0.10620869272112204
11.207214428857716 7758.0 0.9979477959959597 3552.0 0.4569103598063481 3420.0 0.4399305829216527 786.0 0.10110685326795879
11.232064128256512 8172.0 1.0465512196561975 3678.0 0.4710248881418862 3564.0 0.4564254217883857 930.0 0.11910090972592556
11.25691382765531 7890.0 1.0059756681127592 3330.0 0.4245752819791493 3708.0 0.4727703139875933 852.0 0.10863007214601657
11.281763527054109 8034.0 1.019823195636482 3486.0 0.4425073014673607 3636.0 0.46154806314840036 912.0 0.11576783102072088
11.306613226452905 8070.0 1.0198901594271004 3432.0 0.43373767374892297 3744.0 0.4731683713624615 894.0 0.11298411431571595
11.331462925851703 8148.0 1.0252314032187957 3498.0 0.44013984394444616 3792.0 0.4771327296275985 858.0 0.10795882964675092
11.356312625250501 7830.0 0.9809070178606133 3660.0 0.45850826122220234 3276.0 0.4104024764382336 894.0 0.1119962802001773
11.3811623246493 7914.0 0.9871007758394309 3648.0 0.45500930379861554 3456.0 0.43106144570395155 810.0 0.10103002633686366
11.406012024048096 8034.0 0.9977018838882777 3354.0 0.4165163204582131 3708.0 0.46047779256382054 972.0 0.12070777086624422
11.430861723446894 7884.0 0.9748173040977021 3168.0 0.3917074098657433 3744.0 0.4629269389322421 972.0 0.1201829552997167
11.455711422845692 8136.0 1.0016115345424155 3564.0 0.43875903504291647 3618.0 0.44540689921023335 954.0 0.11744560028926551
11.480561122244488 8172.0 1.001688284379271 3492.0 0.42803420081404964 3720.0 0.455981451039022 960.0 0.11767263252619921
11.505410821643286 8172.0 0.9973613438892666 3558.0 0.4342402914290272 3618.0 0.4415630619421642 996.0 0.12155799051807506
11.530260521042084 8064.0 0.9799382068366838 3654.0 0.4440344999728723 3576.0 0.43455593100793416 834.0 0.10134777585587727
11.555110220440882 8136.0 0.9844352416597041 3666.0 0.44357664650005835 3552.0 0.4297829373617587 918.0 0.11107565779788695
11.579959919839679 8532.0 1.0279195504257346 3942.0 0.4749248555764469 3642.0 0.43878141146865035 948.0 0.11421328338063716
11.604809619238477 8340.0 1.0004845932752888 3654.0 0.4383418110105402 3708.0 0.4448197688087256 978.0 0.11732301345602308
11.629659318637275 8202.0 0.9797249903911026 3612.0 0.43145167828488934 3648.0 0.435751861124938 942.0 0.11252145098127513
11.654509018036071 8124.0 0.9662697337379165 3684.0 0.43817549225633734 3546.0 0.4217617523183964 894.0 0.10633248916318284
11.67935871743487 8490.0 1.005504804065335 3726.0 0.44128514722584666 3876.0 0.4590502497711706 888.0 0.10516940706831772
11.704208416833668 8796.0 1.0373220716670173 4140.0 0.48823480862908725 3780.0 0.44577960787873183 876.0 0.10330765515919818
11.729058116232466 8802.0 1.0336312341854366 3990.0 0.4685513092933301 3762.0 0.4417769487622827 1050.0 0.12330297612982372
11.753907815631262 8700.0 1.017333350428846 3810.0 0.4455218465671153 3834.0 0.4483282833958845 1056.0 0.12348322046584612
11.77875751503006 8574.0 0.9983691854893678 3924.0 0.45691633821556793 3606.0 0.4198879499503919 1044.0 0.12156489732340797
11.803607214428858 8820.0 1.0226895255543738 4206.0 0.4876907193289905 3600.0 0.4174242961446424 1014.0 0.11757451008074092
11.828456913827655 8544.0 0.9865244519158635 3852.0 0.44476734419240466 3738.0 0.43160444771319023 954.0 0.11015266001026845
11.853306613226453 9228.0 1.0610343244325127 4326.0 0.4974029570324068 3960.0 0.4553203212779313 942.0 0.10831104612217457
11.87815631262525 8994.0 1.0298021393278411 3942.0 0.45135423985216255 4164.0 0.4767729717768658 888.0 0.10167492769881288
11.903006012024049 9114.0 1.0391848316866144 4278.0 0.48778063528147214 3888.0 0.4433125549262187 948.0 0.1080916414789237
11.927855711422845 8916.0 1.0123728657878441 4008.0 0.45509089794500657 3990.0 0.45304707654704995 918.0 0.10423489129578743
11.952705410821643 8724.0 0.9864533072280642 3882.0 0.4389513684845651 3738.0 0.42266878294572496 1104.0 0.12483315579777429
11.977555110220441 8814.0 0.9924945352633608 4068.0 0.458074400890782 3684.0 0.4148343394497641 1062.0 0.11958579492281475
12.002404809619238 8520.0 0.9554162442181848 4044.0 0.45348630183313837 3444.0 0.38620346773326625 1032.0 0.11572647465178014
12.027254509018036 9246.0 1.0325440644084432 4140.0 0.46233316316795964 3978.0 0.4442418654787786 1128.0 0.12596903576170496
12.052104208416834 8958.0 0.9962564776658809 4260.0 0.47377233700118915 3588.0 0.3990364190517058 1110.0 0.1234477216129859
12.076953907815632 8742.0 0.9682332601215597 3732.0 0.4133432311569047 3996.0 0.4425829452580362 1014.0 0.1123070837066188
12.101803607214428 8946.0 0.9867584832611842 4140.0 0.4566487950705681 3960.0 0.4367944996327173 846.0 0.0933151885578987
12.126653306613226 9102.0 0.9998509322124052 4074.0 0.44752721356112274 3984.0 0.43764075081676795 1044.0 0.1146829678345145
12.151503006012025 9516.0 1.0410532939625199 4368.0 0.47786052837623866 4182.0 0.457512071810767 966.0 0.10568069377551431
12.176352705410821 8748.0 0.9531276051813468 3858.0 0.4203436557829945 3828.0 0.4170750425965015 1062.0 0.11570890680185074
12.201202404809619 8952.0 0.9713812509247856 3882.0 0.4212357033165793 4008.0 0.43490795952932754 1062.0 0.1152375880788787
12.226052104208417 8832.0 0.9544642873278926 3804.0 0.41109399331921465 3996.0 0.4318432169567775 1032.0 0.1115270770519005
12.250901803607213 9012.0 0.9699657094532833 3954.0 0.4255708405657215 4020.0 0.4326744509545271 1038.0 0.11172041793303462
12.275751503006012 9516.0 1.0200648620813193 4134.0 0.4431429318877863 4272.0 0.4579358018927487 1110.0 0.11898612830078441
12.30060120240481 9144.0 0.976228078000109 4140.0 0.4419930274409943 3906.0 0.4170108128465033 1098.0 0.11722423771261152
12.325450901803608 9222.0 0.9805855064691025 4254.0 0.4523325465755327 3990.0 0.424261133247855 978.0 0.10399182664571485
12.350300601202404 9504.0 1.0065042016744326 4224.0 0.4473352007441922 4140.0 0.4384393302748475 1140.0 0.12072967065539279
12.375150300601202 9462.0 0.9980319495044045 4356.0 0.4594617598859846 4128.0 0.4354127972473243 978.0 0.10315739237109572
12.4 9396.0 0.9870981869332439 4332.0 0.45509890866270886 4128.0 0.4336676581162655 936.0 0.09833162015426951
