r h_AllPart g_AllPart h_OO g_OO h_SiO g_SiO h_SiSi g_SiSi
0.0 0.0 0.0 0.0 0.0 0.0 0.0 0.0 0.0
0.02474949899799599 0.0 0.0 0.0 0.0 0.0 0.0 0.0 0.0
0.04949899799599198 0.0 0.0 0.0 0.0 0.0 0.0 0.0 0.0
0.07424849699398797 0.0 0.0 0.0 0.0 0.0 0.0 0.0 0.0
0.09899799599198396 0.0 0.0 0.0 0.0 0.0 0.0 0.0 0.0
0.12374749498997994 0.0 0.0 0.0 0.0 0.0 0.0 0.0 0.0
0.14849699398797594 0.0 0.0 0.0 0.0 0.0 0.0 0.0 0.0
0.17324649298597192 0.0 0.0 0.0 0.0 0.0 0.0 0.0 0.0
0.19799599198396792 0.0 0.0 0.0 0.0 0.0 0.0 0.0 0.0
0.22274549098196392 0.0 0.0 0.0 0.0 0.0 0.0 0.0 0.0
0.2474949899799599 0.0 0.0 0.0 0.0 0.0 0.0 0.0 0.0
0.2722444889779559 0.0 0.0 0.0 0.0 0.0 0.0 0.0 0.0
0.2969939879759519 0.0 0.0 0.0 0.0 0.0 0.0 0.0 0.0
0.3217434869739479 0.0 0.0 0.0 0.0 0.0 0.0 0.0 0.0
0.34649298597194383 0.0 0.0 0.0 0.0 0.0 0.0 0.0 0.0
0.37124248496993983 0.0 0.0 0.0 0.0 0.0 0.0 0.0 0.0
0.39599198396793583 0.0 0.0 0.0 0.0 0.0 0.0 0.0 0.0
0.42074148296593183 0.0 0.0 0.0 0.0 0.0 0.0 0.0 0.0
0.44549098196392783 0.0 0.0 0.0 0.0 0.0 0.0 0.0 0.0
0.4702404809619238 0.0 0.0 0.0 0.0 0.0 0.0 0.0 0.0
0.4949899799599198 0.0 0.0 0.0 0.0 0.0 0.0 0.0 0.0
0.5197394789579158 0.0 0.0 0.0 0.0 0.0 0.0 0.0 0.0
0.5444889779559118 0.0 0.0 0.0 0.0 0.0 0.0 0.0 0.0
0.5692384769539077 0.0 0.0 0.0 0.0 0.0 0.0 0.0 0.0
0.5939879759519038 0.0 0.0 0.0 0.0 0.0 0.0 0.0 0.0
0.6187374749498997 0.0 0.0 0.0 0.0 0.0 0.0 0.0 0.0
0.6434869739478958 0.0 0.0 0.0 0.0 0.0 0.0 0.0 0.0
0.6682364729458917 0.0 0.0 0.0 0.0 0.0 0.0 0.0 0.0
0.6929859719438877 0.0 0.0 0.0 0.0 0.0 0.0 0.0 0.0
0.7177354709418837 0.0 0.0 0.0 0.0 0.0 0.0 0.0 0.0
0.7424849699398797 0.0 0.0 0.0 0.0 0.0 0.0 0.0 0.0
0.7672344689378757 0.0 0.0 0.0 0.0 0.0 0.0 0.0 0.0
0.7919839679358717 0.0 0.0 0.0 0.0 0.0 0.0 0.0 0.0
0.8167334669338676 0.0 0.0 0.0 0.0 0.0 0.0 0.0 0.0
0.8414829659318637 0.0 0.0 0.0 0.0 0.0 0.0 0.0 0.0
0.8662324649298596 0.0 0.0 0.0 0.0 0.0 0.0 0.0 0.0
0.8909819639278557 0.0 0.0 0.0 0.0 0.0 0.0 0.0 0.0
0.9157314629258516 0.0 0.0 0.0 0.0 0.0 0.0 0.0 0.0
0.9404809619238476 0.0 0.0 0.0 0.0 0.0 0.0 0.0 0.0
0.9652304609218436 0.0 0.0 0.0 0.0 0.0 0.0 0.0 0.0
0.9899799599198396 0.0 0.0 0.0 0.0 0.0 0.0 0.0 0.0
1.0147294589178355 0.0 0.0 0.0 0.0 0.0 0.0 0.0 0.0
1.0394789579158317 0.0 0.0 0.0 0.0 0.0 0.0 0.0 0.0
1.0642284569138276 0.0 0.0 0.0 0.0 0.0 0.0 0.0 0.0
1.0889779559118236 0.0 0.0 0.0 0.0 0.0 0.0 0.0 0.0
1.1137274549098195 0.0 0.0 0.0 0.0 0.0 0.0 0.0 0.0
1.1384769539078154 0.0 0.0 0.0 0.0 0.0 0.0 0.0 0.0
1.1632264529058116 0.0 0.0 0.0 0.0 0.0 0.0 0.0 0.0
1.1879759519038076 0.0 0.0 0.0 0.0 0.0 0.0 0.0 0.0
1.2127254509018035 0.0 0.0 0.0 0.0 0.0 0.0 0.0 0.0
1.2374749498997994 0.0 0.0 0.0 0.0 0.0 0.0 0.0 0.0
1.2622244488977954 0.0 0.0 0.0 0.0 0.0 0.0 0.0 0.0
1.2869739478957916 0.0 0.0 0.0 0.0 0.0 0.0 0.0 0.0
1.3117234468937875 0.0 0.0 0.0 0.0 0.0 0.0 0.0 0.0
1.3364729458917834 0.0 0.0 0.0 0.0 0.0 0.0 0.0 0.0
1.3612224448897794 0.0 0.0 0.0 0.0 0.0 0.0 0.0 0.0
1.3859719438877753 0.0 0.0 0.0 0.0 0.0 0.0 0.0 0.0
1.4107214428857715 0.0 0.0 0.0 0.0 0.0 0.0 0.0 0.0
1.4354709418837674 0.0 0.0 0.0 0.0 0.0 0.0 0.0 0.0
1.4602204408817634 0.0 0.0 0.0 0.0 0.0 0.0 0.0 0.0
1.4849699398797593 2.0 0.0004424405395838444 0.0 0.0 2.0 0.0004424405395838444 0.0 0.0
1.5097194388777553 10.0 0.0021396780670795076 0.0 0.0 10.0 0.0021396780670795076 0.0 0.0
1.5344689378757514 298.0 0.06170573584798469 0.0 0.0 298.0 0.06170573584798469 0.0 0.0
1.5592184368737474 3656.0 0.7330033496750388 0.0 0.0 3656.0 0.7330033496750388 0.0 0.0
1.5839679358717433 20058.0 3.8958324689887434 0.0 0.0 20058.0 3.8958324689887434 0.0 0.0
1.6087174348697393 54912.0 10.337325824659878 0.0 0.0 54912.0 10.337325824659878 0.0 0.0
1.6334669338677352 78142.0 14.26469724922817 0.0 0.0 78142.0 14.26469724922817 0.0 0.0
1.6582164328657314 64150.0 11.360939786105314 0.0 0.0 64150.0 11.360939786105314 0.0 0.0
1.6829659318637273 32306.0 5.553116333548239 0.0 0.0 32306.0 5.553116333548239 0.0 0.0
1.7077154308617233 11230.0 1.874390058372941 0.0 0.0 11230.0 1.874390058372941 0.0 0.0
1.7324649298597192 2974.0 0.48220636006887424 0.0 0.0 2974.0 0.48220636006887424 0.0 0.0
1.7572144288577152 760.0 0.11975596331229327 0.0 0.0 760.0 0.11975596331229327 0.0 0.0
1.7819639278557113 206.0 0.0315585564324679 0.0 0.0 206.0 0.0315585564324679 0.0 0.0
1.8067134268537073 76.0 0.011323997520131943 0.0 0.0 76.0 0.011323997520131943 0.0 0.0
1.8314629258517032 16.0 0.00231957103519221 0.0 0.0 16.0 0.00231957103519221 0.0 0.0
1.8562124248496992 4.0 0.0005644298805981634 0.0 0.0 4.0 0.0005644298805981634 0.0 0.0
1.8809619238476951 0.0 0.0 0.0 0.0 0.0 0.0 0.0 0.0
1.9057114228456913 0.0 0.0 0.0 0.0 0.0 0.0 0.0 0.0
1.9304609218436872 0.0 0.0 0.0 0.0 0.0 0.0 0.0 0.0
1.9552104208416832 0.0 0.0 0.0 0.0 0.0 0.0 0.0 0.0
1.9799599198396791 0.0 0.0 0.0 0.0 0.0 0.0 0.0 0.0
2.0047094188376753 0.0 0.0 0.0 0.0 0.0 0.0 0.0 0.0
2.029458917835671 0.0 0.0 0.0 0.0 0.0 0.0 0.0 0.0
2.054208416833667 0.0 0.0 0.0 0.0 0.0 0.0 0.0 0.0
2.0789579158316633 0.0 0.0 0.0 0.0 0.0 0.0 0.0 0.0
2.103707414829659 0.0 0.0 0.0 0.0 0.0 0.0 0.0 0.0
2.1284569138276552 0.0 0.0 0.0 0.0 0.0 0.0 0.0 0.0
2.153206412825651 0.0 0.0 0.0 0.0 0.0 0.0 0.0 0.0
2.177955911823647 0.0 0.0 0.0 0.0 0.0 0.0 0.0 0.0
2.2027054108216433 0.0 0.0 0.0 0.0 0.0 0.0 0.0 0.0
2.227454909819639 8.0 0.0007821831752186684 8.0 0.0007821831752186684 0.0 0.0 0.0 0.0
2.252204408817635 20.0 0.0019124825896056194 20.0 0.0019124825896056194 0.0 0.0 0.0 0.0
2.276953907815631 24.0 0.0022450902437010653 24.0 0.0022450902437010653 0.0 0.0 0.0 0.0
2.301703406813627 44.0 0.00402748612568621 44.0 0.00402748612568621 0.0 0.0 0.0 0.0
2.3264529058116232 60.0 0.005375179362016197 60.0 0.005375179362016197 0.0 0.0 0.0 0.0
2.351202404809619 38.0 0.003332613879567008 34.0 0.002981812418559955 0.0 0.0 4.0 0.00035080146100705347
2.375951903807615 80.0 0.006869867286897353 66.0 0.005667640511690316 0.0 0.0 14.0 0.0012022267752070368
2.400701402805611 204.0 0.017156975302782592 190.0 0.015979535821219082 0.0 0.0 14.0 0.0011774394815635112
2.425450901803607 654.0 0.053880768522417556 612.0 0.05042053568152836 0.0 0.0 42.0 0.0034602328408892013
2.450200400801603 1686.0 0.1360975950281899 1634.0 0.13190004168212474 0.0 0.0 52.0 0.004197553346065169
2.474949899799599 3878.0 0.3067800115354316 3848.0 0.3044067778206139 0.0 0.0 30.0 0.0023732337148176766
2.499699398797595 7704.0 0.5973785703436763 7676.0 0.5952074125075362 0.0 0.0 28.0 0.0021711578361400486
2.524448897795591 13726.0 1.0434639966164223 13714.0 1.0425517448344468 0.0 0.0 12.0 0.0009122517819755987
2.549198396793587 21024.0 1.5672318324283976 21014.0 1.566486383497448 6.0 0.0004472693585697482 4.0 0.00029817957237983215
2.573947895791583 28722.0 2.099905115704069 28716.0 2.0994664474116727 6.0 0.0004386682923969228 0.0 0.0
2.598697394789579 36424.0 2.6122865481027766 36422.0 2.612143110449136 2.0 0.0001434376536406093 0.0 0.0
2.623446893787575 42068.0 2.9601435076017633 42056.0 2.9592991194185547 10.0 0.0007036568193405352 2.0 0.00014073136386810704
2.6481963927855707 43954.0 3.0350445428015536 43948.0 3.0346302399563787 6.0 0.0004143028451747127 0.0 0.0
2.672945891783567 43098.0 2.920828975809927 43082.0 2.9197446270324203 12.0 0.0008132615831295911 4.0 0.0002710871943765304
2.697695390781563 39256.0 2.6116355165279406 39214.0 2.6088413273162487 24.0 0.0015966795495381745 18.0 0.0011975096621536308
2.722444889779559 33042.0 2.1582618887595286 32936.0 2.151338102057497 46.0 0.0030046621537115886 60.0 0.003919124548319464
2.747194388777555 26524.0 1.7012987031842093 26378.0 1.6919339915771783 42.0 0.0026939581335295127 104.0 0.006670753473501651
2.7719438877755507 20356.0 1.2823567676226828 20038.0 1.26232388040987 74.0 0.004661741049522427 244.0 0.015371146163290165
2.796693386773547 15092.0 0.9339163182217671 14526.0 0.8988913622110646 106.0 0.006559444058541433 460.0 0.028465511952160936
2.821442885771543 11032.0 0.6707007507851694 10242.0 0.6226719624312641 106.0 0.006444369070270846 684.0 0.04158441928363451
2.8461923847695387 8486.0 0.5069421067253157 7244.0 0.4327467147205028 164.0 0.009797137108526015 1078.0 0.06439825489628685
2.870941883767535 6742.0 0.3958139884803301 4992.0 0.29307378085046104 222.0 0.013033329196474827 1528.0 0.08970687843339431
2.8956913827655306 6010.0 0.34680793569306423 3628.0 0.20935427465797618 278.0 0.01604203096883059 2104.0 0.12141163006625742
2.920440881763527 5876.0 0.3333285432425419 2804.0 0.15906283785774125 326.0 0.01849304035007976 2746.0 0.15577266503472093
2.945190380761523 6096.0 0.3399967393681984 2244.0 0.1251562800430179 372.0 0.020747832520500296 3480.0 0.1940926268046802
2.9699398797595187 6952.0 0.38127689677920223 2074.0 0.11374687628309342 544.0 0.029835246238188437 4334.0 0.23769477425792038
2.994689378757515 7952.0 0.428912651692519 2092.0 0.11283768452474217 652.0 0.03516738542549326 5208.0 0.2809075817422836
3.0194388777555106 9332.0 0.49509528959542587 2114.0 0.11215510525125699 878.0 0.04658097559631203 6340.0 0.33635920874785685
3.0441883767535067 10446.0 0.5451857604814617 2352.0 0.12275291103316083 1054.0 0.05500917016537055 7040.0 0.36742367928293035
3.068937875751503 11842.0 0.6080759688969377 2790.0 0.143263971729645 1218.0 0.06254319626046868 7834.0 0.402268800906824
3.0936873747494986 13624.0 0.6883870139116758 2874.0 0.1452161096581148 1538.0 0.07771133495274202 9212.0 0.4654595693008189
3.118436873747495 14796.0 0.7357387751130315 3198.0 0.15902220889507127 1814.0 0.09020209097425243 9784.0 0.4865144752437077
3.1431863727454905 16482.0 0.8066695598840053 3518.0 0.17217956022763806 2122.0 0.10385589164384536 10842.0 0.5306341080125219
3.1679358717434867 17970.0 0.8657540922248959 3706.0 0.1785467259758188 2490.0 0.11996258706955985 11774.0 0.5672447791795171
3.192685370741483 19104.0 0.906118367971972 4090.0 0.19399205009450196 2804.0 0.13299601673960476 12210.0 0.5791303011378652
3.2174348697394786 19698.0 0.9199188329111084 4334.0 0.20240269173706693 3398.0 0.15869043528439167 11966.0 0.55882570588965
3.2421843687374747 18294.0 0.8413071852381967 4682.0 0.2153165104015107 3716.0 0.1708919591311435 9896.0 0.45509871570554256
3.2669338677354705 16228.0 0.7349883786272308 4696.0 0.21268828112111632 4282.0 0.19393765327100088 7250.0 0.32836244423511357
3.2916833667334666 14004.0 0.6247227993389199 4750.0 0.211898978638951 4744.0 0.21163131677119654 4510.0 0.20119250392877241
3.316432865731463 12738.0 0.5597650181193872 5258.0 0.23106017155532557 5236.0 0.23009339259484307 2244.0 0.09861145396921844
3.3411823647294585 12442.0 0.538657485583334 5386.0 0.23317868649347673 5992.0 0.2594145357350376 1064.0 0.04606426335481976
3.3659318637274547 12404.0 0.5291152364998027 5532.0 0.23597754662342052 6472.0 0.27607496054713987 400.0 0.017062729329242264
3.3906813627254504 12980.0 0.5456027103649667 5860.0 0.24631986769943798 6990.0 0.2938184087404559 130.0 0.005464433925072856
3.4154308617234466 13878.0 0.5748951493717065 5970.0 0.24730681955246347 7874.0 0.32617988227070305 34.0 0.0014084475485399931
3.4401803607214427 14666.0 0.598796590608654 6052.0 0.24709647936476026 8602.0 0.35121016449036147 12.0 0.0004899467535322411
3.4649298597194385 15516.0 0.6244512908719805 6128.0 0.24662525847276978 9384.0 0.3776650498545156 4.0 0.00016098254469501945
3.4896793587174346 16384.0 0.650031689329397 6330.0 0.2511413936434987 10048.0 0.3986522469715442 6.0 0.00023804871435402722
3.5144288577154303 17672.0 0.6912578676985501 6572.0 0.257070320649325 11088.0 0.4337181551064692 12.0 0.00046939194275591906
3.5391783567134265 18612.0 0.7178448759070403 6552.0 0.25270361202143393 12042.0 0.4644470231932398 18.0 0.0006942406923665767
3.5639278557114227 19904.0 0.7570139369440952 6778.0 0.25778941240992154 13094.0 0.4980074603268682 32.0 0.0012170642073056194
3.5886773547094184 21372.0 0.8016352570241647 6884.0 0.25820967197053857 14426.0 0.5411000476244899 62.0 0.0023255374291361697
3.6134268537074146 21854.0 0.8084856470413387 7052.0 0.260887745169558 14744.0 0.5454522000538803 58.0 0.0021457018179005054
3.6381763527054103 23166.0 0.8453629075149639 7192.0 0.2624471221120444 15892.0 0.5799234795056465 82.0 0.0029923058972730313
3.6629258517034065 24456.0 0.8803772135686061 7664.0 0.27589184514187914 16644.0 0.5991576031499787 148.0 0.0053277652767481885
3.6876753507014026 25014.0 0.8883777417853889 7504.0 0.2665062194913871 17320.0 0.6151236302759628 190.0 0.0067478920180388535
3.7124248496993983 25840.0 0.9054773194178436 7664.0 0.2685595269356948 17956.0 0.6292086202580032 220.0 0.007709172224145728
3.7371743486973945 27078.0 0.9362914509762269 7794.0 0.2694975836069397 19008.0 0.6572504579420978 276.0 0.00954340942718955
3.7619238476953902 28320.0 0.966352285871106 8106.0 0.2765978682652254 19892.0 0.6787669375193517 322.0 0.010987480086528818
3.7866733466933864 29048.0 0.9782369525382602 7934.0 0.2671898919525804 20680.0 0.6964314299948781 434.0 0.0146156305908016
3.8114228456913826 29982.0 0.9965781843204726 8134.0 0.27036778571351894 21372.0 0.710388531628882 476.0 0.015821866978071676
3.8361723446893783 31080.0 1.0197450320215613 8488.0 0.2784940743822076 22042.0 0.7232052765707611 550.0 0.018045681068592622
3.8609218436873745 32396.0 1.0492963897239078 8772.0 0.28412235864483637 22988.0 0.7445741883866278 636.0 0.020599842692443675
3.88567134268537 33630.0 1.075389465084574 8792.0 0.2811425565573469 24112.0 0.7710315427332515 726.0 0.023215365793975637
3.9104208416833663 34974.0 1.1042103212684602 9284.0 0.29311741930166363 24758.0 0.7816674996844667 932.0 0.02942540228232987
3.9351703406813625 35142.0 1.0955584993436762 9058.0 0.28238486389662 25034.0 0.7804396867727957 1050.0 0.032733948674260424
3.9599198396793582 37118.0 1.1426963543363395 9542.0 0.2937552835033501 26424.0 0.813476169701585 1152.0 0.03546490113140425
3.9846693386773544 37480.0 1.1395074674892953 9410.0 0.28609299010336897 26806.0 0.8149849832848999 1264.0 0.0384294941010264
4.009418837675351 39100.0 1.1740845908659157 9748.0 0.29271039876626465 28058.0 0.8425182979671576 1294.0 0.038855894132493476
4.034168336673346 40366.0 1.1972275069879454 9948.0 0.2950507664746589 28872.0 0.8563234549312778 1546.0 0.04585328558200871
4.058917835671342 42028.0 1.231319982579303 10178.0 0.29819108172390185 30184.0 0.8843190814260418 1666.0 0.04880981942935944
4.083667334669339 43832.0 1.2686073322413043 10394.0 0.30082826727769935 31642.0 0.9157983483933964 1796.0 0.051980716570208585
4.108416833667334 46162.0 1.3199466280050622 11092.0 0.3171623412727384 33008.0 0.9438238875523395 2062.0 0.05896039917998437
4.13316633266533 47100.0 1.3306388455176417 11096.0 0.31347704097375273 33620.0 0.9498105729576032 2384.0 0.06735123158628573
4.157915831663327 48816.0 1.362700293198382 11730.0 0.327443347247153 34608.0 0.966083492031498 2478.0 0.06917345391973104
4.182665330661322 50444.0 1.391481714647659 11804.0 0.3256095900345128 35876.0 0.9896280626972367 2764.0 0.07624406191590931
4.207414829659318 51092.0 1.3927761154078866 12124.0 0.3305021847491822 35926.0 0.9793485227069547 3042.0 0.08292540795174962
4.232164328657314 50790.0 1.3683502408699855 12524.0 0.3374132391544733 35102.0 0.9456946279783074 3164.0 0.08524237373720485
4.2569138276553105 50302.0 1.3394448766346143 12938.0 0.3445138923680697 33964.0 0.9043955665782283 3400.0 0.09053541768831634
4.281663326653306 48462.0 1.275530917635036 13596.0 0.3578498278272863 31298.0 0.8237705142202417 3568.0 0.09391057558750791
4.306412825651302 46444.0 1.2083660853167872 13768.0 0.3582117014607167 28912.0 0.7522237589070483 3764.0 0.0979306249490222
4.3311623246492985 44614.0 1.1474880819948465 13956.0 0.3589533256896956 26564.0 0.6832356078834245 4094.0 0.10529914842172641
4.355911823647294 42274.0 1.0749468668340736 14780.0 0.37582709683984505 23162.0 0.5889653056160007 4332.0 0.11015446437822791
4.38066132264529 40254.0 1.012016358985489 15126.0 0.3802792131468799 20490.0 0.5151342772299068 4638.0 0.11660286860870217
4.405410821643287 38636.0 0.9604247996300412 15806.0 0.3929100937714161 18176.0 0.4518242353782905 4654.0 0.1156904704803347
4.430160320641282 37728.0 0.927374774346239 16452.0 0.4043991143857168 16390.0 0.402875120640767 4886.0 0.1201005393197552
4.454909819639278 37054.0 0.900687509008122 16662.0 0.40501039766538915 15100.0 0.36704219209863015 5292.0 0.1286349192441027
4.479659318637274 37170.0 0.8935237683730266 17524.0 0.42125667250387183 14100.0 0.3389476764611158 5546.0 0.13331941940803888
4.50440881763527 36770.0 0.8741950524690947 17658.0 0.41981333251289843 13316.0 0.3165836638204641 5796.0 0.1377980561357322
4.529158316633266 36796.0 0.8652524899467132 18568.0 0.4366237697937431 12448.0 0.2927128762598295 5780.0 0.13591584389314063
4.553907815631262 37500.0 0.8722221824519584 19168.0 0.4458334611530437 12338.0 0.2869727276557937 5994.0 0.13941599364312102
4.578657314629258 37606.0 0.8652316735657565 19880.0 0.457395247313919 11774.0 0.270893945768314 5952.0 0.13694248048352345
4.603406813627254 38904.0 0.8854712170407689 20866.0 0.474918836489119 11882.0 0.27043926076697555 6156.0 0.14011311978467442
4.62815631262525 40320.0 0.9078850870053423 22150.0 0.49875135608056376 11880.0 0.2675018559926455 6290.0 0.141631874932133
4.6529058116232465 41576.0 0.9262073051179405 23052.0 0.5135398017504994 12224.0 0.27231956171256744 6300.0 0.1403479416548736
4.677655310621242 42320.0 0.9328052960652414 23718.0 0.5227853500017816 12248.0 0.2699669013754035 6354.0 0.14005304468805635
4.702404809619238 43722.0 0.9535635795201208 24944.0 0.5440210861248317 12550.0 0.27371169944141427 6228.0 0.13583079395387476
4.727154308617234 45198.0 0.9754327486825727 26200.0 0.5654307273658881 12656.0 0.27313325517338466 6342.0 0.13686876614330004
4.75190380761523 46264.0 0.9880381357364808 26966.0 0.5758999733760579 12692.0 0.2710569777530567 6606.0 0.14108118460736624
4.776653306613226 47714.0 1.008445549417891 28400.0 0.6002400470190742 12856.0 0.2717142973407471 6458.0 0.13649120505806975
4.801402805611222 49470.0 1.0347801206807432 29894.0 0.6253025455352768 12928.0 0.27041919143239634 6648.0 0.13905838371307017
4.826152304609218 51264.0 1.0613078923141053 31202.0 0.6459684936014496 13282.0 0.27497447381624424 6780.0 0.1403649248964114
4.850901803607214 52882.0 1.0836336263602697 32502.0 0.6660160380462442 13668.0 0.2800783708084446 6712.0 0.13753921750558093
4.87565130260521 53940.0 1.0940923140767762 33416.0 0.6777936367665842 13584.0 0.27553114561399566 6940.0 0.14076753169619627
4.900400801603206 55670.0 1.117776990279841 34582.0 0.6943589703225698 13970.0 0.28049837532260424 7118.0 0.14291964463466691
4.925150300601202 57378.0 1.1404927719570188 35804.0 0.7116700339354648 14134.0 0.28093912020008543 7440.0 0.1478836178214685
4.949899799599198 59302.0 1.166948534340154 37140.0 0.7308432863207535 14408.0 0.2835215419846369 7754.0 0.15258370603476365
4.9746492985971935 60722.0 1.1830020168829587 37842.0 0.7372478232417398 14674.0 0.2858827376525894 8206.0 0.15987145598862945
4.99939879759519 61392.0 1.1842131007524943 37938.0 0.7318001794427307 15276.0 0.2946644404335272 8178.0 0.1577484808762363
5.024148296593186 62776.0 1.1989795442593043 38968.0 0.7442626940342898 15302.0 0.29225794867872873 8506.0 0.1624589015462859
5.048897795591182 62806.0 1.1877922999573438 38842.0 0.7345831371993623 15484.0 0.2928346968846848 8480.0 0.16037446587329676
5.073647294589178 63742.0 1.1937331864419185 39124.0 0.7326977061647519 16204.0 0.30346165092254473 8414.0 0.1575738293546218
5.098396793587174 64560.0 1.1973140644662768 39502.0 0.7325944884533282 16442.0 0.304929334695702 8616.0 0.1597902413172466
5.12314629258517 65328.0 1.1998514305356254 39936.0 0.7334874285125941 16580.0 0.3045177675465447 8812.0 0.16184623447648686
5.147895791583166 65502.0 1.1914795419845223 39298.0 0.7148295172805069 17082.0 0.31072110067142394 9122.0 0.16592892403259157
5.172645290581162 64950.0 1.170133130884981 38648.0 0.6962787566195957 17528.0 0.3157828101332093 8774.0 0.15807156413217585
5.197394789579158 65916.0 1.1762267111177247 39340.0 0.7019958555642225 17924.0 0.319841731447207 8652.0 0.1543891241062952
5.222144288577153 64704.0 1.1436553981479314 37422.0 0.6614409048821076 18412.0 0.3254355710728813 8870.0 0.1567789221929425
5.24689378757515 64466.0 1.12869926731345 36826.0 0.6447659109931608 19018.0 0.33297556333210054 8622.0 0.1509577929881886
5.271643286573146 63972.0 1.1095332719356252 35478.0 0.6153320424831505 19620.0 0.34029017062741457 8874.0 0.15391105882505998
5.2963927855711415 62770.0 1.078511170792215 33936.0 0.5830867467262165 20066.0 0.3447730628184895 8768.0 0.15065136124750902
5.321142284569138 62266.0 1.0598994320670823 33046.0 0.5625130349161468 20418.0 0.34755768162312795 8802.0 0.14982871552780747
5.345891783567134 60926.0 1.0274871746336502 31002.0 0.522833558546309 21114.0 0.35607727743844814 8810.0 0.14857633864889305
5.3706412825651295 60788.0 1.015711461275254 29966.0 0.5007042450578117 22072.0 0.36880277971421016 8750.0 0.1462044365032321
5.395390781563126 59754.0 0.989274391224399 28620.0 0.47382657356565744 22230.0 0.36803510588275906 8904.0 0.1474127117759823
5.420140280561122 59320.0 0.9731203920873003 27128.0 0.4450237693281234 23236.0 0.3811770976153154 8956.0 0.14691952514386145
5.444889779559118 58524.0 0.951334557883641 25530.0 0.41500190114772323 23818.0 0.387172553134997 9176.0 0.14916010360092083
5.469639278557113 58472.0 0.9418876200342541 24836.0 0.40006705655990443 24566.0 0.39571780123412037 9070.0 0.14610276224022925
5.49438877755511 58112.0 0.9276554394820952 23986.0 0.3828941246458138 25086.0 0.4004536817670677 9040.0 0.1443076330692136
5.519138276553106 58610.0 0.9272141089881321 23440.0 0.3708223633284732 26276.0 0.41568807247521167 8894.0 0.14070367318444713
5.543887775551101 58888.0 0.9232941779681125 22970.0 0.3601424274542784 26894.0 0.42166610552700756 9024.0 0.14148564498682664
5.568637274549098 59420.0 0.9233541606605307 23228.0 0.36095036088560767 27344.0 0.4249107399714162 8848.0 0.13749305980350682
5.593386773547094 59778.0 0.9206968309603203 22238.0 0.34250821584689356 28556.0 0.4398176370053014 8984.0 0.13837097810812535
5.618136272545089 60452.0 0.9228744599467594 22708.0 0.3466656725413718 29390.0 0.448674657212917 8354.0 0.1275341301924705
5.642885771543086 61820.0 0.9354801384122793 22368.0 0.3384797757361026 31136.0 0.4711599739502544 8316.0 0.12584038872592226
5.667635270541082 61912.0 0.9286900733274966 22500.0 0.3375036608390728 31206.0 0.468095077339738 8206.0 0.12309133514868582
5.6923847695390775 62966.0 0.9362872511880328 22794.0 0.33894056480608614 32238.0 0.4793702697296923 7934.0 0.11797641665225445
5.717134268537073 63782.0 0.9402095634233365 23086.0 0.34031040075869595 32758.0 0.4828852164971568 7938.0 0.11701394616748369
5.74188376753507 64426.0 0.9415157165281488 23074.0 0.3372013417435586 33366.0 0.4876076956147862 7986.0 0.11670667916980407
5.7666332665330655 64744.0 0.9380414194489767 23108.0 0.33479953541064744 33962.0 0.4920573750050375 7674.0 0.11118450903329186
5.791382765531061 65584.0 0.9420903150293609 23428.0 0.33653470206922215 34494.0 0.49549376870307965 7662.0 0.11006184425705909
5.816132264529058 66448.0 0.9463779943010856 23912.0 0.3405639086161744 35082.0 0.4996513483636932 7454.0 0.10616273732121796
5.840881763527054 66860.0 0.9441760252544141 24356.0 0.3439478203873244 35520.0 0.5016023394710858 6984.0 0.09862586539600401
5.865631262525049 67360.0 0.9432096014862302 24472.0 0.3426696165019452 35990.0 0.503950616946102 6898.0 0.09658936803818313
5.890380761523046 68124.0 0.9458915428614766 24594.0 0.34148400864798245 36794.0 0.5108791824914153 6736.0 0.09352835172207896
5.915130260521042 68536.0 0.9436488666749786 24518.0 0.33758000048349956 37224.0 0.512524591646863 6794.0 0.09354427454461604
5.939879759519037 69094.0 0.9434040600785235 25196.0 0.3440242090158115 37398.0 0.51062936056411 6500.0 0.08875049049860195
5.964629258517033 71108.0 0.9628458178554121 26054.0 0.3527870976318404 38638.0 0.5231821554578587 6416.0 0.08687656476571307
5.98937875751503 70932.0 0.9525250075422661 26104.0 0.35054295377098227 38524.0 0.5173274881655425 6304.0 0.08465456560574135
6.014128256513025 71166.0 0.9478017947513845 25996.0 0.3462194791945169 39042.0 0.5199684915645612 6128.0 0.0816138239923065
6.038877755511021 72772.0 0.9612466540805935 26568.0 0.3509371888310505 40096.0 0.5296287836257829 6108.0 0.08068068162376003
6.063627254509018 73224.0 0.9593215241764105 26594.0 0.3484130423624421 40550.0 0.5312532476422136 6080.0 0.07965523417175484
6.0883767535070135 73534.0 0.9555505550979407 27000.0 0.35085627040069084 40768.0 0.5297669789516801 5766.0 0.07492730574556976
6.113126252505009 75176.0 0.9689778348150987 27828.0 0.3586878150903821 41466.0 0.5344742324470959 5882.0 0.07581578727762066
6.137875751503006 75888.0 0.970266823460909 27658.0 0.35362165037004295 42444.0 0.5426682091368177 5786.0 0.07397696395404833
6.1626252505010015 77070.0 0.9774646464878591 28314.0 0.3591012586046094 42934.0 0.5445240318192519 5822.0 0.07383935606399787
6.187374749498997 77888.0 0.979936518955759 28450.0 0.3579395280953593 43742.0 0.5503335971158948 5696.0 0.07166339374450498
6.212124248496993 78188.0 0.9758726327995273 28696.0 0.3581577872667831 43726.0 0.545748794467081 5766.0 0.0719660510656632
6.23687374749499 79648.0 0.9862054443626188 29106.0 0.3603919202443047 44432.0 0.5501592042979093 6110.0 0.0756543198204048
6.261623246492985 80668.0 0.9909392457799556 29806.0 0.36614190459311446 44904.0 0.5516082696050867 5958.0 0.07318907158175456
6.286372745490981 81588.0 0.994349062165544 29782.0 0.36296641380367495 45984.0 0.5604273578788593 5822.0 0.07095529048300972
6.311122244488978 82792.0 1.0011088798483005 30674.0 0.37090556793490637 46086.0 0.5572652410461008 6032.0 0.07293807086729331
6.335871743486973 82854.0 0.9940315947237897 30490.0 0.3658003635687878 46218.0 0.5544952838118149 6146.0 0.07373594734318695
6.360621242484969 83824.0 0.9978428824695755 30834.0 0.3670486667072305 46742.0 0.5564178756966132 6248.0 0.07437634006573186
6.385370741482966 85564.0 1.0106601413535092 31504.0 0.37211721159834693 47518.0 0.5612704945635554 6542.0 0.07727243519160697
6.410120240480961 86314.0 1.011646256101963 31510.0 0.3693140571607486 48142.0 0.5642499949169393 6662.0 0.07808220402427506
6.434869739478957 87412.0 1.0166345547989026 33076.0 0.3846863649673786 47740.0 0.5552342200853385 6596.0 0.07671396974618544
6.459619238476954 87020.0 1.0043201175194552 32924.0 0.37998432026212986 47392.0 0.5469632154617561 6704.0 0.07737258179556913
6.4843687374749495 88858.0 1.0177044888640856 33920.0 0.38849103358470577 48232.0 0.552408594689196 6706.0 0.07680486059018388
6.509118236472945 89128.0 1.0130341647747947 34284.0 0.3896739891519955 48076.0 0.5464346838896085 6768.0 0.07692549173319058
6.533867735470941 89574.0 1.0103905596556448 34594.0 0.3902187132508025 47780.0 0.5389561808152669 7200.0 0.08121566558957558
6.5586172344689375 90336.0 1.0112954614020015 35534.0 0.39779681329103267 47538.0 0.5321794593974534 7264.0 0.08131918871351554
6.583366733466933 91048.0 1.0116025556230392 36182.0 0.40200557582322294 47166.0 0.5240449668143865 7700.0 0.08555201298542969
6.608116232464929 91194.0 1.0056350480883338 36992.0 0.4079265269522517 46356.0 0.5111873400572713 7846.0 0.08652118107881074
6.632865731462926 91682.0 1.00347156817213 37592.0 0.4114493923641141 46068.0 0.5042203289910089 8022.0 0.0878018468170069
6.657615230460921 92550.0 1.0054405874379675 38620.0 0.4195582440502897 45582.0 0.49519171103833 8348.0 0.09069063234934796
6.682364729458917 92116.0 0.9933129684045331 38844.0 0.4188658750348005 44796.0 0.48304798007565963 8476.0 0.09139911329407294
6.707114228456914 93284.0 0.9984842035508354 40160.0 0.429860700812589 44198.0 0.4730822523534564 8926.0 0.09554125038479007
6.731863727454909 93118.0 0.989378691241467 40686.0 0.4322887243266643 43144.0 0.45840497277563796 9288.0 0.09868499413916478
6.756613226452905 93824.0 0.9895768238300655 41688.0 0.43969004339857365 42480.0 0.44804339482756206 9656.0 0.10184338560392983
6.781362725450901 94218.0 0.9864789163398013 42636.0 0.44640636690508995 41822.0 0.43788364472991537 9760.0 0.10218890470479591
6.806112224448897 95140.0 0.9888878500279292 43228.0 0.4493130542464508 41470.0 0.43104035254002754 10442.0 0.10853444324145088
6.830861723446893 94656.0 0.97672777208577 43924.0 0.45323899870156525 40242.0 0.4152455101026407 10490.0 0.10824326328156407
6.855611222444889 95812.0 0.9815179195441713 45006.0 0.4610507607293969 40032.0 0.41009607726790237 10774.0 0.11037108154687202
6.8803607214428855 95774.0 0.9740701908260582 45406.0 0.4618020661625076 39112.0 0.39778889159467906 11256.0 0.11447923306887163
6.905110220440881 95948.0 0.9688446213966101 46140.0 0.46590331045190714 38752.0 0.39130223421396415 11056.0 0.11163907673073875
6.929859719438877 96592.0 0.9683807384827341 47124.0 0.47244051184632646 38030.0 0.38126883680323814 11438.0 0.11467138983316955
6.9546092184368735 96570.0 0.961269387440609 47558.0 0.4733980483369626 37332.0 0.3716072152007126 11680.0 0.11626412390293375
6.979358717434869 97212.0 0.9607971250742907 49072.0 0.48500428467314316 36336.0 0.35912772432106554 11804.0 0.11666511608008195
7.004108216432865 98004.0 0.9617794991083402 49894.0 0.48964354851344355 36132.0 0.35458773990635634 11978.0 0.11754821068854025
7.028857715430861 98464.0 0.9594889324283734 51000.0 0.49697285864729285 35616.0 0.34706245752121534 11848.0 0.11545361625986522
7.053607214428857 99360.0 0.9614255646558693 51442.0 0.4977622171600969 35722.0 0.3456526169548808 12196.0 0.11801073054089152
7.078356713426853 100336.0 0.9640802499033316 52158.0 0.5011610755307963 35392.0 0.3400646647721527 12786.0 0.1228545096003827
7.103106212424849 101542.0 0.96886906908339 53414.0 0.5096528771938724 35310.0 0.336912477884368 12818.0 0.12230371400514953
7.127855711422845 102282.0 0.9691525602547769 53698.0 0.5088046203687943 35272.0 0.3342127559620118 13312.0 0.12613518392397088
7.152605210420841 103082.0 0.9699734302061497 54832.0 0.5159541251146039 35162.0 0.33086480426173953 13088.0 0.12315450082980625
7.177354709418837 104986.0 0.9810765452410495 55886.0 0.5222452880130807 35466.0 0.3314238160661332 13634.0 0.12740744116183558
7.202104208416833 106630.0 0.9895910952067879 57074.0 0.5296813482869006 35954.0 0.33367493423112493 13602.0 0.12623481268876235
7.226853707414829 107350.0 0.9894493702425866 57706.0 0.5318785781017112 36036.0 0.3321452958179958 13608.0 0.12542549632287953
7.251603206412825 108676.0 0.99483384763196 58468.0 0.5352234661134513 36300.0 0.33229479065331946 13908.0 0.12731559086518918
7.276352705410821 109352.0 0.9942123897503813 58360.0 0.5306005840389957 37208.0 0.33828969381293605 13784.0 0.12532211189844955
7.301102204408817 111466.0 1.0065618656766813 59278.0 0.535293042484545 37700.0 0.34043907860702705 14488.0 0.130829744585109
7.325851703406813 113064.0 1.0140935788458918 60724.0 0.5446456739708301 37918.0 0.3400941088470117 14422.0 0.12935379602805008
7.350601202404809 113778.0 1.0136255757616988 60822.0 0.541851102752536 38242.0 0.34069037307984745 14714.0 0.1310840999293153
7.375350701402805 115040.0 1.017990196736651 60928.0 0.5391525270060037 39578.0 0.35022614748298997 14534.0 0.1286115222476572
7.400100200400801 116196.0 1.021341955461344 61104.0 0.5370931774459531 40204.0 0.35338593391655376 14888.0 0.13086284409883722
7.424849699398797 115528.0 1.0087005783115721 60390.0 0.5272784772889328 40474.0 0.35338746629892814 14664.0 0.12803463472371107
7.449599198396793 117106.0 1.0156845944838744 60052.0 0.5208434347338788 42158.0 0.3656450663010535 14896.0 0.12919609344894192
7.474348697394789 116982.0 1.0078898757643993 59868.0 0.5158088516375431 42170.0 0.3633269739018372 14944.0 0.1287540502250191
7.499098196392785 118710.0 1.016026939588726 60616.0 0.5188062418508147 43172.0 0.3695048019200108 14922.0 0.12771589581790052
7.5238476953907805 120340.0 1.0232017993256481 60698.0 0.516090267703741 44136.0 0.37527035578391893 15506.0 0.13184117583798818
7.548597194388777 120290.0 1.0160699616264754 59750.0 0.5046984803988853 45006.0 0.38015832316037207 15534.0 0.13121315806721814
7.573346693386773 120628.0 1.012265375673034 59668.0 0.5007116957560318 45534.0 0.3821044170167452 15426.0 0.12944926290025718
7.5980961923847685 120524.0 1.004803792502419 59150.0 0.49313119649628356 46060.0 0.3840003873308338 15314.0 0.12767220867530155
7.622845691382765 122862.0 1.0176443587582167 59416.0 0.49213228842097806 47796.0 0.39588587009171045 15650.0 0.12962620024552826
7.647595190380761 122930.0 1.0116172734989277 58610.0 0.4823142308612394 48614.0 0.40005500800355387 15706.0 0.12924803463413456
7.672344689378757 124502.0 1.0179435976516042 58506.0 0.4783522202390706 49856.0 0.40762876102005097 16140.0 0.1319626163924828
7.697094188376753 124150.0 1.008537872046418 58010.0 0.47124673344673945 50062.0 0.40668081313240256 16078.0 0.13061032546727594
7.721843687374749 123336.0 0.9955027319233616 57014.0 0.4601867480531113 50460.0 0.4072863385617567 15862.0 0.12802964530849356
7.746593186372745 124434.0 0.9979475580273864 57196.0 0.45870588849457855 51200.0 0.4106186007924055 16038.0 0.12862306874040233
7.77134268537074 124486.0 0.9920056039673795 56504.0 0.45026978653481364 52240.0 0.41629076965486805 15742.0 0.1254450477776978
7.796092184368737 125000.0 0.9897771405161523 56324.0 0.4459856612994541 53280.0 0.42188260837360475 15396.0 0.12190887084309343
7.820841683366733 126036.0 0.9916641028776764 56880.0 0.44753764140152197 53748.0 0.422894745957261 15408.0 0.12123171551889331
7.845591182364728 125844.0 0.9839064233045958 55390.0 0.43306456236961294 55052.0 0.4304219225053607 15402.0 0.12041993842962227
7.870340681362725 125406.0 0.9743154046524668 54826.0 0.4259590161194532 55626.0 0.4321744469897622 14954.0 0.11618194154325143
7.895090180360721 125744.0 0.970816419718526 54822.0 0.42325755313819374 55906.0 0.4316266602047327 15016.0 0.11593220637559952
7.9198396793587165 126756.0 0.9725132298254208 54758.0 0.42012117326817183 57070.0 0.437859588706939 14928.0 0.11453246785030988
7.944589178356713 127232.0 0.9700832497494641 54328.0 0.4142250596735797 58076.0 0.4428017700928217 14828.0 0.11305641998306286
7.969338677354709 127924.0 0.9693013058334701 53466.0 0.4051207249436565 59884.0 0.45375097244091434 14574.0 0.11042960844889929
7.9940881763527045 128512.0 0.9677272452877402 53408.0 0.40217549113178247 60254.0 0.4537275697021873 14850.0 0.1118241844537704
8.018837675350701 129402.0 0.9684141904130228 53468.0 0.40014196019384174 61434.0 0.45975763414656373 14500.0 0.10851459607261735
8.043587174348696 131514.0 0.9781631839240691 53658.0 0.39909272110191846 63582.0 0.47290456955350885 14274.0 0.10616589326864183
8.068336673346693 133256.0 0.9850392075861554 54026.0 0.3993645931819177 64500.0 0.4767892544373763 14730.0 0.1088853599668613
8.09308617234469 133762.0 0.9827320380607859 53552.0 0.3934395874929442 65642.0 0.48226324697885875 14568.0 0.1070292035889829
8.117835671342684 135536.0 0.98969366432851 53798.0 0.39283688284695717 67180.0 0.49055321368189486 14558.0 0.10630356779965802
8.14258517034068 136222.0 0.9886560785153908 53812.0 0.39055043162683123 67588.0 0.4905322711067099 14822.0 0.10757337578184964
8.167334669338677 137388.0 0.9910754126707026 54344.0 0.39202115342079846 68458.0 0.49383527382748826 14586.0 0.10521898542241584
8.192084168336672 138116.0 0.9903068998837425 54274.0 0.38915054508015173 69224.0 0.4963436881863954 14618.0 0.10481266661719531
8.216833667334669 139336.0 0.9930360520208074 54420.0 0.38784680162321533 70266.0 0.5007799221399643 14650.0 0.10440932825762782
8.241583166332665 138602.0 0.9818721509870987 53876.0 0.38166364126477914 70296.0 0.4979847673611426 14430.0 0.10222374236117683
8.26633266533066 142266.0 1.00179345678314 55404.0 0.390137943567775 72252.0 0.5087763825474493 14610.0 0.10287913066791556
8.291082164328657 141688.0 0.991766818771545 54954.0 0.3846589249532175 72590.0 0.5081048033328613 14144.0 0.09900309048546618
8.315831663326653 144396.0 1.0047056949561677 56150.0 0.39069104941818894 73936.0 0.5144458313407518 14310.0 0.09956881419722677
8.340581162324648 145394.0 1.0056459288806932 56226.0 0.3888980838084505 75064.0 0.5191947811154543 14104.0 0.09755306395678842
8.365330661322645 145952.0 1.0035320570816115 56820.0 0.3906811245024197 75086.0 0.516273898528488 14046.0 0.09657703405070377
8.39008016032064 146020.0 0.9980763249915772 56906.0 0.38896405526620115 75126.0 0.5135014517964472 13988.0 0.0956108179289288
8.414829659318636 147092.0 0.9994895403948967 57760.0 0.3924789645474208 75792.0 0.515006331041865 13540.0 0.09200424480561077
8.439579158316633 148070.0 1.0002339780578955 58164.0 0.3929061194013604 75962.0 0.5131341489919218 13944.0 0.09419370966461332
8.464328657314628 150034.0 1.0075741883501697 59582.0 0.40013120552861225 76640.0 0.5146865763437422 13812.0 0.09275640647781531
8.489078156312624 150066.0 1.0019127842800586 59772.0 0.3990666169684516 76612.0 0.5114985554973401 13682.0 0.0913476118142668
8.513827655310621 151040.0 1.0025528114083468 59962.0 0.39800762498455566 76926.0 0.5106089616684223 14152.0 0.09393622475536895
8.538577154308616 153462.0 1.0127241538465364 61400.0 0.405189969153128 77696.0 0.5127302906078409 14366.0 0.09480389408556737
8.563326653306612 152914.0 1.003274823598376 61128.0 0.4010632343468978 77784.0 0.5103439114716513 14002.0 0.09186767777982696
8.588076152304609 154612.0 1.0085687101920668 62218.0 0.4058619512762917 77822.0 0.5076503386837181 14572.0 0.095056420232057
8.612825651302604 156092.0 1.0123712410844892 62928.0 0.40813428913054317 78576.0 0.5096230597305104 14588.0 0.09461389222343572
8.6375751503006 157408.0 1.0150560166410914 64222.0 0.4141398626545294 78152.0 0.5039683993985983 15034.0 0.09694775458796355
8.662324649298597 159028.0 1.019642695590255 65144.0 0.41768495963938157 78714.0 0.5046919733675286 15170.0 0.09726576258334486
8.687074148296592 160624.0 1.0240075753329592 65860.0 0.4198696266524846 79212.0 0.5049910851259735 15552.0 0.09914686355450107
8.711823647294588 160786.0 1.0192162779474776 66590.0 0.4221114521694832 78824.0 0.499662308241588 15372.0 0.0974425175364063
8.736573146292585 161348.0 1.0169840093141218 66862.0 0.42143432103751405 78802.0 0.49669270088238726 15684.0 0.09885698739422048
8.76132264529058 162484.0 1.0183581601909104 67758.0 0.4246689656717936 78964.0 0.49490185963734923 15762.0 0.09878733488176764
8.786072144288577 163896.0 1.0214207098598285 68306.0 0.4256916764758471 79318.0 0.49431986054975025 16272.0 0.10140917283423101
8.810821643286573 164762.0 1.021049108235126 69564.0 0.4310961275371039 78832.0 0.4885309919786811 16366.0 0.10142198871934108
8.835571142284568 165476.0 1.0197289120822703 70156.0 0.43232916891902 78050.0 0.4809751358989896 17270.0 0.10642460726426074
8.860320641282565 166288.0 1.019008029769475 71060.0 0.4354536141839393 78258.0 0.4795627489277613 16970.0 0.10399166665777441
8.88507014028056 167818.0 1.0226546823481741 71798.0 0.4375249429932081 78444.0 0.47802454982254683 17576.0 0.10710518953241908
8.909819639278556 168842.0 1.023178698925385 72180.0 0.4374091664895837 78752.0 0.47723533775821136 17910.0 0.10853419467758998
8.934569138276553 170030.0 1.024669501572975 74068.0 0.44636370430222383 77852.0 0.46916761769369675 18110.0 0.10913817957705452
8.959318637274547 169622.0 1.0165631699890776 73906.0 0.4429267290871041 77324.0 0.4634111763582285 18392.0 0.11022526454374501
8.984068136272544 170848.0 1.0182693547999513 74842.0 0.4460650113079343 77396.0 0.4612870796503151 18610.0 0.11091726384170196
9.00881763527054 171160.0 1.0145238129737189 75892.0 0.4498378196669868 76314.0 0.4523391578831291 18954.0 0.11234683542360287
9.033567134268536 172274.0 1.0155316699796242 76504.0 0.4509806173892821 77100.0 0.4544939558809166 18670.0 0.11005709670942561
9.058316633266532 172508.0 1.0113541907616737 77004.0 0.4514475740569244 76284.0 0.4472264653700902 19220.0 0.11268015133465908
9.083066132264529 174410.0 1.016932732628453 78410.0 0.45718534238516717 76782.0 0.4476929595589581 19218.0 0.1120544306843278
9.107815631262524 175124.0 1.015546433551707 79374.0 0.4602908945474818 75932.0 0.4403306902106406 19818.0 0.11492484879358472
9.13256513026052 175662.0 1.0131450897740666 79596.0 0.45907650240607867 76296.0 0.4400434799182645 19770.0 0.1140251074497233
9.157314629258517 177014.0 1.015424264823257 80840.0 0.46373110357549174 75886.0 0.4353129456448511 20288.0 0.1163802156029141
9.182064128256512 176836.0 1.0089347169619607 81358.0 0.46418665148833493 75460.0 0.43053571525000317 20018.0 0.11421235022362262
9.206813627254508 178560.0 1.0132937188795896 83026.0 0.4711566101237501 75340.0 0.4275400357324613 20194.0 0.11459707302337833
9.231563126252505 180244.0 1.0173656578348669 83676.0 0.4722991543962091 75802.0 0.42785530500431956 20766.0 0.11721119843433814
9.2563126252505 179906.0 1.0100276143939784 83984.0 0.4715026689897161 75288.0 0.422681617247306 20634.0 0.11584332815695611
9.281062124248496 180234.0 1.0064724485893393 84414.0 0.4713892233164691 74502.0 0.4160380969450989 21318.0 0.1190451283277713
9.305811623246493 182080.0 1.011372584917208 85862.0 0.4769248291199545 74648.0 0.4146360979728676 21570.0 0.11981165782438584
9.330561122244488 182608.0 1.0089244698826796 86520.0 0.4780302348979751 74470.0 0.41145297726366403 21618.0 0.11944125772104053
9.355310621242484 183466.0 1.0083016973407444 87178.0 0.47911724990336857 74000.0 0.4066929327680065 22288.0 0.12249151466936932
9.38006012024048 185192.0 1.0124166372256984 88826.0 0.4855982991609243 74026.0 0.4046889389783012 22340.0 0.12212939908647297
9.404809619238476 185082.0 1.006489952599113 89186.0 0.48500023185671476 73248.0 0.39832817912049695 22648.0 0.12316154162190114
9.429559118236472 186736.0 1.0101539148569232 89994.0 0.48682520463988704 74020.0 0.4004133791968847 22722.0 0.1229153310201515
9.454308617234467 187812.0 1.0106553422835185 90566.0 0.4873544381043231 74502.0 0.4009107208847501 22744.0 0.1223901832944452
9.479058116232464 189404.0 1.0138999274765403 91250.0 0.48847103747668635 74920.0 0.4010547959205846 23234.0 0.12437409407926939
9.50380761523046 190456.0 1.0142213489933123 92458.0 0.49235979693589943 74760.0 0.39811393734374356 23238.0 0.12374761471366924
9.528557114228455 190914.0 1.0113789624417402 92776.0 0.4914867145389804 74398.0 0.39412809981321745 23740.0 0.12576414808954248
9.553306613226452 192766.0 1.0158989210265785 92996.0 0.49009958218662886 76100.0 0.40105572502475867 23670.0 0.12474361381519103
9.578056112224449 191976.0 1.0065069347260662 93224.0 0.48876214986718547 75080.0 0.39363535368604957 23672.0 0.1241094311728312
9.602805611222443 192984.0 1.0065763468874145 93274.0 0.4865035556293615 76154.0 0.3972081370521088 23556.0 0.1228646542059442
9.62755511022044 193782.0 1.005542010290311 93440.0 0.48486363770384594 76672.0 0.39785386162274483 23670.0 0.12282451096372038
9.652304609218437 195270.0 1.0080670870492008 94132.0 0.4859495623399159 77152.0 0.39829155477042016 23986.0 0.12382596993886481
9.677054108216431 196480.0 1.0091253298748768 94630.0 0.48602163052758346 77692.0 0.3990277133990174 24158.0 0.12407598594827604
9.701803607214428 196746.0 1.0053359536344422 94592.0 0.48334776069749397 78036.0 0.39874963901587496 24118.0 0.12323855392107325
9.726553106212425 198078.0 1.0069913892947324 95158.0 0.4837654187870846 78728.0 0.4002383813265264 24192.0 0.1229875891811214
9.75130260521042 200358.0 1.0134120232102921 95956.0 0.48534605106442863 79972.0 0.4044988786081588 24430.0 0.12356709353770469
9.776052104208416 198892.0 1.0009033412812023 94164.0 0.4738705540112379 80408.0 0.404644912141961 24320.0 0.12238787512800334
9.800801603206413 200780.0 1.0053014630891433 95126.0 0.47629398833458425 80782.0 0.40447386587940615 24872.0 0.12453360887515275
9.825551102204408 201606.0 1.0043519133394243 95196.0 0.4742432504105028 81872.0 0.4078663325938977 24538.0 0.12224233033502373
9.850300601202404 203490.0 1.0086433940122064 95964.0 0.4756668861515916 82822.0 0.4105256434167721 24704.0 0.12245086444384268
9.8750501002004 202602.0 0.9992080416853243 95030.0 0.4686762233411139 82770.0 0.4082114175096706 24802.0 0.1223204008345397
9.899799599198396 204114.0 1.0016317242637296 94958.0 0.4659795274828538 83926.0 0.4118431077268475 25230.0 0.12380908905402811
9.924549098196392 205250.0 1.0021828604692844 95338.0 0.4655108869740347 85158.0 0.4158045701916848 24754.0 0.12086740330356474
9.949298597194387 205896.0 1.0003354451740607 94794.0 0.4605519203375972 86272.0 0.4191482084453149 24830.0 0.12063531639114858
9.974048096192384 205850.0 0.9951486319093609 94290.0 0.4558298008391238 86188.0 0.41666198827789164 25372.0 0.12265684279234541
9.99879759519038 208588.0 1.0033930564251787 95660.0 0.46016347909578986 88078.0 0.42369097754337215 24850.0 0.11953859978601693
10.023547094188375 208576.0 0.9983805992639813 94936.0 0.45442553588008844 88774.0 0.42493019004612553 24866.0 0.11902487333776733
10.048296593186372 208274.0 0.9920240304986376 94226.0 0.44880520995306483 89414.0 0.42588530811817693 24634.0 0.11733351242739581
10.073046092184368 211330.0 1.0016336491501918 94974.0 0.4501450536809271 91420.0 0.4333002801557306 24936.0 0.1181883153135342
10.097795591182363 211064.0 0.9954691190803725 94662.0 0.4464669377553075 91696.0 0.43247799882118143 24706.0 0.11652418250388358
10.12254509018036 211766.0 0.9938960544367021 93794.0 0.44020988510826126 93334.0 0.43805093520581756 24638.0 0.11563523412262341
10.147294589178356 212508.0 0.9925132830239681 93598.0 0.4371471110004205 94220.0 0.4400521463969275 24690.0 0.11531402562662003
10.172044088176351 213976.0 0.9945064376997735 94044.0 0.43709277408231534 95260.0 0.4427444351482429 24672.0 0.1146692284692153
10.196793587174348 214354.0 0.9914270662628006 94148.0 0.4354519879942066 95938.0 0.4437310704867676 24268.0 0.11224400778182654
10.221543086172344 215256.0 0.990777690669164 93932.0 0.4323490636262678 97866.0 0.45045643083132825 23458.0 0.10797219621156784
10.24629258517034 217070.0 0.9943004559512252 94600.0 0.43332023371716916 98834.0 0.4527142915349122 23636.0 0.10826593069914386
10.271042084168336 217384.0 0.9909400176769563 93488.0 0.4261629207880216 99972.0 0.45572008725205476 23924.0 0.10905700963687992
10.295791583166332 219438.0 0.9954939895628342 94498.0 0.4286959916956439 101030.0 0.4583288116257583 23910.0 0.10846918624143204
10.320541082164327 219768.0 0.99220933237882 94302.0 0.4257549982799474 101702.0 0.45916454407188834 23764.0 0.10728979002698426
10.345290581162324 220578.0 0.9911014216768228 94196.0 0.4232416175514784 103048.0 0.46301543808064827 23334.0 0.10484436604469613
10.37004008016032 222704.0 0.9958775861040733 95238.0 0.4258809430696338 104466.0 0.4671462924327723 23000.0 0.10285035060166715
10.394789579158315 223410.0 0.9942773458712839 94704.0 0.42147639659547054 105314.0 0.4686957808651735 23392.0 0.10410516841063996
10.419539078156312 223368.0 0.9893679155983788 95448.0 0.4227695498371927 104880.0 0.46454687774416203 23040.0 0.10205148801702414
10.444288577154307 225078.0 0.9922172145031404 95738.0 0.42204432100028283 106650.0 0.4701479750431402 22690.0 0.10002491845971732
10.469038076152303 224022.0 0.98289270691374 94934.0 0.416521307006227 106496.0 0.46724938495096763 22592.0 0.09912201495654539
10.4937875751503 226326.0 0.9883175071641785 95626.0 0.4175784043374678 107676.0 0.4701981915529373 23024.0 0.10054091127377343
10.518537074148295 227266.0 0.9877520733564656 95246.0 0.4139617627753818 109104.0 0.4741919258115329 22916.0 0.09959838476955096
10.543286573146291 228534.0 0.9885999043804293 95694.0 0.41395625705488376 109476.0 0.4735748865899686 23364.0 0.101068760735577
10.568036072144288 230662.0 0.9931317244183854 96158.0 0.4140151405806899 110794.0 0.47703148448903837 23710.0 0.10208509934865698
10.592785571142283 231924.0 0.993899170862938 96678.0 0.4143089289624494 111098.0 0.4761051468779888 24148.0 0.10348509502249972
10.61753507014028 233496.0 0.9959709406466536 96894.0 0.4132987645313704 112018.0 0.4778097818778773 24584.0 0.10486239423740591
10.642284569138276 233830.0 0.992756567750076 97062.0 0.4120897146600431 112342.0 0.4769630001889366 24426.0 0.10370385290109635
10.667034068136271 235364.0 0.9946323976104445 98242.0 0.4151640692971113 112616.0 0.47590762431509415 24506.0 0.10356070399823913
10.691783567134268 236782.0 0.9959922562300351 98852.0 0.4158079014150207 112760.0 0.47431006923034164 25170.0 0.10587428558467275
10.716533066132264 236612.0 0.99068005863774 98382.0 0.4119194526435605 113488.0 0.47516735624008855 24742.0 0.10359324975409093
10.741282565130259 238702.0 0.994825098028586 99676.0 0.41541414177969743 113902.0 0.4747030536637816 25124.0 0.10470790258510693
10.766032064128256 239618.0 0.9940512080685265 99178.0 0.4114382505230004 115162.0 0.4777476033669743 25278.0 0.10486535417855174
10.790781563126252 240518.0 0.993207856153153 100756.0 0.41606719977119 114790.0 0.47401994781189116 24972.0 0.10312070857007183
10.815531062124247 240660.0 0.9892459890986548 99852.0 0.410447064337567 115606.0 0.475204736207675 25202.0 0.1035941885534127
10.840280561122244 241614.0 0.9886324545407963 101098.0 0.41367124375725506 115268.0 0.4716518321372458 25248.0 0.10330937864629543
10.86503006012024 242112.0 0.9861568674114579 102278.0 0.4165929490694765 114798.0 0.467588703018027 25036.0 0.10197521532395445
10.889779559118235 244114.0 0.9897917112512877 102734.0 0.41654825886139174 116254.0 0.47136684335927964 25126.0 0.10187660903061625
10.914529058116232 245586.0 0.9912442140073824 103972.0 0.41965602037076855 116242.0 0.46918069403242096 25372.0 0.10240749960419285
10.939278557114227 245530.0 0.9865339470165382 103836.0 0.4172106826962459 116214.0 0.4669452047349813 25480.0 0.10237805958531092
10.964028056112223 248250.0 0.9929596344610379 104518.0 0.41805500533574524 117876.0 0.4714848333201583 25856.0 0.10341979580513433
10.98877755511022 248414.0 0.9891398693985336 105184.0 0.41882377008870414 117146.0 0.4664543026583068 26084.0 0.10386179665152265
11.013527054108215 250490.0 0.9929234114105248 106292.0 0.4213334474256357 118614.0 0.4701769233144955 25584.0 0.10141304067039349
11.038276553106211 252284.0 0.9955502387322472 107850.0 0.4255921629880328 118260.0 0.4666715734350001 26174.0 0.10328650230921436
11.063026052104208 253886.0 0.9973893281939176 108972.0 0.4280957196219861 118270.0 0.46462284586583985 26644.0 0.10467076270609148
11.087775551102203 254198.0 0.9941569226158127 109924.0 0.4299078102959921 118310.0 0.46270507838250813 25964.0 0.1015440339373125
11.1125250501002 256742.0 0.9996337651199462 111888.0 0.43563975785707265 118642.0 0.4619366880423174 26212.0 0.10205731922055614
11.137274549098196 257032.0 0.9963150623174442 111894.0 0.43372684172767634 119078.0 0.4615736756148519 26060.0 0.10101454497491595
11.16202404809619 258288.0 0.9967437754532914 113426.0 0.4377154938462686 118656.0 0.457898274097851 26206.0 0.10113000750917175
11.186773547094187 259478.0 0.9969053501246816 114008.0 0.4380147263236756 118698.0 0.45603354137576 26772.0 0.10285708242524598
11.211523046092184 261000.0 0.9983256630321136 115370.0 0.441290543080517 118626.0 0.4537447513519061 27004.0 0.1032903685996904
11.236272545090179 261520.0 0.9959079989651538 116450.0 0.44345933955143835 118192.0 0.45009314092111297 26878.0 0.10235551849260249
11.261022044088175 262172.0 0.9940023898785593 117314.0 0.44478585190719566 117570.0 0.4457564536946058 27288.0 0.10346008427675772
11.285771543086172 263652.0 0.9952294179729624 118976.0 0.44910873133050827 117084.0 0.4419668395231075 27592.0 0.10415384711934662
11.310521042084167 264686.0 0.9947599805726747 118650.0 0.4459180753607967 118272.0 0.44449745140389507 27764.0 0.10434445380798281
11.335270541082163 266302.0 0.9964628916133973 120296.0 0.45012992771186566 118124.0 0.44200262337098833 27882.0 0.10433034053054333
11.36002004008016 267090.0 0.9950567444650255 121312.0 0.45195373763353613 117714.0 0.43854921418980874 28064.0 0.1045537926416806
11.384769539078155 268022.0 0.9941875322636754 122008.0 0.4525704324138559 117272.0 0.43500294857745164 28742.0 0.10661415127236777
11.409519038076152 269292.0 0.9945647985251412 123120.0 0.45471390904451453 116784.0 0.43131342717555704 29388.0 0.10853746230506979
11.434268537074146 271232.0 0.9973932332921153 124092.0 0.456319759857558 118118.0 0.4343517502728221 29022.0 0.10672172316173523
11.459018036072143 272536.0 0.9978592922842342 124754.0 0.45677245629798396 117644.0 0.4307400071237798 30138.0 0.11034682886247046
11.48376753507014 272966.0 0.9951257908013557 125012.0 0.4557441782480568 117734.0 0.4292114763531239 30220.0 0.11017013620017499
11.508517034068134 275546.0 1.0002108890058226 126768.0 0.46015813685370177 117792.0 0.42757594389965325 30986.0 0.11247680825246753
11.533266533066131 277188.0 1.0018528985352455 127880.0 0.4622023632505273 118692.0 0.4289937668042821 30616.0 0.11065676848043593
11.558016032064128 278536.0 1.0024135851530336 128458.0 0.46230305713296804 118432.0 0.4262208321970735 31646.0 0.113889695822992
11.582765531062122 279156.0 1.0003515340805926 128760.0 0.46140961873725483 118794.0 0.42569660025064815 31602.0 0.11324531509268973
11.607515030060119 278878.0 0.9950936883507326 129198.0 0.46100486358743953 117742.0 0.4201275147332954 31938.0 0.1139613100299977
11.632264529058116 281960.0 1.0018096627359527 130098.0 0.46224086218833166 118762.0 0.4219638216975714 33100.0 0.11760497885004978
11.65701402805611 284114.0 1.0051764088322694 131018.0 0.4635329576592012 119416.0 0.4224858544003967 33680.0 0.11915759677267167
11.681763527054107 283406.0 0.9984229500871739 130774.0 0.4607092400115032 118596.0 0.417806850202672 34036.0 0.11990685987299862
11.706513026052104 285422.0 1.001273515676289 131848.0 0.46252885374949154 119502.0 0.41921851738950716 34072.0 0.11952614453729048
11.731262525050099 286756.0 1.0017087269216338 133260.0 0.4655097188884519 118950.0 0.4155213947304619 34546.0 0.12067761330271994
11.756012024048095 288846.0 1.004761152035013 133828.0 0.465525489203734 120158.0 0.4179739048012543 34860.0 0.12126175803002485
11.780761523046092 289400.0 1.0024584844960274 134578.0 0.46616744273153554 120316.0 0.4167650138929649 34506.0 0.11952602787152702
11.805511022044087 292568.0 1.0091829981488607 136072.0 0.46936626331010833 121272.0 0.4183151969850039 35224.0 0.12150153785374841
11.830260521042083 292904.0 1.006114629145077 136960.0 0.47045263843344504 121138.0 0.4161046416074085 34806.0 0.11955734910422376
11.85501002004008 295116.0 1.0094801540093796 137502.0 0.47034230653911585 122876.0 0.42031229551788624 34738.0 0.11882555195237746
11.879759519038075 293680.0 1.0003824469198805 136734.0 0.46576645838035596 121988.0 0.41553614115657306 34958.0 0.11907984738295144
11.904509018036071 296462.0 1.0056599737533083 138384.0 0.46942694108478594 123004.0 0.417254823254083 35074.0 0.11897820941443941
11.929258517034066 297644.0 1.005480066214932 138340.0 0.4673304765430303 124178.0 0.4194894023143011 35126.0 0.11866018735760071
11.954008016032063 298878.0 1.005467944505143 139244.0 0.4684365475701596 124392.0 0.41847231496759135 35242.0 0.11855908196739223
11.97875751503006 301290.0 1.0093939038469857 140156.0 0.4695562812824127 125602.0 0.4207968837697537 35532.0 0.11904073879481925
12.003507014028054 302942.0 1.0107432346184484 140582.0 0.46904128648101195 126046.0 0.42054301401164895 36314.0 0.12115893412578757
12.02825651302605 302812.0 1.006151852999152 140608.0 0.4671974682195711 126564.0 0.4205335426699888 35640.0 0.11842084210959203
12.053006012024047 304692.0 1.0082408309249813 140544.0 0.4650670163362366 127802.0 0.422903110924719 36346.0 0.12027070366402587
12.077755511022042 306156.0 1.0089332959869415 141592.0 0.466614677632916 127918.0 0.4215521804441448 36646.0 0.12076643790988079
12.102505010020039 305920.0 1.0040322310499101 140158.0 0.4599998347263772 129664.0 0.42555843098475266 36098.0 0.11847396533878024
12.127254509018035 309306.0 1.0110016702614528 141538.0 0.4626329731898687 131320.0 0.42923428365028155 36448.0 0.11913441342130263
12.15200400801603 309036.0 1.0060046121340964 140564.0 0.4575778624497377 131786.0 0.42900284696509156 36686.0 0.11942390271926721
12.176753507014027 311810.0 1.0109086597545047 141222.0 0.45785107196000985 133712.0 0.43350315484780577 36876.0 0.11955443294668906
12.201503006012024 311098.0 1.004508629425839 141164.0 0.45580638951156593 133122.0 0.429839464626666 36812.0 0.11886277528760707
12.226252505010018 312590.0 1.005239833663357 140868.0 0.45300913301285956 135170.0 0.43468526925453776 36552.0 0.11754543139595965
12.251002004008015 313792.0 1.0050280874403976 140918.0 0.4513389379777877 135842.0 0.4350812814032177 37032.0 0.11860786805939222
12.275751503006012 316002.0 1.00802531299697 141618.0 0.45175197870901107 137010.0 0.4370527659119717 37374.0 0.11922056837598737
12.300501002004006 315660.0 1.002882311554827 140748.0 0.44716999172121524 137500.0 0.4368507819767748 37412.0 0.11886153785683709
12.325250501002003 316186.0 1.0005191185352702 141440.0 0.4475638520542611 137730.0 0.4358241610819668 37016.0 0.11713110539904222
12.35 317500.0 1.0006503012494428 140890.0 0.44403660139538265 138914.0 0.43780893211894517 37696.0 0.11880476773511493
