r h_AllPart g_AllPart h_OO g_OO h_SiO g_SiO h_SiSi g_SiSi
0.0 0.0 0.0 0.0 0.0 0.0 0.0 0.0 0.0
0.024849699398797595 0.0 0.0 0.0 0.0 0.0 0.0 0.0 0.0
0.04969939879759519 0.0 0.0 0.0 0.0 0.0 0.0 0.0 0.0
0.07454909819639279 0.0 0.0 0.0 0.0 0.0 0.0 0.0 0.0
0.09939879759519038 0.0 0.0 0.0 0.0 0.0 0.0 0.0 0.0
0.12424849699398798 0.0 0.0 0.0 0.0 0.0 0.0 0.0 0.0
0.14909819639278557 0.0 0.0 0.0 0.0 0.0 0.0 0.0 0.0
0.17394789579158315 0.0 0.0 0.0 0.0 0.0 0.0 0.0 0.0
0.19879759519038076 0.0 0.0 0.0 0.0 0.0 0.0 0.0 0.0
0.22364729458917837 0.0 0.0 0.0 0.0 0.0 0.0 0.0 0.0
0.24849699398797595 0.0 0.0 0.0 0.0 0.0 0.0 0.0 0.0
0.27334669338677353 0.0 0.0 0.0 0.0 0.0 0.0 0.0 0.0
0.29819639278557114 0.0 0.0 0.0 0.0 0.0 0.0 0.0 0.0
0.32304609218436875 0.0 0.0 0.0 0.0 0.0 0.0 0.0 0.0
0.3478957915831663 0.0 0.0 0.0 0.0 0.0 0.0 0.0 0.0
0.3727454909819639 0.0 0.0 0.0 0.0 0.0 0.0 0.0 0.0
0.3975951903807615 0.0 0.0 0.0 0.0 0.0 0.0 0.0 0.0
0.42244488977955913 0.0 0.0 0.0 0.0 0.0 0.0 0.0 0.0
0.44729458917835674 0.0 0.0 0.0 0.0 0.0 0.0 0.0 0.0
0.4721442885771543 0.0 0.0 0.0 0.0 0.0 0.0 0.0 0.0
0.4969939879759519 0.0 0.0 0.0 0.0 0.0 0.0 0.0 0.0
0.5218436873747495 0.0 0.0 0.0 0.0 0.0 0.0 0.0 0.0
0.5466933867735471 0.0 0.0 0.0 0.0 0.0 0.0 0.0 0.0
0.5715430861723447 0.0 0.0 0.0 0.0 0.0 0.0 0.0 0.0
0.5963927855711423 0.0 0.0 0.0 0.0 0.0 0.0 0.0 0.0
0.6212424849699398 0.0 0.0 0.0 0.0 0.0 0.0 0.0 0.0
0.6460921843687375 0.0 0.0 0.0 0.0 0.0 0.0 0.0 0.0
0.670941883767535 0.0 0.0 0.0 0.0 0.0 0.0 0.0 0.0
0.6957915831663326 0.0 0.0 0.0 0.0 0.0 0.0 0.0 0.0
0.7206412825651303 0.0 0.0 0.0 0.0 0.0 0.0 0.0 0.0
0.7454909819639278 0.0 0.0 0.0 0.0 0.0 0.0 0.0 0.0
0.7703406813627255 0.0 0.0 0.0 0.0 0.0 0.0 0.0 0.0
0.795190380761523 0.0 0.0 0.0 0.0 0.0 0.0 0.0 0.0
0.8200400801603206 0.0 0.0 0.0 0.0 0.0 0.0 0.0 0.0
0.8448897795591183 0.0 0.0 0.0 0.0 0.0 0.0 0.0 0.0
0.8697394789579158 0.0 0.0 0.0 0.0 0.0 0.0 0.0 0.0
0.8945891783567135 0.0 0.0 0.0 0.0 0.0 0.0 0.0 0.0
0.919438877755511 0.0 0.0 0.0 0.0 0.0 0.0 0.0 0.0
0.9442885771543086 0.0 0.0 0.0 0.0 0.0 0.0 0.0 0.0
0.9691382765531062 0.0 0.0 0.0 0.0 0.0 0.0 0.0 0.0
0.9939879759519038 0.0 0.0 0.0 0.0 0.0 0.0 0.0 0.0
1.0188376753507014 0.0 0.0 0.0 0.0 0.0 0.0 0.0 0.0
1.043687374749499 0.0 0.0 0.0 0.0 0.0 0.0 0.0 0.0
1.0685370741482967 0.0 0.0 0.0 0.0 0.0 0.0 0.0 0.0
1.0933867735470941 0.0 0.0 0.0 0.0 0.0 0.0 0.0 0.0
1.1182364729458918 0.0 0.0 0.0 0.0 0.0 0.0 0.0 0.0
1.1430861723446895 0.0 0.0 0.0 0.0 0.0 0.0 0.0 0.0
1.167935871743487 0.0 0.0 0.0 0.0 0.0 0.0 0.0 0.0
1.1927855711422846 0.0 0.0 0.0 0.0 0.0 0.0 0.0 0.0
1.2176352705410822 0.0 0.0 0.0 0.0 0.0 0.0 0.0 0.0
1.2424849699398797 0.0 0.0 0.0 0.0 0.0 0.0 0.0 0.0
1.2673346693386773 0.0 0.0 0.0 0.0 0.0 0.0 0.0 0.0
1.292184368737475 0.0 0.0 0.0 0.0 0.0 0.0 0.0 0.0
1.3170340681362724 2.0 0.005682864881993016 0.0 0.0 2.0 0.005682864881993016 0.0 0.0
1.34188376753507 6.0 0.01641723874782815 0.0 0.0 6.0 0.01641723874782815 0.0 0.0
1.3667334669338678 16.0 0.042187507313837004 0.0 0.0 16.0 0.042187507313837004 0.0 0.0
1.3915831663326652 20.0 0.05085121708602986 0.0 0.0 20.0 0.05085121708602986 0.0 0.0
1.4164328657314629 76.0 0.18645517061184136 0.0 0.0 76.0 0.18645517061184136 0.0 0.0
1.4412825651302605 188.0 0.4453282904188739 0.0 0.0 188.0 0.4453282904188739 0.0 0.0
1.4661322645290582 382.0 0.8741986417120123 0.0 0.0 382.0 0.8741986417120123 0.0 0.0
1.4909819639278556 682.0 1.5087222399809104 0.0 0.0 682.0 1.5087222399809104 0.0 0.0
1.5158316633266533 886.0 1.895754767432445 0.0 0.0 886.0 1.895754767432445 0.0 0.0
1.540681362725451 1284.0 2.6587303633829644 0.0 0.0 1284.0 2.6587303633829644 0.0 0.0
1.5655310621242484 1536.0 3.0795764362715023 0.0 0.0 1536.0 3.0795764362715023 0.0 0.0
1.590380761523046 1914.0 3.71753083340536 0.0 0.0 1914.0 3.71753083340536 0.0 0.0
1.6152304609218437 2036.0 3.8328225850465216 0.0 0.0 2036.0 3.8328225850465216 0.0 0.0
1.6400801603206412 2118.0 3.8663751598199934 0.0 0.0 2118.0 3.8663751598199934 0.0 0.0
1.6649298597194389 2036.0 3.6057479975854156 0.0 0.0 2036.0 3.6057479975854156 0.0 0.0
1.6897795591182365 1942.0 3.338126638937256 0.0 0.0 1942.0 3.338126638937256 0.0 0.0
1.714629258517034 1856.0 3.0978343262156463 0.0 0.0 1856.0 3.0978343262156463 0.0 0.0
1.7394789579158316 1600.0 2.594250760289845 0.0 0.0 1600.0 2.594250760289845 0.0 0.0
1.7643286573146293 1400.0 2.2060309031211935 0.0 0.0 1400.0 2.2060309031211935 0.0 0.0
1.789178356713427 1072.0 1.642270509495423 0.0 0.0 1072.0 1.642270509495423 0.0 0.0
1.8140280561122244 994.0 1.4810596756593595 0.0 0.0 994.0 1.4810596756593595 0.0 0.0
1.838877755511022 836.0 1.2119758658879254 0.0 0.0 836.0 1.2119758658879254 0.0 0.0
1.8637274549098197 648.0 0.914376406569026 0.0 0.0 648.0 0.914376406569026 0.0 0.0
1.8885771543086172 530.0 0.7281899639166157 0.0 0.0 530.0 0.7281899639166157 0.0 0.0
1.9134268537074148 408.0 0.5460094766006044 0.0 0.0 408.0 0.5460094766006044 0.0 0.0
1.9382765531062125 378.0 0.4928916274509587 2.0 0.0026078922087352315 376.0 0.4902837352422235 0.0 0.0
1.96312625250501 288.0 0.3660297397157373 2.0 0.002541873192470398 286.0 0.3634878665232669 0.0 0.0
1.9879759519038076 270.0 0.33457451140456795 4.0 0.004956659428215822 266.0 0.3296178519763521 0.0 0.0
2.012825651302605 232.0 0.28038818611528377 4.0 0.004834279070953168 228.0 0.2755539070443306 0.0 0.0
2.0376753507014027 174.0 0.20516234479351717 2.0 0.0023581878711898523 172.0 0.20280415692232728 0.0 0.0
2.0625250501002004 156.0 0.17950661429637105 14.0 0.016109567949674327 142.0 0.16339704634669674 0.0 0.0
2.087374749498998 124.0 0.13928765128701132 28.0 0.03145205029061546 96.0 0.10783560099639586 0.0 0.0
2.1122244488977957 172.0 0.18865965337711643 48.0 0.0526492055936139 120.0 0.13162301398403473 4.0 0.004387433799467825
2.1370741482965934 130.0 0.13927566600237085 40.0 0.04285405107765257 90.0 0.09642161492471828 0.0 0.0
2.1619238476953906 176.0 0.18422335521047944 72.0 0.0753640998588325 104.0 0.10885925535164695 0.0 0.0
2.1867735470941883 190.0 0.19435773966537498 108.0 0.11047703096768684 78.0 0.07978896680999605 4.0 0.004091741887692105
2.211623246492986 218.0 0.2179889117037419 140.0 0.13999287907579755 70.0 0.06999643953789877 8.0 0.007999593090045574
2.2364729458917836 238.0 0.2326994946275567 170.0 0.16621392473396907 64.0 0.06257465401749424 4.0 0.00391091587609339
2.2613226452905812 326.0 0.3117346621057194 232.0 0.22184798039425427 88.0 0.08414923394264817 6.0 0.005737447768816921
2.286172344689379 350.0 0.3274089938730751 280.0 0.2619271950984601 64.0 0.0598690731653623 6.0 0.005612725609252716
2.311022044088176 434.0 0.3972565860335991 360.0 0.3295215921016029 60.0 0.05492026535026715 14.0 0.012814728581729003
2.335871743486974 526.0 0.47122405740342455 450.0 0.4031384521512187 68.0 0.06091869943618416 8.0 0.0071669058160216655
2.3607214428857715 620.0 0.5437422645609369 544.0 0.4770899869695963 52.0 0.04560418993091729 24.0 0.02104808766042337
2.385571142284569 802.0 0.6887041955114661 728.0 0.6251579231076649 48.0 0.04121920372138451 26.0 0.022327068682416608
2.410420841683367 836.0 0.7030995761336472 768.0 0.6459096584577046 62.0 0.052143748469241774 6.0 0.005046169206700818
2.4352705410821645 1016.0 0.8370468015103502 912.0 0.7513648454502355 76.0 0.06261373712085297 28.0 0.02306821893926162
2.460120240480962 1220.0 0.984810592730687 1144.0 0.9234617361343491 42.0 0.03390331548744988 34.0 0.027445541108888
2.4849699398797593 1220.0 0.9651150440258603 1076.0 0.8511998257146112 80.0 0.06328623239513838 64.0 0.05062898591611071
2.509819639278557 1326.0 1.028198318114901 1202.0 0.9320470425144125 80.0 0.062033081032573205 44.0 0.03411819456791527
2.5346693386773547 1444.0 1.0977429776439815 1326.0 1.0080382190830468 62.0 0.04713300873540641 56.0 0.042571749825528374
2.5595190380761523 1438.0 1.0719555627055115 1342.0 1.0003924653343508 40.0 0.02981795723798363 56.0 0.04174514013317708
2.58436873747495 1728.0 1.2633646821031457 1590.0 1.1624709748518527 74.0 0.05410242272895415 64.0 0.04679128452233872
2.6092184368737477 1748.0 1.2536450928189329 1566.0 1.1231168280059776 94.0 0.06741569721108677 88.0 0.06311256760186847
2.634068136272545 1856.0 1.3059870566960499 1712.0 1.2046604747110115 74.0 0.05207060463120026 70.0 0.049255977353838076
2.6589178356713425 1784.0 1.2318604596528182 1600.0 1.1048075871325724 104.0 0.07181249316361721 80.0 0.055240379356628615
2.68376753507014 1856.0 1.2578445819071145 1650.0 1.1182346768031997 104.0 0.07048267053789864 102.0 0.06912723456601598
2.708617234468938 1950.0 1.297302133999779 1748.0 1.1629149385803148 96.0 0.06386718198152759 106.0 0.07052001343793671
2.7334669338677355 1884.0 1.2306051081723215 1630.0 1.0646955022934628 112.0 0.07315699156863058 142.0 0.09275261431022805
2.758316633266533 1932.0 1.239220741423584 1648.0 1.0570578581087302 110.0 0.07055604635434484 174.0 0.11160683696050913
2.7831663326653304 1940.0 1.2221321129829283 1646.0 1.0369224010154123 120.0 0.07559580080306771 174.0 0.1096139111644482
2.808016032064128 1930.0 1.1943138710363215 1606.0 0.9938176564167523 146.0 0.09034705967425023 178.0 0.11014915494531877
2.8328657314629258 1970.0 1.1976799121163906 1560.0 0.9484165801530808 194.0 0.11794411317288313 216.0 0.13131921879042657
2.8577154308617234 1850.0 1.1051648567544718 1446.0 0.8638207474956574 152.0 0.09080273417658363 252.0 0.15054137508223076
2.882565130260521 1946.0 1.1424711088441488 1472.0 0.864191917892388 186.0 0.10919816353803273 288.0 0.16908102741372807
2.9074148296593187 1856.0 1.0710075351852502 1312.0 0.7570915334930216 210.0 0.12118080947677937 334.0 0.1927351922154491
2.9322645290581164 1968.0 1.1163896751213906 1322.0 0.7499324951780887 272.0 0.15429775997612719 374.0 0.21215941996717486
2.9571142284569136 1820.0 1.0150821286911513 1194.0 0.665938495416063 240.0 0.13385698400322874 386.0 0.2152866492718596
2.9819639278557113 1788.0 0.9806143432698801 1098.0 0.6021893450281478 266.0 0.14588557903231997 424.0 0.2325394192094123
3.006813627254509 1796.0 0.9687212304323062 1060.0 0.5717397017028087 280.0 0.151025581581874 456.0 0.2459559471476234
3.0316633266533066 1818.0 0.9645126837596368 1070.0 0.5676724816407103 254.0 0.13475589751097236 494.0 0.2620843046079541
3.0565130260521043 1754.0 0.9154277463952666 1016.0 0.5302591735105991 308.0 0.16074785968628397 430.0 0.2244207131983835
3.081362725450902 1792.0 0.9201757610735704 874.0 0.44879107989860517 398.0 0.20436939336343804 520.0 0.26701528781152706
3.106212424849699 1762.0 0.8902950077160785 808.0 0.40826240989477386 398.0 0.20109955338876234 556.0 0.28093304443254236
3.131062124248497 1716.0 0.8532899013881978 790.0 0.39283159795843603 432.0 0.21481424090891693 494.0 0.2456440625208448
3.1559118236472945 1842.0 0.9015200396228359 838.0 0.4101377813267842 460.0 0.22513529762568105 544.0 0.2662469606703707
3.180761523046092 1748.0 0.8421469967774807 746.0 0.3594059837505725 438.0 0.2110185266524809 564.0 0.2717224863744275
3.20561122244489 1850.0 0.8774701532391995 744.0 0.3528852940594403 490.0 0.23241101356065288 616.0 0.2921738456191065
3.2304609218436875 1832.0 0.8555646775780057 736.0 0.3437203071492425 572.0 0.267130456099683 524.0 0.24471391432908024
3.255310621242485 1758.0 0.8084716473427257 684.0 0.3145589344609922 580.0 0.26673126021546123 494.0 0.22718145266627218
3.2801603206412824 1858.0 0.8415136846742672 660.0 0.2989230526830013 718.0 0.32519204822181047 480.0 0.21739858376945545
3.30501002004008 1796.0 0.8012011908117009 672.0 0.2997812918850017 680.0 0.3033501167883946 444.0 0.1980697821383047
3.3298597194388777 1854.0 0.8147309966975652 706.0 0.3102481573184903 700.0 0.30761148742626515 448.0 0.19687135195280972
3.3547094188376754 1900.0 0.822576131336072 716.0 0.30998132107190923 786.0 0.340286757489554 398.0 0.17230805277460876
3.379559118236473 1738.0 0.7413755893555872 634.0 0.27044425986849385 774.0 0.33016381252084265 330.0 0.14076751696625073
3.4044088176352707 1830.0 0.7692241602217992 684.0 0.2875132926730659 846.0 0.35560854620089727 300.0 0.12610232134783592
3.429258517034068 1946.0 0.8061290968996597 692.0 0.28666050105578855 940.0 0.3893943222434122 314.0 0.13007427360045895
3.4541082164328656 1834.0 0.7488019549817856 636.0 0.2596717793720914 938.0 0.3829750456777072 260.0 0.10615512993198706
3.4789579158316633 1862.0 0.7493737455553258 630.0 0.2535475078946591 1016.0 0.40889566352535495 216.0 0.08693057413531169
3.503807615230461 2004.0 0.7950827059424612 694.0 0.27534301293616176 1102.0 0.4372161386969024 208.0 0.08252355430939717
3.5286573146292586 1988.0 0.7776259851656488 670.0 0.2620771680387247 1144.0 0.4474869854273151 174.0 0.06806183169960911
3.5535070140280562 2144.0 0.8269178024633099 730.0 0.28155316968200383 1224.0 0.47208367080927766 190.0 0.0732809619720284
3.578356713426854 2096.0 0.7971770557851956 680.0 0.25862614405244894 1268.0 0.48226169214486064 148.0 0.05628921958788594
3.603206412825651 2164.0 0.811687580104955 750.0 0.2813150115890556 1250.0 0.46885835264842596 164.0 0.06151421586747349
3.628056112224449 2186.0 0.8087076161949279 722.0 0.26710288146968797 1322.0 0.489072035045606 142.0 0.05253269967963393
3.6529058116232465 2282.0 0.8327368362898917 720.0 0.2627390543947073 1420.0 0.5181798017228949 142.0 0.051817980172289495
3.677755511022044 2410.0 0.8675617781731907 768.0 0.2764678197663944 1522.0 0.5478958615682972 120.0 0.043198096838499116
3.702605210420842 2508.0 0.8907217463811401 766.0 0.272046593990412 1608.0 0.5710847560529797 134.0 0.047590396337748316
3.7274549098196395 2524.0 0.8844523042610927 746.0 0.261411021782399 1656.0 0.5802904183266123 122.0 0.04275086415208134
3.7523046092184367 2626.0 0.9080069983985513 826.0 0.28561073140792204 1652.0 0.5712214628158441 148.0 0.05117480417478506
3.7771543086172343 2612.0 0.8912825461494882 812.0 0.2770755847907291 1716.0 0.5855439698286836 84.0 0.028662991530075423
3.802004008016032 2776.0 0.9348615327204038 794.0 0.2673919513616717 1860.0 0.6263841681772159 122.0 0.0410854131815163
3.8268537074148297 2796.0 0.9293684888800136 846.0 0.28120377024051907 1800.0 0.5983058941287641 150.0 0.049858824510730336
3.8517034068136273 2786.0 0.9140957719472708 848.0 0.2782315917484873 1824.0 0.5984604048929726 114.0 0.03740377530581079
3.876553106212425 3044.0 0.985942156537715 884.0 0.28632485754906045 2020.0 0.6542717333134641 140.0 0.045345565675190574
3.901402805611222 3198.0 1.0226272700982788 902.0 0.28843333259182224 2138.0 0.683670138671082 158.0 0.050523798835374625
3.92625250501002 3144.0 0.9926337422279626 968.0 0.30562005803965264 2048.0 0.6466011145301742 128.0 0.04041256965813589
3.9511022044088175 3128.0 0.9751599186008336 954.0 0.2974113050975688 2010.0 0.6266213031929909 164.0 0.05112731031027389
3.975951903807615 3298.0 1.0153059369042712 884.0 0.2721438593764025 2222.0 0.6840539089755276 192.0 0.05910816855234083
4.000801603206413 3330.0 1.0124225898450891 972.0 0.295517945143972 2162.0 0.6573146063799048 196.0 0.059590038321212464
4.02565130260521 3638.0 1.0924091410665637 1130.0 0.3393134495341443 2300.0 0.6906379946270194 208.0 0.06245769690540001
4.050501002004008 3680.0 1.091462425237983 1082.0 0.3209136804639939 2400.0 0.7118233208073802 198.0 0.05872542396660887
4.075350701402805 3406.0 0.9978766205066081 1038.0 0.3041091990856897 2168.0 0.6351722000171246 200.0 0.05859522140379377
4.1002004008016035 3664.0 1.060452926020305 1158.0 0.3351540634092558 2268.0 0.6564157304077652 238.0 0.06888313220328401
4.125050100200401 3740.0 1.0694078221781897 1132.0 0.32368172585714194 2326.0 0.6650916027771309 282.0 0.08063449354391698
4.149899799599198 3890.0 1.098977730162132 1156.0 0.32658566994021193 2472.0 0.6983735087302801 262.0 0.07401855149163973
4.174749498997996 4012.0 1.1199511587004265 1272.0 0.3550792307744124 2480.0 0.6922928398746405 260.0 0.0725790880513736
4.199599198396793 3932.0 1.084629708586673 1292.0 0.3563940954969434 2366.0 0.6526535835493561 274.0 0.07558202954037345
4.224448897795591 3984.0 1.0860447905318085 1300.0 0.35438208526389336 2400.0 0.6542438497179569 284.0 0.07741885554995824
4.249298597194389 4046.0 1.0900462836306324 1330.0 0.35831971261214557 2414.0 0.650363749056932 302.0 0.08136282196155487
4.274148296593187 4100.0 1.091750625064998 1346.0 0.35841374178963104 2430.0 0.6470619558312062 324.0 0.0862749274441608
4.298997995991984 4076.0 1.0728125170815237 1434.0 0.37743207789374505 2306.0 0.6069444711457295 336.0 0.08843596804204905
4.323847695390781 4016.0 1.0448708549290107 1498.0 0.3897451545527037 2190.0 0.5697876425036189 328.0 0.08533805787268813
4.348697394789579 4170.0 1.0725389568114434 1536.0 0.39506470927155335 2276.0 0.5853953634779007 358.0 0.09207888406198964
4.3735470941883765 4228.0 1.0750994353442986 1614.0 0.4104092924895217 2246.0 0.571114789920363 368.0 0.09357535293441388
4.398396793587175 4298.0 1.0805500846921154 1578.0 0.3967212735328428 2302.0 0.5787404129737669 418.0 0.10508839818550589
4.423246492985972 4208.0 1.046036742117008 1712.0 0.42557388367498045 2118.0 0.5264985313222013 378.0 0.09396432711982629
4.44809619238477 4082.0 1.0033778172395547 1684.0 0.4139363655637947 2010.0 0.49406893989502815 388.0 0.0953725117807318
4.472945891783567 4306.0 1.0466779332296174 1724.0 0.4190600921708919 2134.0 0.5187205549261504 448.0 0.10889728613257516
4.497795591182364 4412.0 1.0605937223733743 1808.0 0.43462226882390315 2158.0 0.5187582168816277 446.0 0.10721323666784337
4.5226452905811625 4218.0 1.0028160814018723 1842.0 0.4379296401001064 1878.0 0.4464885255743756 498.0 0.11839791572739033
4.54749498997996 4424.0 1.040297047375881 2046.0 0.48111386955946034 1940.0 0.45618812656175617 438.0 0.10299505125466452
4.572344689378758 4396.0 1.0224769904156925 2060.0 0.47914071889361387 1912.0 0.44471701675950953 424.0 0.09861925476256908
4.597194388777555 4352.0 1.0012998572988876 2052.0 0.47212024521537627 1790.0 0.41183978505629804 510.0 0.1173398270272134
4.622044088176352 4428.0 1.0078312124862627 2100.0 0.4779687322089322 1828.0 0.41606040117996573 500.0 0.1138020790973648
4.64689378757515 4398.0 0.9902972749626772 2030.0 0.45709492227699744 1838.0 0.4138622990862666 530.0 0.11934005359941312
4.671743486973948 4540.0 1.011396277957358 2242.0 0.4994604526829067 1770.0 0.3943108836970316 528.0 0.1176249415774196
4.696593186372746 4568.0 1.0068654518965197 2318.0 0.5109269083835667 1704.0 0.3755907902871431 546.0 0.12034775322580993
4.721442885771543 4678.0 1.0202576334557296 2398.0 0.5229965380561863 1696.0 0.36989246394632697 584.0 0.12736863145321636
4.746292585170341 4702.0 1.01475392369253 2376.0 0.5127722932142602 1720.0 0.37119879811806716 606.0 0.13078283236020272
4.771142284569138 4816.0 1.0285301015275243 2532.0 0.5407471380954508 1698.0 0.36263374426780237 586.0 0.12514921916427102
4.7959919839679355 4888.0 1.0330892076863654 2628.0 0.5554333956218839 1644.0 0.3474629004575255 616.0 0.130192911606956
4.820841683366734 4878.0 1.0203471656924803 2564.0 0.5363202404336858 1660.0 0.34722761276127867 654.0 0.1367993124975158
4.845691382765531 4996.0 1.0343114524815331 2738.0 0.5668424253191429 1684.0 0.3486350051999403 574.0 0.11883402196244996
4.870541082164329 5264.0 1.078674673643306 2814.0 0.5766319398997459 1776.0 0.36392975311369896 674.0 0.13811298062986097
4.895390781563126 5032.0 1.0206660223274724 2612.0 0.52980517693151 1710.0 0.34684795273846936 710.0 0.14401289265749312
4.920240480961924 5194.0 1.0428837232824846 2792.0 0.5605951781680203 1694.0 0.3401318881864708 708.0 0.1421566569279937
4.9450901803607215 5240.0 1.0415459104630365 2830.0 0.5625142989714491 1680.0 0.33393074991944677 730.0 0.14510086157214058
4.969939879759519 5204.0 1.0240464356524563 2986.0 0.5875869824862096 1622.0 0.3191781934335673 596.0 0.11728125973267946
4.994789579158317 5228.0 1.018532746659221 2900.0 0.5649856475347629 1620.0 0.31561267207114346 708.0 0.13793442705331455
5.019639278557114 5454.0 1.0520423266067516 2908.0 0.5609349258842011 1798.0 0.3468229012172606 748.0 0.14428449950528974
5.044488977955912 5498.0 1.0500811670603014 2968.0 0.5668681163759504 1768.0 0.33767615557704855 762.0 0.14553689510730258
5.069338677354709 5560.0 1.0515118281315279 3016.0 0.5703884305116345 1826.0 0.34533463995830394 718.0 0.13578875766158938
5.0941883767535066 5654.0 1.0588571799037882 3090.0 0.5786821163605776 1824.0 0.341590996841972 740.0 0.13858406670123866
5.119038076152305 5758.0 1.067864681412158 3180.0 0.5897550689285624 1750.0 0.32455074547955476 828.0 0.15355886700404078
5.143887775551102 5768.0 1.0593838861329647 3084.0 0.5664250875232427 1930.0 0.35447484400773616 754.0 0.13848395460198604
5.1687374749499 5814.0 1.0575649685655641 3132.0 0.5697099211467745 1936.0 0.3521578567497304 746.0 0.13569719066905933
5.193587174348697 5728.0 1.031951127591876 3088.0 0.5563311944838885 1888.0 0.34014031579843956 752.0 0.13547961730954797
5.218436873747495 5812.0 1.037112331606322 3038.0 0.5421106784962159 2010.0 0.3586709887351527 764.0 0.13633066437495356
5.2432865731462925 5996.0 1.059804303798078 3238.0 0.572322604352598 1970.0 0.3482012138896287 788.0 0.13928048555585149
5.26813627254509 5998.0 1.0501563933462843 3174.0 0.5557179714039857 2052.0 0.35927324427252005 772.0 0.1351651776697785
5.292985971943888 5864.0 1.0170548218955975 3024.0 0.5244839327101444 2060.0 0.357287335113392 780.0 0.13528355407206105
5.317835671342685 6012.0 1.032978996145109 3000.0 0.515458580910733 2246.0 0.38590665757516884 766.0 0.13161375765920716
5.342685370741483 6120.0 1.041753850295612 3044.0 0.518153385669909 2278.0 0.387763933165589 798.0 0.13583653146011412
5.36753507014028 6132.0 1.0341317918218111 3144.0 0.530220214202181 2108.0 0.35550388407703487 880.0 0.1484076935425952
5.3923847695390785 6132.0 1.0246006910146572 3118.0 0.5209890663052351 2202.0 0.3679339076344219 812.0 0.1356777170750003
5.417234468937876 6302.0 1.0433455858178935 3080.0 0.5099181853886245 2360.0 0.39071653166141357 862.0 0.1427108687678553
5.442084168336673 6186.0 1.0147880555381006 3012.0 0.4941063083221401 2372.0 0.3891169200996402 802.0 0.13156482711632017
5.466933867735471 6374.0 1.0361230387448659 3156.0 0.5130223266832126 2410.0 0.39175659293616677 808.0 0.13134411912548663
5.491783567134268 6208.0 1.000006557869187 2838.0 0.45715505979909027 2498.0 0.4023866594003268 872.0 0.1404648386697698
5.516633266533066 6446.0 1.0289900473054796 2866.0 0.45750627917739756 2676.0 0.42717613505886803 904.0 0.14430763306921401
5.541482965931864 6382.0 1.0096366564685895 2900.0 0.45878193415213253 2654.0 0.4198645700826758 828.0 0.1309901522337813
5.566332665330661 6350.0 0.9956048821657348 2972.0 0.4659744424876479 2588.0 0.40576778504644434 790.0 0.1238626546316426
5.591182364729459 6588.0 1.0237390121897645 2966.0 0.4609001077952097 2782.0 0.4323075185051495 840.0 0.1305313858894053
5.616032064128256 6490.0 0.9995855386484183 2910.0 0.4481962892861166 2754.0 0.4241692717161392 826.0 0.1272199776461623
5.640881763527054 6534.0 0.9974958183835458 2926.0 0.44669004661620065 2740.0 0.4182948488477066 868.0 0.13251092291963845
5.6657314629258515 6448.0 0.9757321146040854 2728.0 0.4128097407940361 2948.0 0.44610084892258745 772.0 0.11682152488746185
5.69058116232465 6480.0 0.9720105432165328 2784.0 0.4176045296782141 2924.0 0.4386047574637565 772.0 0.11580125607456224
5.715430861723447 6670.0 0.991810813045819 2820.0 0.419326310763 3050.0 0.45352668362664883 800.0 0.1189578186561702
5.740280561122244 6634.0 0.9779170053856122 2806.0 0.4136320646837546 3016.0 0.44458813509843326 812.0 0.11969680560342436
5.765130260521042 6682.0 0.976501415242454 2700.0 0.3945755494095519 3196.0 0.46706053922701035 786.0 0.11486532660589178
5.789979959919839 6632.0 0.9608752461673228 2728.0 0.3952454269518179 3108.0 0.45030160812545833 796.0 0.11532821109004658
5.8148296593186375 6962.0 1.0000659876241875 2890.0 0.41513799256447886 3276.0 0.4705854891492155 796.0 0.11434250591049314
5.839679358717435 6950.0 0.9898457531291616 2848.0 0.4056231230088996 3300.0 0.46999870292463786 802.0 0.1142239271956241
5.864529058116233 6798.0 0.9599923152377405 2740.0 0.3869342370919989 3312.0 0.467710289506825 746.0 0.1053477886389165
5.88937875751503 6882.0 0.96365327752795 2836.0 0.39711140585139004 3288.0 0.46040278647368493 758.0 0.10613908520287506
5.914228456913827 6972.0 0.9680517639642826 2806.0 0.38960889983989916 3410.0 0.47347339574271424 756.0 0.10496946838166919
5.939078156312625 7056.0 0.9715166340695048 2876.0 0.3959866552698265 3474.0 0.47832324075360827 706.0 0.09720673804607008
5.963927855711423 7384.0 1.008205572064122 2942.0 0.4016983739182892 3616.0 0.4937258056045322 826.0 0.11278139254130078
5.988777555110221 6992.0 0.9467595711375764 2632.0 0.3563889003481266 3522.0 0.4769003446147803 838.0 0.11347032617466948
6.013627254509018 7278.0 0.9773412571043644 2788.0 0.3743923364670195 3736.0 0.5016964738309846 754.0 0.10125244680636036
6.038476953907816 7450.0 0.9922046160944731 2908.0 0.3872927548460037 3782.0 0.5036936722240667 760.0 0.10121818902440262
6.063326653306613 7422.0 0.9803733120686895 2802.0 0.37011668289092803 3802.0 0.5022068623666339 818.0 0.10804976681112746
6.0881763527054105 7560.0 0.9904499512145983 3010.0 0.394345813909516 3830.0 0.5017755705227396 720.0 0.0943285667823427
6.113026052104209 7452.0 0.9683633063059152 2826.0 0.3672295630193929 3898.0 0.5065324970451499 728.0 0.09460124624137227
6.137875751503006 7750.0 0.9989329333586684 3008.0 0.3877148727152096 3988.0 0.5140315533205638 754.0 0.09718650732289497
6.162725450901804 7620.0 0.9742559027477529 2908.0 0.37180264635045474 3904.0 0.499146331276539 808.0 0.1033069251207591
6.187575150300601 7758.0 0.9839328827628023 3056.0 0.3875868638467548 3976.0 0.5042687731199924 726.0 0.09207724579605496
6.212424849699398 7970.0 1.0027339328365674 3124.0 0.3930415064217612 4072.0 0.5123127446060857 774.0 0.09737968180872061
6.2372745490981965 8032.0 1.0024823485248355 3050.0 0.3806737005728023 4222.0 0.5269522504322529 760.0 0.09485639751978024
6.262124248496994 7674.0 0.9501984456657727 3040.0 0.3764142917414581 3902.0 0.48314755472867416 732.0 0.09063659919564057
6.286973947895792 8066.0 0.9908409724377968 3086.0 0.379089417424131 4180.0 0.5134782128427957 800.0 0.09827334217086998
6.311823647294589 8460.0 1.0310576391038668 3348.0 0.4080355763262111 4344.0 0.5294225040504962 768.0 0.09359955872715955
6.336673346693387 8298.0 1.0033821486352894 3334.0 0.40314245403109844 4200.0 0.507857920495085 764.0 0.09238177410910593
6.361523046092184 8428.0 1.011139870173097 3392.0 0.40695140479676606 4276.0 0.5130083157166779 760.0 0.09118014965965276
6.3863727454909816 8122.0 0.9668448047597222 3196.0 0.3804525973912918 4148.0 0.4937789029972085 778.0 0.09261330437122185
6.41122244488978 8742.0 1.0325827399037648 3620.0 0.4275851656888158 4326.0 0.5109760847430435 796.0 0.09402148947190536
6.436072144288577 8490.0 0.9950734196429014 3436.0 0.402717581848411 4296.0 0.503514182660295 758.0 0.08884165513419544
6.460921843687375 8564.0 0.9960255259344001 3300.0 0.3838024562801869 4428.0 0.5149931140632326 836.0 0.09722995559098067
6.485771543086172 8626.0 0.9955487627813098 3522.0 0.40648304457637063 4284.0 0.4944274170826723 820.0 0.09463830112226687
6.51062124248497 8820.0 1.010168312564033 3698.0 0.4235376893267341 4258.0 0.4876753599657203 864.0 0.09895526327157876
6.5354709418837675 8622.0 0.9799816633031423 3424.0 0.38917388252725116 4326.0 0.4916957405995585 872.0 0.09911204017633266
6.560320641282565 8924.0 1.0066230551685855 3744.0 0.4223214610657983 4316.0 0.48684279539529524 864.0 0.09745879870749191
6.585170340681363 9110.0 1.0198483055893852 3786.0 0.42383596980915617 4504.0 0.5042147934549497 820.0 0.09179754232527947
6.61002004008016 8934.0 0.992625563651732 3764.0 0.41820490503527197 4358.0 0.484202172195461 812.0 0.09021848642099917
6.634869739478958 8940.0 0.9858518466028335 3754.0 0.41396955616857245 4308.0 0.4750614938663319 878.0 0.09682079656792929
6.659719438877755 9050.0 0.9905344224556464 3768.0 0.4124125639572238 4348.0 0.47589432804830395 934.0 0.10222753045011865
6.684569138276553 9098.0 0.988384491033032 4016.0 0.4362884277850798 4234.0 0.4599714151499074 848.0 0.09212464809804476
6.709418837675351 9190.0 0.9909837791086982 3854.0 0.4155877567665857 4372.0 0.47144516673158093 964.0 0.10395085561053155
6.734268537074148 9304.0 0.9958725000897473 3852.0 0.41230662836905696 4474.0 0.4788836592220044 978.0 0.10468221249868581
6.759118236472946 9456.0 1.0046999403315535 4136.0 0.43944997390136475 4342.0 0.4613374726014811 978.0 0.10391249382870762
6.783967935871743 9702.0 1.0232855500510811 4262.0 0.4495199973528868 4426.0 0.4668173412209941 1014.0 0.10694821147720018
6.808817635270541 9836.0 1.0298463797913815 4344.0 0.45482438733364794 4450.0 0.4659227724757673 1042.0 0.10909921998196619
6.833667334669339 9690.0 1.0071813397909126 4458.0 0.46336578047346627 4292.0 0.44611169353793567 940.0 0.09770386577951061
6.858517034068136 9770.0 1.0081379239855879 4420.0 0.45608696254005104 4404.0 0.4544359690104943 946.0 0.0976149924350426
6.883366733466934 9764.0 1.0002443291476488 4422.0 0.4529988143681793 4278.0 0.4382471569124991 1064.0 0.10899835786697032
6.908216432865731 9668.0 0.9832846706732811 4296.0 0.43692500467650136 4308.0 0.43814546558341894 1064.0 0.10821420041336068
6.933066132264529 9780.0 0.9875453784611442 4550.0 0.4594408458075876 4206.0 0.4247050983443326 1024.0 0.1033994343092241
6.9579158316633265 10008.0 1.0033495973512634 4676.0 0.4687912387304664 4300.0 0.43109545050064274 1032.0 0.10346290812015425
6.982765531062125 10060.0 1.0013844918352202 4610.0 0.4588849410894995 4370.0 0.4349950526162935 1080.0 0.10750449812942722
7.007615230460922 10408.0 1.0286771671988313 4874.0 0.481722954739345 4244.0 0.41945675418830125 1290.0 0.12749745827118486
7.032464929859719 10294.0 1.0102198036632615 4774.0 0.4685048904884797 4376.0 0.4294464601545009 1144.0 0.11226845302028085
7.057314629258517 10376.0 1.0110961532008529 4870.0 0.47456035717888917 4346.0 0.4234988320943434 1160.0 0.11303696392762042
7.082164328657314 10284.0 0.9950986822585577 4898.0 0.47393945407452504 4286.0 0.4147212127732573 1100.0 0.10643801541077533
7.1070140280561125 10322.0 0.9917912154662685 4868.0 0.467742650347781 4340.0 0.4170096759468713 1114.0 0.10703888917161627
7.13186372745491 10254.0 0.9783915458018628 4862.0 0.46391063932988663 4226.0 0.40322631875937903 1166.0 0.11125458771259725
7.156713426853708 10554.0 1.0000230852866676 5006.0 0.47433348161313793 4276.0 0.4051637969192525 1272.0 0.12052580675427715
7.181563126252505 10554.0 0.9931025380178694 5144.0 0.48403633272350954 4206.0 0.3957730978684062 1204.0 0.11329310742595365
7.206412825651302 10664.0 0.9965328975721204 5044.0 0.47135333227248455 4306.0 0.40238847120644694 1314.0 0.12279109409318888
7.2312625250501 10746.0 0.9972939987894937 5178.0 0.48054981627880117 4280.0 0.3972099678781903 1288.0 0.1195342146325021
7.256112224448898 10736.0 0.9895415406543578 5170.0 0.4765210287987174 4370.0 0.4027846993907921 1196.0 0.11023581246484836
7.280961923847696 10698.0 0.9793084491485542 5212.0 0.47711307131821507 4210.0 0.3853887241461407 1276.0 0.11680665368419846
7.305811623246493 10964.0 0.996830843626384 5362.0 0.48750519732986786 4304.0 0.39131338480189315 1298.0 0.11801226149462297
7.33066132264529 11180.0 1.0095779572484334 5518.0 0.49828722433782247 4368.0 0.39443976004124837 1294.0 0.11685097286936248
7.355511022044088 11010.0 0.9875088713554565 5380.0 0.48254293623000516 4318.0 0.3872900369221491 1312.0 0.11767589820330238
7.3803607214428855 11448.0 1.0198795541598757 5456.0 0.4860641900328688 4664.0 0.4155064850280976 1328.0 0.11830887909890943
7.405210420841684 11248.0 0.9953367292153895 5280.0 0.46722776762600077 4600.0 0.40705449452265213 1368.0 0.12105446706673655
7.430060120240481 11588.0 1.0185643722577653 5588.0 0.4911751563838793 4684.0 0.4117151811922138 1316.0 0.11567403468167237
7.454909819639279 11326.0 0.9888981675400651 5442.0 0.475153083855998 4544.0 0.396746713164582 1340.0 0.116998370519485
7.479759519038076 11786.0 1.0222241926619557 5696.0 0.4940258782795265 4610.0 0.39983484881822634 1480.0 0.1283634655642028
7.504609218436873 11738.0 1.0113189517808383 5506.0 0.4743842348360278 4762.0 0.4102829143278541 1470.0 0.12665180261695622
7.5294589178356714 11900.0 1.0185090203947262 5612.0 0.48032543045842047 4820.0 0.41253894775651934 1468.0 0.12564464217978638
7.554308617234469 11814.0 1.0044960991551821 5722.0 0.48651825625240824 4718.0 0.4011522427470923 1374.0 0.11682560015568139
7.579158316633267 11798.0 0.9965577693298825 5532.0 0.46727899473918544 4830.0 0.4079822025651239 1436.0 0.12129657202557306
7.604008016032064 11656.0 0.978128230497484 5600.0 0.46993120202349953 4630.0 0.3885324045301433 1426.0 0.11966462394384111
7.628857715430862 12024.0 1.0024360958024296 5714.0 0.47637390647164696 4924.0 0.41051192080265836 1386.0 0.11555026852812439
7.653707414829659 12108.0 1.0028843658612505 5686.0 0.4709613895182582 5040.0 0.41745434456067915 1382.0 0.11446863178231322
7.6785571142284565 12444.0 1.024043386595704 5876.0 0.48354861295695567 5120.0 0.4213357553334943 1448.0 0.11915901830525386
7.703406813627255 12042.0 0.9845686657981967 5628.0 0.4601521716585494 5020.0 0.4104413471439086 1394.0 0.11397514699573878
7.728256513026052 12278.0 0.9974086180415659 5642.0 0.4583302999666489 5204.0 0.4227491813233678 1432.0 0.11632913675154931
7.75310621242485 12562.0 1.0139379676997142 5718.0 0.46152661194928885 5356.0 0.4323078932494563 1488.0 0.12010346250096919
7.777955911823647 12678.0 1.0167622306340331 5856.0 0.4696450246563258 5288.0 0.4240920236309171 1534.0 0.12302518234679023
7.802805611222444 12304.0 0.9804827009635462 5496.0 0.43796593989724064 5292.0 0.42170956221546535 1516.0 0.12080719885084003
7.8276553106212425 12514.0 0.9908856909135393 5726.0 0.4533971125276431 5330.0 0.42204097271609115 1458.0 0.11544760566980505
7.85250501002004 12930.0 1.0173455877851183 5810.0 0.45713672583383885 5542.0 0.436050212490729 1578.0 0.1241586494605504
7.877354709418838 12772.0 0.9985738563973084 5818.0 0.45487806894139843 5522.0 0.4317354239763497 1432.0 0.11196036347956043
7.902204408817635 12690.0 0.9859227218027873 5814.0 0.4517064384997167 5416.0 0.42078466991992874 1460.0 0.11343161338314181
7.927054108216433 12936.0 0.99873403148293 5742.0 0.44331561601538216 5626.0 0.4343597449847684 1568.0 0.12105867048277939
7.95190380761523 12902.0 0.9898833736633885 5776.0 0.44315349296851125 5694.0 0.43686218645476166 1432.0 0.10986769424011568
7.976753507014028 12862.0 0.9806660870125236 5730.0 0.43688514061434924 5666.0 0.43200544619911047 1466.0 0.11177550019906389
8.001603206412826 13102.0 0.9927602098926133 5756.0 0.43614164006578243 5776.0 0.4376570731445377 1570.0 0.11896149668229299
8.026452905811624 13120.0 0.9879685522110607 5716.0 0.4304289820456115 5910.0 0.44503766338165923 1494.0 0.11250190678378999
8.05130260521042 13370.0 1.0005794134419463 5850.0 0.43780026691364154 5912.0 0.4424402013664015 1608.0 0.12033894516190351
8.076152304609218 13450.0 1.0003721903202396 6024.0 0.4480477378802323 5930.0 0.4410562891151689 1496.0 0.11126816332483856
8.101002004008016 13500.0 0.9979309976595695 6012.0 0.44441193762439496 5996.0 0.44322920459013176 1492.0 0.1102898554450428
8.125851703406813 13500.0 0.9918274632421809 5894.0 0.4330245235814381 6114.0 0.4491876377972366 1492.0 0.10961530186350621
8.15070140280561 13292.0 0.970591443325269 5794.0 0.42308206610191157 6016.0 0.43929266649449433 1482.0 0.10821671072886313
8.175551102204409 13892.0 1.0082373069500492 6002.0 0.43560612700217355 6330.0 0.45941132687833364 1560.0 0.11321985306954195
8.200400801603207 13786.0 0.994480277686379 5952.0 0.42935924944068826 6322.0 0.4560499285893869 1512.0 0.10907109965630386
8.225250501002003 13834.0 0.9919130045027837 5846.0 0.419164625149868 6530.0 0.4682081769121858 1458.0 0.10454020244073
8.250100200400801 14110.0 1.0056079329112997 5974.0 0.42576199795975234 6634.0 0.4727996475502171 1502.0 0.10704628740133043
8.2749498997996 13834.0 0.9800161135304452 5908.0 0.4185293623491304 6482.0 0.45919216769584686 1444.0 0.10229458348546788
8.299799599198396 13934.0 0.981189463878603 5888.0 0.41461486746929915 6474.0 0.45587918682001405 1572.0 0.11069540958928979
8.324649298597194 14526.0 1.0167695788969315 6190.0 0.43327851393170913 6732.0 0.4712166325990736 1604.0 0.11227443236614884
8.349498997995992 14230.0 0.9901217512414094 6042.0 0.4204016599438226 6604.0 0.45950555482770683 1584.0 0.11021453646988001
8.37434869739479 14030.0 0.9704122853896946 5874.0 0.4062866546243098 6660.0 0.46065187602960556 1496.0 0.10347375473577927
8.399198396793587 14170.0 0.9742962925376523 5894.0 0.40525775216774335 6692.0 0.46012637894579883 1584.0 0.10891216142411018
8.424048096192385 14098.0 0.9636269024606545 5914.0 0.4042338985070444 6650.0 0.45454099172672385 1534.0 0.10485201222688637
8.448897795591183 14970.0 1.0172108897636165 6330.0 0.4301232419641745 7014.0 0.4766010140816303 1626.0 0.11048663371781166
8.47374749498998 14692.0 0.9924655639647023 6274.0 0.42381765234920654 6850.0 0.46272727424164245 1568.0 0.10592063737385334
8.498597194388777 14704.0 0.9874675650519242 5968.0 0.40078933815491596 7208.0 0.48406326230238506 1528.0 0.10261496459462324
8.523446893787575 15030.0 1.0034750808129935 6258.0 0.41781417536445203 7214.0 0.4816413328665959 1558.0 0.10401957258194572
8.548296593186373 15054.0 0.9992339792730329 6328.0 0.42003139503386155 7192.0 0.4773808143305203 1534.0 0.10182176990865101
8.57314629258517 15076.0 0.9948931555296681 6464.0 0.426571329088868 7042.0 0.4647146193446486 1570.0 0.10360720709615143
8.597995991983968 14828.0 0.9728709656614777 6308.0 0.41387038382739416 6986.0 0.45835423294517685 1534.0 0.10064634888890656
8.622845691382766 15524.0 1.0126652948684929 6642.0 0.4332725385542727 7254.0 0.4731946694779727 1628.0 0.10619808683624753
8.647695390781562 15112.0 0.9801241700579119 6302.0 0.40873097668772895 7202.0 0.4671025855450689 1608.0 0.10429060782511396
8.67254509018036 15828.0 1.0206791669669986 6808.0 0.4390184337068061 7304.0 0.471003325469229 1716.0 0.11065740779096346
8.697394789579159 15484.0 0.9927904204617242 6580.0 0.4218910466699913 7266.0 0.4658754323866499 1638.0 0.10502394140508294
8.722244488977957 15748.0 1.0039639964352973 6784.0 0.4324924912253656 7346.0 0.4683210260232216 1618.0 0.10315047918671014
8.747094188376753 15908.0 1.0084020094776784 6656.0 0.42192128332181467 7624.0 0.48328243149722283 1628.0 0.10319829465864097
8.771943887775551 15788.0 0.9951250427058448 6742.0 0.4249514212010898 7320.0 0.4613830322147697 1726.0 0.10879058928998532
8.79679358717435 16096.0 1.0088065868905318 6954.0 0.4358375376016872 7528.0 0.4718126233916453 1614.0 0.10115642589719918
8.821643286573146 16164.0 1.007361031030242 7058.0 0.4398635335938782 7440.0 0.4636702592715294 1666.0 0.10382723816483438
8.846492985971944 16142.0 1.0003383489597284 6868.0 0.4256178776270236 7538.0 0.46713855002220495 1736.0 0.10758192131049985
8.871342685370742 16016.0 0.9869696062213558 6848.0 0.422000990472268 7458.0 0.45959161608384563 1710.0 0.10537699966524217
8.89619238476954 16196.0 0.9924861715905942 6932.0 0.4247909447682143 7610.0 0.46633858766389363 1654.0 0.10135663915848621
8.921042084168336 16494.0 1.0051166341304196 7250.0 0.44180281298930174 7520.0 0.4582561591282137 1724.0 0.10505766201290431
8.945891783567134 16668.0 1.010077027853676 7144.0 0.43292478323654077 7718.0 0.4677090533342136 1806.0 0.1094431912829217
8.970741482965932 16916.0 1.0194265299422185 7330.0 0.441735425897166 7794.0 0.46969794126091574 1792.0 0.10799316278413665
8.995591182364729 16948.0 1.0157121484815543 7458.0 0.44696608469290966 7626.0 0.45703450816145463 1864.0 0.11171155562719008
9.020440881763527 16598.0 0.9892556395725141 7134.0 0.4251927782088394 7618.0 0.45403961093284806 1846.0 0.11002325043082666
9.045290581162325 16822.0 0.9970974282450822 7426.0 0.4401643979400773 7596.0 0.4502408789055786 1800.0 0.10669215139942621
9.070140280561121 17062.0 1.005781566178959 7514.0 0.442940023928537 7724.0 0.45531923673463137 1824.0 0.10752230551579071
9.09498997995992 17300.0 1.014238615030931 7580.0 0.4443889423083502 7764.0 0.4551762200635925 1956.0 0.11467345265898853
9.119839679358718 17210.0 1.0034638110506653 7596.0 0.44290012252997407 7636.0 0.4452324033226543 1978.0 0.11533128519803695
9.144689378757516 17370.0 1.0072886383814847 7706.0 0.44687197739595397 7802.0 0.4524390303196514 1862.0 0.10797763066587937
9.169539078156312 17458.0 1.0069045654310158 7836.0 0.4519477703469722 7712.0 0.4447959679576122 1910.0 0.11016082712643145
9.19438877755511 17568.0 1.007771898517308 7924.0 0.45455285313360366 7702.0 0.44181803064550923 1942.0 0.11140101473819515
9.219238476953908 17450.0 0.9956067096623412 7836.0 0.4470816147228714 7676.0 0.43795284259989287 1938.0 0.11057225233957692
9.244088176352705 18036.0 1.023508373303719 7972.0 0.4523956948312955 8056.0 0.4571625335625837 2008.0 0.11395014490983961
9.268937875751503 17866.0 1.008424959658942 8122.0 0.4584365567194631 7740.0 0.43687502450241866 2004.0 0.11311337843706033
9.2937875751503 17900.0 1.0049411524713392 8002.0 0.44924799452936626 7928.0 0.4450934892063004 1970.0 0.11059966873567252
9.318637274549099 17876.0 0.9982412580857039 8120.0 0.4534414307258847 7890.0 0.4405976463580333 1866.0 0.10420218100178583
9.343486973947895 17938.0 0.9963752981241208 7992.0 0.4439196890739198 7880.0 0.4376985923301412 2066.0 0.11475701672005986
9.368336673346693 18134.0 1.0019186638510378 8084.0 0.4466477599300645 7870.0 0.4348240809809015 2180.0 0.12044682294007182
9.393186372745491 18210.0 1.00079436563581 8304.0 0.4563754207709921 7816.0 0.4295556706100764 2090.0 0.11486327425474151
9.418036072144288 18472.0 1.0098362846576532 8458.0 0.4623860597463421 8010.0 0.43789457774511703 2004.0 0.10955564716619408
9.442885771543086 18368.0 0.9988657702715089 8408.0 0.45723341661818634 7878.0 0.42841161466675454 2082.0 0.11322073898656802
9.467735470941884 18116.0 0.9799903779424861 8338.0 0.4510465760258583 7630.0 0.41274710662956327 2148.0 0.11619669528706447
9.492585170340682 18614.0 1.001657963349754 8438.0 0.4540662885325682 8060.0 0.4337253241967883 2116.0 0.11386635062039752
9.517434869739478 18970.0 1.015484447225452 8798.0 0.47096637673640096 7966.0 0.42642852433304956 2206.0 0.11808954615600142
9.542284569138276 19080.0 1.0160532269285902 8650.0 0.46063209711385245 8234.0 0.4384791546399377 2196.0 0.11694197517480001
9.567134268537075 19194.0 1.0168142621864158 8790.0 0.4656557968437322 8238.0 0.4364132485095183 2166.0 0.11474521683316542
9.591983967935871 19142.0 1.0088053467047824 8756.0 0.4614512389377847 8098.0 0.42677388452697357 2288.0 0.12058022324002414
9.616833667334669 19590.0 1.0270799918366025 9038.0 0.47385140205304815 8316.0 0.4359978158301779 2236.0 0.11723077395337636
9.641683366733467 19264.0 1.004782093149592 8980.0 0.46838367921944235 8136.0 0.4243618723974814 2148.0 0.11203654153266839
9.666533066132265 19546.0 1.0142492147430264 9132.0 0.47386287880043576 8214.0 0.4262275171339005 2200.0 0.11415881880869018
9.691382765531062 19846.0 1.0245352286360967 8868.0 0.4578040112639779 8532.0 0.44045825711595166 2446.0 0.1262729602561671
9.71623246492986 19658.0 1.0096389319360475 9116.0 0.4681996390034088 8438.0 0.43337741925304557 2104.0 0.10806187367959326
9.741082164328658 19798.0 1.0116414671735863 9100.0 0.46499329989290006 8372.0 0.4277938359014681 2326.0 0.11885433137921819
9.765931863727454 19588.0 0.9958171696757862 8928.0 0.4538827695969685 8530.0 0.43364919631072374 2130.0 0.10828520376809396
9.790781563126252 19700.0 0.996427238105876 9138.0 0.462200614305152 8220.0 0.4157681166106752 2342.0 0.11845850719004881
9.81563126252505 20140.0 1.0135245909037212 9258.0 0.46589923846011166 8562.0 0.4308737610386127 2320.0 0.11675159140499666
9.840480961923848 20042.0 1.003498950255579 9088.0 0.45503435085933047 8580.0 0.4295988919864718 2374.0 0.11886570740977669
9.865330661322645 20104.0 1.0015322394062767 9124.0 0.4545354234153834 8630.0 0.42992554845185865 2350.0 0.11707126753903452
9.890180360721443 20606.0 1.0213821699844763 9374.0 0.4646431360494264 8854.0 0.4388681807746556 2378.0 0.11787085316039428
9.915030060120241 20178.0 0.9951540392061833 9128.0 0.4501816864839944 8704.0 0.4292705301442471 2346.0 0.11570182257794161
9.939879759519037 20408.0 1.0014648788800826 9220.0 0.4524454225438241 8864.0 0.43497572943909507 2324.0 0.11404372689716348
9.964729458917835 20568.0 1.0042824396653274 9450.0 0.46141914891274527 8768.0 0.428118846313963 2350.0 0.1147444444386192
9.989579158316634 20172.0 0.98004655748775 9208.0 0.4473660867215547 8636.0 0.4195757520555328 2328.0 0.11310471871066241
10.014428857715432 20612.0 0.9964539033720881 9274.0 0.4483365757749246 8894.0 0.4299660885208302 2444.0 0.11815123907633338
10.039278557114228 21092.0 1.0146109242199166 9608.0 0.4621838497963664 9124.0 0.4389014826750673 2360.0 0.11352559174848299
10.064128256513026 21014.0 1.0058669220299614 9634.0 0.4611459944245099 9014.0 0.4314687558379211 2366.0 0.11325217176753065
10.088977955911824 20996.0 1.0000545696701753 9586.0 0.4565880693874214 9030.0 0.43010538979432666 2380.0 0.11336111048842717
10.11382765531062 21066.0 0.99845807282435 9390.0 0.4450546522273164 9260.0 0.4388930862220393 2416.0 0.11451033437499429
10.138677354709419 21290.0 1.0041284892364155 9632.0 0.454286782918044 9238.0 0.43570403868323193 2420.0 0.11413766763513979
10.163527054108217 21316.0 1.000438611314902 9548.0 0.4481229058376188 9362.0 0.43939323884078213 2406.0 0.11292246663650095
10.188376753507013 21412.0 1.000042088585265 9670.0 0.4516349241836126 9286.0 0.43370030051386 2456.0 0.1147068638877924
10.213226452905811 21334.0 0.9915504702342993 9522.0 0.44255852524472666 9386.0 0.4362375885262555 2426.0 0.11275435646331726
10.23807615230461 21722.0 1.0046828486223425 9530.0 0.44078020197822126 9684.0 0.44790298803327333 2508.0 0.11599965861084774
10.262925851703407 21428.0 0.9862853697763203 9590.0 0.44140735001656295 9422.0 0.4336746665126232 2416.0 0.11120335324713412
10.287775551102204 21644.0 0.9914147080944925 9808.0 0.44926055521118013 9490.0 0.43469439936318305 2346.0 0.10745975352012935
10.312625250501002 21682.0 0.988369036510089 9614.0 0.4382520024447927 9708.0 0.442536971056173 2360.0 0.10758006300912323
10.3374749498998 22184.0 1.0063908103637997 9970.0 0.45229518478755326 9702.0 0.44013719988052574 2512.0 0.11395842569572054
10.362324649298596 22254.0 1.0047243676402724 9752.0 0.44028363589592595 10098.0 0.4559048559553999 2404.0 0.10853587578894648
10.387174348697394 22046.0 0.9905712238883931 9576.0 0.43026898484782966 10022.0 0.45030866396668223 2448.0 0.10999357507388127
10.412024048096193 22436.0 1.0032828113473415 9792.0 0.43787418830064034 10068.0 0.4502162303728398 2576.0 0.11519239267386126
10.43687374749499 22270.0 0.9911175190256577 9738.0 0.4333858284809993 10142.0 0.4513656882783215 2390.0 0.10636600226633686
10.461723446893787 22684.0 1.0047465078897881 9998.0 0.44284321926829934 10272.0 0.45497955074254554 2414.0 0.10692373787894326
10.486573146292585 22608.0 0.9966343572221815 10006.0 0.4410971062617281 10192.0 0.44929659274630546 2410.0 0.10624065821414799
10.511422845691383 22582.0 0.9907814012697128 10002.0 0.4388360453236945 10124.0 0.44418877453080213 2456.0 0.10775658141521632
10.53627254509018 23154.0 1.0110859362546896 10156.0 0.4434909202989819 10480.0 0.4576393112183271 2518.0 0.1099557047373805
10.561122244488978 23130.0 1.0052847965262273 9970.0 0.4333199058091866 10520.0 0.4572242135519201 2640.0 0.11474067716512064
10.585971943887776 23292.0 1.0075730076411962 10174.0 0.44011024299079216 10426.0 0.4510113419915471 2692.0 0.11645142265885713
10.610821643286574 22776.0 0.9806369560375088 9926.0 0.4273710232537896 10344.0 0.4453683119622405 2506.0 0.10789762082147862
10.63567134268537 23416.0 1.0034814415465636 10088.0 0.43231639828842383 10786.0 0.4622288532849861 2542.0 0.10893618997315359
10.660521042084168 23016.0 0.9817413219036912 10004.0 0.42671794335786095 10532.0 0.44923964208766415 2480.0 0.10578373645816624
10.685370741482966 23192.0 0.9846474070589059 9984.0 0.4238840855500223 10792.0 0.45818880721713146 2416.0 0.1025745142917522
10.710220440881763 23850.0 1.007884922205905 10230.0 0.4323129037386335 10984.0 0.46417643545113885 2636.0 0.11139558301613275
10.73507014028056 23652.0 0.9948901877824828 10308.0 0.4335924258270688 10692.0 0.4497448794085196 2652.0 0.11155288254689431
10.759919839679359 23762.0 0.9949004933540382 10362.0 0.433850640187465 10756.0 0.45034718064624335 2644.0 0.11070267252032982
10.784769539078157 23944.0 0.9979008197331831 10414.0 0.4340185072127201 10962.0 0.456857199545404 2568.0 0.10702511297505905
10.809619238476953 23784.0 0.9866752052308325 10268.0 0.42596623811428636 11024.0 0.4573287698648123 2492.0 0.10338019725173371
10.834468937875751 23952.0 0.9890866617292188 10292.0 0.4250033367784368 11108.0 0.45869967595558464 2552.0 0.10538364899519732
10.85931863727455 24420.0 1.0037973511920377 10716.0 0.4404869948965552 11102.0 0.45635373435438187 2602.0 0.10695662194110085
10.884168336673346 24306.0 0.9945491751333443 10550.0 0.4316832797521921 11166.0 0.4568886731481495 2590.0 0.1059772222330026
10.909018036072144 24558.0 1.0002825283294325 10652.0 0.4338712228913232 11212.0 0.4566808252964247 2694.0 0.10973048014168461
10.933867735470942 24806.0 1.0057912774071822 10678.0 0.43295328792041815 11466.0 0.46490376468397776 2662.0 0.1079342248027864
10.95871743486974 24642.0 0.9946104387696584 10698.0 0.431797032463185 11280.0 0.4552879534665103 2664.0 0.10752545283996308
10.983567134268537 24848.0 0.9983869798177436 10964.0 0.4405310224855819 11218.0 0.4507366846263461 2666.0 0.10711927270581553
11.008416833667335 25182.0 1.0072390539776779 11008.0 0.44030210095251676 11446.0 0.4578213887629458 2728.0 0.10911556426221528
11.033266533066133 25228.0 1.0045335860774571 11064.0 0.4405485807975657 11512.0 0.458387135045334 2652.0 0.1055978702345575
11.05811623246493 24936.0 0.9884441768905721 10914.0 0.43262270398555114 11410.0 0.4522837687809363 2612.0 0.10353770412408464
11.082965931863727 25286.0 0.9978232205206018 11124.0 0.43896960788860134 11414.0 0.45041343980946563 2748.0 0.10844017282253474
11.107815631262525 25366.0 0.9965014888164594 11032.0 0.43339132794382956 11552.0 0.4538194906097823 2782.0 0.10929067026284751
11.132665330661322 25574.0 1.0001876151258284 11336.0 0.4433458514532881 11506.0 0.44999447484311333 2732.0 0.10684728882942687
11.15751503006012 25492.0 0.9925397457539583 11098.0 0.43210442877677036 11576.0 0.4507155223932144 2818.0 0.10971979458397359
11.182364729458918 25948.0 1.0058040725283486 11528.0 0.4468517553609836 11634.0 0.4509605588020197 2786.0 0.10799175836534529
11.207214428857716 26182.0 1.0103739054433958 11360.0 0.43838696684122586 11886.0 0.45868551829883897 2936.0 0.11330142030333092
11.232064128256512 25554.0 0.9817756926246135 11272.0 0.43306627562278477 11412.0 0.43844502638460076 2870.0 0.11026439061722784
11.25691382765531 25802.0 0.9869271554618027 11426.0 0.43704479026069903 11540.0 0.44140529315670113 2836.0 0.10847707204440246
11.281763527054109 26124.0 0.9948417163109581 11390.0 0.4337485510940825 11882.0 0.4524846605882255 2852.0 0.10860850462864999
11.306613226452905 26240.0 0.9948668320954318 11654.0 0.4418512980655549 11594.0 0.4395764501263123 2992.0 0.11343908390356447
11.331462925851703 26484.0 0.9997138616659271 11796.0 0.4452735505290469 11836.0 0.44678346423040005 2852.0 0.1076568469064803
11.356312625250501 26538.0 0.9973682160913776 11842.0 0.4450536745404361 11874.0 0.44625631916003533 2822.0 0.10605822239090615
11.3811623246493 26828.0 1.0038642765056955 11824.0 0.44243667829891703 12002.0 0.44909717633149543 3002.0 0.11233042187528322
11.406012024048096 26506.0 0.9874938810434164 11786.0 0.439093144268381 11862.0 0.44192456111586076 2858.0 0.10647617565917468
11.430861723446894 26832.0 0.9952929187043205 11774.0 0.43673892459841496 12118.0 0.4494990902228293 2940.0 0.10905490388307627
11.455711422845692 26936.0 0.9948159400602691 12112.0 0.4473273933030138 11772.0 0.43477031654252635 3052.0 0.11271823021472903
11.480561122244488 27346.0 1.0055861903317012 12288.0 0.45186290890060504 12010.0 0.4416400989498914 3048.0 0.11208318248120475
11.505410821643286 27420.0 1.0039518373510898 12118.0 0.44368666539097396 12214.0 0.44720159523727976 3088.0 0.1130635767228361
11.530260521042084 27776.0 1.01260281373124 12456.0 0.454096365489499 12330.0 0.44950290514495206 2990.0 0.10900354309678886
11.555110220440882 27540.0 0.9996809201809826 12518.0 0.45439381840325127 12036.0 0.4368975873383553 2986.0 0.10838951443937596
11.579959919839679 27534.0 0.9951735900640707 12510.0 0.4521544857885351 12048.0 0.4354562146107331 2976.0 0.1075628896648026
11.604809619238477 27432.0 0.9872407684434433 12464.0 0.4485625888698993 11896.0 0.42812103315118116 3072.0 0.11055714642236286
11.629659318637275 28156.0 1.0089662337034337 12560.0 0.4500858039251005 12390.0 0.4439938782350315 3206.0 0.11488655154330192
11.654509018036071 28000.0 0.9990972136137986 12480.0 0.4453119009250074 12442.0 0.4439559832779601 3078.0 0.10982932941083115
11.67935871743487 28474.0 1.0116870597511076 12758.0 0.4532943565464856 12418.0 0.4412140868156654 3298.0 0.1171786163889567
11.704208416833668 27860.0 0.9856682440874182 12628.0 0.4467702292295735 12020.0 0.42525959418272674 3212.0 0.11363842067511798
11.729058116232466 28282.0 0.9963585059724784 12932.0 0.455586882088823 12182.0 0.42916481577528925 3168.0 0.11160680810836615
11.753907815631262 28858.0 1.0123519250577806 12868.0 0.4514153639075306 12560.0 0.4406105821167691 3430.0 0.12032597903348075
11.77875751503006 28818.0 1.0066831066281525 12748.0 0.44531876755138067 12898.0 0.45055863381532063 3172.0 0.11080570526145117
11.803607214428858 28708.0 0.9986180578100328 12964.0 0.450957381268262 12464.0 0.4335647022622352 3280.0 0.11409597427953558
11.828456913827655 29422.0 1.0191545795038108 13238.0 0.4585537462943188 13026.0 0.4512102356269676 3158.0 0.10939059758252445
11.853306613226453 28984.0 0.999773044842391 13062.0 0.450560154282753 12654.0 0.4364866170796169 3268.0 0.11272627348002118
11.87815631262525 28880.0 0.9920175378181473 12956.0 0.4450339065087229 12700.0 0.43624039924828495 3224.0 0.11074323206113942
11.903006012024049 29170.0 0.9977953107405709 13118.0 0.44871713700016486 12880.0 0.44057605767358765 3172.0 0.10850211606681834
11.927855711422845 29048.0 0.9894820661307299 13230.0 0.45066261824943393 12456.0 0.4242973222157936 3362.0 0.11452212566550239
11.952705410821643 29684.0 1.0069422273644382 13354.0 0.45299509851181463 12946.0 0.4391549008038006 3384.0 0.11479222804882287
11.977555110220441 29566.0 0.9987778566915088 13316.0 0.4498317641785879 12910.0 0.43611655719026504 3340.0 0.11282953532265573
12.002404809619238 29788.0 1.0021105310834961 13332.0 0.4485073721097479 13110.0 0.4410389775246621 3346.0 0.11256418144908613
12.027254509018036 29702.0 0.9950883777112128 13350.0 0.44725708176030876 12988.0 0.4351292118279319 3364.0 0.11270208412297218
12.052104208416834 29510.0 0.9845789904862741 13508.0 0.45068427663465227 12608.0 0.42065645245852057 3394.0 0.11323826139310113
12.076953907815632 30040.0 0.9981375131795351 13702.0 0.4552756393337547 12970.0 0.43095351351326805 3368.0 0.11190836033251246
12.101803607214428 30190.0 0.9990019654478587 13466.0 0.4455965706101645 13290.0 0.43977264394839494 3434.0 0.11363275088929935
12.126653306613226 30264.0 0.997346361650502 13680.0 0.4508227011425743 13156.0 0.43355434621576805 3428.0 0.11296931429215969
12.151503006012025 30212.0 0.9915605963806953 13656.0 0.4481911659001316 13106.0 0.43014011572108407 3450.0 0.11322931475947963
12.176352705410821 30636.0 1.0013723358139828 13530.0 0.4422433641324973 13536.0 0.4424394809236869 3570.0 0.11668949075779864
12.201202404809619 30740.0 1.0006789428092462 13972.0 0.4548303900107608 13478.0 0.43874921246529014 3290.0 0.10709934033319518
12.226052104208417 30964.0 1.0038733761148393 14002.0 0.45395410839555544 13412.0 0.43482591785467717 3550.0 0.11509334986460663
12.250901803607213 30882.0 0.9971531637595304 13636.0 0.4402946875534278 13640.0 0.44042384410595153 3606.0 0.11643463210015112
12.275751503006012 31034.0 0.9980041907260928 14002.0 0.4502820995858333 13470.0 0.43317382384096376 3562.0 0.11454826729929571
12.30060120240481 31792.0 1.018249444087253 14324.0 0.4587759510916523 13902.0 0.4452599324264277 3566.0 0.11421356056917287
12.325450901803608 31510.0 1.0051479931308205 14196.0 0.4528429359087632 13922.0 0.4441025185771908 3392.0 0.1082025386448665
12.350300601202404 31548.0 1.0023104341674558 14008.0 0.44504769119493215 14036.0 0.44593727824186663 3504.0 0.11132546473065692
12.375150300601202 31668.0 1.0020823011067053 14096.0 0.44604497020336353 14110.0 0.4464879774098652 3462.0 0.1095493534934765
12.4 31882.0 1.004810485178981 14176.0 0.4467785408035015 14228.0 0.448417401139406 3478.0 0.1096145432360735
